[0.073s] Invoking command in '/home/ines/tiago_ws/build/pal_navigation_cfg_params': CMAKE_PREFIX_PATH=${CMAKE_PREFIX_PATH}:/home/ines/tiago_ws/install/tiago_autonomous_navigation:/home/ines/tiago_ws/install/tiago_autonomous_exploration:/home/ines/ros2_ws/install/scripts:/home/ines/ros2_ws/install/acrobat:/opt/ros/humble /usr/bin/cmake /home/ines/tiago_ws/src/pal_navigation_cfg_public/pal_navigation_cfg_params -DAMENT_CMAKE_SYMLINK_INSTALL=1 -DCMAKE_INSTALL_PREFIX=/home/ines/tiago_ws/install/pal_navigation_cfg_params
[0.219s] -- The C compiler identification is GNU 11.4.0
[1.280s] -- The CXX compiler identification is GNU 11.4.0
[1.432s] -- Detecting C compiler ABI info
[1.985s] -- Detecting C compiler ABI info - done
[2.000s] -- Check for working C compiler: /usr/bin/cc - skipped
[2.000s] -- Detecting C compile features
[2.076s] -- Detecting C compile features - done
[2.104s] -- Detecting CXX compiler ABI info
[2.354s] -- Detecting CXX compiler ABI info - done
[2.370s] -- Check for working CXX compiler: /usr/bin/c++ - skipped
[2.372s] -- Detecting CXX compile features
[2.373s] -- Detecting CXX compile features - done
[2.591s] -- Found ament_cmake_auto: 1.3.8 (/opt/ros/humble/share/ament_cmake_auto/cmake)
[3.368s] -- Found Python3: /usr/bin/python3 (found version "3.10.12") found components: Interpreter 
[3.569s] -- Override CMake install command with custom implementation using symlinks instead of copying resources
[3.957s] -- Found ament_lint_auto: 0.12.10 (/opt/ros/humble/share/ament_lint_auto/cmake)
[4.159s] -- Added test 'copyright' to check source files copyright and LICENSE
[4.167s] -- Added test 'lint_cmake' to check CMake code style
[4.173s] -- Added test 'xmllint' to check XML markup files
[4.176s] -- Configuring done
[4.185s] -- Generating done
[4.189s] -- Build files have been written to: /home/ines/tiago_ws/build/pal_navigation_cfg_params
[4.209s] Invoked command in '/home/ines/tiago_ws/build/pal_navigation_cfg_params' returned '0': CMAKE_PREFIX_PATH=${CMAKE_PREFIX_PATH}:/home/ines/tiago_ws/install/tiago_autonomous_navigation:/home/ines/tiago_ws/install/tiago_autonomous_exploration:/home/ines/ros2_ws/install/scripts:/home/ines/ros2_ws/install/acrobat:/opt/ros/humble /usr/bin/cmake /home/ines/tiago_ws/src/pal_navigation_cfg_public/pal_navigation_cfg_params -DAMENT_CMAKE_SYMLINK_INSTALL=1 -DCMAKE_INSTALL_PREFIX=/home/ines/tiago_ws/install/pal_navigation_cfg_params
[4.212s] Invoking command in '/home/ines/tiago_ws/build/pal_navigation_cfg_params': CMAKE_PREFIX_PATH=${CMAKE_PREFIX_PATH}:/home/ines/tiago_ws/install/tiago_autonomous_navigation:/home/ines/tiago_ws/install/tiago_autonomous_exploration:/home/ines/ros2_ws/install/scripts:/home/ines/ros2_ws/install/acrobat:/opt/ros/humble /usr/bin/cmake --build /home/ines/tiago_ws/build/pal_navigation_cfg_params -- -j8 -l8
[4.287s] Invoked command in '/home/ines/tiago_ws/build/pal_navigation_cfg_params' returned '0': CMAKE_PREFIX_PATH=${CMAKE_PREFIX_PATH}:/home/ines/tiago_ws/install/tiago_autonomous_navigation:/home/ines/tiago_ws/install/tiago_autonomous_exploration:/home/ines/ros2_ws/install/scripts:/home/ines/ros2_ws/install/acrobat:/opt/ros/humble /usr/bin/cmake --build /home/ines/tiago_ws/build/pal_navigation_cfg_params -- -j8 -l8
[4.371s] Invoking command in '/home/ines/tiago_ws/build/pal_navigation_cfg_params': CMAKE_PREFIX_PATH=${CMAKE_PREFIX_PATH}:/home/ines/tiago_ws/install/tiago_autonomous_navigation:/home/ines/tiago_ws/install/tiago_autonomous_exploration:/home/ines/ros2_ws/install/scripts:/home/ines/ros2_ws/install/acrobat:/opt/ros/humble /usr/bin/cmake --install /home/ines/tiago_ws/build/pal_navigation_cfg_params
[4.390s] -- Install configuration: ""
[4.394s] -- Execute custom install script
[4.394s] -- Symlinking: /home/ines/tiago_ws/install/pal_navigation_cfg_params/share/pal_navigation_cfg_params/params/omni_base_nav2.yaml
[4.412s] -- Symlinking: /home/ines/tiago_ws/install/pal_navigation_cfg_params/share/pal_navigation_cfg_params/params/pmb2_nav2.yaml
[4.437s] -- Symlinking: /home/ines/tiago_ws/install/pal_navigation_cfg_params/share/pal_navigation_cfg_params/params/tiago_dual_nav2.yaml
[4.450s] -- Symlinking: /home/ines/tiago_ws/install/pal_navigation_cfg_params/share/pal_navigation_cfg_params/params/tiago_nav2.yaml
[4.468s] -- Symlinking: /home/ines/tiago_ws/install/pal_navigation_cfg_params/share/ament_index/resource_index/package_run_dependencies/pal_navigation_cfg_params
[4.490s] -- Symlinking: /home/ines/tiago_ws/install/pal_navigation_cfg_params/share/ament_index/resource_index/parent_prefix_path/pal_navigation_cfg_params
[4.507s] -- Symlinking: /home/ines/tiago_ws/install/pal_navigation_cfg_params/share/pal_navigation_cfg_params/environment/ament_prefix_path.sh
[4.528s] -- Symlinking: /home/ines/tiago_ws/install/pal_navigation_cfg_params/share/pal_navigation_cfg_params/environment/ament_prefix_path.dsv
[4.545s] -- Symlinking: /home/ines/tiago_ws/install/pal_navigation_cfg_params/share/pal_navigation_cfg_params/environment/path.sh
[4.563s] -- Symlinking: /home/ines/tiago_ws/install/pal_navigation_cfg_params/share/pal_navigation_cfg_params/environment/path.dsv
[4.581s] -- Symlinking: /home/ines/tiago_ws/install/pal_navigation_cfg_params/share/pal_navigation_cfg_params/local_setup.bash
[4.594s] -- Symlinking: /home/ines/tiago_ws/install/pal_navigation_cfg_params/share/pal_navigation_cfg_params/local_setup.sh
[4.612s] -- Symlinking: /home/ines/tiago_ws/install/pal_navigation_cfg_params/share/pal_navigation_cfg_params/local_setup.zsh
[4.629s] -- Symlinking: /home/ines/tiago_ws/install/pal_navigation_cfg_params/share/pal_navigation_cfg_params/local_setup.dsv
[4.646s] -- Symlinking: /home/ines/tiago_ws/install/pal_navigation_cfg_params/share/pal_navigation_cfg_params/package.dsv
[4.664s] -- Symlinking: /home/ines/tiago_ws/install/pal_navigation_cfg_params/share/ament_index/resource_index/packages/pal_navigation_cfg_params
[4.718s] -- Symlinking: /home/ines/tiago_ws/install/pal_navigation_cfg_params/share/pal_navigation_cfg_params/cmake/pal_navigation_cfg_paramsConfig.cmake
[4.729s] -- Symlinking: /home/ines/tiago_ws/install/pal_navigation_cfg_params/share/pal_navigation_cfg_params/cmake/pal_navigation_cfg_paramsConfig-version.cmake
[4.748s] -- Symlinking: /home/ines/tiago_ws/install/pal_navigation_cfg_params/share/pal_navigation_cfg_params/package.xml
[5.275s] Invoked command in '/home/ines/tiago_ws/build/pal_navigation_cfg_params' returned '0': CMAKE_PREFIX_PATH=${CMAKE_PREFIX_PATH}:/home/ines/tiago_ws/install/tiago_autonomous_navigation:/home/ines/tiago_ws/install/tiago_autonomous_exploration:/home/ines/ros2_ws/install/scripts:/home/ines/ros2_ws/install/acrobat:/opt/ros/humble /usr/bin/cmake --install /home/ines/tiago_ws/build/pal_navigation_cfg_params
