[0.054s] Invoking command in '/home/ines/tiago_ws/build/tiago_exam_worlds': CMAKE_PREFIX_PATH=${CMAKE_PREFIX_PATH}:/home/ines/tiago_ws/install/tiago_autonomous_navigation:/home/ines/tiago_ws/install/tiago_autonomous_exploration:/home/ines/ros2_ws/install/scripts:/home/ines/ros2_ws/install/acrobat:/opt/ros/humble /usr/bin/cmake /home/ines/tiago_ws/src/tiago_exam_worlds -DAMENT_CMAKE_SYMLINK_INSTALL=1 -DCMAKE_INSTALL_PREFIX=/home/ines/tiago_ws/install/tiago_exam_worlds
[0.218s] -- The C compiler identification is GNU 11.4.0
[0.367s] -- The CXX compiler identification is GNU 11.4.0
[0.378s] -- Detecting C compiler ABI info
[0.539s] -- Detecting C compiler ABI info - done
[0.555s] -- Check for working C compiler: /usr/bin/cc - skipped
[0.556s] -- Detecting C compile features
[0.557s] -- Detecting C compile features - done
[0.564s] -- Detecting CXX compiler ABI info
[0.748s] -- Detecting CXX compiler ABI info - done
[0.765s] -- Check for working CXX compiler: /usr/bin/c++ - skipped
[0.765s] -- Detecting CXX compile features
[0.766s] -- Detecting CXX compile features - done
[0.772s] -- Found ament_cmake_auto: 1.3.8 (/opt/ros/humble/share/ament_cmake_auto/cmake)
[1.150s] -- Found Python3: /usr/bin/python3 (found version "3.10.12") found components: Interpreter 
[1.350s] -- Override CMake install command with custom implementation using symlinks instead of copying resources
[1.482s] -- Found ament_lint_auto: 0.12.10 (/opt/ros/humble/share/ament_lint_auto/cmake)
[1.739s] -- Added test 'copyright' to check source files copyright and LICENSE
[1.956s] -- Added test 'flake8' to check Python code syntax and style conventions
[1.975s] -- Added test 'lint_cmake' to check CMake code style
[1.985s] -- Added test 'pep257' to check Python code against some of the docstring style conventions in PEP 257
[2.069s] -- Added test 'xmllint' to check XML markup files
[2.074s] -- Configuring done
[2.080s] -- Generating done
[2.083s] -- Build files have been written to: /home/ines/tiago_ws/build/tiago_exam_worlds
[2.100s] Invoked command in '/home/ines/tiago_ws/build/tiago_exam_worlds' returned '0': CMAKE_PREFIX_PATH=${CMAKE_PREFIX_PATH}:/home/ines/tiago_ws/install/tiago_autonomous_navigation:/home/ines/tiago_ws/install/tiago_autonomous_exploration:/home/ines/ros2_ws/install/scripts:/home/ines/ros2_ws/install/acrobat:/opt/ros/humble /usr/bin/cmake /home/ines/tiago_ws/src/tiago_exam_worlds -DAMENT_CMAKE_SYMLINK_INSTALL=1 -DCMAKE_INSTALL_PREFIX=/home/ines/tiago_ws/install/tiago_exam_worlds
[2.109s] Invoking command in '/home/ines/tiago_ws/build/tiago_exam_worlds': CMAKE_PREFIX_PATH=${CMAKE_PREFIX_PATH}:/home/ines/tiago_ws/install/tiago_autonomous_navigation:/home/ines/tiago_ws/install/tiago_autonomous_exploration:/home/ines/ros2_ws/install/scripts:/home/ines/ros2_ws/install/acrobat:/opt/ros/humble /usr/bin/cmake --build /home/ines/tiago_ws/build/tiago_exam_worlds -- -j8 -l8
[2.178s] Invoked command in '/home/ines/tiago_ws/build/tiago_exam_worlds' returned '0': CMAKE_PREFIX_PATH=${CMAKE_PREFIX_PATH}:/home/ines/tiago_ws/install/tiago_autonomous_navigation:/home/ines/tiago_ws/install/tiago_autonomous_exploration:/home/ines/ros2_ws/install/scripts:/home/ines/ros2_ws/install/acrobat:/opt/ros/humble /usr/bin/cmake --build /home/ines/tiago_ws/build/tiago_exam_worlds -- -j8 -l8
[2.246s] Invoking command in '/home/ines/tiago_ws/build/tiago_exam_worlds': CMAKE_PREFIX_PATH=${CMAKE_PREFIX_PATH}:/home/ines/tiago_ws/install/tiago_autonomous_navigation:/home/ines/tiago_ws/install/tiago_autonomous_exploration:/home/ines/ros2_ws/install/scripts:/home/ines/ros2_ws/install/acrobat:/opt/ros/humble /usr/bin/cmake --install /home/ines/tiago_ws/build/tiago_exam_worlds
[2.260s] -- Install configuration: ""
[2.263s] -- Execute custom install script
[2.263s] -- Symlinking: /home/ines/tiago_ws/install/tiago_exam_worlds/share/tiago_exam_worlds/config/gazebo_params.yaml
[2.285s] -- Symlinking: /home/ines/tiago_ws/install/tiago_exam_worlds/share/tiago_exam_worlds/launch/pal_gazebo.launch.py
[2.303s] -- Symlinking: /home/ines/tiago_ws/install/tiago_exam_worlds/share/tiago_exam_worlds/launch/pal_gazebo_exam.launch.py
[2.336s] -- Symlinking: /home/ines/tiago_ws/install/tiago_exam_worlds/share/tiago_exam_worlds/models/arm_chair/arm_chair.sdf
[2.357s] -- Symlinking: /home/ines/tiago_ws/install/tiago_exam_worlds/share/tiago_exam_worlds/models/arm_chair/meshes/arm_chair.stl
[2.373s] -- Symlinking: /home/ines/tiago_ws/install/tiago_exam_worlds/share/tiago_exam_worlds/models/arm_chair/model.config
[2.391s] -- Symlinking: /home/ines/tiago_ws/install/tiago_exam_worlds/share/tiago_exam_worlds/models/aruco_board/aruco_board.sdf
[2.407s] -- Symlinking: /home/ines/tiago_ws/install/tiago_exam_worlds/share/tiago_exam_worlds/models/aruco_board/material/scripts/aruco_board.material
[2.425s] -- Symlinking: /home/ines/tiago_ws/install/tiago_exam_worlds/share/tiago_exam_worlds/models/aruco_board/material/textures/aruco_board.png
[2.442s] -- Symlinking: /home/ines/tiago_ws/install/tiago_exam_worlds/share/tiago_exam_worlds/models/aruco_board/model.config
[2.459s] -- Symlinking: /home/ines/tiago_ws/install/tiago_exam_worlds/share/tiago_exam_worlds/models/aruco_cube/aruco_cube.sdf
[2.475s] -- Symlinking: /home/ines/tiago_ws/install/tiago_exam_worlds/share/tiago_exam_worlds/models/aruco_cube/meshes/aruco_cube_5cm.dae
[2.494s] -- Symlinking: /home/ines/tiago_ws/install/tiago_exam_worlds/share/tiago_exam_worlds/models/aruco_cube/meshes/aruco_cube_6cm.dae
[2.513s] -- Symlinking: /home/ines/tiago_ws/install/tiago_exam_worlds/share/tiago_exam_worlds/models/aruco_cube/meshes/aruco_cube_8cm.dae
[2.531s] -- Symlinking: /home/ines/tiago_ws/install/tiago_exam_worlds/share/tiago_exam_worlds/models/aruco_cube/meshes/marker582.png
[2.549s] -- Symlinking: /home/ines/tiago_ws/install/tiago_exam_worlds/share/tiago_exam_worlds/models/aruco_cube/meshes/marker582_small_margin.png
[2.564s] -- Symlinking: /home/ines/tiago_ws/install/tiago_exam_worlds/share/tiago_exam_worlds/models/aruco_cube/model.config
[2.580s] -- Symlinking: /home/ines/tiago_ws/install/tiago_exam_worlds/share/tiago_exam_worlds/models/aruco_cube_exam_id582/aruco_cube_exam_id582.sdf
[2.599s] -- Symlinking: /home/ines/tiago_ws/install/tiago_exam_worlds/share/tiago_exam_worlds/models/aruco_cube_exam_id582/meshes/aruco_cube_6cm.dae
[2.618s] -- Symlinking: /home/ines/tiago_ws/install/tiago_exam_worlds/share/tiago_exam_worlds/models/aruco_cube_exam_id582/meshes/aruco_id_582.png
[2.635s] -- Symlinking: /home/ines/tiago_ws/install/tiago_exam_worlds/share/tiago_exam_worlds/models/aruco_cube_exam_id582/model.config
[2.654s] -- Symlinking: /home/ines/tiago_ws/install/tiago_exam_worlds/share/tiago_exam_worlds/models/aruco_cube_exam_id63/aruco_cube_exam_id63.sdf
[2.670s] -- Symlinking: /home/ines/tiago_ws/install/tiago_exam_worlds/share/tiago_exam_worlds/models/aruco_cube_exam_id63/meshes/aruco_cube_6cm.dae
[2.686s] -- Symlinking: /home/ines/tiago_ws/install/tiago_exam_worlds/share/tiago_exam_worlds/models/aruco_cube_exam_id63/meshes/aruco_id_63.png
[2.701s] -- Symlinking: /home/ines/tiago_ws/install/tiago_exam_worlds/share/tiago_exam_worlds/models/aruco_cube_exam_id63/model.config
[2.716s] -- Symlinking: /home/ines/tiago_ws/install/tiago_exam_worlds/share/tiago_exam_worlds/models/aruco_marker_250_6x6_1/aruco_marker_250_6x6.sdf
[2.732s] -- Symlinking: /home/ines/tiago_ws/install/tiago_exam_worlds/share/tiago_exam_worlds/models/aruco_marker_250_6x6_1/material/scripts/aruco_marker_250_6x6.material
[2.750s] -- Symlinking: /home/ines/tiago_ws/install/tiago_exam_worlds/share/tiago_exam_worlds/models/aruco_marker_250_6x6_1/material/textures/Aruco_6x6_250_0.png
[2.766s] -- Symlinking: /home/ines/tiago_ws/install/tiago_exam_worlds/share/tiago_exam_worlds/models/aruco_marker_250_6x6_1/model.config
[2.784s] -- Symlinking: /home/ines/tiago_ws/install/tiago_exam_worlds/share/tiago_exam_worlds/models/aruco_marker_250_6x6_2/aruco_marker_250_6x6.sdf
[2.799s] -- Symlinking: /home/ines/tiago_ws/install/tiago_exam_worlds/share/tiago_exam_worlds/models/aruco_marker_250_6x6_2/material/scripts/aruco_marker_250_6x6.material
[2.817s] -- Symlinking: /home/ines/tiago_ws/install/tiago_exam_worlds/share/tiago_exam_worlds/models/aruco_marker_250_6x6_2/material/textures/Aruco_6x6_250_1.png
[2.836s] -- Symlinking: /home/ines/tiago_ws/install/tiago_exam_worlds/share/tiago_exam_worlds/models/aruco_marker_250_6x6_2/model.config
[2.853s] -- Symlinking: /home/ines/tiago_ws/install/tiago_exam_worlds/share/tiago_exam_worlds/models/aruco_marker_250_6x6_3/aruco_marker_250_6x6.sdf
[2.871s] -- Symlinking: /home/ines/tiago_ws/install/tiago_exam_worlds/share/tiago_exam_worlds/models/aruco_marker_250_6x6_3/material/scripts/aruco_marker_250_6x6.material
[2.887s] -- Symlinking: /home/ines/tiago_ws/install/tiago_exam_worlds/share/tiago_exam_worlds/models/aruco_marker_250_6x6_3/material/textures/Aruco_6x6_250_2.png
[2.906s] -- Symlinking: /home/ines/tiago_ws/install/tiago_exam_worlds/share/tiago_exam_worlds/models/aruco_marker_250_6x6_3/model.config
[2.925s] -- Symlinking: /home/ines/tiago_ws/install/tiago_exam_worlds/share/tiago_exam_worlds/models/aruco_marker_250_6x6_4/aruco_marker_250_6x6.sdf
[2.943s] -- Symlinking: /home/ines/tiago_ws/install/tiago_exam_worlds/share/tiago_exam_worlds/models/aruco_marker_250_6x6_4/material/scripts/aruco_marker_250_6x6.material
[2.960s] -- Symlinking: /home/ines/tiago_ws/install/tiago_exam_worlds/share/tiago_exam_worlds/models/aruco_marker_250_6x6_4/material/textures/Aruco_6x6_250_3.png
[2.976s] -- Symlinking: /home/ines/tiago_ws/install/tiago_exam_worlds/share/tiago_exam_worlds/models/aruco_marker_250_6x6_4/model.config
[2.992s] -- Symlinking: /home/ines/tiago_ws/install/tiago_exam_worlds/share/tiago_exam_worlds/models/aruco_marker_6cm_238/aruco_marker_6cm.sdf
[3.008s] -- Symlinking: /home/ines/tiago_ws/install/tiago_exam_worlds/share/tiago_exam_worlds/models/aruco_marker_6cm_238/material/scripts/aruco_marker_original.material
[3.026s] -- Symlinking: /home/ines/tiago_ws/install/tiago_exam_worlds/share/tiago_exam_worlds/models/aruco_marker_6cm_238/material/textures/Aruco_6cm_238.png
[3.046s] -- Symlinking: /home/ines/tiago_ws/install/tiago_exam_worlds/share/tiago_exam_worlds/models/aruco_marker_6cm_238/model.config
[3.065s] -- Symlinking: /home/ines/tiago_ws/install/tiago_exam_worlds/share/tiago_exam_worlds/models/aruco_marker_6cm_26/aruco_marker_6cm.sdf
[3.084s] -- Symlinking: /home/ines/tiago_ws/install/tiago_exam_worlds/share/tiago_exam_worlds/models/aruco_marker_6cm_26/material/scripts/aruco_marker_original.material
[3.102s] -- Symlinking: /home/ines/tiago_ws/install/tiago_exam_worlds/share/tiago_exam_worlds/models/aruco_marker_6cm_26/material/textures/Aruco_6cm_26.png
[3.122s] -- Symlinking: /home/ines/tiago_ws/install/tiago_exam_worlds/share/tiago_exam_worlds/models/aruco_marker_6cm_26/model.config
[3.139s] -- Symlinking: /home/ines/tiago_ws/install/tiago_exam_worlds/share/tiago_exam_worlds/models/aruco_marker_6cm_582/aruco_marker_6cm.sdf
[3.159s] -- Symlinking: /home/ines/tiago_ws/install/tiago_exam_worlds/share/tiago_exam_worlds/models/aruco_marker_6cm_582/material/scripts/aruco_marker_original.material
[3.176s] -- Symlinking: /home/ines/tiago_ws/install/tiago_exam_worlds/share/tiago_exam_worlds/models/aruco_marker_6cm_582/material/textures/Aruco_6cm_582.png
[3.195s] -- Symlinking: /home/ines/tiago_ws/install/tiago_exam_worlds/share/tiago_exam_worlds/models/aruco_marker_6cm_582/model.config
[3.215s] -- Symlinking: /home/ines/tiago_ws/install/tiago_exam_worlds/share/tiago_exam_worlds/models/aruco_marker_6cm_63/aruco_marker_6cm.sdf
[3.234s] -- Symlinking: /home/ines/tiago_ws/install/tiago_exam_worlds/share/tiago_exam_worlds/models/aruco_marker_6cm_63/material/scripts/aruco_marker_original.material
[3.255s] -- Symlinking: /home/ines/tiago_ws/install/tiago_exam_worlds/share/tiago_exam_worlds/models/aruco_marker_6cm_63/material/textures/Aruco_6cm_63.png
[3.271s] -- Symlinking: /home/ines/tiago_ws/install/tiago_exam_worlds/share/tiago_exam_worlds/models/aruco_marker_6cm_63/model.config
[3.286s] -- Symlinking: /home/ines/tiago_ws/install/tiago_exam_worlds/share/tiago_exam_worlds/models/aruco_marker_9cm_238/aruco_marker_9cm.sdf
[3.302s] -- Symlinking: /home/ines/tiago_ws/install/tiago_exam_worlds/share/tiago_exam_worlds/models/aruco_marker_9cm_238/material/scripts/aruco_marker_original.material
[3.319s] -- Symlinking: /home/ines/tiago_ws/install/tiago_exam_worlds/share/tiago_exam_worlds/models/aruco_marker_9cm_238/material/textures/Aruco_9cm_238.png
[3.335s] -- Symlinking: /home/ines/tiago_ws/install/tiago_exam_worlds/share/tiago_exam_worlds/models/aruco_marker_9cm_238/model.config
[3.352s] -- Symlinking: /home/ines/tiago_ws/install/tiago_exam_worlds/share/tiago_exam_worlds/models/aruco_marker_9cm_26/aruco_marker_9cm.sdf
[3.369s] -- Symlinking: /home/ines/tiago_ws/install/tiago_exam_worlds/share/tiago_exam_worlds/models/aruco_marker_9cm_26/material/scripts/aruco_marker_original.material
[3.385s] -- Symlinking: /home/ines/tiago_ws/install/tiago_exam_worlds/share/tiago_exam_worlds/models/aruco_marker_9cm_26/material/textures/Aruco_9cm_26.png
[3.402s] -- Symlinking: /home/ines/tiago_ws/install/tiago_exam_worlds/share/tiago_exam_worlds/models/aruco_marker_9cm_26/model.config
[3.419s] -- Symlinking: /home/ines/tiago_ws/install/tiago_exam_worlds/share/tiago_exam_worlds/models/aruco_marker_9cm_582/aruco_marker_9cm.sdf
[3.437s] -- Symlinking: /home/ines/tiago_ws/install/tiago_exam_worlds/share/tiago_exam_worlds/models/aruco_marker_9cm_582/material/scripts/aruco_marker_original.material
[3.459s] -- Symlinking: /home/ines/tiago_ws/install/tiago_exam_worlds/share/tiago_exam_worlds/models/aruco_marker_9cm_582/material/textures/Aruco_9cm_582.png
[3.478s] -- Symlinking: /home/ines/tiago_ws/install/tiago_exam_worlds/share/tiago_exam_worlds/models/aruco_marker_9cm_582/model.config
[3.496s] -- Symlinking: /home/ines/tiago_ws/install/tiago_exam_worlds/share/tiago_exam_worlds/models/aruco_marker_9cm_63/aruco_marker_9cm.sdf
[3.516s] -- Symlinking: /home/ines/tiago_ws/install/tiago_exam_worlds/share/tiago_exam_worlds/models/aruco_marker_9cm_63/material/scripts/aruco_marker_original.material
[3.535s] -- Symlinking: /home/ines/tiago_ws/install/tiago_exam_worlds/share/tiago_exam_worlds/models/aruco_marker_9cm_63/material/textures/Aruco_9cm_63.png
[3.554s] -- Symlinking: /home/ines/tiago_ws/install/tiago_exam_worlds/share/tiago_exam_worlds/models/aruco_marker_9cm_63/model.config
[3.571s] -- Symlinking: /home/ines/tiago_ws/install/tiago_exam_worlds/share/tiago_exam_worlds/models/aruco_marker_original_238/aruco_marker_original.sdf
[3.589s] -- Symlinking: /home/ines/tiago_ws/install/tiago_exam_worlds/share/tiago_exam_worlds/models/aruco_marker_original_238/material/scripts/aruco_marker_original.material
[3.608s] -- Symlinking: /home/ines/tiago_ws/install/tiago_exam_worlds/share/tiago_exam_worlds/models/aruco_marker_original_238/material/textures/Aruco_original_238.png
[3.625s] -- Symlinking: /home/ines/tiago_ws/install/tiago_exam_worlds/share/tiago_exam_worlds/models/aruco_marker_original_238/model.config
[3.643s] -- Symlinking: /home/ines/tiago_ws/install/tiago_exam_worlds/share/tiago_exam_worlds/models/aruco_marker_original_26/aruco_marker_original.sdf
[3.661s] -- Symlinking: /home/ines/tiago_ws/install/tiago_exam_worlds/share/tiago_exam_worlds/models/aruco_marker_original_26/material/scripts/aruco_marker_original.material
[3.678s] -- Symlinking: /home/ines/tiago_ws/install/tiago_exam_worlds/share/tiago_exam_worlds/models/aruco_marker_original_26/material/textures/Aruco_original_26.png
[3.695s] -- Symlinking: /home/ines/tiago_ws/install/tiago_exam_worlds/share/tiago_exam_worlds/models/aruco_marker_original_26/model.config
[3.711s] -- Symlinking: /home/ines/tiago_ws/install/tiago_exam_worlds/share/tiago_exam_worlds/models/aruco_marker_original_582/aruco_marker_original.sdf
[3.727s] -- Symlinking: /home/ines/tiago_ws/install/tiago_exam_worlds/share/tiago_exam_worlds/models/aruco_marker_original_582/material/scripts/aruco_marker_original.material
[3.746s] -- Symlinking: /home/ines/tiago_ws/install/tiago_exam_worlds/share/tiago_exam_worlds/models/aruco_marker_original_582/material/textures/Aruco_original_582.png
[3.761s] -- Symlinking: /home/ines/tiago_ws/install/tiago_exam_worlds/share/tiago_exam_worlds/models/aruco_marker_original_582/model.config
[3.777s] -- Symlinking: /home/ines/tiago_ws/install/tiago_exam_worlds/share/tiago_exam_worlds/models/aruco_marker_original_63/aruco_marker_original.sdf
[3.795s] -- Symlinking: /home/ines/tiago_ws/install/tiago_exam_worlds/share/tiago_exam_worlds/models/aruco_marker_original_63/material/scripts/aruco_marker_original.material
[3.812s] -- Symlinking: /home/ines/tiago_ws/install/tiago_exam_worlds/share/tiago_exam_worlds/models/aruco_marker_original_63/material/textures/Aruco_original_63.png
[3.829s] -- Symlinking: /home/ines/tiago_ws/install/tiago_exam_worlds/share/tiago_exam_worlds/models/aruco_marker_original_63/model.config
[3.847s] -- Symlinking: /home/ines/tiago_ws/install/tiago_exam_worlds/share/tiago_exam_worlds/models/bauman/README
[3.865s] -- Symlinking: /home/ines/tiago_ws/install/tiago_exam_worlds/share/tiago_exam_worlds/models/bauman/bauman_walls.png
[3.881s] -- Symlinking: /home/ines/tiago_ws/install/tiago_exam_worlds/share/tiago_exam_worlds/models/bauman/model.config
[3.897s] -- Symlinking: /home/ines/tiago_ws/install/tiago_exam_worlds/share/tiago_exam_worlds/models/bauman/model.sdf
[3.912s] -- Symlinking: /home/ines/tiago_ws/install/tiago_exam_worlds/share/tiago_exam_worlds/models/bench/bench.sdf
[3.926s] -- Symlinking: /home/ines/tiago_ws/install/tiago_exam_worlds/share/tiago_exam_worlds/models/bench/meshes/bench.stl
[3.941s] -- Symlinking: /home/ines/tiago_ws/install/tiago_exam_worlds/share/tiago_exam_worlds/models/bench/model.config
[3.957s] -- Symlinking: /home/ines/tiago_ws/install/tiago_exam_worlds/share/tiago_exam_worlds/models/bifrutas_tropical_can/bifrutas_tropical_can.sdf
[3.973s] -- Symlinking: /home/ines/tiago_ws/install/tiago_exam_worlds/share/tiago_exam_worlds/models/bifrutas_tropical_can/material/scripts/bifrutas_tropical_can.material
[3.989s] -- Symlinking: /home/ines/tiago_ws/install/tiago_exam_worlds/share/tiago_exam_worlds/models/bifrutas_tropical_can/material/textures/bifrutas_tropical_can.jpg
[4.005s] -- Symlinking: /home/ines/tiago_ws/install/tiago_exam_worlds/share/tiago_exam_worlds/models/bifrutas_tropical_can/model.config
[4.023s] -- Symlinking: /home/ines/tiago_ws/install/tiago_exam_worlds/share/tiago_exam_worlds/models/biscuits_pack/biscuits_pack.sdf
[4.042s] -- Symlinking: /home/ines/tiago_ws/install/tiago_exam_worlds/share/tiago_exam_worlds/models/biscuits_pack/material/scripts/pringles.material
[4.061s] -- Symlinking: /home/ines/tiago_ws/install/tiago_exam_worlds/share/tiago_exam_worlds/models/biscuits_pack/material/textures/biscuits_pack.jpg
[4.076s] -- Symlinking: /home/ines/tiago_ws/install/tiago_exam_worlds/share/tiago_exam_worlds/models/biscuits_pack/model.config
[4.090s] -- Symlinking: /home/ines/tiago_ws/install/tiago_exam_worlds/share/tiago_exam_worlds/models/bottle_red_wine/meshes/bottle.dae
[4.106s] -- Symlinking: /home/ines/tiago_ws/install/tiago_exam_worlds/share/tiago_exam_worlds/models/bottle_red_wine/meshes/cap.dae
[4.124s] -- Symlinking: /home/ines/tiago_ws/install/tiago_exam_worlds/share/tiago_exam_worlds/models/bottle_red_wine/meshes/red_wine.dae
[4.142s] -- Symlinking: /home/ines/tiago_ws/install/tiago_exam_worlds/share/tiago_exam_worlds/models/bottle_red_wine/model.config
[4.159s] -- Symlinking: /home/ines/tiago_ws/install/tiago_exam_worlds/share/tiago_exam_worlds/models/bottle_red_wine/model.sdf
[4.181s] -- Symlinking: /home/ines/tiago_ws/install/tiago_exam_worlds/share/tiago_exam_worlds/models/box_with_handles/box_with_handles.sdf
[4.196s] -- Symlinking: /home/ines/tiago_ws/install/tiago_exam_worlds/share/tiago_exam_worlds/models/box_with_handles/material/scripts/aruco_marker_original.material
[4.211s] -- Symlinking: /home/ines/tiago_ws/install/tiago_exam_worlds/share/tiago_exam_worlds/models/box_with_handles/material/textures/Aruco_original_582.png
[4.226s] -- Symlinking: /home/ines/tiago_ws/install/tiago_exam_worlds/share/tiago_exam_worlds/models/box_with_handles/model.config
[4.243s] -- Symlinking: /home/ines/tiago_ws/install/tiago_exam_worlds/share/tiago_exam_worlds/models/brick_box_3x1x3/materials/scripts/brick_box.material
[4.258s] -- Symlinking: /home/ines/tiago_ws/install/tiago_exam_worlds/share/tiago_exam_worlds/models/brick_box_3x1x3/materials/textures/simple_box.png
[4.273s] -- Symlinking: /home/ines/tiago_ws/install/tiago_exam_worlds/share/tiago_exam_worlds/models/brick_box_3x1x3/meshes/simple_box.dae
[4.289s] -- Symlinking: /home/ines/tiago_ws/install/tiago_exam_worlds/share/tiago_exam_worlds/models/brick_box_3x1x3/model-1_3.sdf
[4.304s] -- Symlinking: /home/ines/tiago_ws/install/tiago_exam_worlds/share/tiago_exam_worlds/models/brick_box_3x1x3/model-1_4.sdf
[4.319s] -- Symlinking: /home/ines/tiago_ws/install/tiago_exam_worlds/share/tiago_exam_worlds/models/brick_box_3x1x3/model.config
[4.335s] -- Symlinking: /home/ines/tiago_ws/install/tiago_exam_worlds/share/tiago_exam_worlds/models/brick_box_3x1x3/model.sdf
[4.350s] -- Symlinking: /home/ines/tiago_ws/install/tiago_exam_worlds/share/tiago_exam_worlds/models/citizen_extras_female_02/images/_01_-_Default1noCulling.JPG
[4.364s] -- Symlinking: /home/ines/tiago_ws/install/tiago_exam_worlds/share/tiago_exam_worlds/models/citizen_extras_female_02/images/_02_-_Default1noCulling.JPG
[4.379s] -- Symlinking: /home/ines/tiago_ws/install/tiago_exam_worlds/share/tiago_exam_worlds/models/citizen_extras_female_02/images/_03_-_Default1noCulling.JPG
[4.395s] -- Symlinking: /home/ines/tiago_ws/install/tiago_exam_worlds/share/tiago_exam_worlds/models/citizen_extras_female_02/meshes/mesh.dae
[4.410s] -- Symlinking: /home/ines/tiago_ws/install/tiago_exam_worlds/share/tiago_exam_worlds/models/citizen_extras_female_02/model.config
[4.424s] -- Symlinking: /home/ines/tiago_ws/install/tiago_exam_worlds/share/tiago_exam_worlds/models/citizen_extras_female_02/model.sdf
[4.439s] -- Symlinking: /home/ines/tiago_ws/install/tiago_exam_worlds/share/tiago_exam_worlds/models/citizen_extras_female_03/images/Material__1noCulling.JPG
[4.456s] -- Symlinking: /home/ines/tiago_ws/install/tiago_exam_worlds/share/tiago_exam_worlds/models/citizen_extras_female_03/images/Material__2noCulling.JPG
[4.472s] -- Symlinking: /home/ines/tiago_ws/install/tiago_exam_worlds/share/tiago_exam_worlds/models/citizen_extras_female_03/images/_03_-_Default1noCulling.JPG
[4.488s] -- Symlinking: /home/ines/tiago_ws/install/tiago_exam_worlds/share/tiago_exam_worlds/models/citizen_extras_female_03/meshes/mesh.dae
[4.503s] -- Symlinking: /home/ines/tiago_ws/install/tiago_exam_worlds/share/tiago_exam_worlds/models/citizen_extras_female_03/model.config
[4.519s] -- Symlinking: /home/ines/tiago_ws/install/tiago_exam_worlds/share/tiago_exam_worlds/models/citizen_extras_female_03/model.sdf
[4.534s] -- Symlinking: /home/ines/tiago_ws/install/tiago_exam_worlds/share/tiago_exam_worlds/models/citizen_extras_male_03/images/Material__1noCulling.JPG
[4.548s] -- Symlinking: /home/ines/tiago_ws/install/tiago_exam_worlds/share/tiago_exam_worlds/models/citizen_extras_male_03/images/hair1noCulling.JPG
[4.561s] -- Symlinking: /home/ines/tiago_ws/install/tiago_exam_worlds/share/tiago_exam_worlds/models/citizen_extras_male_03/images/hrad1noCulling.JPG
[4.575s] -- Symlinking: /home/ines/tiago_ws/install/tiago_exam_worlds/share/tiago_exam_worlds/models/citizen_extras_male_03/meshes/mesh.dae
[4.589s] -- Symlinking: /home/ines/tiago_ws/install/tiago_exam_worlds/share/tiago_exam_worlds/models/citizen_extras_male_03/model.config
[4.604s] -- Symlinking: /home/ines/tiago_ws/install/tiago_exam_worlds/share/tiago_exam_worlds/models/citizen_extras_male_03/model.sdf
[4.619s] -- Symlinking: /home/ines/tiago_ws/install/tiago_exam_worlds/share/tiago_exam_worlds/models/closet/closet.sdf
[4.635s] -- Symlinking: /home/ines/tiago_ws/install/tiago_exam_worlds/share/tiago_exam_worlds/models/closet/meshes/closet.stl
[4.649s] -- Symlinking: /home/ines/tiago_ws/install/tiago_exam_worlds/share/tiago_exam_worlds/models/closet/model.config
[4.666s] -- Symlinking: /home/ines/tiago_ws/install/tiago_exam_worlds/share/tiago_exam_worlds/models/coca_cola/materials/scripts/coke.material
[4.682s] -- Symlinking: /home/ines/tiago_ws/install/tiago_exam_worlds/share/tiago_exam_worlds/models/coca_cola/materials/textures/cokecan.jpg
[4.697s] -- Symlinking: /home/ines/tiago_ws/install/tiago_exam_worlds/share/tiago_exam_worlds/models/coca_cola/meshes/aluminum.jpg
[4.712s] -- Symlinking: /home/ines/tiago_ws/install/tiago_exam_worlds/share/tiago_exam_worlds/models/coca_cola/meshes/can_ring_pull_end_centre.png
[4.729s] -- Symlinking: /home/ines/tiago_ws/install/tiago_exam_worlds/share/tiago_exam_worlds/models/coca_cola/meshes/coke.dae
[4.743s] -- Symlinking: /home/ines/tiago_ws/install/tiago_exam_worlds/share/tiago_exam_worlds/models/coca_cola/meshes/coke_uv_map.jpg
[4.758s] -- Symlinking: /home/ines/tiago_ws/install/tiago_exam_worlds/share/tiago_exam_worlds/models/coca_cola/model.config
[4.772s] -- Symlinking: /home/ines/tiago_ws/install/tiago_exam_worlds/share/tiago_exam_worlds/models/coca_cola/model.sdf
[4.787s] -- Symlinking: /home/ines/tiago_ws/install/tiago_exam_worlds/share/tiago_exam_worlds/models/cocacola/cocacola.sdf
[4.803s] -- Symlinking: /home/ines/tiago_ws/install/tiago_exam_worlds/share/tiago_exam_worlds/models/cocacola/material/scripts/cocacola.material
[4.818s] -- Symlinking: /home/ines/tiago_ws/install/tiago_exam_worlds/share/tiago_exam_worlds/models/cocacola/material/textures/cocacola.jpg
[4.833s] -- Symlinking: /home/ines/tiago_ws/install/tiago_exam_worlds/share/tiago_exam_worlds/models/cocacola/model.config
[4.849s] -- Symlinking: /home/ines/tiago_ws/install/tiago_exam_worlds/share/tiago_exam_worlds/models/coke_can_slim/coke_can_slim.sdf
[4.864s] -- Symlinking: /home/ines/tiago_ws/install/tiago_exam_worlds/share/tiago_exam_worlds/models/coke_can_slim/material/scripts/coke_can_slim.material
[4.879s] -- Symlinking: /home/ines/tiago_ws/install/tiago_exam_worlds/share/tiago_exam_worlds/models/coke_can_slim/material/textures/coke_can_slim.jpg
[4.894s] -- Symlinking: /home/ines/tiago_ws/install/tiago_exam_worlds/share/tiago_exam_worlds/models/coke_can_slim/model.config
[4.909s] -- Symlinking: /home/ines/tiago_ws/install/tiago_exam_worlds/share/tiago_exam_worlds/models/database.config
[4.924s] -- Symlinking: /home/ines/tiago_ws/install/tiago_exam_worlds/share/tiago_exam_worlds/models/dining_chair/dining_chair.sdf
[4.939s] -- Symlinking: /home/ines/tiago_ws/install/tiago_exam_worlds/share/tiago_exam_worlds/models/dining_chair/meshes/dining_chair.stl
[4.955s] -- Symlinking: /home/ines/tiago_ws/install/tiago_exam_worlds/share/tiago_exam_worlds/models/dining_chair/model.config
[4.971s] -- Symlinking: /home/ines/tiago_ws/install/tiago_exam_worlds/share/tiago_exam_worlds/models/dock1/dock1.sdf
[4.986s] -- Symlinking: /home/ines/tiago_ws/install/tiago_exam_worlds/share/tiago_exam_worlds/models/dock1/meshes/dock1.dae
[5.001s] -- Symlinking: /home/ines/tiago_ws/install/tiago_exam_worlds/share/tiago_exam_worlds/models/dock1/model.config
[5.015s] -- Symlinking: /home/ines/tiago_ws/install/tiago_exam_worlds/share/tiago_exam_worlds/models/door_obstacle/door_obstacle.sdf
[5.030s] -- Symlinking: /home/ines/tiago_ws/install/tiago_exam_worlds/share/tiago_exam_worlds/models/door_obstacle/model.config
[5.044s] -- Symlinking: /home/ines/tiago_ws/install/tiago_exam_worlds/share/tiago_exam_worlds/models/env_exam_box1/env_exam_box1.sdf
[5.060s] -- Symlinking: /home/ines/tiago_ws/install/tiago_exam_worlds/share/tiago_exam_worlds/models/env_exam_box1/model.config
[5.075s] -- Symlinking: /home/ines/tiago_ws/install/tiago_exam_worlds/share/tiago_exam_worlds/models/env_exam_box2/env_exam_box2.sdf
[5.091s] -- Symlinking: /home/ines/tiago_ws/install/tiago_exam_worlds/share/tiago_exam_worlds/models/env_exam_box2/model.config
[5.107s] -- Symlinking: /home/ines/tiago_ws/install/tiago_exam_worlds/share/tiago_exam_worlds/models/env_exam_cylinder1/env_exam_cylinder1.sdf
[5.124s] -- Symlinking: /home/ines/tiago_ws/install/tiago_exam_worlds/share/tiago_exam_worlds/models/env_exam_cylinder1/model.config
[5.141s] -- Symlinking: /home/ines/tiago_ws/install/tiago_exam_worlds/share/tiago_exam_worlds/models/env_exam_cylinder2/env_exam_cylinder2.sdf
[5.156s] -- Symlinking: /home/ines/tiago_ws/install/tiago_exam_worlds/share/tiago_exam_worlds/models/env_exam_cylinder2/model.config
[5.171s] -- Symlinking: /home/ines/tiago_ws/install/tiago_exam_worlds/share/tiago_exam_worlds/models/env_exam_pick_surface/env_exam_pick_surface.sdf
[5.185s] -- Symlinking: /home/ines/tiago_ws/install/tiago_exam_worlds/share/tiago_exam_worlds/models/env_exam_pick_surface/model.config
[5.199s] -- Symlinking: /home/ines/tiago_ws/install/tiago_exam_worlds/share/tiago_exam_worlds/models/env_exam_place_surface/env_exam_place_surface.sdf
[5.214s] -- Symlinking: /home/ines/tiago_ws/install/tiago_exam_worlds/share/tiago_exam_worlds/models/env_exam_place_surface/model.config
[5.228s] -- Symlinking: /home/ines/tiago_ws/install/tiago_exam_worlds/share/tiago_exam_worlds/models/floor_lamp/floor_lamp.sdf
[5.242s] -- Symlinking: /home/ines/tiago_ws/install/tiago_exam_worlds/share/tiago_exam_worlds/models/floor_lamp/meshes/floor_lamp.stl
[5.259s] -- Symlinking: /home/ines/tiago_ws/install/tiago_exam_worlds/share/tiago_exam_worlds/models/floor_lamp/model.config
[5.277s] -- Symlinking: /home/ines/tiago_ws/install/tiago_exam_worlds/share/tiago_exam_worlds/models/goetz_sofa/goetz_sofa.sdf
[5.294s] -- Symlinking: /home/ines/tiago_ws/install/tiago_exam_worlds/share/tiago_exam_worlds/models/goetz_sofa/materials/textures/texture0.jpg
[5.309s] -- Symlinking: /home/ines/tiago_ws/install/tiago_exam_worlds/share/tiago_exam_worlds/models/goetz_sofa/meshes/goetz_sofa.dae
[5.325s] -- Symlinking: /home/ines/tiago_ws/install/tiago_exam_worlds/share/tiago_exam_worlds/models/goetz_sofa/model.config
[5.340s] -- Symlinking: /home/ines/tiago_ws/install/tiago_exam_worlds/share/tiago_exam_worlds/models/green_ball/materials/scripts/ball.material
[5.354s] -- Symlinking: /home/ines/tiago_ws/install/tiago_exam_worlds/share/tiago_exam_worlds/models/green_ball/model.config
[5.371s] -- Symlinking: /home/ines/tiago_ws/install/tiago_exam_worlds/share/tiago_exam_worlds/models/green_ball/model.sdf
[5.385s] -- Symlinking: /home/ines/tiago_ws/install/tiago_exam_worlds/share/tiago_exam_worlds/models/green_cube/green_cube.sdf
[5.401s] -- Symlinking: /home/ines/tiago_ws/install/tiago_exam_worlds/share/tiago_exam_worlds/models/green_cube/model.config
[5.417s] -- Symlinking: /home/ines/tiago_ws/install/tiago_exam_worlds/share/tiago_exam_worlds/models/green_rectangle/green_rectangle.sdf
[5.432s] -- Symlinking: /home/ines/tiago_ws/install/tiago_exam_worlds/share/tiago_exam_worlds/models/green_rectangle/model.config
[5.448s] -- Symlinking: /home/ines/tiago_ws/install/tiago_exam_worlds/share/tiago_exam_worlds/models/ground_plane/model-1_2.sdf
[5.463s] -- Symlinking: /home/ines/tiago_ws/install/tiago_exam_worlds/share/tiago_exam_worlds/models/ground_plane/model-1_3.sdf
[5.478s] -- Symlinking: /home/ines/tiago_ws/install/tiago_exam_worlds/share/tiago_exam_worlds/models/ground_plane/model-1_4.sdf
[5.495s] -- Symlinking: /home/ines/tiago_ws/install/tiago_exam_worlds/share/tiago_exam_worlds/models/ground_plane/model.config
[5.510s] -- Symlinking: /home/ines/tiago_ws/install/tiago_exam_worlds/share/tiago_exam_worlds/models/ground_plane/model.sdf
[5.525s] -- Symlinking: /home/ines/tiago_ws/install/tiago_exam_worlds/share/tiago_exam_worlds/models/hospital_flat_map/hospital_flat_map.sdf
[5.540s] -- Symlinking: /home/ines/tiago_ws/install/tiago_exam_worlds/share/tiago_exam_worlds/models/hospital_flat_map/meshes/hospital_flat_map.stl
[5.555s] -- Symlinking: /home/ines/tiago_ws/install/tiago_exam_worlds/share/tiago_exam_worlds/models/hospital_flat_map/model.config
[5.573s] -- Symlinking: /home/ines/tiago_ws/install/tiago_exam_worlds/share/tiago_exam_worlds/models/hospital_map/hospital_map.sdf
[5.590s] -- Symlinking: /home/ines/tiago_ws/install/tiago_exam_worlds/share/tiago_exam_worlds/models/hospital_map/meshes/g1.stl
[5.606s] -- Symlinking: /home/ines/tiago_ws/install/tiago_exam_worlds/share/tiago_exam_worlds/models/hospital_map/meshes/g2.stl
[5.622s] -- Symlinking: /home/ines/tiago_ws/install/tiago_exam_worlds/share/tiago_exam_worlds/models/hospital_map/meshes/g3.stl
[5.637s] -- Symlinking: /home/ines/tiago_ws/install/tiago_exam_worlds/share/tiago_exam_worlds/models/hospital_map/meshes/g4.stl
[5.652s] -- Symlinking: /home/ines/tiago_ws/install/tiago_exam_worlds/share/tiago_exam_worlds/models/hospital_map/meshes/g5.stl
[5.667s] -- Symlinking: /home/ines/tiago_ws/install/tiago_exam_worlds/share/tiago_exam_worlds/models/hospital_map/meshes/g6.stl
[5.682s] -- Symlinking: /home/ines/tiago_ws/install/tiago_exam_worlds/share/tiago_exam_worlds/models/hospital_map/meshes/g7.stl
[5.696s] -- Symlinking: /home/ines/tiago_ws/install/tiago_exam_worlds/share/tiago_exam_worlds/models/hospital_map/meshes/gr1.stl
[5.711s] -- Symlinking: /home/ines/tiago_ws/install/tiago_exam_worlds/share/tiago_exam_worlds/models/hospital_map/meshes/gr2.stl
[5.727s] -- Symlinking: /home/ines/tiago_ws/install/tiago_exam_worlds/share/tiago_exam_worlds/models/hospital_map/meshes/gr3.stl
[5.740s] -- Symlinking: /home/ines/tiago_ws/install/tiago_exam_worlds/share/tiago_exam_worlds/models/hospital_map/meshes/gr4.stl
[5.754s] -- Symlinking: /home/ines/tiago_ws/install/tiago_exam_worlds/share/tiago_exam_worlds/models/hospital_map/meshes/gr5.stl
[5.769s] -- Symlinking: /home/ines/tiago_ws/install/tiago_exam_worlds/share/tiago_exam_worlds/models/hospital_map/meshes/gr6.stl
[5.783s] -- Symlinking: /home/ines/tiago_ws/install/tiago_exam_worlds/share/tiago_exam_worlds/models/hospital_map/meshes/hospital_map.stl
[5.798s] -- Symlinking: /home/ines/tiago_ws/install/tiago_exam_worlds/share/tiago_exam_worlds/models/hospital_map/meshes/w1.stl
[5.813s] -- Symlinking: /home/ines/tiago_ws/install/tiago_exam_worlds/share/tiago_exam_worlds/models/hospital_map/meshes/w2.stl
[5.828s] -- Symlinking: /home/ines/tiago_ws/install/tiago_exam_worlds/share/tiago_exam_worlds/models/hospital_map/meshes/w3.stl
[5.845s] -- Symlinking: /home/ines/tiago_ws/install/tiago_exam_worlds/share/tiago_exam_worlds/models/hospital_map/meshes/w4.stl
[5.864s] -- Symlinking: /home/ines/tiago_ws/install/tiago_exam_worlds/share/tiago_exam_worlds/models/hospital_map/meshes/w5.stl
[5.883s] -- Symlinking: /home/ines/tiago_ws/install/tiago_exam_worlds/share/tiago_exam_worlds/models/hospital_map/meshes/w6.stl
[5.898s] -- Symlinking: /home/ines/tiago_ws/install/tiago_exam_worlds/share/tiago_exam_worlds/models/hospital_map/meshes/w7.stl
[5.914s] -- Symlinking: /home/ines/tiago_ws/install/tiago_exam_worlds/share/tiago_exam_worlds/models/hospital_map/meshes/wr1.stl
[5.929s] -- Symlinking: /home/ines/tiago_ws/install/tiago_exam_worlds/share/tiago_exam_worlds/models/hospital_map/meshes/wr2.stl
[5.944s] -- Symlinking: /home/ines/tiago_ws/install/tiago_exam_worlds/share/tiago_exam_worlds/models/hospital_map/meshes/wr3.stl
[5.959s] -- Symlinking: /home/ines/tiago_ws/install/tiago_exam_worlds/share/tiago_exam_worlds/models/hospital_map/meshes/wr4.stl
[5.974s] -- Symlinking: /home/ines/tiago_ws/install/tiago_exam_worlds/share/tiago_exam_worlds/models/hospital_map/meshes/wr5.stl
[5.989s] -- Symlinking: /home/ines/tiago_ws/install/tiago_exam_worlds/share/tiago_exam_worlds/models/hospital_map/meshes/wr6.stl
[6.004s] -- Symlinking: /home/ines/tiago_ws/install/tiago_exam_worlds/share/tiago_exam_worlds/models/hospital_map/model.config
[6.022s] -- Symlinking: /home/ines/tiago_ws/install/tiago_exam_worlds/share/tiago_exam_worlds/models/ideal_sun/model.config
[6.038s] -- Symlinking: /home/ines/tiago_ws/install/tiago_exam_worlds/share/tiago_exam_worlds/models/ideal_sun/model.sdf
[6.053s] -- Symlinking: /home/ines/tiago_ws/install/tiago_exam_worlds/share/tiago_exam_worlds/models/ikea_ektorp_chair/meshes/IKE06001.JPG
[6.072s] -- Symlinking: /home/ines/tiago_ws/install/tiago_exam_worlds/share/tiago_exam_worlds/models/ikea_ektorp_chair/meshes/mesh.dae
[6.091s] -- Symlinking: /home/ines/tiago_ws/install/tiago_exam_worlds/share/tiago_exam_worlds/models/ikea_ektorp_chair/model.config
[6.105s] -- Symlinking: /home/ines/tiago_ws/install/tiago_exam_worlds/share/tiago_exam_worlds/models/ikea_ektorp_chair/model.sdf
[6.120s] -- Symlinking: /home/ines/tiago_ws/install/tiago_exam_worlds/share/tiago_exam_worlds/models/ikea_folke_chair/meshes/mesh.dae
[6.135s] -- Symlinking: /home/ines/tiago_ws/install/tiago_exam_worlds/share/tiago_exam_worlds/models/ikea_folke_chair/meshes/notexture.png
[6.149s] -- Symlinking: /home/ines/tiago_ws/install/tiago_exam_worlds/share/tiago_exam_worlds/models/ikea_folke_chair/meshes/texture.png
[6.165s] -- Symlinking: /home/ines/tiago_ws/install/tiago_exam_worlds/share/tiago_exam_worlds/models/ikea_folke_chair/model.config
[6.180s] -- Symlinking: /home/ines/tiago_ws/install/tiago_exam_worlds/share/tiago_exam_worlds/models/ikea_folke_chair/model.sdf
[6.194s] -- Symlinking: /home/ines/tiago_ws/install/tiago_exam_worlds/share/tiago_exam_worlds/models/ikea_harry_chair/meshes/body.png
[6.209s] -- Symlinking: /home/ines/tiago_ws/install/tiago_exam_worlds/share/tiago_exam_worlds/models/ikea_harry_chair/meshes/legs.png
[6.223s] -- Symlinking: /home/ines/tiago_ws/install/tiago_exam_worlds/share/tiago_exam_worlds/models/ikea_harry_chair/meshes/mesh.dae
[6.238s] -- Symlinking: /home/ines/tiago_ws/install/tiago_exam_worlds/share/tiago_exam_worlds/models/ikea_harry_chair/model.config
[6.252s] -- Symlinking: /home/ines/tiago_ws/install/tiago_exam_worlds/share/tiago_exam_worlds/models/ikea_harry_chair/model.sdf
[6.267s] -- Symlinking: /home/ines/tiago_ws/install/tiago_exam_worlds/share/tiago_exam_worlds/models/ikea_stefan_chair/meshes/mesh.dae
[6.282s] -- Symlinking: /home/ines/tiago_ws/install/tiago_exam_worlds/share/tiago_exam_worlds/models/ikea_stefan_chair/model.config
[6.297s] -- Symlinking: /home/ines/tiago_ws/install/tiago_exam_worlds/share/tiago_exam_worlds/models/ikea_stefan_chair/model.sdf
[6.312s] -- Symlinking: /home/ines/tiago_ws/install/tiago_exam_worlds/share/tiago_exam_worlds/models/ikea_urban_chair/meshes/mesh.dae
[6.326s] -- Symlinking: /home/ines/tiago_ws/install/tiago_exam_worlds/share/tiago_exam_worlds/models/ikea_urban_chair/meshes/notexture.png
[6.341s] -- Symlinking: /home/ines/tiago_ws/install/tiago_exam_worlds/share/tiago_exam_worlds/models/ikea_urban_chair/model.config
[6.355s] -- Symlinking: /home/ines/tiago_ws/install/tiago_exam_worlds/share/tiago_exam_worlds/models/ikea_urban_chair/model.sdf
[6.369s] -- Symlinking: /home/ines/tiago_ws/install/tiago_exam_worlds/share/tiago_exam_worlds/models/kitchen_chair/kitchen_chair.sdf
[6.383s] -- Symlinking: /home/ines/tiago_ws/install/tiago_exam_worlds/share/tiago_exam_worlds/models/kitchen_chair/meshes/kitchen_chair.stl
[6.397s] -- Symlinking: /home/ines/tiago_ws/install/tiago_exam_worlds/share/tiago_exam_worlds/models/kitchen_chair/model.config
[6.410s] -- Symlinking: /home/ines/tiago_ws/install/tiago_exam_worlds/share/tiago_exam_worlds/models/kitchen_no_sink/meshes/bin/bin.dae
[6.423s] -- Symlinking: /home/ines/tiago_ws/install/tiago_exam_worlds/share/tiago_exam_worlds/models/kitchen_no_sink/meshes/bookshelve/bookshelve.dae
[6.436s] -- Symlinking: /home/ines/tiago_ws/install/tiago_exam_worlds/share/tiago_exam_worlds/models/kitchen_no_sink/meshes/chair/chair.dae
[6.449s] -- Symlinking: /home/ines/tiago_ws/install/tiago_exam_worlds/share/tiago_exam_worlds/models/kitchen_no_sink/meshes/sink/TexturesCom_Wood_GluLamBeam_header.jpg
[6.462s] -- Symlinking: /home/ines/tiago_ws/install/tiago_exam_worlds/share/tiago_exam_worlds/models/kitchen_no_sink/meshes/sink/kitchen_only_armario_lavamanos.mtl
[6.474s] -- Symlinking: /home/ines/tiago_ws/install/tiago_exam_worlds/share/tiago_exam_worlds/models/kitchen_no_sink/meshes/sink/kitchen_only_armario_lavamanos.obj
[6.487s] -- Symlinking: /home/ines/tiago_ws/install/tiago_exam_worlds/share/tiago_exam_worlds/models/kitchen_no_sink/meshes/sink/kitchen_only_cajon_1.mtl
[6.500s] -- Symlinking: /home/ines/tiago_ws/install/tiago_exam_worlds/share/tiago_exam_worlds/models/kitchen_no_sink/meshes/sink/kitchen_only_cajon_1.obj
[6.512s] -- Symlinking: /home/ines/tiago_ws/install/tiago_exam_worlds/share/tiago_exam_worlds/models/kitchen_no_sink/meshes/sink/kitchen_only_cajon_2.mtl
[6.529s] -- Symlinking: /home/ines/tiago_ws/install/tiago_exam_worlds/share/tiago_exam_worlds/models/kitchen_no_sink/meshes/sink/kitchen_only_cajon_2.obj
[6.552s] -- Symlinking: /home/ines/tiago_ws/install/tiago_exam_worlds/share/tiago_exam_worlds/models/kitchen_no_sink/meshes/sink/kitchen_only_cajon_grande.mtl
[6.568s] -- Symlinking: /home/ines/tiago_ws/install/tiago_exam_worlds/share/tiago_exam_worlds/models/kitchen_no_sink/meshes/sink/kitchen_only_cajon_grande.obj
[6.583s] -- Symlinking: /home/ines/tiago_ws/install/tiago_exam_worlds/share/tiago_exam_worlds/models/kitchen_no_sink/meshes/sink/kitchen_only_cubiertos_lavavajillas.mtl
[6.598s] -- Symlinking: /home/ines/tiago_ws/install/tiago_exam_worlds/share/tiago_exam_worlds/models/kitchen_no_sink/meshes/sink/kitchen_only_cubiertos_lavavajillas.obj
[6.614s] -- Symlinking: /home/ines/tiago_ws/install/tiago_exam_worlds/share/tiago_exam_worlds/models/kitchen_no_sink/meshes/sink/kitchen_only_kitchen.mtl
[6.630s] -- Symlinking: /home/ines/tiago_ws/install/tiago_exam_worlds/share/tiago_exam_worlds/models/kitchen_no_sink/meshes/sink/kitchen_only_kitchen.obj
[6.646s] -- Symlinking: /home/ines/tiago_ws/install/tiago_exam_worlds/share/tiago_exam_worlds/models/kitchen_no_sink/meshes/sink/kitchen_only_lavadora.mtl
[6.661s] -- Symlinking: /home/ines/tiago_ws/install/tiago_exam_worlds/share/tiago_exam_worlds/models/kitchen_no_sink/meshes/sink/kitchen_only_lavadora.obj
[6.677s] -- Symlinking: /home/ines/tiago_ws/install/tiago_exam_worlds/share/tiago_exam_worlds/models/kitchen_no_sink/meshes/sink/kitchen_only_parte_de_abajo_lavavajillas.mtl
[6.693s] -- Symlinking: /home/ines/tiago_ws/install/tiago_exam_worlds/share/tiago_exam_worlds/models/kitchen_no_sink/meshes/sink/kitchen_only_parte_de_abajo_lavavajillas.obj
[6.709s] -- Symlinking: /home/ines/tiago_ws/install/tiago_exam_worlds/share/tiago_exam_worlds/models/kitchen_no_sink/meshes/sink/kitchen_only_parte_de_arriba_lavavajillas.mtl
[6.724s] -- Symlinking: /home/ines/tiago_ws/install/tiago_exam_worlds/share/tiago_exam_worlds/models/kitchen_no_sink/meshes/sink/kitchen_only_parte_de_arriba_lavavajillas.obj
[6.738s] -- Symlinking: /home/ines/tiago_ws/install/tiago_exam_worlds/share/tiago_exam_worlds/models/kitchen_no_sink/meshes/sink/kitchen_only_puerta_lavavajillas.mtl
[6.754s] -- Symlinking: /home/ines/tiago_ws/install/tiago_exam_worlds/share/tiago_exam_worlds/models/kitchen_no_sink/meshes/sink/kitchen_only_puerta_lavavajillas.obj
[6.769s] -- Symlinking: /home/ines/tiago_ws/install/tiago_exam_worlds/share/tiago_exam_worlds/models/kitchen_no_sink/meshes/table/table.dae
[6.785s] -- Symlinking: /home/ines/tiago_ws/install/tiago_exam_worlds/share/tiago_exam_worlds/models/kitchen_no_sink/meshes/table/table.mtl
[6.802s] -- Symlinking: /home/ines/tiago_ws/install/tiago_exam_worlds/share/tiago_exam_worlds/models/kitchen_no_sink/meshes/table/table.obj
[6.816s] -- Symlinking: /home/ines/tiago_ws/install/tiago_exam_worlds/share/tiago_exam_worlds/models/kitchen_no_sink/meshes/table/table_ikea.mtl
[6.831s] -- Symlinking: /home/ines/tiago_ws/install/tiago_exam_worlds/share/tiago_exam_worlds/models/kitchen_no_sink/meshes/table/table_ikea.obj
[6.845s] -- Symlinking: /home/ines/tiago_ws/install/tiago_exam_worlds/share/tiago_exam_worlds/models/kitchen_no_sink/meshes/table/table_wood_texture.jpg
[6.859s] -- Symlinking: /home/ines/tiago_ws/install/tiago_exam_worlds/share/tiago_exam_worlds/models/kitchen_no_sink/model.config
[6.877s] -- Symlinking: /home/ines/tiago_ws/install/tiago_exam_worlds/share/tiago_exam_worlds/models/kitchen_no_sink/model.sdf
[6.895s] -- Symlinking: /home/ines/tiago_ws/install/tiago_exam_worlds/share/tiago_exam_worlds/models/kitchen_no_sink_walls/model.config
[6.912s] -- Symlinking: /home/ines/tiago_ws/install/tiago_exam_worlds/share/tiago_exam_worlds/models/kitchen_no_sink_walls/model.sdf
[6.928s] -- Symlinking: /home/ines/tiago_ws/install/tiago_exam_worlds/share/tiago_exam_worlds/models/kitchen_no_sink_walls_pics/model.config
[6.943s] -- Symlinking: /home/ines/tiago_ws/install/tiago_exam_worlds/share/tiago_exam_worlds/models/kitchen_no_sink_walls_pics/model.sdf
[6.958s] -- Symlinking: /home/ines/tiago_ws/install/tiago_exam_worlds/share/tiago_exam_worlds/models/kitchen_table/kitchen_table.sdf
[6.976s] -- Symlinking: /home/ines/tiago_ws/install/tiago_exam_worlds/share/tiago_exam_worlds/models/kitchen_table/meshes/kitchen_table.stl
[6.991s] -- Symlinking: /home/ines/tiago_ws/install/tiago_exam_worlds/share/tiago_exam_worlds/models/kitchen_table/model.config
[7.006s] -- Symlinking: /home/ines/tiago_ws/install/tiago_exam_worlds/share/tiago_exam_worlds/models/lamp/lamp.sdf
[7.021s] -- Symlinking: /home/ines/tiago_ws/install/tiago_exam_worlds/share/tiago_exam_worlds/models/lamp/meshes/lamp.stl
[7.035s] -- Symlinking: /home/ines/tiago_ws/install/tiago_exam_worlds/share/tiago_exam_worlds/models/lamp/model.config
[7.049s] -- Symlinking: /home/ines/tiago_ws/install/tiago_exam_worlds/share/tiago_exam_worlds/models/macrolink_small_table/model.config
[7.063s] -- Symlinking: /home/ines/tiago_ws/install/tiago_exam_worlds/share/tiago_exam_worlds/models/macrolink_small_table/table.sdf
[7.078s] -- Symlinking: /home/ines/tiago_ws/install/tiago_exam_worlds/share/tiago_exam_worlds/models/macrolink_table/model.config
[7.093s] -- Symlinking: /home/ines/tiago_ws/install/tiago_exam_worlds/share/tiago_exam_worlds/models/macrolink_table/table.sdf
[7.108s] -- Symlinking: /home/ines/tiago_ws/install/tiago_exam_worlds/share/tiago_exam_worlds/models/marker26_8cm/marker26_8cm.sdf
[7.124s] -- Symlinking: /home/ines/tiago_ws/install/tiago_exam_worlds/share/tiago_exam_worlds/models/marker26_8cm/material/scripts/marker26_8cm.material
[7.141s] -- Symlinking: /home/ines/tiago_ws/install/tiago_exam_worlds/share/tiago_exam_worlds/models/marker26_8cm/material/textures/aruco-26_8cm.png
[7.155s] -- Symlinking: /home/ines/tiago_ws/install/tiago_exam_worlds/share/tiago_exam_worlds/models/marker26_8cm/model.config
[7.169s] -- Symlinking: /home/ines/tiago_ws/install/tiago_exam_worlds/share/tiago_exam_worlds/models/pal_poster/material/scripts/pal_poster.material
[7.183s] -- Symlinking: /home/ines/tiago_ws/install/tiago_exam_worlds/share/tiago_exam_worlds/models/pal_poster/material/textures/pal_poster.jpg
[7.198s] -- Symlinking: /home/ines/tiago_ws/install/tiago_exam_worlds/share/tiago_exam_worlds/models/pal_poster/model.config
[7.211s] -- Symlinking: /home/ines/tiago_ws/install/tiago_exam_worlds/share/tiago_exam_worlds/models/pal_poster/pal_poster.sdf
[7.225s] -- Symlinking: /home/ines/tiago_ws/install/tiago_exam_worlds/share/tiago_exam_worlds/models/pal_textured_object/material/scripts/pal_textured_object.material
[7.239s] -- Symlinking: /home/ines/tiago_ws/install/tiago_exam_worlds/share/tiago_exam_worlds/models/pal_textured_object/material/textures/pal_textured_object.png
[7.253s] -- Symlinking: /home/ines/tiago_ws/install/tiago_exam_worlds/share/tiago_exam_worlds/models/pal_textured_object/model.config
[7.267s] -- Symlinking: /home/ines/tiago_ws/install/tiago_exam_worlds/share/tiago_exam_worlds/models/pal_textured_object/pal_textured_object.sdf
[7.281s] -- Symlinking: /home/ines/tiago_ws/install/tiago_exam_worlds/share/tiago_exam_worlds/models/pringles/material/scripts/pringles.material
[7.295s] -- Symlinking: /home/ines/tiago_ws/install/tiago_exam_worlds/share/tiago_exam_worlds/models/pringles/material/textures/pringles.jpg
[7.312s] -- Symlinking: /home/ines/tiago_ws/install/tiago_exam_worlds/share/tiago_exam_worlds/models/pringles/model.config
[7.325s] -- Symlinking: /home/ines/tiago_ws/install/tiago_exam_worlds/share/tiago_exam_worlds/models/pringles/pringles.sdf
[7.338s] -- Symlinking: /home/ines/tiago_ws/install/tiago_exam_worlds/share/tiago_exam_worlds/models/pringles2/material/scripts/pringles2.material
[7.352s] -- Symlinking: /home/ines/tiago_ws/install/tiago_exam_worlds/share/tiago_exam_worlds/models/pringles2/material/textures/pringles2.jpg
[7.365s] -- Symlinking: /home/ines/tiago_ws/install/tiago_exam_worlds/share/tiago_exam_worlds/models/pringles2/model.config
[7.382s] -- Symlinking: /home/ines/tiago_ws/install/tiago_exam_worlds/share/tiago_exam_worlds/models/pringles2/pringles2.sdf
[7.397s] -- Symlinking: /home/ines/tiago_ws/install/tiago_exam_worlds/share/tiago_exam_worlds/models/reemc_bookshelf/bookshelf.sdf
[7.412s] -- Symlinking: /home/ines/tiago_ws/install/tiago_exam_worlds/share/tiago_exam_worlds/models/reemc_bookshelf/model.config
[7.426s] -- Symlinking: /home/ines/tiago_ws/install/tiago_exam_worlds/share/tiago_exam_worlds/models/reemc_cabinet/cabinet.sdf
[7.440s] -- Symlinking: /home/ines/tiago_ws/install/tiago_exam_worlds/share/tiago_exam_worlds/models/reemc_cabinet/model.config
[7.454s] -- Symlinking: /home/ines/tiago_ws/install/tiago_exam_worlds/share/tiago_exam_worlds/models/reemc_table/model.config
[7.468s] -- Symlinking: /home/ines/tiago_ws/install/tiago_exam_worlds/share/tiago_exam_worlds/models/reemc_table/table.sdf
[7.483s] -- Symlinking: /home/ines/tiago_ws/install/tiago_exam_worlds/share/tiago_exam_worlds/models/reemc_textured_object/meshes/mesh.dae
[7.497s] -- Symlinking: /home/ines/tiago_ws/install/tiago_exam_worlds/share/tiago_exam_worlds/models/reemc_textured_object/meshes/texture.jpg
[7.510s] -- Symlinking: /home/ines/tiago_ws/install/tiago_exam_worlds/share/tiago_exam_worlds/models/reemc_textured_object/model.config
[7.527s] -- Symlinking: /home/ines/tiago_ws/install/tiago_exam_worlds/share/tiago_exam_worlds/models/reemc_textured_object/model.sdf
[7.541s] -- Symlinking: /home/ines/tiago_ws/install/tiago_exam_worlds/share/tiago_exam_worlds/models/reemc_textured_object_nograv/model.config
[7.555s] -- Symlinking: /home/ines/tiago_ws/install/tiago_exam_worlds/share/tiago_exam_worlds/models/reemc_textured_object_nograv/model.sdf
[7.570s] -- Symlinking: /home/ines/tiago_ws/install/tiago_exam_worlds/share/tiago_exam_worlds/models/reemc_walls/model.config
[7.585s] -- Symlinking: /home/ines/tiago_ws/install/tiago_exam_worlds/share/tiago_exam_worlds/models/reemc_walls/walls.sdf
[7.600s] -- Symlinking: /home/ines/tiago_ws/install/tiago_exam_worlds/share/tiago_exam_worlds/models/reviews_table/meshes/reviews_table.stl
[7.621s] -- Symlinking: /home/ines/tiago_ws/install/tiago_exam_worlds/share/tiago_exam_worlds/models/reviews_table/model.config
[7.637s] -- Symlinking: /home/ines/tiago_ws/install/tiago_exam_worlds/share/tiago_exam_worlds/models/reviews_table/reviews_table.sdf
[7.652s] -- Symlinking: /home/ines/tiago_ws/install/tiago_exam_worlds/share/tiago_exam_worlds/models/robocup_walls_70cm_doors/house_walls.sdf
[7.669s] -- Symlinking: /home/ines/tiago_ws/install/tiago_exam_worlds/share/tiago_exam_worlds/models/robocup_walls_70cm_doors/meshes/robocup_house.stl
[7.684s] -- Symlinking: /home/ines/tiago_ws/install/tiago_exam_worlds/share/tiago_exam_worlds/models/robocup_walls_70cm_doors/model.config
[7.699s] -- Symlinking: /home/ines/tiago_ws/install/tiago_exam_worlds/share/tiago_exam_worlds/models/rockin_camp/README
[7.714s] -- Symlinking: /home/ines/tiago_ws/install/tiago_exam_worlds/share/tiago_exam_worlds/models/rockin_camp/model.config
[7.729s] -- Symlinking: /home/ines/tiago_ws/install/tiago_exam_worlds/share/tiago_exam_worlds/models/rockin_camp/model.sdf
[7.744s] -- Symlinking: /home/ines/tiago_ws/install/tiago_exam_worlds/share/tiago_exam_worlds/models/rockin_camp/rockin_camp.png
[7.759s] -- Symlinking: /home/ines/tiago_ws/install/tiago_exam_worlds/share/tiago_exam_worlds/models/sideboard/meshes/sideboard.stl
[7.773s] -- Symlinking: /home/ines/tiago_ws/install/tiago_exam_worlds/share/tiago_exam_worlds/models/sideboard/model.config
[7.788s] -- Symlinking: /home/ines/tiago_ws/install/tiago_exam_worlds/share/tiago_exam_worlds/models/sideboard/sideboard.sdf
[7.803s] -- Symlinking: /home/ines/tiago_ws/install/tiago_exam_worlds/share/tiago_exam_worlds/models/sink_furniture/meshes/TexturesCom_Wood_GluLamBeam_header.jpg
[7.819s] -- Symlinking: /home/ines/tiago_ws/install/tiago_exam_worlds/share/tiago_exam_worlds/models/sink_furniture/meshes/kitchen_only_armario_lavamanos.mtl
[7.834s] -- Symlinking: /home/ines/tiago_ws/install/tiago_exam_worlds/share/tiago_exam_worlds/models/sink_furniture/meshes/kitchen_only_armario_lavamanos.obj
[7.849s] -- Symlinking: /home/ines/tiago_ws/install/tiago_exam_worlds/share/tiago_exam_worlds/models/sink_furniture/meshes/kitchen_only_cajon_1.mtl
[7.864s] -- Symlinking: /home/ines/tiago_ws/install/tiago_exam_worlds/share/tiago_exam_worlds/models/sink_furniture/meshes/kitchen_only_cajon_1.obj
[7.882s] -- Symlinking: /home/ines/tiago_ws/install/tiago_exam_worlds/share/tiago_exam_worlds/models/sink_furniture/meshes/kitchen_only_cajon_2.mtl
[7.898s] -- Symlinking: /home/ines/tiago_ws/install/tiago_exam_worlds/share/tiago_exam_worlds/models/sink_furniture/meshes/kitchen_only_cajon_2.obj
[7.913s] -- Symlinking: /home/ines/tiago_ws/install/tiago_exam_worlds/share/tiago_exam_worlds/models/sink_furniture/meshes/kitchen_only_cajon_grande.mtl
[7.927s] -- Symlinking: /home/ines/tiago_ws/install/tiago_exam_worlds/share/tiago_exam_worlds/models/sink_furniture/meshes/kitchen_only_cajon_grande.obj
[7.942s] -- Symlinking: /home/ines/tiago_ws/install/tiago_exam_worlds/share/tiago_exam_worlds/models/sink_furniture/meshes/kitchen_only_cubiertos_lavavajillas.mtl
[7.958s] -- Symlinking: /home/ines/tiago_ws/install/tiago_exam_worlds/share/tiago_exam_worlds/models/sink_furniture/meshes/kitchen_only_cubiertos_lavavajillas.obj
[7.981s] -- Symlinking: /home/ines/tiago_ws/install/tiago_exam_worlds/share/tiago_exam_worlds/models/sink_furniture/meshes/kitchen_only_kitchen.mtl
[7.995s] -- Symlinking: /home/ines/tiago_ws/install/tiago_exam_worlds/share/tiago_exam_worlds/models/sink_furniture/meshes/kitchen_only_kitchen.obj
[8.009s] -- Symlinking: /home/ines/tiago_ws/install/tiago_exam_worlds/share/tiago_exam_worlds/models/sink_furniture/meshes/kitchen_only_lavadora.mtl
[8.026s] -- Symlinking: /home/ines/tiago_ws/install/tiago_exam_worlds/share/tiago_exam_worlds/models/sink_furniture/meshes/kitchen_only_lavadora.obj
[8.037s] -- Symlinking: /home/ines/tiago_ws/install/tiago_exam_worlds/share/tiago_exam_worlds/models/sink_furniture/meshes/kitchen_only_parte_de_abajo_lavavajillas.mtl
[8.052s] -- Symlinking: /home/ines/tiago_ws/install/tiago_exam_worlds/share/tiago_exam_worlds/models/sink_furniture/meshes/kitchen_only_parte_de_abajo_lavavajillas.obj
[8.068s] -- Symlinking: /home/ines/tiago_ws/install/tiago_exam_worlds/share/tiago_exam_worlds/models/sink_furniture/meshes/kitchen_only_parte_de_arriba_lavavajillas.mtl
[8.083s] -- Symlinking: /home/ines/tiago_ws/install/tiago_exam_worlds/share/tiago_exam_worlds/models/sink_furniture/meshes/kitchen_only_parte_de_arriba_lavavajillas.obj
[8.099s] -- Symlinking: /home/ines/tiago_ws/install/tiago_exam_worlds/share/tiago_exam_worlds/models/sink_furniture/meshes/kitchen_only_puerta_lavavajillas.mtl
[8.116s] -- Symlinking: /home/ines/tiago_ws/install/tiago_exam_worlds/share/tiago_exam_worlds/models/sink_furniture/meshes/kitchen_only_puerta_lavavajillas.obj
[8.131s] -- Symlinking: /home/ines/tiago_ws/install/tiago_exam_worlds/share/tiago_exam_worlds/models/sink_furniture/model.config
[8.145s] -- Symlinking: /home/ines/tiago_ws/install/tiago_exam_worlds/share/tiago_exam_worlds/models/sink_furniture/model.sdf
[8.162s] -- Symlinking: /home/ines/tiago_ws/install/tiago_exam_worlds/share/tiago_exam_worlds/models/slippery_patch/material/scripts/slippery_patch.material
[8.177s] -- Symlinking: /home/ines/tiago_ws/install/tiago_exam_worlds/share/tiago_exam_worlds/models/slippery_patch/material/textures/slippery_patch.jpg
[8.193s] -- Symlinking: /home/ines/tiago_ws/install/tiago_exam_worlds/share/tiago_exam_worlds/models/slippery_patch/model.config
[8.208s] -- Symlinking: /home/ines/tiago_ws/install/tiago_exam_worlds/share/tiago_exam_worlds/models/slippery_patch/slippery_patch.sdf
[8.222s] -- Symlinking: /home/ines/tiago_ws/install/tiago_exam_worlds/share/tiago_exam_worlds/models/small_cylinder/model.config
[8.236s] -- Symlinking: /home/ines/tiago_ws/install/tiago_exam_worlds/share/tiago_exam_worlds/models/small_cylinder/small_cylinder.sdf
[8.253s] -- Symlinking: /home/ines/tiago_ws/install/tiago_exam_worlds/share/tiago_exam_worlds/models/sofa/meshes/sofa.stl
[8.267s] -- Symlinking: /home/ines/tiago_ws/install/tiago_exam_worlds/share/tiago_exam_worlds/models/sofa/model.config
[8.281s] -- Symlinking: /home/ines/tiago_ws/install/tiago_exam_worlds/share/tiago_exam_worlds/models/sofa/sofa.sdf
[8.296s] -- Symlinking: /home/ines/tiago_ws/install/tiago_exam_worlds/share/tiago_exam_worlds/models/sprite/material/scripts/sprite.material
[8.310s] -- Symlinking: /home/ines/tiago_ws/install/tiago_exam_worlds/share/tiago_exam_worlds/models/sprite/material/textures/sprite.jpg
[8.323s] -- Symlinking: /home/ines/tiago_ws/install/tiago_exam_worlds/share/tiago_exam_worlds/models/sprite/model.config
[8.337s] -- Symlinking: /home/ines/tiago_ws/install/tiago_exam_worlds/share/tiago_exam_worlds/models/sprite/sprite.sdf
[8.355s] -- Symlinking: /home/ines/tiago_ws/install/tiago_exam_worlds/share/tiago_exam_worlds/models/sun/model-1_2.sdf
[8.371s] -- Symlinking: /home/ines/tiago_ws/install/tiago_exam_worlds/share/tiago_exam_worlds/models/sun/model-1_3.sdf
[8.384s] -- Symlinking: /home/ines/tiago_ws/install/tiago_exam_worlds/share/tiago_exam_worlds/models/sun/model-1_4.sdf
[8.397s] -- Symlinking: /home/ines/tiago_ws/install/tiago_exam_worlds/share/tiago_exam_worlds/models/sun/model.config
[8.414s] -- Symlinking: /home/ines/tiago_ws/install/tiago_exam_worlds/share/tiago_exam_worlds/models/sun/model.sdf
[8.430s] -- Symlinking: /home/ines/tiago_ws/install/tiago_exam_worlds/share/tiago_exam_worlds/models/table_0m8/model.config
[8.445s] -- Symlinking: /home/ines/tiago_ws/install/tiago_exam_worlds/share/tiago_exam_worlds/models/table_0m8/table.sdf
[8.465s] -- Symlinking: /home/ines/tiago_ws/install/tiago_exam_worlds/share/tiago_exam_worlds/models/table_1m/model.config
[8.478s] -- Symlinking: /home/ines/tiago_ws/install/tiago_exam_worlds/share/tiago_exam_worlds/models/table_1m/table_1m.sdf
[8.491s] -- Symlinking: /home/ines/tiago_ws/install/tiago_exam_worlds/share/tiago_exam_worlds/models/test2/meshes/test2.dae
[8.505s] -- Symlinking: /home/ines/tiago_ws/install/tiago_exam_worlds/share/tiago_exam_worlds/models/test2/model.config
[8.518s] -- Symlinking: /home/ines/tiago_ws/install/tiago_exam_worlds/share/tiago_exam_worlds/models/test2/test2.sdf
[8.536s] -- Symlinking: /home/ines/tiago_ws/install/tiago_exam_worlds/share/tiago_exam_worlds/models/testing_room/README
[8.550s] -- Symlinking: /home/ines/tiago_ws/install/tiago_exam_worlds/share/tiago_exam_worlds/models/testing_room/model.config
[8.563s] -- Symlinking: /home/ines/tiago_ws/install/tiago_exam_worlds/share/tiago_exam_worlds/models/testing_room/model.sdf
[8.577s] -- Symlinking: /home/ines/tiago_ws/install/tiago_exam_worlds/share/tiago_exam_worlds/models/testing_room/testing_room.png
[8.590s] -- Symlinking: /home/ines/tiago_ws/install/tiago_exam_worlds/share/tiago_exam_worlds/models/tv/meshes/tv.stl
[8.603s] -- Symlinking: /home/ines/tiago_ws/install/tiago_exam_worlds/share/tiago_exam_worlds/models/tv/model.config
[8.616s] -- Symlinking: /home/ines/tiago_ws/install/tiago_exam_worlds/share/tiago_exam_worlds/models/tv/tv.sdf
[8.630s] -- Symlinking: /home/ines/tiago_ws/install/tiago_exam_worlds/share/tiago_exam_worlds/models/wall_with_reem_photo/material/scripts/ball.material
[8.644s] -- Symlinking: /home/ines/tiago_ws/install/tiago_exam_worlds/share/tiago_exam_worlds/models/wall_with_reem_photo/material/scripts/wallWithREEMphoto.material
[8.658s] -- Symlinking: /home/ines/tiago_ws/install/tiago_exam_worlds/share/tiago_exam_worlds/models/wall_with_reem_photo/material/textures/REEM_photo0.jpg
[8.675s] -- Symlinking: /home/ines/tiago_ws/install/tiago_exam_worlds/share/tiago_exam_worlds/models/wall_with_reem_photo/model.config
[8.692s] -- Symlinking: /home/ines/tiago_ws/install/tiago_exam_worlds/share/tiago_exam_worlds/models/wall_with_reem_photo/model.sdf
[8.706s] -- Symlinking: /home/ines/tiago_ws/install/tiago_exam_worlds/share/tiago_exam_worlds/models/wardrobe/meshes/wardrobe.stl
[8.721s] -- Symlinking: /home/ines/tiago_ws/install/tiago_exam_worlds/share/tiago_exam_worlds/models/wardrobe/model.config
[8.738s] -- Symlinking: /home/ines/tiago_ws/install/tiago_exam_worlds/share/tiago_exam_worlds/models/wardrobe/wardrobe.sdf
[8.753s] -- Symlinking: /home/ines/tiago_ws/install/tiago_exam_worlds/share/tiago_exam_worlds/models/willowgarage/materials/textures/Carpet_Berber_Pattern_Gray_.png
[8.767s] -- Symlinking: /home/ines/tiago_ws/install/tiago_exam_worlds/share/tiago_exam_worlds/models/willowgarage/materials/textures/Stone_Brushed_Khaki_.png
[8.781s] -- Symlinking: /home/ines/tiago_ws/install/tiago_exam_worlds/share/tiago_exam_worlds/models/willowgarage/materials/textures/Wood_Bamboo_Medium_.png
[8.796s] -- Symlinking: /home/ines/tiago_ws/install/tiago_exam_worlds/share/tiago_exam_worlds/models/willowgarage/materials/textures/Wood_Cherry_Original_.png
[8.810s] -- Symlinking: /home/ines/tiago_ws/install/tiago_exam_worlds/share/tiago_exam_worlds/models/willowgarage/materials/textures/__Wood_Bamboo_Medium_1.png
[8.823s] -- Symlinking: /home/ines/tiago_ws/install/tiago_exam_worlds/share/tiago_exam_worlds/models/willowgarage/materials/textures/__auto_12.png
[8.837s] -- Symlinking: /home/ines/tiago_ws/install/tiago_exam_worlds/share/tiago_exam_worlds/models/willowgarage/materials/textures/__auto_2.png
[8.850s] -- Symlinking: /home/ines/tiago_ws/install/tiago_exam_worlds/share/tiago_exam_worlds/models/willowgarage/meshes/willowgarage_collision.dae
[8.865s] -- Symlinking: /home/ines/tiago_ws/install/tiago_exam_worlds/share/tiago_exam_worlds/models/willowgarage/meshes/willowgarage_visual.dae
[8.882s] -- Symlinking: /home/ines/tiago_ws/install/tiago_exam_worlds/share/tiago_exam_worlds/worlds/example.world
[8.898s] -- Symlinking: /home/ines/tiago_ws/install/tiago_exam_worlds/share/tiago_exam_worlds/worlds/group10.world
[8.914s] -- Symlinking: /home/ines/tiago_ws/install/tiago_exam_worlds/share/ament_index/resource_index/package_run_dependencies/tiago_exam_worlds
[8.928s] -- Symlinking: /home/ines/tiago_ws/install/tiago_exam_worlds/share/ament_index/resource_index/parent_prefix_path/tiago_exam_worlds
[8.945s] -- Symlinking: /home/ines/tiago_ws/install/tiago_exam_worlds/share/tiago_exam_worlds/environment/ament_prefix_path.sh
[8.960s] -- Symlinking: /home/ines/tiago_ws/install/tiago_exam_worlds/share/tiago_exam_worlds/environment/ament_prefix_path.dsv
[8.976s] -- Symlinking: /home/ines/tiago_ws/install/tiago_exam_worlds/share/tiago_exam_worlds/environment/path.sh
[8.992s] -- Symlinking: /home/ines/tiago_ws/install/tiago_exam_worlds/share/tiago_exam_worlds/environment/path.dsv
[9.007s] -- Symlinking: /home/ines/tiago_ws/install/tiago_exam_worlds/share/tiago_exam_worlds/local_setup.bash
[9.022s] -- Symlinking: /home/ines/tiago_ws/install/tiago_exam_worlds/share/tiago_exam_worlds/local_setup.sh
[9.038s] -- Symlinking: /home/ines/tiago_ws/install/tiago_exam_worlds/share/tiago_exam_worlds/local_setup.zsh
[9.052s] -- Symlinking: /home/ines/tiago_ws/install/tiago_exam_worlds/share/tiago_exam_worlds/local_setup.dsv
[9.068s] -- Symlinking: /home/ines/tiago_ws/install/tiago_exam_worlds/share/tiago_exam_worlds/package.dsv
[9.084s] -- Symlinking: /home/ines/tiago_ws/install/tiago_exam_worlds/share/ament_index/resource_index/packages/tiago_exam_worlds
[9.103s] -- Symlinking: /home/ines/tiago_ws/install/tiago_exam_worlds/share/tiago_exam_worlds/cmake/tiago_exam_worldsConfig.cmake
[9.119s] -- Symlinking: /home/ines/tiago_ws/install/tiago_exam_worlds/share/tiago_exam_worlds/cmake/tiago_exam_worldsConfig-version.cmake
[9.139s] -- Symlinking: /home/ines/tiago_ws/install/tiago_exam_worlds/share/tiago_exam_worlds/package.xml
[9.162s] Invoked command in '/home/ines/tiago_ws/build/tiago_exam_worlds' returned '0': CMAKE_PREFIX_PATH=${CMAKE_PREFIX_PATH}:/home/ines/tiago_ws/install/tiago_autonomous_navigation:/home/ines/tiago_ws/install/tiago_autonomous_exploration:/home/ines/ros2_ws/install/scripts:/home/ines/ros2_ws/install/acrobat:/opt/ros/humble /usr/bin/cmake --install /home/ines/tiago_ws/build/tiago_exam_worlds
