[0.417s] Invoking command in '/home/ines/tiago_ws/build/pymoveit2': CMAKE_PREFIX_PATH=${CMAKE_PREFIX_PATH}:/home/ines/tiago_ws/install/tiago_autonomous_navigation:/home/ines/tiago_ws/install/tiago_autonomous_exploration:/home/ines/ros2_ws/install/scripts:/home/ines/ros2_ws/install/acrobat:/opt/ros/humble /usr/bin/cmake /home/ines/tiago_ws/src/pymoveit2 -DAMENT_CMAKE_SYMLINK_INSTALL=1 -DCMAKE_INSTALL_PREFIX=/home/ines/tiago_ws/install/pymoveit2
[3.870s] -- The C compiler identification is GNU 11.4.0
[6.406s] -- The CXX compiler identification is GNU 11.4.0
[6.605s] -- Detecting C compiler ABI info
[7.660s] -- Detecting C compiler ABI info - done
[7.703s] -- Check for working C compiler: /usr/bin/cc - skipped
[7.704s] -- Detecting C compile features
[7.764s] -- Detecting C compile features - done
[7.795s] -- Detecting CXX compiler ABI info
[8.427s] -- Detecting CXX compiler ABI info - done
[8.471s] -- Check for working CXX compiler: /usr/bin/c++ - skipped
[8.472s] -- Detecting CXX compile features
[8.472s] -- Detecting CXX compile features - done
[8.611s] -- Found ament_cmake: 1.3.8 (/opt/ros/humble/share/ament_cmake/cmake)
[10.133s] -- Found Python3: /usr/bin/python3 (found version "3.10.12") found components: Interpreter 
[11.098s] -- Override CMake install command with custom implementation using symlinks instead of copying resources
[13.031s] -- Configuring done
[13.051s] -- Generating done
[13.062s] -- Build files have been written to: /home/ines/tiago_ws/build/pymoveit2
[13.097s] Invoked command in '/home/ines/tiago_ws/build/pymoveit2' returned '0': CMAKE_PREFIX_PATH=${CMAKE_PREFIX_PATH}:/home/ines/tiago_ws/install/tiago_autonomous_navigation:/home/ines/tiago_ws/install/tiago_autonomous_exploration:/home/ines/ros2_ws/install/scripts:/home/ines/ros2_ws/install/acrobat:/opt/ros/humble /usr/bin/cmake /home/ines/tiago_ws/src/pymoveit2 -DAMENT_CMAKE_SYMLINK_INSTALL=1 -DCMAKE_INSTALL_PREFIX=/home/ines/tiago_ws/install/pymoveit2
[13.102s] Invoking command in '/home/ines/tiago_ws/build/pymoveit2': CMAKE_PREFIX_PATH=${CMAKE_PREFIX_PATH}:/home/ines/tiago_ws/install/tiago_autonomous_navigation:/home/ines/tiago_ws/install/tiago_autonomous_exploration:/home/ines/ros2_ws/install/scripts:/home/ines/ros2_ws/install/acrobat:/opt/ros/humble /usr/bin/cmake --build /home/ines/tiago_ws/build/pymoveit2 -- -j8 -l8
[13.419s] Built target ament_cmake_python_symlink_pymoveit2
[14.875s] running egg_info
[14.880s] creating pymoveit2.egg-info
[14.881s] writing pymoveit2.egg-info/PKG-INFO
[14.881s] writing dependency_links to pymoveit2.egg-info/dependency_links.txt
[14.882s] writing top-level names to pymoveit2.egg-info/top_level.txt
[14.884s] writing manifest file 'pymoveit2.egg-info/SOURCES.txt'
[14.896s] reading manifest file 'pymoveit2.egg-info/SOURCES.txt'
[14.899s] writing manifest file 'pymoveit2.egg-info/SOURCES.txt'
[15.100s] Built target ament_cmake_python_build_pymoveit2_egg
[15.177s] Invoked command in '/home/ines/tiago_ws/build/pymoveit2' returned '0': CMAKE_PREFIX_PATH=${CMAKE_PREFIX_PATH}:/home/ines/tiago_ws/install/tiago_autonomous_navigation:/home/ines/tiago_ws/install/tiago_autonomous_exploration:/home/ines/ros2_ws/install/scripts:/home/ines/ros2_ws/install/acrobat:/opt/ros/humble /usr/bin/cmake --build /home/ines/tiago_ws/build/pymoveit2 -- -j8 -l8
[15.307s] Invoking command in '/home/ines/tiago_ws/build/pymoveit2': CMAKE_PREFIX_PATH=${CMAKE_PREFIX_PATH}:/home/ines/tiago_ws/install/tiago_autonomous_navigation:/home/ines/tiago_ws/install/tiago_autonomous_exploration:/home/ines/ros2_ws/install/scripts:/home/ines/ros2_ws/install/acrobat:/opt/ros/humble /usr/bin/cmake --install /home/ines/tiago_ws/build/pymoveit2
[15.339s] -- Install configuration: ""
[15.341s] -- Execute custom install script
[15.343s] -- Symlinking: /home/ines/tiago_ws/install/pymoveit2/share/pymoveit2/environment/pythonpath.sh
[15.390s] -- Symlinking: /home/ines/tiago_ws/install/pymoveit2/share/pymoveit2/environment/pythonpath.dsv
[15.430s] -- Symlinking: /home/ines/tiago_ws/install/pymoveit2/local/lib/python3.10/dist-packages/pymoveit2-4.2.0-py3.10.egg-info/PKG-INFO
[15.468s] -- Symlinking: /home/ines/tiago_ws/install/pymoveit2/local/lib/python3.10/dist-packages/pymoveit2-4.2.0-py3.10.egg-info/SOURCES.txt
[15.504s] -- Symlinking: /home/ines/tiago_ws/install/pymoveit2/local/lib/python3.10/dist-packages/pymoveit2-4.2.0-py3.10.egg-info/dependency_links.txt
[15.544s] -- Symlinking: /home/ines/tiago_ws/install/pymoveit2/local/lib/python3.10/dist-packages/pymoveit2-4.2.0-py3.10.egg-info/top_level.txt
[15.591s] -- Symlinking: /home/ines/tiago_ws/install/pymoveit2/local/lib/python3.10/dist-packages/pymoveit2/__init__.py
[15.630s] -- Symlinking: /home/ines/tiago_ws/install/pymoveit2/local/lib/python3.10/dist-packages/pymoveit2/gripper_command.py
[15.674s] -- Symlinking: /home/ines/tiago_ws/install/pymoveit2/local/lib/python3.10/dist-packages/pymoveit2/gripper_interface.py
[15.713s] -- Symlinking: /home/ines/tiago_ws/install/pymoveit2/local/lib/python3.10/dist-packages/pymoveit2/moveit2.py
[15.753s] -- Symlinking: /home/ines/tiago_ws/install/pymoveit2/local/lib/python3.10/dist-packages/pymoveit2/moveit2_gripper.py
[15.794s] -- Symlinking: /home/ines/tiago_ws/install/pymoveit2/local/lib/python3.10/dist-packages/pymoveit2/moveit2_servo.py
[15.841s] -- Symlinking: /home/ines/tiago_ws/install/pymoveit2/local/lib/python3.10/dist-packages/pymoveit2/robots/__init__.py
[15.881s] -- Symlinking: /home/ines/tiago_ws/install/pymoveit2/local/lib/python3.10/dist-packages/pymoveit2/robots/crane_x7.py
[15.917s] -- Symlinking: /home/ines/tiago_ws/install/pymoveit2/local/lib/python3.10/dist-packages/pymoveit2/robots/kinova.py
[15.956s] -- Symlinking: /home/ines/tiago_ws/install/pymoveit2/local/lib/python3.10/dist-packages/pymoveit2/robots/lbr.py
[15.996s] -- Symlinking: /home/ines/tiago_ws/install/pymoveit2/local/lib/python3.10/dist-packages/pymoveit2/robots/panda.py
[16.034s] -- Symlinking: /home/ines/tiago_ws/install/pymoveit2/local/lib/python3.10/dist-packages/pymoveit2/robots/phantomx_pincher.py
[16.074s] -- Symlinking: /home/ines/tiago_ws/install/pymoveit2/local/lib/python3.10/dist-packages/pymoveit2/robots/ur.py
[16.109s] -- Symlinking: /home/ines/tiago_ws/install/pymoveit2/local/lib/python3.10/dist-packages/pymoveit2/utils.py
[16.149s] -- Symlinking: /home/ines/tiago_ws/install/pymoveit2/lib/pymoveit2/ex_allow_collisions.py
[16.190s] -- Symlinking: /home/ines/tiago_ws/install/pymoveit2/lib/pymoveit2/ex_clear_planning_scene.py
[16.232s] -- Symlinking: /home/ines/tiago_ws/install/pymoveit2/lib/pymoveit2/ex_collision_mesh.py
[16.271s] -- Symlinking: /home/ines/tiago_ws/install/pymoveit2/lib/pymoveit2/ex_collision_primitive.py
[16.310s] -- Symlinking: /home/ines/tiago_ws/install/pymoveit2/lib/pymoveit2/ex_fk.py
[16.349s] -- Symlinking: /home/ines/tiago_ws/install/pymoveit2/lib/pymoveit2/ex_gripper.py
[16.389s] -- Symlinking: /home/ines/tiago_ws/install/pymoveit2/lib/pymoveit2/ex_ik.py
[16.429s] -- Symlinking: /home/ines/tiago_ws/install/pymoveit2/lib/pymoveit2/ex_joint_goal.py
[16.465s] -- Symlinking: /home/ines/tiago_ws/install/pymoveit2/lib/pymoveit2/ex_orientation_path_constraint.py
[16.503s] -- Symlinking: /home/ines/tiago_ws/install/pymoveit2/lib/pymoveit2/ex_pose_goal.py
[16.538s] -- Symlinking: /home/ines/tiago_ws/install/pymoveit2/lib/pymoveit2/ex_servo.py
[16.585s] -- Symlinking: /home/ines/tiago_ws/install/pymoveit2/share/ament_index/resource_index/package_run_dependencies/pymoveit2
[16.626s] -- Symlinking: /home/ines/tiago_ws/install/pymoveit2/share/ament_index/resource_index/parent_prefix_path/pymoveit2
[16.662s] -- Symlinking: /home/ines/tiago_ws/install/pymoveit2/share/pymoveit2/environment/ament_prefix_path.sh
[16.701s] -- Symlinking: /home/ines/tiago_ws/install/pymoveit2/share/pymoveit2/environment/ament_prefix_path.dsv
[16.737s] -- Symlinking: /home/ines/tiago_ws/install/pymoveit2/share/pymoveit2/environment/path.sh
[16.778s] -- Symlinking: /home/ines/tiago_ws/install/pymoveit2/share/pymoveit2/environment/path.dsv
[16.814s] -- Symlinking: /home/ines/tiago_ws/install/pymoveit2/share/pymoveit2/local_setup.bash
[16.853s] -- Symlinking: /home/ines/tiago_ws/install/pymoveit2/share/pymoveit2/local_setup.sh
[16.887s] -- Symlinking: /home/ines/tiago_ws/install/pymoveit2/share/pymoveit2/local_setup.zsh
[16.918s] -- Symlinking: /home/ines/tiago_ws/install/pymoveit2/share/pymoveit2/local_setup.dsv
[16.952s] -- Symlinking: /home/ines/tiago_ws/install/pymoveit2/share/pymoveit2/package.dsv
[16.987s] -- Symlinking: /home/ines/tiago_ws/install/pymoveit2/share/ament_index/resource_index/packages/pymoveit2
[17.023s] -- Symlinking: /home/ines/tiago_ws/install/pymoveit2/share/pymoveit2/cmake/pymoveit2Config.cmake
[17.060s] -- Symlinking: /home/ines/tiago_ws/install/pymoveit2/share/pymoveit2/cmake/pymoveit2Config-version.cmake
[17.098s] -- Symlinking: /home/ines/tiago_ws/install/pymoveit2/share/pymoveit2/package.xml
[17.361s] Listing '/home/ines/tiago_ws/install/pymoveit2/local/lib/python3.10/dist-packages/pymoveit2'...
[17.361s] Compiling '/home/ines/tiago_ws/install/pymoveit2/local/lib/python3.10/dist-packages/pymoveit2/__init__.py'...
[17.361s] Compiling '/home/ines/tiago_ws/install/pymoveit2/local/lib/python3.10/dist-packages/pymoveit2/gripper_command.py'...
[17.361s] Compiling '/home/ines/tiago_ws/install/pymoveit2/local/lib/python3.10/dist-packages/pymoveit2/gripper_interface.py'...
[17.362s] Compiling '/home/ines/tiago_ws/install/pymoveit2/local/lib/python3.10/dist-packages/pymoveit2/moveit2.py'...
[17.362s] Compiling '/home/ines/tiago_ws/install/pymoveit2/local/lib/python3.10/dist-packages/pymoveit2/moveit2_gripper.py'...
[17.362s] Compiling '/home/ines/tiago_ws/install/pymoveit2/local/lib/python3.10/dist-packages/pymoveit2/moveit2_servo.py'...
[17.362s] Listing '/home/ines/tiago_ws/install/pymoveit2/local/lib/python3.10/dist-packages/pymoveit2/robots'...
[17.363s] Compiling '/home/ines/tiago_ws/install/pymoveit2/local/lib/python3.10/dist-packages/pymoveit2/robots/__init__.py'...
[17.363s] Compiling '/home/ines/tiago_ws/install/pymoveit2/local/lib/python3.10/dist-packages/pymoveit2/robots/crane_x7.py'...
[17.363s] Compiling '/home/ines/tiago_ws/install/pymoveit2/local/lib/python3.10/dist-packages/pymoveit2/robots/kinova.py'...
[17.363s] Compiling '/home/ines/tiago_ws/install/pymoveit2/local/lib/python3.10/dist-packages/pymoveit2/robots/lbr.py'...
[17.364s] Compiling '/home/ines/tiago_ws/install/pymoveit2/local/lib/python3.10/dist-packages/pymoveit2/robots/panda.py'...
[17.364s] Compiling '/home/ines/tiago_ws/install/pymoveit2/local/lib/python3.10/dist-packages/pymoveit2/robots/phantomx_pincher.py'...
[17.364s] Compiling '/home/ines/tiago_ws/install/pymoveit2/local/lib/python3.10/dist-packages/pymoveit2/robots/ur.py'...
[17.365s] Compiling '/home/ines/tiago_ws/install/pymoveit2/local/lib/python3.10/dist-packages/pymoveit2/utils.py'...
[17.394s] Invoked command in '/home/ines/tiago_ws/build/pymoveit2' returned '0': CMAKE_PREFIX_PATH=${CMAKE_PREFIX_PATH}:/home/ines/tiago_ws/install/tiago_autonomous_navigation:/home/ines/tiago_ws/install/tiago_autonomous_exploration:/home/ines/ros2_ws/install/scripts:/home/ines/ros2_ws/install/acrobat:/opt/ros/humble /usr/bin/cmake --install /home/ines/tiago_ws/build/pymoveit2
