[0.072s] Invoking command in '/home/ines/tiago_ws/build/pmb2_controller_configuration': CMAKE_PREFIX_PATH=${CMAKE_PREFIX_PATH}:/home/ines/tiago_ws/install/tiago_autonomous_navigation:/home/ines/tiago_ws/install/tiago_autonomous_exploration:/home/ines/ros2_ws/install/scripts:/home/ines/ros2_ws/install/acrobat:/opt/ros/humble /usr/bin/cmake --build /home/ines/tiago_ws/build/pmb2_controller_configuration -- -j8 -l8
[0.605s] Invoked command in '/home/ines/tiago_ws/build/pmb2_controller_configuration' returned '0': CMAKE_PREFIX_PATH=${CMAKE_PREFIX_PATH}:/home/ines/tiago_ws/install/tiago_autonomous_navigation:/home/ines/tiago_ws/install/tiago_autonomous_exploration:/home/ines/ros2_ws/install/scripts:/home/ines/ros2_ws/install/acrobat:/opt/ros/humble /usr/bin/cmake --build /home/ines/tiago_ws/build/pmb2_controller_configuration -- -j8 -l8
[0.704s] Invoking command in '/home/ines/tiago_ws/build/pmb2_controller_configuration': CMAKE_PREFIX_PATH=${CMAKE_PREFIX_PATH}:/home/ines/tiago_ws/install/tiago_autonomous_navigation:/home/ines/tiago_ws/install/tiago_autonomous_exploration:/home/ines/ros2_ws/install/scripts:/home/ines/ros2_ws/install/acrobat:/opt/ros/humble /usr/bin/cmake --install /home/ines/tiago_ws/build/pmb2_controller_configuration
[0.739s] -- Install configuration: ""
[0.739s] -- Execute custom install script
[0.740s] -- Up-to-date symlink: /home/ines/tiago_ws/install/pmb2_controller_configuration/share/pmb2_controller_configuration/config/gazebo_controller_manager_cfg.yaml
[0.741s] -- Up-to-date symlink: /home/ines/tiago_ws/install/pmb2_controller_configuration/share/pmb2_controller_configuration/config/joint_state_broadcaster.yaml
[0.742s] -- Up-to-date symlink: /home/ines/tiago_ws/install/pmb2_controller_configuration/share/pmb2_controller_configuration/config/mobile_base_controller.yaml
[0.744s] -- Up-to-date symlink: /home/ines/tiago_ws/install/pmb2_controller_configuration/share/pmb2_controller_configuration/launch/default_controllers.launch.py
[0.744s] -- Up-to-date symlink: /home/ines/tiago_ws/install/pmb2_controller_configuration/share/pmb2_controller_configuration/launch/joint_state_broadcaster.launch.py
[0.745s] -- Up-to-date symlink: /home/ines/tiago_ws/install/pmb2_controller_configuration/share/pmb2_controller_configuration/launch/mobile_base_controller.launch.py
[0.745s] -- Up-to-date symlink: /home/ines/tiago_ws/install/pmb2_controller_configuration/share/ament_index/resource_index/package_run_dependencies/pmb2_controller_configuration
[0.747s] -- Up-to-date symlink: /home/ines/tiago_ws/install/pmb2_controller_configuration/share/ament_index/resource_index/parent_prefix_path/pmb2_controller_configuration
[0.748s] -- Up-to-date symlink: /home/ines/tiago_ws/install/pmb2_controller_configuration/share/pmb2_controller_configuration/environment/ament_prefix_path.sh
[0.748s] -- Up-to-date symlink: /home/ines/tiago_ws/install/pmb2_controller_configuration/share/pmb2_controller_configuration/environment/ament_prefix_path.dsv
[0.749s] -- Up-to-date symlink: /home/ines/tiago_ws/install/pmb2_controller_configuration/share/pmb2_controller_configuration/environment/path.sh
[0.749s] -- Up-to-date symlink: /home/ines/tiago_ws/install/pmb2_controller_configuration/share/pmb2_controller_configuration/environment/path.dsv
[0.749s] -- Up-to-date symlink: /home/ines/tiago_ws/install/pmb2_controller_configuration/share/pmb2_controller_configuration/local_setup.bash
[0.750s] -- Up-to-date symlink: /home/ines/tiago_ws/install/pmb2_controller_configuration/share/pmb2_controller_configuration/local_setup.sh
[0.750s] -- Up-to-date symlink: /home/ines/tiago_ws/install/pmb2_controller_configuration/share/pmb2_controller_configuration/local_setup.zsh
[0.750s] -- Up-to-date symlink: /home/ines/tiago_ws/install/pmb2_controller_configuration/share/pmb2_controller_configuration/local_setup.dsv
[0.750s] -- Symlinking: /home/ines/tiago_ws/install/pmb2_controller_configuration/share/pmb2_controller_configuration/package.dsv
[0.764s] -- Up-to-date symlink: /home/ines/tiago_ws/install/pmb2_controller_configuration/share/ament_index/resource_index/packages/pmb2_controller_configuration
[0.765s] -- Up-to-date symlink: /home/ines/tiago_ws/install/pmb2_controller_configuration/share/pmb2_controller_configuration/cmake/pmb2_controller_configurationConfig.cmake
[0.765s] -- Up-to-date symlink: /home/ines/tiago_ws/install/pmb2_controller_configuration/share/pmb2_controller_configuration/cmake/pmb2_controller_configurationConfig-version.cmake
[0.767s] -- Up-to-date symlink: /home/ines/tiago_ws/install/pmb2_controller_configuration/share/pmb2_controller_configuration/package.xml
[0.834s] Invoked command in '/home/ines/tiago_ws/build/pmb2_controller_configuration' returned '0': CMAKE_PREFIX_PATH=${CMAKE_PREFIX_PATH}:/home/ines/tiago_ws/install/tiago_autonomous_navigation:/home/ines/tiago_ws/install/tiago_autonomous_exploration:/home/ines/ros2_ws/install/scripts:/home/ines/ros2_ws/install/acrobat:/opt/ros/humble /usr/bin/cmake --install /home/ines/tiago_ws/build/pmb2_controller_configuration
