[0.078s] Invoking command in '/home/ines/tiago_ws/build/explore_lite': CMAKE_PREFIX_PATH=${CMAKE_PREFIX_PATH}:/home/ines/tiago_ws/install/tiago_autonomous_navigation:/home/ines/tiago_ws/install/tiago_autonomous_exploration:/home/ines/ros2_ws/install/scripts:/home/ines/ros2_ws/install/acrobat:/opt/ros/humble /usr/bin/cmake --build /home/ines/tiago_ws/build/explore_lite -- -j8 -l8
[0.267s] [ 40%] Built target explore
[0.330s] [ 60%] Built target gtest
[0.397s] [ 80%] Built target gtest_main
[0.465s] [100%] Built target test_explore
[0.797s] Invoked command in '/home/ines/tiago_ws/build/explore_lite' returned '0': CMAKE_PREFIX_PATH=${CMAKE_PREFIX_PATH}:/home/ines/tiago_ws/install/tiago_autonomous_navigation:/home/ines/tiago_ws/install/tiago_autonomous_exploration:/home/ines/ros2_ws/install/scripts:/home/ines/ros2_ws/install/acrobat:/opt/ros/humble /usr/bin/cmake --build /home/ines/tiago_ws/build/explore_lite -- -j8 -l8
[0.925s] Invoking command in '/home/ines/tiago_ws/build/explore_lite': CMAKE_PREFIX_PATH=${CMAKE_PREFIX_PATH}:/home/ines/tiago_ws/install/tiago_autonomous_navigation:/home/ines/tiago_ws/install/tiago_autonomous_exploration:/home/ines/ros2_ws/install/scripts:/home/ines/ros2_ws/install/acrobat:/opt/ros/humble /usr/bin/cmake --install /home/ines/tiago_ws/build/explore_lite
[0.941s] -- Install configuration: ""
[0.942s] -- Execute custom install script
[0.942s] -- Up-to-date symlink: /home/ines/tiago_ws/install/explore_lite/include/explore//costmap_client.h
[0.942s] -- Up-to-date symlink: /home/ines/tiago_ws/install/explore_lite/include/explore//costmap_tools.h
[0.943s] -- Up-to-date symlink: /home/ines/tiago_ws/install/explore_lite/include/explore//explore.h
[0.943s] -- Up-to-date symlink: /home/ines/tiago_ws/install/explore_lite/include/explore//frontier_search.h
[0.943s] -- Up-to-date symlink: /home/ines/tiago_ws/install/explore_lite/share/explore_lite/config/params.yaml
[0.943s] -- Up-to-date symlink: /home/ines/tiago_ws/install/explore_lite/share/explore_lite/config/params_costmap.yaml
[0.943s] -- Up-to-date symlink: /home/ines/tiago_ws/install/explore_lite/share/explore_lite/launch/explore.launch.py
[0.944s] -- Up-to-date symlink: /home/ines/tiago_ws/install/explore_lite/lib/explore_lite/explore
[0.944s] -- Up-to-date symlink: /home/ines/tiago_ws/install/explore_lite/share/ament_index/resource_index/package_run_dependencies/explore_lite
[0.944s] -- Up-to-date symlink: /home/ines/tiago_ws/install/explore_lite/share/ament_index/resource_index/parent_prefix_path/explore_lite
[0.944s] -- Up-to-date symlink: /home/ines/tiago_ws/install/explore_lite/share/explore_lite/environment/ament_prefix_path.sh
[0.944s] -- Up-to-date symlink: /home/ines/tiago_ws/install/explore_lite/share/explore_lite/environment/ament_prefix_path.dsv
[0.946s] -- Up-to-date symlink: /home/ines/tiago_ws/install/explore_lite/share/explore_lite/environment/path.sh
[0.947s] -- Up-to-date symlink: /home/ines/tiago_ws/install/explore_lite/share/explore_lite/environment/path.dsv
[0.947s] -- Up-to-date symlink: /home/ines/tiago_ws/install/explore_lite/share/explore_lite/local_setup.bash
[0.948s] -- Up-to-date symlink: /home/ines/tiago_ws/install/explore_lite/share/explore_lite/local_setup.sh
[0.948s] -- Up-to-date symlink: /home/ines/tiago_ws/install/explore_lite/share/explore_lite/local_setup.zsh
[0.949s] -- Up-to-date symlink: /home/ines/tiago_ws/install/explore_lite/share/explore_lite/local_setup.dsv
[0.951s] -- Symlinking: /home/ines/tiago_ws/install/explore_lite/share/explore_lite/package.dsv
[0.963s] -- Up-to-date symlink: /home/ines/tiago_ws/install/explore_lite/share/ament_index/resource_index/packages/explore_lite
[0.964s] -- Up-to-date symlink: /home/ines/tiago_ws/install/explore_lite/share/explore_lite/cmake/ament_cmake_export_include_directories-extras.cmake
[0.964s] -- Up-to-date symlink: /home/ines/tiago_ws/install/explore_lite/share/explore_lite/cmake/explore_liteConfig.cmake
[0.966s] -- Up-to-date symlink: /home/ines/tiago_ws/install/explore_lite/share/explore_lite/cmake/explore_liteConfig-version.cmake
[0.967s] -- Up-to-date symlink: /home/ines/tiago_ws/install/explore_lite/share/explore_lite/package.xml
[1.040s] Invoked command in '/home/ines/tiago_ws/build/explore_lite' returned '0': CMAKE_PREFIX_PATH=${CMAKE_PREFIX_PATH}:/home/ines/tiago_ws/install/tiago_autonomous_navigation:/home/ines/tiago_ws/install/tiago_autonomous_exploration:/home/ines/ros2_ws/install/scripts:/home/ines/ros2_ws/install/acrobat:/opt/ros/humble /usr/bin/cmake --install /home/ines/tiago_ws/build/explore_lite
