[3.067s] Invoking command in '/home/ines/tiago_ws/build/tiago_autonomous_exploration': PYTHONPATH=/home/ines/tiago_ws/build/tiago_autonomous_exploration/prefix_override:/home/ines/tiago_ws/install/tiago_autonomous_exploration/lib/python3.10/site-packages:${PYTHONPATH} /usr/bin/python3 -W ignore:setup.py install is deprecated setup.py develop --editable --build-directory /home/ines/tiago_ws/build/tiago_autonomous_exploration/build --no-deps symlink_data
[4.161s] running develop
[4.164s] /usr/lib/python3/dist-packages/setuptools/command/easy_install.py:158: EasyInstallDeprecationWarning: easy_install command is deprecated. Use build and pip and other standards-based tools.
[4.165s]   warnings.warn(
[4.267s] running egg_info
[4.267s] creating tiago_autonomous_exploration.egg-info
[4.270s] writing tiago_autonomous_exploration.egg-info/PKG-INFO
[4.270s] writing dependency_links to tiago_autonomous_exploration.egg-info/dependency_links.txt
[4.270s] writing entry points to tiago_autonomous_exploration.egg-info/entry_points.txt
[4.270s] writing requirements to tiago_autonomous_exploration.egg-info/requires.txt
[4.271s] writing top-level names to tiago_autonomous_exploration.egg-info/top_level.txt
[4.271s] writing manifest file 'tiago_autonomous_exploration.egg-info/SOURCES.txt'
[4.272s] reading manifest file 'tiago_autonomous_exploration.egg-info/SOURCES.txt'
[4.274s] writing manifest file 'tiago_autonomous_exploration.egg-info/SOURCES.txt'
[4.277s] running build_ext
[4.282s] Creating /home/ines/tiago_ws/install/tiago_autonomous_exploration/lib/python3.10/site-packages/tiago-autonomous-exploration.egg-link (link to .)
[4.282s] 
[4.283s] Installed /home/ines/tiago_ws/build/tiago_autonomous_exploration
[4.283s] running symlink_data
[4.283s] creating /home/ines/tiago_ws/install/tiago_autonomous_exploration/share/ament_index
[4.283s] creating /home/ines/tiago_ws/install/tiago_autonomous_exploration/share/ament_index/resource_index
[4.283s] creating /home/ines/tiago_ws/install/tiago_autonomous_exploration/share/ament_index/resource_index/packages
[4.283s] symbolically linking /home/ines/tiago_ws/build/tiago_autonomous_exploration/resource/tiago_autonomous_exploration -> /home/ines/tiago_ws/install/tiago_autonomous_exploration/share/ament_index/resource_index/packages
[4.283s] symbolically linking /home/ines/tiago_ws/build/tiago_autonomous_exploration/package.xml -> /home/ines/tiago_ws/install/tiago_autonomous_exploration/share/tiago_autonomous_exploration
[4.284s] creating /home/ines/tiago_ws/install/tiago_autonomous_exploration/share/tiago_autonomous_exploration/launch
[4.284s] symbolically linking /home/ines/tiago_ws/build/tiago_autonomous_exploration/launch/tiago_exploration.launch.py -> /home/ines/tiago_ws/install/tiago_autonomous_exploration/share/tiago_autonomous_exploration/launch
[4.382s] Invoked command in '/home/ines/tiago_ws/build/tiago_autonomous_exploration' returned '0': PYTHONPATH=/home/ines/tiago_ws/build/tiago_autonomous_exploration/prefix_override:/home/ines/tiago_ws/install/tiago_autonomous_exploration/lib/python3.10/site-packages:${PYTHONPATH} /usr/bin/python3 -W ignore:setup.py install is deprecated setup.py develop --editable --build-directory /home/ines/tiago_ws/build/tiago_autonomous_exploration/build --no-deps symlink_data
