[0.114s] Invoking command in '/home/ines/tiago_ws/build/pmb2_controller_configuration': CMAKE_PREFIX_PATH=${CMAKE_PREFIX_PATH}:/home/ines/tiago_ws/install/tiago_autonomous_navigation:/home/ines/tiago_ws/install/tiago_autonomous_exploration:/home/ines/ros2_ws/install/scripts:/home/ines/ros2_ws/install/acrobat:/opt/ros/humble /usr/bin/cmake --build /home/ines/tiago_ws/build/pmb2_controller_configuration -- -j8 -l8
[1.585s] Invoked command in '/home/ines/tiago_ws/build/pmb2_controller_configuration' returned '0': CMAKE_PREFIX_PATH=${CMAKE_PREFIX_PATH}:/home/ines/tiago_ws/install/tiago_autonomous_navigation:/home/ines/tiago_ws/install/tiago_autonomous_exploration:/home/ines/ros2_ws/install/scripts:/home/ines/ros2_ws/install/acrobat:/opt/ros/humble /usr/bin/cmake --build /home/ines/tiago_ws/build/pmb2_controller_configuration -- -j8 -l8
[1.674s] Invoking command in '/home/ines/tiago_ws/build/pmb2_controller_configuration': CMAKE_PREFIX_PATH=${CMAKE_PREFIX_PATH}:/home/ines/tiago_ws/install/tiago_autonomous_navigation:/home/ines/tiago_ws/install/tiago_autonomous_exploration:/home/ines/ros2_ws/install/scripts:/home/ines/ros2_ws/install/acrobat:/opt/ros/humble /usr/bin/cmake --install /home/ines/tiago_ws/build/pmb2_controller_configuration
[1.702s] -- Install configuration: ""
[1.702s] -- Execute custom install script
[1.702s] -- Up-to-date symlink: /home/ines/tiago_ws/install/pmb2_controller_configuration/share/pmb2_controller_configuration/config/gazebo_controller_manager_cfg.yaml
[1.703s] -- Up-to-date symlink: /home/ines/tiago_ws/install/pmb2_controller_configuration/share/pmb2_controller_configuration/config/joint_state_broadcaster.yaml
[1.711s] -- Up-to-date symlink: /home/ines/tiago_ws/install/pmb2_controller_configuration/share/pmb2_controller_configuration/config/mobile_base_controller.yaml
[1.711s] -- Up-to-date symlink: /home/ines/tiago_ws/install/pmb2_controller_configuration/share/pmb2_controller_configuration/launch/default_controllers.launch.py
[1.711s] -- Up-to-date symlink: /home/ines/tiago_ws/install/pmb2_controller_configuration/share/pmb2_controller_configuration/launch/joint_state_broadcaster.launch.py
[1.711s] -- Up-to-date symlink: /home/ines/tiago_ws/install/pmb2_controller_configuration/share/pmb2_controller_configuration/launch/mobile_base_controller.launch.py
[1.711s] -- Up-to-date symlink: /home/ines/tiago_ws/install/pmb2_controller_configuration/share/ament_index/resource_index/package_run_dependencies/pmb2_controller_configuration
[1.711s] -- Up-to-date symlink: /home/ines/tiago_ws/install/pmb2_controller_configuration/share/ament_index/resource_index/parent_prefix_path/pmb2_controller_configuration
[1.712s] -- Up-to-date symlink: /home/ines/tiago_ws/install/pmb2_controller_configuration/share/pmb2_controller_configuration/environment/ament_prefix_path.sh
[1.712s] -- Up-to-date symlink: /home/ines/tiago_ws/install/pmb2_controller_configuration/share/pmb2_controller_configuration/environment/ament_prefix_path.dsv
[1.712s] -- Up-to-date symlink: /home/ines/tiago_ws/install/pmb2_controller_configuration/share/pmb2_controller_configuration/environment/path.sh
[1.712s] -- Up-to-date symlink: /home/ines/tiago_ws/install/pmb2_controller_configuration/share/pmb2_controller_configuration/environment/path.dsv
[1.712s] -- Up-to-date symlink: /home/ines/tiago_ws/install/pmb2_controller_configuration/share/pmb2_controller_configuration/local_setup.bash
[1.712s] -- Up-to-date symlink: /home/ines/tiago_ws/install/pmb2_controller_configuration/share/pmb2_controller_configuration/local_setup.sh
[1.712s] -- Up-to-date symlink: /home/ines/tiago_ws/install/pmb2_controller_configuration/share/pmb2_controller_configuration/local_setup.zsh
[1.719s] -- Up-to-date symlink: /home/ines/tiago_ws/install/pmb2_controller_configuration/share/pmb2_controller_configuration/local_setup.dsv
[1.719s] -- Symlinking: /home/ines/tiago_ws/install/pmb2_controller_configuration/share/pmb2_controller_configuration/package.dsv
[1.762s] -- Up-to-date symlink: /home/ines/tiago_ws/install/pmb2_controller_configuration/share/ament_index/resource_index/packages/pmb2_controller_configuration
[1.762s] -- Up-to-date symlink: /home/ines/tiago_ws/install/pmb2_controller_configuration/share/pmb2_controller_configuration/cmake/pmb2_controller_configurationConfig.cmake
[1.762s] -- Up-to-date symlink: /home/ines/tiago_ws/install/pmb2_controller_configuration/share/pmb2_controller_configuration/cmake/pmb2_controller_configurationConfig-version.cmake
[1.766s] -- Up-to-date symlink: /home/ines/tiago_ws/install/pmb2_controller_configuration/share/pmb2_controller_configuration/package.xml
[1.794s] Invoked command in '/home/ines/tiago_ws/build/pmb2_controller_configuration' returned '0': CMAKE_PREFIX_PATH=${CMAKE_PREFIX_PATH}:/home/ines/tiago_ws/install/tiago_autonomous_navigation:/home/ines/tiago_ws/install/tiago_autonomous_exploration:/home/ines/ros2_ws/install/scripts:/home/ines/ros2_ws/install/acrobat:/opt/ros/humble /usr/bin/cmake --install /home/ines/tiago_ws/build/pmb2_controller_configuration
