[0.065s] Invoking command in '/home/ines/tiago_ws/build/multirobot_map_merge': CMAKE_PREFIX_PATH=${CMAKE_PREFIX_PATH}:/home/ines/tiago_ws/install/tiago_autonomous_navigation:/home/ines/tiago_ws/install/tiago_autonomous_exploration:/home/ines/ros2_ws/install/scripts:/home/ines/ros2_ws/install/acrobat:/opt/ros/humble /usr/bin/cmake --build /home/ines/tiago_ws/build/multirobot_map_merge -- -j8 -l8
[0.151s] [35m[1mConsolidate compiler generated dependencies of target gtest[0m
[0.151s] [35m[1mConsolidate compiler generated dependencies of target gtest_main[0m
[0.161s] [35m[1mConsolidate compiler generated dependencies of target combine_grids[0m
[0.178s] [ 16%] Built target gtest_main
[0.178s] [ 33%] Built target gtest
[0.197s] [ 66%] Built target combine_grids
[0.222s] [35m[1mConsolidate compiler generated dependencies of target test_merging_pipeline[0m
[0.224s] [35m[1mConsolidate compiler generated dependencies of target map_merge[0m
[0.258s] [ 83%] Built target test_merging_pipeline
[0.277s] [100%] Built target map_merge
[0.694s] Invoked command in '/home/ines/tiago_ws/build/multirobot_map_merge' returned '0': CMAKE_PREFIX_PATH=${CMAKE_PREFIX_PATH}:/home/ines/tiago_ws/install/tiago_autonomous_navigation:/home/ines/tiago_ws/install/tiago_autonomous_exploration:/home/ines/ros2_ws/install/scripts:/home/ines/ros2_ws/install/acrobat:/opt/ros/humble /usr/bin/cmake --build /home/ines/tiago_ws/build/multirobot_map_merge -- -j8 -l8
[0.841s] Invoking command in '/home/ines/tiago_ws/build/multirobot_map_merge': CMAKE_PREFIX_PATH=${CMAKE_PREFIX_PATH}:/home/ines/tiago_ws/install/tiago_autonomous_navigation:/home/ines/tiago_ws/install/tiago_autonomous_exploration:/home/ines/ros2_ws/install/scripts:/home/ines/ros2_ws/install/acrobat:/opt/ros/humble /usr/bin/cmake --install /home/ines/tiago_ws/build/multirobot_map_merge
[0.848s] -- Install configuration: ""
[0.848s] -- Execute custom install script
[0.848s] -- Up-to-date symlink: /home/ines/tiago_ws/install/multirobot_map_merge/include/map_merge//map_merge.h
[0.848s] -- Up-to-date symlink: /home/ines/tiago_ws/install/multirobot_map_merge/include/map_merge//ros1_names.hpp
[0.848s] -- Up-to-date symlink: /home/ines/tiago_ws/install/multirobot_map_merge/share/multirobot_map_merge/launch/from_map_server.launch.py
[0.848s] -- Up-to-date symlink: /home/ines/tiago_ws/install/multirobot_map_merge/share/multirobot_map_merge/launch/map_merge.launch.py
[0.849s] -- Up-to-date symlink: /home/ines/tiago_ws/install/multirobot_map_merge/share/multirobot_map_merge/launch/map_merge.rviz
[0.849s] -- Up-to-date symlink: /home/ines/tiago_ws/install/multirobot_map_merge/share/multirobot_map_merge/launch/tb3_simulation/bringup_launch.py
[0.849s] -- Up-to-date symlink: /home/ines/tiago_ws/install/multirobot_map_merge/share/multirobot_map_merge/launch/tb3_simulation/config/nav2_multirobot_params_1.yaml
[0.849s] -- Up-to-date symlink: /home/ines/tiago_ws/install/multirobot_map_merge/share/multirobot_map_merge/launch/tb3_simulation/config/nav2_multirobot_params_2.yaml
[0.849s] -- Up-to-date symlink: /home/ines/tiago_ws/install/multirobot_map_merge/share/multirobot_map_merge/launch/tb3_simulation/multi_tb3_simulation_launch.py
[0.850s] -- Up-to-date symlink: /home/ines/tiago_ws/install/multirobot_map_merge/share/multirobot_map_merge/launch/tb3_simulation/slam_toolbox.py
[0.850s] -- Up-to-date symlink: /home/ines/tiago_ws/install/multirobot_map_merge/share/multirobot_map_merge/launch/tb3_simulation/tb3_simulation_launch.py
[0.851s] -- Up-to-date symlink: /home/ines/tiago_ws/install/multirobot_map_merge/share/multirobot_map_merge/launch/tb3_simulation/worlds/world_only.model
[0.852s] -- Up-to-date symlink: /home/ines/tiago_ws/install/multirobot_map_merge/share/multirobot_map_merge/config/params.yaml
[0.852s] -- Up-to-date symlink: /home/ines/tiago_ws/install/multirobot_map_merge/lib/multirobot_map_merge/map_merge
[0.853s] -- Up-to-date symlink: /home/ines/tiago_ws/install/multirobot_map_merge/share/multirobot_map_merge/environment/library_path.sh
[0.853s] -- Up-to-date symlink: /home/ines/tiago_ws/install/multirobot_map_merge/share/multirobot_map_merge/environment/library_path.dsv
[0.854s] -- Up-to-date symlink: /home/ines/tiago_ws/install/multirobot_map_merge/share/ament_index/resource_index/package_run_dependencies/multirobot_map_merge
[0.855s] -- Up-to-date symlink: /home/ines/tiago_ws/install/multirobot_map_merge/share/ament_index/resource_index/parent_prefix_path/multirobot_map_merge
[0.856s] -- Up-to-date symlink: /home/ines/tiago_ws/install/multirobot_map_merge/share/multirobot_map_merge/environment/ament_prefix_path.sh
[0.858s] -- Up-to-date symlink: /home/ines/tiago_ws/install/multirobot_map_merge/share/multirobot_map_merge/environment/ament_prefix_path.dsv
[0.858s] -- Up-to-date symlink: /home/ines/tiago_ws/install/multirobot_map_merge/share/multirobot_map_merge/environment/path.sh
[0.859s] -- Up-to-date symlink: /home/ines/tiago_ws/install/multirobot_map_merge/share/multirobot_map_merge/environment/path.dsv
[0.859s] -- Up-to-date symlink: /home/ines/tiago_ws/install/multirobot_map_merge/share/multirobot_map_merge/local_setup.bash
[0.860s] -- Up-to-date symlink: /home/ines/tiago_ws/install/multirobot_map_merge/share/multirobot_map_merge/local_setup.sh
[0.860s] -- Up-to-date symlink: /home/ines/tiago_ws/install/multirobot_map_merge/share/multirobot_map_merge/local_setup.zsh
[0.860s] -- Up-to-date symlink: /home/ines/tiago_ws/install/multirobot_map_merge/share/multirobot_map_merge/local_setup.dsv
[0.860s] -- Symlinking: /home/ines/tiago_ws/install/multirobot_map_merge/share/multirobot_map_merge/package.dsv
[0.863s] -- Up-to-date symlink: /home/ines/tiago_ws/install/multirobot_map_merge/share/ament_index/resource_index/packages/multirobot_map_merge
[0.863s] -- Up-to-date symlink: /home/ines/tiago_ws/install/multirobot_map_merge/share/multirobot_map_merge/cmake/ament_cmake_export_include_directories-extras.cmake
[0.863s] -- Up-to-date symlink: /home/ines/tiago_ws/install/multirobot_map_merge/share/multirobot_map_merge/cmake/ament_cmake_export_libraries-extras.cmake
[0.864s] -- Up-to-date symlink: /home/ines/tiago_ws/install/multirobot_map_merge/share/multirobot_map_merge/cmake/multirobot_map_mergeConfig.cmake
[0.864s] -- Up-to-date symlink: /home/ines/tiago_ws/install/multirobot_map_merge/share/multirobot_map_merge/cmake/multirobot_map_mergeConfig-version.cmake
[0.864s] -- Up-to-date symlink: /home/ines/tiago_ws/install/multirobot_map_merge/share/multirobot_map_merge/package.xml
[0.864s] -- Up-to-date: /home/ines/tiago_ws/install/multirobot_map_merge/lib/libcombine_grids.a
[0.948s] Invoked command in '/home/ines/tiago_ws/build/multirobot_map_merge' returned '0': CMAKE_PREFIX_PATH=${CMAKE_PREFIX_PATH}:/home/ines/tiago_ws/install/tiago_autonomous_navigation:/home/ines/tiago_ws/install/tiago_autonomous_exploration:/home/ines/ros2_ws/install/scripts:/home/ines/ros2_ws/install/acrobat:/opt/ros/humble /usr/bin/cmake --install /home/ines/tiago_ws/build/multirobot_map_merge
