[0.271s] Invoking command in '/home/ines/tiago_ws/build/explore_lite': CMAKE_PREFIX_PATH=${CMAKE_PREFIX_PATH}:/home/ines/tiago_ws/install/tiago_autonomous_navigation:/home/ines/tiago_ws/install/tiago_autonomous_exploration:/home/ines/ros2_ws/install/scripts:/home/ines/ros2_ws/install/acrobat:/opt/ros/humble /usr/bin/cmake --build /home/ines/tiago_ws/build/explore_lite -- -j8 -l8
[1.591s] [ 20%] Built target gtest
[1.592s] [ 40%] Built target gtest_main
[1.593s] [ 60%] Built target test_explore
[1.597s] [100%] Built target explore
[2.737s] Invoked command in '/home/ines/tiago_ws/build/explore_lite' returned '0': CMAKE_PREFIX_PATH=${CMAKE_PREFIX_PATH}:/home/ines/tiago_ws/install/tiago_autonomous_navigation:/home/ines/tiago_ws/install/tiago_autonomous_exploration:/home/ines/ros2_ws/install/scripts:/home/ines/ros2_ws/install/acrobat:/opt/ros/humble /usr/bin/cmake --build /home/ines/tiago_ws/build/explore_lite -- -j8 -l8
[2.915s] Invoking command in '/home/ines/tiago_ws/build/explore_lite': CMAKE_PREFIX_PATH=${CMAKE_PREFIX_PATH}:/home/ines/tiago_ws/install/tiago_autonomous_navigation:/home/ines/tiago_ws/install/tiago_autonomous_exploration:/home/ines/ros2_ws/install/scripts:/home/ines/ros2_ws/install/acrobat:/opt/ros/humble /usr/bin/cmake --install /home/ines/tiago_ws/build/explore_lite
[2.952s] -- Install configuration: ""
[3.013s] -- Execute custom install script
[3.015s] -- Up-to-date symlink: /home/ines/tiago_ws/install/explore_lite/include/explore//costmap_client.h
[3.037s] -- Up-to-date symlink: /home/ines/tiago_ws/install/explore_lite/include/explore//costmap_tools.h
[3.037s] -- Up-to-date symlink: /home/ines/tiago_ws/install/explore_lite/include/explore//explore.h
[3.038s] -- Up-to-date symlink: /home/ines/tiago_ws/install/explore_lite/include/explore//frontier_search.h
[3.056s] -- Up-to-date symlink: /home/ines/tiago_ws/install/explore_lite/share/explore_lite/config/params.yaml
[3.057s] -- Up-to-date symlink: /home/ines/tiago_ws/install/explore_lite/share/explore_lite/config/params_costmap.yaml
[3.060s] -- Up-to-date symlink: /home/ines/tiago_ws/install/explore_lite/share/explore_lite/launch/explore.launch.py
[3.063s] -- Up-to-date symlink: /home/ines/tiago_ws/install/explore_lite/lib/explore_lite/explore
[3.064s] -- Up-to-date symlink: /home/ines/tiago_ws/install/explore_lite/share/ament_index/resource_index/package_run_dependencies/explore_lite
[3.146s] -- Up-to-date symlink: /home/ines/tiago_ws/install/explore_lite/share/ament_index/resource_index/parent_prefix_path/explore_lite
[3.146s] -- Up-to-date symlink: /home/ines/tiago_ws/install/explore_lite/share/explore_lite/environment/ament_prefix_path.sh
[3.147s] -- Up-to-date symlink: /home/ines/tiago_ws/install/explore_lite/share/explore_lite/environment/ament_prefix_path.dsv
[3.147s] -- Up-to-date symlink: /home/ines/tiago_ws/install/explore_lite/share/explore_lite/environment/path.sh
[3.149s] -- Up-to-date symlink: /home/ines/tiago_ws/install/explore_lite/share/explore_lite/environment/path.dsv
[3.150s] -- Up-to-date symlink: /home/ines/tiago_ws/install/explore_lite/share/explore_lite/local_setup.bash
[3.150s] -- Up-to-date symlink: /home/ines/tiago_ws/install/explore_lite/share/explore_lite/local_setup.sh
[3.202s] -- Up-to-date symlink: /home/ines/tiago_ws/install/explore_lite/share/explore_lite/local_setup.zsh
[3.203s] -- Up-to-date symlink: /home/ines/tiago_ws/install/explore_lite/share/explore_lite/local_setup.dsv
[3.203s] -- Symlinking: /home/ines/tiago_ws/install/explore_lite/share/explore_lite/package.dsv
[3.235s] -- Up-to-date symlink: /home/ines/tiago_ws/install/explore_lite/share/ament_index/resource_index/packages/explore_lite
[3.236s] -- Up-to-date symlink: /home/ines/tiago_ws/install/explore_lite/share/explore_lite/cmake/ament_cmake_export_include_directories-extras.cmake
[3.236s] -- Up-to-date symlink: /home/ines/tiago_ws/install/explore_lite/share/explore_lite/cmake/explore_liteConfig.cmake
[3.256s] -- Up-to-date symlink: /home/ines/tiago_ws/install/explore_lite/share/explore_lite/cmake/explore_liteConfig-version.cmake
[3.257s] -- Up-to-date symlink: /home/ines/tiago_ws/install/explore_lite/share/explore_lite/package.xml
[3.781s] Invoked command in '/home/ines/tiago_ws/build/explore_lite' returned '0': CMAKE_PREFIX_PATH=${CMAKE_PREFIX_PATH}:/home/ines/tiago_ws/install/tiago_autonomous_navigation:/home/ines/tiago_ws/install/tiago_autonomous_exploration:/home/ines/ros2_ws/install/scripts:/home/ines/ros2_ws/install/acrobat:/opt/ros/humble /usr/bin/cmake --install /home/ines/tiago_ws/build/explore_lite
