[0.032s] Invoking command in '/home/ines/tiago_ws/build/pmb2_robot': AMENT_PREFIX_PATH=/home/ines/tiago_ws/install/pmb2_bringup:/home/ines/tiago_ws/install/pmb2_description:/home/ines/tiago_ws/install/pmb2_controller_configuration:${AMENT_PREFIX_PATH} CMAKE_PREFIX_PATH=/home/ines/tiago_ws/install/pmb2_bringup:/home/ines/tiago_ws/install/pmb2_description:/home/ines/tiago_ws/install/pmb2_controller_configuration:/home/ines/tiago_ws/install/tiago_navigation:/home/ines/tiago_ws/install/tiago_laser_sensors:/home/ines/tiago_ws/install/tiago_exam_worlds:/home/ines/tiago_ws/install/tiago_exam:/home/ines/tiago_ws/install/tiago_controller_configuration:/home/ines/tiago_ws/install/tiago_2dnav:/home/ines/tiago_ws/install/pmb2_rgbd_sensors:/home/ines/tiago_ws/install/pmb2_navigation:/home/ines/tiago_ws/install/pmb2_2dnav:/home/ines/tiago_ws/install/pmb2_maps:/home/ines/tiago_ws/install/pmb2_laser_sensors:/home/ines/tiago_ws/install/pal_navigation_cfg:/home/ines/tiago_ws/install/pal_navigation_cfg_bringup:/home/ines/tiago_ws/install/pal_navigation_cfg_params:/home/ines/tiago_ws/install/multirobot_map_merge:/home/ines/tiago_ws/install/explore_lite:/home/ines/test_ws/install/my_package:/home/ines/tiago_ws/install/tiago_autonomous_navigation:/home/ines/tiago_ws/install/tiago_autonomous_exploration:/home/ines/ros2_ws/install/scripts:/home/ines/ros2_ws/install/acrobat:/opt/ros/humble PYTHONPATH=/home/ines/tiago_ws/install/pmb2_description/local/lib/python3.10/dist-packages:${PYTHONPATH} /usr/bin/cmake /home/ines/tiago_ws/src/pmb2_robot/pmb2_robot -DAMENT_CMAKE_SYMLINK_INSTALL=1 -DCMAKE_INSTALL_PREFIX=/home/ines/tiago_ws/install/pmb2_robot
[0.169s] -- The C compiler identification is GNU 11.4.0
[0.300s] -- The CXX compiler identification is GNU 11.4.0
[0.320s] -- Detecting C compiler ABI info
[0.481s] -- Detecting C compiler ABI info - done
[0.498s] -- Check for working C compiler: /usr/bin/cc - skipped
[0.498s] -- Detecting C compile features
[0.499s] -- Detecting C compile features - done
[0.505s] -- Detecting CXX compiler ABI info
[0.674s] -- Detecting CXX compiler ABI info - done
[0.691s] -- Check for working CXX compiler: /usr/bin/c++ - skipped
[0.691s] -- Detecting CXX compile features
[0.692s] -- Detecting CXX compile features - done
[0.708s] -- Found ament_cmake: 1.3.8 (/opt/ros/humble/share/ament_cmake/cmake)
[1.134s] -- Found Python3: /usr/bin/python3 (found version "3.10.12") found components: Interpreter 
[1.301s] -- Override CMake install command with custom implementation using symlinks instead of copying resources
[1.608s] -- Configuring done
[1.616s] -- Generating done
[1.619s] -- Build files have been written to: /home/ines/tiago_ws/build/pmb2_robot
[1.630s] Invoked command in '/home/ines/tiago_ws/build/pmb2_robot' returned '0': AMENT_PREFIX_PATH=/home/ines/tiago_ws/install/pmb2_bringup:/home/ines/tiago_ws/install/pmb2_description:/home/ines/tiago_ws/install/pmb2_controller_configuration:${AMENT_PREFIX_PATH} CMAKE_PREFIX_PATH=/home/ines/tiago_ws/install/pmb2_bringup:/home/ines/tiago_ws/install/pmb2_description:/home/ines/tiago_ws/install/pmb2_controller_configuration:/home/ines/tiago_ws/install/tiago_navigation:/home/ines/tiago_ws/install/tiago_laser_sensors:/home/ines/tiago_ws/install/tiago_exam_worlds:/home/ines/tiago_ws/install/tiago_exam:/home/ines/tiago_ws/install/tiago_controller_configuration:/home/ines/tiago_ws/install/tiago_2dnav:/home/ines/tiago_ws/install/pmb2_rgbd_sensors:/home/ines/tiago_ws/install/pmb2_navigation:/home/ines/tiago_ws/install/pmb2_2dnav:/home/ines/tiago_ws/install/pmb2_maps:/home/ines/tiago_ws/install/pmb2_laser_sensors:/home/ines/tiago_ws/install/pal_navigation_cfg:/home/ines/tiago_ws/install/pal_navigation_cfg_bringup:/home/ines/tiago_ws/install/pal_navigation_cfg_params:/home/ines/tiago_ws/install/multirobot_map_merge:/home/ines/tiago_ws/install/explore_lite:/home/ines/test_ws/install/my_package:/home/ines/tiago_ws/install/tiago_autonomous_navigation:/home/ines/tiago_ws/install/tiago_autonomous_exploration:/home/ines/ros2_ws/install/scripts:/home/ines/ros2_ws/install/acrobat:/opt/ros/humble PYTHONPATH=/home/ines/tiago_ws/install/pmb2_description/local/lib/python3.10/dist-packages:${PYTHONPATH} /usr/bin/cmake /home/ines/tiago_ws/src/pmb2_robot/pmb2_robot -DAMENT_CMAKE_SYMLINK_INSTALL=1 -DCMAKE_INSTALL_PREFIX=/home/ines/tiago_ws/install/pmb2_robot
[1.634s] Invoking command in '/home/ines/tiago_ws/build/pmb2_robot': AMENT_PREFIX_PATH=/home/ines/tiago_ws/install/pmb2_bringup:/home/ines/tiago_ws/install/pmb2_description:/home/ines/tiago_ws/install/pmb2_controller_configuration:${AMENT_PREFIX_PATH} CMAKE_PREFIX_PATH=/home/ines/tiago_ws/install/pmb2_bringup:/home/ines/tiago_ws/install/pmb2_description:/home/ines/tiago_ws/install/pmb2_controller_configuration:/home/ines/tiago_ws/install/tiago_navigation:/home/ines/tiago_ws/install/tiago_laser_sensors:/home/ines/tiago_ws/install/tiago_exam_worlds:/home/ines/tiago_ws/install/tiago_exam:/home/ines/tiago_ws/install/tiago_controller_configuration:/home/ines/tiago_ws/install/tiago_2dnav:/home/ines/tiago_ws/install/pmb2_rgbd_sensors:/home/ines/tiago_ws/install/pmb2_navigation:/home/ines/tiago_ws/install/pmb2_2dnav:/home/ines/tiago_ws/install/pmb2_maps:/home/ines/tiago_ws/install/pmb2_laser_sensors:/home/ines/tiago_ws/install/pal_navigation_cfg:/home/ines/tiago_ws/install/pal_navigation_cfg_bringup:/home/ines/tiago_ws/install/pal_navigation_cfg_params:/home/ines/tiago_ws/install/multirobot_map_merge:/home/ines/tiago_ws/install/explore_lite:/home/ines/test_ws/install/my_package:/home/ines/tiago_ws/install/tiago_autonomous_navigation:/home/ines/tiago_ws/install/tiago_autonomous_exploration:/home/ines/ros2_ws/install/scripts:/home/ines/ros2_ws/install/acrobat:/opt/ros/humble PYTHONPATH=/home/ines/tiago_ws/install/pmb2_description/local/lib/python3.10/dist-packages:${PYTHONPATH} /usr/bin/cmake --build /home/ines/tiago_ws/build/pmb2_robot -- -j8 -l8
[1.735s] Invoked command in '/home/ines/tiago_ws/build/pmb2_robot' returned '0': AMENT_PREFIX_PATH=/home/ines/tiago_ws/install/pmb2_bringup:/home/ines/tiago_ws/install/pmb2_description:/home/ines/tiago_ws/install/pmb2_controller_configuration:${AMENT_PREFIX_PATH} CMAKE_PREFIX_PATH=/home/ines/tiago_ws/install/pmb2_bringup:/home/ines/tiago_ws/install/pmb2_description:/home/ines/tiago_ws/install/pmb2_controller_configuration:/home/ines/tiago_ws/install/tiago_navigation:/home/ines/tiago_ws/install/tiago_laser_sensors:/home/ines/tiago_ws/install/tiago_exam_worlds:/home/ines/tiago_ws/install/tiago_exam:/home/ines/tiago_ws/install/tiago_controller_configuration:/home/ines/tiago_ws/install/tiago_2dnav:/home/ines/tiago_ws/install/pmb2_rgbd_sensors:/home/ines/tiago_ws/install/pmb2_navigation:/home/ines/tiago_ws/install/pmb2_2dnav:/home/ines/tiago_ws/install/pmb2_maps:/home/ines/tiago_ws/install/pmb2_laser_sensors:/home/ines/tiago_ws/install/pal_navigation_cfg:/home/ines/tiago_ws/install/pal_navigation_cfg_bringup:/home/ines/tiago_ws/install/pal_navigation_cfg_params:/home/ines/tiago_ws/install/multirobot_map_merge:/home/ines/tiago_ws/install/explore_lite:/home/ines/test_ws/install/my_package:/home/ines/tiago_ws/install/tiago_autonomous_navigation:/home/ines/tiago_ws/install/tiago_autonomous_exploration:/home/ines/ros2_ws/install/scripts:/home/ines/ros2_ws/install/acrobat:/opt/ros/humble PYTHONPATH=/home/ines/tiago_ws/install/pmb2_description/local/lib/python3.10/dist-packages:${PYTHONPATH} /usr/bin/cmake --build /home/ines/tiago_ws/build/pmb2_robot -- -j8 -l8
[1.796s] Invoking command in '/home/ines/tiago_ws/build/pmb2_robot': AMENT_PREFIX_PATH=/home/ines/tiago_ws/install/pmb2_bringup:/home/ines/tiago_ws/install/pmb2_description:/home/ines/tiago_ws/install/pmb2_controller_configuration:${AMENT_PREFIX_PATH} CMAKE_PREFIX_PATH=/home/ines/tiago_ws/install/pmb2_bringup:/home/ines/tiago_ws/install/pmb2_description:/home/ines/tiago_ws/install/pmb2_controller_configuration:/home/ines/tiago_ws/install/tiago_navigation:/home/ines/tiago_ws/install/tiago_laser_sensors:/home/ines/tiago_ws/install/tiago_exam_worlds:/home/ines/tiago_ws/install/tiago_exam:/home/ines/tiago_ws/install/tiago_controller_configuration:/home/ines/tiago_ws/install/tiago_2dnav:/home/ines/tiago_ws/install/pmb2_rgbd_sensors:/home/ines/tiago_ws/install/pmb2_navigation:/home/ines/tiago_ws/install/pmb2_2dnav:/home/ines/tiago_ws/install/pmb2_maps:/home/ines/tiago_ws/install/pmb2_laser_sensors:/home/ines/tiago_ws/install/pal_navigation_cfg:/home/ines/tiago_ws/install/pal_navigation_cfg_bringup:/home/ines/tiago_ws/install/pal_navigation_cfg_params:/home/ines/tiago_ws/install/multirobot_map_merge:/home/ines/tiago_ws/install/explore_lite:/home/ines/test_ws/install/my_package:/home/ines/tiago_ws/install/tiago_autonomous_navigation:/home/ines/tiago_ws/install/tiago_autonomous_exploration:/home/ines/ros2_ws/install/scripts:/home/ines/ros2_ws/install/acrobat:/opt/ros/humble PYTHONPATH=/home/ines/tiago_ws/install/pmb2_description/local/lib/python3.10/dist-packages:${PYTHONPATH} /usr/bin/cmake --install /home/ines/tiago_ws/build/pmb2_robot
[1.813s] -- Install configuration: ""
[1.814s] -- Execute custom install script
[1.815s] -- Symlinking: /home/ines/tiago_ws/install/pmb2_robot/share/ament_index/resource_index/package_run_dependencies/pmb2_robot
[1.838s] -- Symlinking: /home/ines/tiago_ws/install/pmb2_robot/share/ament_index/resource_index/parent_prefix_path/pmb2_robot
[1.864s] -- Symlinking: /home/ines/tiago_ws/install/pmb2_robot/share/pmb2_robot/environment/ament_prefix_path.sh
[1.891s] -- Symlinking: /home/ines/tiago_ws/install/pmb2_robot/share/pmb2_robot/environment/ament_prefix_path.dsv
[1.919s] -- Symlinking: /home/ines/tiago_ws/install/pmb2_robot/share/pmb2_robot/environment/path.sh
[1.948s] -- Symlinking: /home/ines/tiago_ws/install/pmb2_robot/share/pmb2_robot/environment/path.dsv
[1.973s] -- Symlinking: /home/ines/tiago_ws/install/pmb2_robot/share/pmb2_robot/local_setup.bash
[2.004s] -- Symlinking: /home/ines/tiago_ws/install/pmb2_robot/share/pmb2_robot/local_setup.sh
[2.029s] -- Symlinking: /home/ines/tiago_ws/install/pmb2_robot/share/pmb2_robot/local_setup.zsh
[2.054s] -- Symlinking: /home/ines/tiago_ws/install/pmb2_robot/share/pmb2_robot/local_setup.dsv
[2.077s] -- Symlinking: /home/ines/tiago_ws/install/pmb2_robot/share/pmb2_robot/package.dsv
[2.101s] -- Symlinking: /home/ines/tiago_ws/install/pmb2_robot/share/ament_index/resource_index/packages/pmb2_robot
[2.125s] -- Symlinking: /home/ines/tiago_ws/install/pmb2_robot/share/pmb2_robot/cmake/pmb2_robotConfig.cmake
[2.149s] -- Symlinking: /home/ines/tiago_ws/install/pmb2_robot/share/pmb2_robot/cmake/pmb2_robotConfig-version.cmake
[2.175s] -- Symlinking: /home/ines/tiago_ws/install/pmb2_robot/share/pmb2_robot/package.xml
[2.211s] Invoked command in '/home/ines/tiago_ws/build/pmb2_robot' returned '0': AMENT_PREFIX_PATH=/home/ines/tiago_ws/install/pmb2_bringup:/home/ines/tiago_ws/install/pmb2_description:/home/ines/tiago_ws/install/pmb2_controller_configuration:${AMENT_PREFIX_PATH} CMAKE_PREFIX_PATH=/home/ines/tiago_ws/install/pmb2_bringup:/home/ines/tiago_ws/install/pmb2_description:/home/ines/tiago_ws/install/pmb2_controller_configuration:/home/ines/tiago_ws/install/tiago_navigation:/home/ines/tiago_ws/install/tiago_laser_sensors:/home/ines/tiago_ws/install/tiago_exam_worlds:/home/ines/tiago_ws/install/tiago_exam:/home/ines/tiago_ws/install/tiago_controller_configuration:/home/ines/tiago_ws/install/tiago_2dnav:/home/ines/tiago_ws/install/pmb2_rgbd_sensors:/home/ines/tiago_ws/install/pmb2_navigation:/home/ines/tiago_ws/install/pmb2_2dnav:/home/ines/tiago_ws/install/pmb2_maps:/home/ines/tiago_ws/install/pmb2_laser_sensors:/home/ines/tiago_ws/install/pal_navigation_cfg:/home/ines/tiago_ws/install/pal_navigation_cfg_bringup:/home/ines/tiago_ws/install/pal_navigation_cfg_params:/home/ines/tiago_ws/install/multirobot_map_merge:/home/ines/tiago_ws/install/explore_lite:/home/ines/test_ws/install/my_package:/home/ines/tiago_ws/install/tiago_autonomous_navigation:/home/ines/tiago_ws/install/tiago_autonomous_exploration:/home/ines/ros2_ws/install/scripts:/home/ines/ros2_ws/install/acrobat:/opt/ros/humble PYTHONPATH=/home/ines/tiago_ws/install/pmb2_description/local/lib/python3.10/dist-packages:${PYTHONPATH} /usr/bin/cmake --install /home/ines/tiago_ws/build/pmb2_robot
