[0.079s] Invoking command in '/home/ines/tiago_ws/build/tiago_exam_worlds': CMAKE_PREFIX_PATH=${CMAKE_PREFIX_PATH}:/home/ines/tiago_ws/install/tiago_autonomous_navigation:/home/ines/tiago_ws/install/tiago_autonomous_exploration:/home/ines/ros2_ws/install/scripts:/home/ines/ros2_ws/install/acrobat:/opt/ros/humble /usr/bin/cmake --build /home/ines/tiago_ws/build/tiago_exam_worlds -- -j8 -l8
[0.161s] Invoked command in '/home/ines/tiago_ws/build/tiago_exam_worlds' returned '0': CMAKE_PREFIX_PATH=${CMAKE_PREFIX_PATH}:/home/ines/tiago_ws/install/tiago_autonomous_navigation:/home/ines/tiago_ws/install/tiago_autonomous_exploration:/home/ines/ros2_ws/install/scripts:/home/ines/ros2_ws/install/acrobat:/opt/ros/humble /usr/bin/cmake --build /home/ines/tiago_ws/build/tiago_exam_worlds -- -j8 -l8
[0.237s] Invoking command in '/home/ines/tiago_ws/build/tiago_exam_worlds': CMAKE_PREFIX_PATH=${CMAKE_PREFIX_PATH}:/home/ines/tiago_ws/install/tiago_autonomous_navigation:/home/ines/tiago_ws/install/tiago_autonomous_exploration:/home/ines/ros2_ws/install/scripts:/home/ines/ros2_ws/install/acrobat:/opt/ros/humble /usr/bin/cmake --install /home/ines/tiago_ws/build/tiago_exam_worlds
[0.265s] -- Install configuration: ""
[0.265s] -- Execute custom install script
[0.265s] -- Up-to-date symlink: /home/ines/tiago_ws/install/tiago_exam_worlds/share/tiago_exam_worlds/config/gazebo_params.yaml
[0.266s] -- Up-to-date symlink: /home/ines/tiago_ws/install/tiago_exam_worlds/share/tiago_exam_worlds/launch/pal_gazebo.launch.py
[0.266s] -- Up-to-date symlink: /home/ines/tiago_ws/install/tiago_exam_worlds/share/tiago_exam_worlds/launch/pal_gazebo_exam.launch.py
[0.271s] -- Up-to-date symlink: /home/ines/tiago_ws/install/tiago_exam_worlds/share/tiago_exam_worlds/models/arm_chair/arm_chair.sdf
[0.271s] -- Up-to-date symlink: /home/ines/tiago_ws/install/tiago_exam_worlds/share/tiago_exam_worlds/models/arm_chair/meshes/arm_chair.stl
[0.271s] -- Up-to-date symlink: /home/ines/tiago_ws/install/tiago_exam_worlds/share/tiago_exam_worlds/models/arm_chair/model.config
[0.272s] -- Up-to-date symlink: /home/ines/tiago_ws/install/tiago_exam_worlds/share/tiago_exam_worlds/models/aruco_board/aruco_board.sdf
[0.272s] -- Up-to-date symlink: /home/ines/tiago_ws/install/tiago_exam_worlds/share/tiago_exam_worlds/models/aruco_board/material/scripts/aruco_board.material
[0.276s] -- Up-to-date symlink: /home/ines/tiago_ws/install/tiago_exam_worlds/share/tiago_exam_worlds/models/aruco_board/material/textures/aruco_board.png
[0.276s] -- Up-to-date symlink: /home/ines/tiago_ws/install/tiago_exam_worlds/share/tiago_exam_worlds/models/aruco_board/model.config
[0.276s] -- Up-to-date symlink: /home/ines/tiago_ws/install/tiago_exam_worlds/share/tiago_exam_worlds/models/aruco_cube/aruco_cube.sdf
[0.276s] -- Up-to-date symlink: /home/ines/tiago_ws/install/tiago_exam_worlds/share/tiago_exam_worlds/models/aruco_cube/meshes/aruco_cube_5cm.dae
[0.276s] -- Up-to-date symlink: /home/ines/tiago_ws/install/tiago_exam_worlds/share/tiago_exam_worlds/models/aruco_cube/meshes/aruco_cube_6cm.dae
[0.276s] -- Up-to-date symlink: /home/ines/tiago_ws/install/tiago_exam_worlds/share/tiago_exam_worlds/models/aruco_cube/meshes/aruco_cube_8cm.dae
[0.276s] -- Up-to-date symlink: /home/ines/tiago_ws/install/tiago_exam_worlds/share/tiago_exam_worlds/models/aruco_cube/meshes/marker582.png
[0.277s] -- Up-to-date symlink: /home/ines/tiago_ws/install/tiago_exam_worlds/share/tiago_exam_worlds/models/aruco_cube/meshes/marker582_small_margin.png
[0.277s] -- Up-to-date symlink: /home/ines/tiago_ws/install/tiago_exam_worlds/share/tiago_exam_worlds/models/aruco_cube/model.config
[0.277s] -- Up-to-date symlink: /home/ines/tiago_ws/install/tiago_exam_worlds/share/tiago_exam_worlds/models/aruco_cube_exam_id582/aruco_cube_exam_id582.sdf
[0.277s] -- Up-to-date symlink: /home/ines/tiago_ws/install/tiago_exam_worlds/share/tiago_exam_worlds/models/aruco_cube_exam_id582/meshes/aruco_cube_6cm.dae
[0.277s] -- Up-to-date symlink: /home/ines/tiago_ws/install/tiago_exam_worlds/share/tiago_exam_worlds/models/aruco_cube_exam_id582/meshes/aruco_id_582.png
[0.278s] -- Up-to-date symlink: /home/ines/tiago_ws/install/tiago_exam_worlds/share/tiago_exam_worlds/models/aruco_cube_exam_id582/model.config
[0.278s] -- Up-to-date symlink: /home/ines/tiago_ws/install/tiago_exam_worlds/share/tiago_exam_worlds/models/aruco_cube_exam_id63/aruco_cube_exam_id63.sdf
[0.278s] -- Up-to-date symlink: /home/ines/tiago_ws/install/tiago_exam_worlds/share/tiago_exam_worlds/models/aruco_cube_exam_id63/meshes/aruco_cube_6cm.dae
[0.278s] -- Up-to-date symlink: /home/ines/tiago_ws/install/tiago_exam_worlds/share/tiago_exam_worlds/models/aruco_cube_exam_id63/meshes/aruco_id_63.png
[0.278s] -- Up-to-date symlink: /home/ines/tiago_ws/install/tiago_exam_worlds/share/tiago_exam_worlds/models/aruco_cube_exam_id63/model.config
[0.278s] -- Up-to-date symlink: /home/ines/tiago_ws/install/tiago_exam_worlds/share/tiago_exam_worlds/models/aruco_marker_250_6x6_1/aruco_marker_250_6x6.sdf
[0.278s] -- Up-to-date symlink: /home/ines/tiago_ws/install/tiago_exam_worlds/share/tiago_exam_worlds/models/aruco_marker_250_6x6_1/material/scripts/aruco_marker_250_6x6.material
[0.278s] -- Up-to-date symlink: /home/ines/tiago_ws/install/tiago_exam_worlds/share/tiago_exam_worlds/models/aruco_marker_250_6x6_1/material/textures/Aruco_6x6_250_0.png
[0.279s] -- Up-to-date symlink: /home/ines/tiago_ws/install/tiago_exam_worlds/share/tiago_exam_worlds/models/aruco_marker_250_6x6_1/model.config
[0.280s] -- Up-to-date symlink: /home/ines/tiago_ws/install/tiago_exam_worlds/share/tiago_exam_worlds/models/aruco_marker_250_6x6_2/aruco_marker_250_6x6.sdf
[0.283s] -- Up-to-date symlink: /home/ines/tiago_ws/install/tiago_exam_worlds/share/tiago_exam_worlds/models/aruco_marker_250_6x6_2/material/scripts/aruco_marker_250_6x6.material
[0.284s] -- Up-to-date symlink: /home/ines/tiago_ws/install/tiago_exam_worlds/share/tiago_exam_worlds/models/aruco_marker_250_6x6_2/material/textures/Aruco_6x6_250_1.png
[0.284s] -- Up-to-date symlink: /home/ines/tiago_ws/install/tiago_exam_worlds/share/tiago_exam_worlds/models/aruco_marker_250_6x6_2/model.config
[0.285s] -- Up-to-date symlink: /home/ines/tiago_ws/install/tiago_exam_worlds/share/tiago_exam_worlds/models/aruco_marker_250_6x6_3/aruco_marker_250_6x6.sdf
[0.285s] -- Up-to-date symlink: /home/ines/tiago_ws/install/tiago_exam_worlds/share/tiago_exam_worlds/models/aruco_marker_250_6x6_3/material/scripts/aruco_marker_250_6x6.material
[0.286s] -- Up-to-date symlink: /home/ines/tiago_ws/install/tiago_exam_worlds/share/tiago_exam_worlds/models/aruco_marker_250_6x6_3/material/textures/Aruco_6x6_250_2.png
[0.286s] -- Up-to-date symlink: /home/ines/tiago_ws/install/tiago_exam_worlds/share/tiago_exam_worlds/models/aruco_marker_250_6x6_3/model.config
[0.286s] -- Up-to-date symlink: /home/ines/tiago_ws/install/tiago_exam_worlds/share/tiago_exam_worlds/models/aruco_marker_250_6x6_4/aruco_marker_250_6x6.sdf
[0.287s] -- Up-to-date symlink: /home/ines/tiago_ws/install/tiago_exam_worlds/share/tiago_exam_worlds/models/aruco_marker_250_6x6_4/material/scripts/aruco_marker_250_6x6.material
[0.287s] -- Up-to-date symlink: /home/ines/tiago_ws/install/tiago_exam_worlds/share/tiago_exam_worlds/models/aruco_marker_250_6x6_4/material/textures/Aruco_6x6_250_3.png
[0.287s] -- Up-to-date symlink: /home/ines/tiago_ws/install/tiago_exam_worlds/share/tiago_exam_worlds/models/aruco_marker_250_6x6_4/model.config
[0.287s] -- Up-to-date symlink: /home/ines/tiago_ws/install/tiago_exam_worlds/share/tiago_exam_worlds/models/aruco_marker_6cm_238/aruco_marker_6cm.sdf
[0.288s] -- Up-to-date symlink: /home/ines/tiago_ws/install/tiago_exam_worlds/share/tiago_exam_worlds/models/aruco_marker_6cm_238/material/scripts/aruco_marker_original.material
[0.288s] -- Up-to-date symlink: /home/ines/tiago_ws/install/tiago_exam_worlds/share/tiago_exam_worlds/models/aruco_marker_6cm_238/material/textures/Aruco_6cm_238.png
[0.288s] -- Up-to-date symlink: /home/ines/tiago_ws/install/tiago_exam_worlds/share/tiago_exam_worlds/models/aruco_marker_6cm_238/model.config
[0.288s] -- Up-to-date symlink: /home/ines/tiago_ws/install/tiago_exam_worlds/share/tiago_exam_worlds/models/aruco_marker_6cm_26/aruco_marker_6cm.sdf
[0.288s] -- Up-to-date symlink: /home/ines/tiago_ws/install/tiago_exam_worlds/share/tiago_exam_worlds/models/aruco_marker_6cm_26/material/scripts/aruco_marker_original.material
[0.289s] -- Up-to-date symlink: /home/ines/tiago_ws/install/tiago_exam_worlds/share/tiago_exam_worlds/models/aruco_marker_6cm_26/material/textures/Aruco_6cm_26.png
[0.289s] -- Up-to-date symlink: /home/ines/tiago_ws/install/tiago_exam_worlds/share/tiago_exam_worlds/models/aruco_marker_6cm_26/model.config
[0.289s] -- Up-to-date symlink: /home/ines/tiago_ws/install/tiago_exam_worlds/share/tiago_exam_worlds/models/aruco_marker_6cm_582/aruco_marker_6cm.sdf
[0.289s] -- Up-to-date symlink: /home/ines/tiago_ws/install/tiago_exam_worlds/share/tiago_exam_worlds/models/aruco_marker_6cm_582/material/scripts/aruco_marker_original.material
[0.289s] -- Up-to-date symlink: /home/ines/tiago_ws/install/tiago_exam_worlds/share/tiago_exam_worlds/models/aruco_marker_6cm_582/material/textures/Aruco_6cm_582.png
[0.290s] -- Up-to-date symlink: /home/ines/tiago_ws/install/tiago_exam_worlds/share/tiago_exam_worlds/models/aruco_marker_6cm_582/model.config
[0.291s] -- Up-to-date symlink: /home/ines/tiago_ws/install/tiago_exam_worlds/share/tiago_exam_worlds/models/aruco_marker_6cm_63/aruco_marker_6cm.sdf
[0.291s] -- Up-to-date symlink: /home/ines/tiago_ws/install/tiago_exam_worlds/share/tiago_exam_worlds/models/aruco_marker_6cm_63/material/scripts/aruco_marker_original.material
[0.291s] -- Up-to-date symlink: /home/ines/tiago_ws/install/tiago_exam_worlds/share/tiago_exam_worlds/models/aruco_marker_6cm_63/material/textures/Aruco_6cm_63.png
[0.291s] -- Up-to-date symlink: /home/ines/tiago_ws/install/tiago_exam_worlds/share/tiago_exam_worlds/models/aruco_marker_6cm_63/model.config
[0.292s] -- Up-to-date symlink: /home/ines/tiago_ws/install/tiago_exam_worlds/share/tiago_exam_worlds/models/aruco_marker_9cm_238/aruco_marker_9cm.sdf
[0.293s] -- Up-to-date symlink: /home/ines/tiago_ws/install/tiago_exam_worlds/share/tiago_exam_worlds/models/aruco_marker_9cm_238/material/scripts/aruco_marker_original.material
[0.293s] -- Up-to-date symlink: /home/ines/tiago_ws/install/tiago_exam_worlds/share/tiago_exam_worlds/models/aruco_marker_9cm_238/material/textures/Aruco_9cm_238.png
[0.293s] -- Up-to-date symlink: /home/ines/tiago_ws/install/tiago_exam_worlds/share/tiago_exam_worlds/models/aruco_marker_9cm_238/model.config
[0.293s] -- Up-to-date symlink: /home/ines/tiago_ws/install/tiago_exam_worlds/share/tiago_exam_worlds/models/aruco_marker_9cm_26/aruco_marker_9cm.sdf
[0.293s] -- Up-to-date symlink: /home/ines/tiago_ws/install/tiago_exam_worlds/share/tiago_exam_worlds/models/aruco_marker_9cm_26/material/scripts/aruco_marker_original.material
[0.293s] -- Up-to-date symlink: /home/ines/tiago_ws/install/tiago_exam_worlds/share/tiago_exam_worlds/models/aruco_marker_9cm_26/material/textures/Aruco_9cm_26.png
[0.293s] -- Up-to-date symlink: /home/ines/tiago_ws/install/tiago_exam_worlds/share/tiago_exam_worlds/models/aruco_marker_9cm_26/model.config
[0.295s] -- Up-to-date symlink: /home/ines/tiago_ws/install/tiago_exam_worlds/share/tiago_exam_worlds/models/aruco_marker_9cm_582/aruco_marker_9cm.sdf
[0.295s] -- Up-to-date symlink: /home/ines/tiago_ws/install/tiago_exam_worlds/share/tiago_exam_worlds/models/aruco_marker_9cm_582/material/scripts/aruco_marker_original.material
[0.295s] -- Up-to-date symlink: /home/ines/tiago_ws/install/tiago_exam_worlds/share/tiago_exam_worlds/models/aruco_marker_9cm_582/material/textures/Aruco_9cm_582.png
[0.295s] -- Up-to-date symlink: /home/ines/tiago_ws/install/tiago_exam_worlds/share/tiago_exam_worlds/models/aruco_marker_9cm_582/model.config
[0.296s] -- Up-to-date symlink: /home/ines/tiago_ws/install/tiago_exam_worlds/share/tiago_exam_worlds/models/aruco_marker_9cm_63/aruco_marker_9cm.sdf
[0.296s] -- Up-to-date symlink: /home/ines/tiago_ws/install/tiago_exam_worlds/share/tiago_exam_worlds/models/aruco_marker_9cm_63/material/scripts/aruco_marker_original.material
[0.296s] -- Up-to-date symlink: /home/ines/tiago_ws/install/tiago_exam_worlds/share/tiago_exam_worlds/models/aruco_marker_9cm_63/material/textures/Aruco_9cm_63.png
[0.299s] -- Up-to-date symlink: /home/ines/tiago_ws/install/tiago_exam_worlds/share/tiago_exam_worlds/models/aruco_marker_9cm_63/model.config
[0.299s] -- Up-to-date symlink: /home/ines/tiago_ws/install/tiago_exam_worlds/share/tiago_exam_worlds/models/aruco_marker_original_238/aruco_marker_original.sdf
[0.300s] -- Up-to-date symlink: /home/ines/tiago_ws/install/tiago_exam_worlds/share/tiago_exam_worlds/models/aruco_marker_original_238/material/scripts/aruco_marker_original.material
[0.300s] -- Up-to-date symlink: /home/ines/tiago_ws/install/tiago_exam_worlds/share/tiago_exam_worlds/models/aruco_marker_original_238/material/textures/Aruco_original_238.png
[0.300s] -- Up-to-date symlink: /home/ines/tiago_ws/install/tiago_exam_worlds/share/tiago_exam_worlds/models/aruco_marker_original_238/model.config
[0.300s] -- Up-to-date symlink: /home/ines/tiago_ws/install/tiago_exam_worlds/share/tiago_exam_worlds/models/aruco_marker_original_26/aruco_marker_original.sdf
[0.301s] -- Up-to-date symlink: /home/ines/tiago_ws/install/tiago_exam_worlds/share/tiago_exam_worlds/models/aruco_marker_original_26/material/scripts/aruco_marker_original.material
[0.301s] -- Up-to-date symlink: /home/ines/tiago_ws/install/tiago_exam_worlds/share/tiago_exam_worlds/models/aruco_marker_original_26/material/textures/Aruco_original_26.png
[0.301s] -- Up-to-date symlink: /home/ines/tiago_ws/install/tiago_exam_worlds/share/tiago_exam_worlds/models/aruco_marker_original_26/model.config
[0.301s] -- Up-to-date symlink: /home/ines/tiago_ws/install/tiago_exam_worlds/share/tiago_exam_worlds/models/aruco_marker_original_582/aruco_marker_original.sdf
[0.301s] -- Up-to-date symlink: /home/ines/tiago_ws/install/tiago_exam_worlds/share/tiago_exam_worlds/models/aruco_marker_original_582/material/scripts/aruco_marker_original.material
[0.302s] -- Up-to-date symlink: /home/ines/tiago_ws/install/tiago_exam_worlds/share/tiago_exam_worlds/models/aruco_marker_original_582/material/textures/Aruco_original_582.png
[0.302s] -- Up-to-date symlink: /home/ines/tiago_ws/install/tiago_exam_worlds/share/tiago_exam_worlds/models/aruco_marker_original_582/model.config
[0.302s] -- Up-to-date symlink: /home/ines/tiago_ws/install/tiago_exam_worlds/share/tiago_exam_worlds/models/aruco_marker_original_63/aruco_marker_original.sdf
[0.302s] -- Up-to-date symlink: /home/ines/tiago_ws/install/tiago_exam_worlds/share/tiago_exam_worlds/models/aruco_marker_original_63/material/scripts/aruco_marker_original.material
[0.302s] -- Up-to-date symlink: /home/ines/tiago_ws/install/tiago_exam_worlds/share/tiago_exam_worlds/models/aruco_marker_original_63/material/textures/Aruco_original_63.png
[0.303s] -- Up-to-date symlink: /home/ines/tiago_ws/install/tiago_exam_worlds/share/tiago_exam_worlds/models/aruco_marker_original_63/model.config
[0.303s] -- Up-to-date symlink: /home/ines/tiago_ws/install/tiago_exam_worlds/share/tiago_exam_worlds/models/bauman/README
[0.303s] -- Up-to-date symlink: /home/ines/tiago_ws/install/tiago_exam_worlds/share/tiago_exam_worlds/models/bauman/bauman_walls.png
[0.303s] -- Up-to-date symlink: /home/ines/tiago_ws/install/tiago_exam_worlds/share/tiago_exam_worlds/models/bauman/model.config
[0.303s] -- Up-to-date symlink: /home/ines/tiago_ws/install/tiago_exam_worlds/share/tiago_exam_worlds/models/bauman/model.sdf
[0.303s] -- Up-to-date symlink: /home/ines/tiago_ws/install/tiago_exam_worlds/share/tiago_exam_worlds/models/bench/bench.sdf
[0.304s] -- Up-to-date symlink: /home/ines/tiago_ws/install/tiago_exam_worlds/share/tiago_exam_worlds/models/bench/meshes/bench.stl
[0.304s] -- Up-to-date symlink: /home/ines/tiago_ws/install/tiago_exam_worlds/share/tiago_exam_worlds/models/bench/model.config
[0.304s] -- Up-to-date symlink: /home/ines/tiago_ws/install/tiago_exam_worlds/share/tiago_exam_worlds/models/bifrutas_tropical_can/bifrutas_tropical_can.sdf
[0.304s] -- Up-to-date symlink: /home/ines/tiago_ws/install/tiago_exam_worlds/share/tiago_exam_worlds/models/bifrutas_tropical_can/material/scripts/bifrutas_tropical_can.material
[0.304s] -- Up-to-date symlink: /home/ines/tiago_ws/install/tiago_exam_worlds/share/tiago_exam_worlds/models/bifrutas_tropical_can/material/textures/bifrutas_tropical_can.jpg
[0.304s] -- Up-to-date symlink: /home/ines/tiago_ws/install/tiago_exam_worlds/share/tiago_exam_worlds/models/bifrutas_tropical_can/model.config
[0.305s] -- Up-to-date symlink: /home/ines/tiago_ws/install/tiago_exam_worlds/share/tiago_exam_worlds/models/biscuits_pack/biscuits_pack.sdf
[0.305s] -- Up-to-date symlink: /home/ines/tiago_ws/install/tiago_exam_worlds/share/tiago_exam_worlds/models/biscuits_pack/material/scripts/pringles.material
[0.305s] -- Up-to-date symlink: /home/ines/tiago_ws/install/tiago_exam_worlds/share/tiago_exam_worlds/models/biscuits_pack/material/textures/biscuits_pack.jpg
[0.305s] -- Up-to-date symlink: /home/ines/tiago_ws/install/tiago_exam_worlds/share/tiago_exam_worlds/models/biscuits_pack/model.config
[0.305s] -- Up-to-date symlink: /home/ines/tiago_ws/install/tiago_exam_worlds/share/tiago_exam_worlds/models/bottle_red_wine/meshes/bottle.dae
[0.305s] -- Up-to-date symlink: /home/ines/tiago_ws/install/tiago_exam_worlds/share/tiago_exam_worlds/models/bottle_red_wine/meshes/cap.dae
[0.306s] -- Up-to-date symlink: /home/ines/tiago_ws/install/tiago_exam_worlds/share/tiago_exam_worlds/models/bottle_red_wine/meshes/red_wine.dae
[0.306s] -- Up-to-date symlink: /home/ines/tiago_ws/install/tiago_exam_worlds/share/tiago_exam_worlds/models/bottle_red_wine/model.config
[0.306s] -- Up-to-date symlink: /home/ines/tiago_ws/install/tiago_exam_worlds/share/tiago_exam_worlds/models/bottle_red_wine/model.sdf
[0.306s] -- Up-to-date symlink: /home/ines/tiago_ws/install/tiago_exam_worlds/share/tiago_exam_worlds/models/box_with_handles/box_with_handles.sdf
[0.307s] -- Up-to-date symlink: /home/ines/tiago_ws/install/tiago_exam_worlds/share/tiago_exam_worlds/models/box_with_handles/material/scripts/aruco_marker_original.material
[0.307s] -- Up-to-date symlink: /home/ines/tiago_ws/install/tiago_exam_worlds/share/tiago_exam_worlds/models/box_with_handles/material/textures/Aruco_original_582.png
[0.307s] -- Up-to-date symlink: /home/ines/tiago_ws/install/tiago_exam_worlds/share/tiago_exam_worlds/models/box_with_handles/model.config
[0.307s] -- Up-to-date symlink: /home/ines/tiago_ws/install/tiago_exam_worlds/share/tiago_exam_worlds/models/brick_box_3x1x3/materials/scripts/brick_box.material
[0.307s] -- Up-to-date symlink: /home/ines/tiago_ws/install/tiago_exam_worlds/share/tiago_exam_worlds/models/brick_box_3x1x3/materials/textures/simple_box.png
[0.308s] -- Up-to-date symlink: /home/ines/tiago_ws/install/tiago_exam_worlds/share/tiago_exam_worlds/models/brick_box_3x1x3/meshes/simple_box.dae
[0.308s] -- Up-to-date symlink: /home/ines/tiago_ws/install/tiago_exam_worlds/share/tiago_exam_worlds/models/brick_box_3x1x3/model-1_3.sdf
[0.308s] -- Up-to-date symlink: /home/ines/tiago_ws/install/tiago_exam_worlds/share/tiago_exam_worlds/models/brick_box_3x1x3/model-1_4.sdf
[0.308s] -- Up-to-date symlink: /home/ines/tiago_ws/install/tiago_exam_worlds/share/tiago_exam_worlds/models/brick_box_3x1x3/model.config
[0.308s] -- Up-to-date symlink: /home/ines/tiago_ws/install/tiago_exam_worlds/share/tiago_exam_worlds/models/brick_box_3x1x3/model.sdf
[0.308s] -- Up-to-date symlink: /home/ines/tiago_ws/install/tiago_exam_worlds/share/tiago_exam_worlds/models/citizen_extras_female_02/images/_01_-_Default1noCulling.JPG
[0.309s] -- Up-to-date symlink: /home/ines/tiago_ws/install/tiago_exam_worlds/share/tiago_exam_worlds/models/citizen_extras_female_02/images/_02_-_Default1noCulling.JPG
[0.309s] -- Up-to-date symlink: /home/ines/tiago_ws/install/tiago_exam_worlds/share/tiago_exam_worlds/models/citizen_extras_female_02/images/_03_-_Default1noCulling.JPG
[0.309s] -- Up-to-date symlink: /home/ines/tiago_ws/install/tiago_exam_worlds/share/tiago_exam_worlds/models/citizen_extras_female_02/meshes/mesh.dae
[0.310s] -- Up-to-date symlink: /home/ines/tiago_ws/install/tiago_exam_worlds/share/tiago_exam_worlds/models/citizen_extras_female_02/model.config
[0.311s] -- Up-to-date symlink: /home/ines/tiago_ws/install/tiago_exam_worlds/share/tiago_exam_worlds/models/citizen_extras_female_02/model.sdf
[0.311s] -- Up-to-date symlink: /home/ines/tiago_ws/install/tiago_exam_worlds/share/tiago_exam_worlds/models/citizen_extras_female_03/images/Material__1noCulling.JPG
[0.311s] -- Up-to-date symlink: /home/ines/tiago_ws/install/tiago_exam_worlds/share/tiago_exam_worlds/models/citizen_extras_female_03/images/Material__2noCulling.JPG
[0.311s] -- Up-to-date symlink: /home/ines/tiago_ws/install/tiago_exam_worlds/share/tiago_exam_worlds/models/citizen_extras_female_03/images/_03_-_Default1noCulling.JPG
[0.311s] -- Up-to-date symlink: /home/ines/tiago_ws/install/tiago_exam_worlds/share/tiago_exam_worlds/models/citizen_extras_female_03/meshes/mesh.dae
[0.311s] -- Up-to-date symlink: /home/ines/tiago_ws/install/tiago_exam_worlds/share/tiago_exam_worlds/models/citizen_extras_female_03/model.config
[0.312s] -- Up-to-date symlink: /home/ines/tiago_ws/install/tiago_exam_worlds/share/tiago_exam_worlds/models/citizen_extras_female_03/model.sdf
[0.312s] -- Up-to-date symlink: /home/ines/tiago_ws/install/tiago_exam_worlds/share/tiago_exam_worlds/models/citizen_extras_male_03/images/Material__1noCulling.JPG
[0.312s] -- Up-to-date symlink: /home/ines/tiago_ws/install/tiago_exam_worlds/share/tiago_exam_worlds/models/citizen_extras_male_03/images/hair1noCulling.JPG
[0.312s] -- Up-to-date symlink: /home/ines/tiago_ws/install/tiago_exam_worlds/share/tiago_exam_worlds/models/citizen_extras_male_03/images/hrad1noCulling.JPG
[0.313s] -- Up-to-date symlink: /home/ines/tiago_ws/install/tiago_exam_worlds/share/tiago_exam_worlds/models/citizen_extras_male_03/meshes/mesh.dae
[0.313s] -- Up-to-date symlink: /home/ines/tiago_ws/install/tiago_exam_worlds/share/tiago_exam_worlds/models/citizen_extras_male_03/model.config
[0.313s] -- Up-to-date symlink: /home/ines/tiago_ws/install/tiago_exam_worlds/share/tiago_exam_worlds/models/citizen_extras_male_03/model.sdf
[0.313s] -- Up-to-date symlink: /home/ines/tiago_ws/install/tiago_exam_worlds/share/tiago_exam_worlds/models/closet/closet.sdf
[0.313s] -- Up-to-date symlink: /home/ines/tiago_ws/install/tiago_exam_worlds/share/tiago_exam_worlds/models/closet/meshes/closet.stl
[0.314s] -- Up-to-date symlink: /home/ines/tiago_ws/install/tiago_exam_worlds/share/tiago_exam_worlds/models/closet/model.config
[0.314s] -- Up-to-date symlink: /home/ines/tiago_ws/install/tiago_exam_worlds/share/tiago_exam_worlds/models/coca_cola/materials/scripts/coke.material
[0.314s] -- Up-to-date symlink: /home/ines/tiago_ws/install/tiago_exam_worlds/share/tiago_exam_worlds/models/coca_cola/materials/textures/cokecan.jpg
[0.314s] -- Up-to-date symlink: /home/ines/tiago_ws/install/tiago_exam_worlds/share/tiago_exam_worlds/models/coca_cola/meshes/aluminum.jpg
[0.315s] -- Up-to-date symlink: /home/ines/tiago_ws/install/tiago_exam_worlds/share/tiago_exam_worlds/models/coca_cola/meshes/can_ring_pull_end_centre.png
[0.315s] -- Up-to-date symlink: /home/ines/tiago_ws/install/tiago_exam_worlds/share/tiago_exam_worlds/models/coca_cola/meshes/coke.dae
[0.315s] -- Up-to-date symlink: /home/ines/tiago_ws/install/tiago_exam_worlds/share/tiago_exam_worlds/models/coca_cola/meshes/coke_uv_map.jpg
[0.315s] -- Up-to-date symlink: /home/ines/tiago_ws/install/tiago_exam_worlds/share/tiago_exam_worlds/models/coca_cola/model.config
[0.316s] -- Up-to-date symlink: /home/ines/tiago_ws/install/tiago_exam_worlds/share/tiago_exam_worlds/models/coca_cola/model.sdf
[0.316s] -- Up-to-date symlink: /home/ines/tiago_ws/install/tiago_exam_worlds/share/tiago_exam_worlds/models/cocacola/cocacola.sdf
[0.316s] -- Up-to-date symlink: /home/ines/tiago_ws/install/tiago_exam_worlds/share/tiago_exam_worlds/models/cocacola/material/scripts/cocacola.material
[0.316s] -- Up-to-date symlink: /home/ines/tiago_ws/install/tiago_exam_worlds/share/tiago_exam_worlds/models/cocacola/material/textures/cocacola.jpg
[0.316s] -- Up-to-date symlink: /home/ines/tiago_ws/install/tiago_exam_worlds/share/tiago_exam_worlds/models/cocacola/model.config
[0.316s] -- Up-to-date symlink: /home/ines/tiago_ws/install/tiago_exam_worlds/share/tiago_exam_worlds/models/coke_can_slim/coke_can_slim.sdf
[0.317s] -- Up-to-date symlink: /home/ines/tiago_ws/install/tiago_exam_worlds/share/tiago_exam_worlds/models/coke_can_slim/material/scripts/coke_can_slim.material
[0.317s] -- Up-to-date symlink: /home/ines/tiago_ws/install/tiago_exam_worlds/share/tiago_exam_worlds/models/coke_can_slim/material/textures/coke_can_slim.jpg
[0.317s] -- Up-to-date symlink: /home/ines/tiago_ws/install/tiago_exam_worlds/share/tiago_exam_worlds/models/coke_can_slim/model.config
[0.317s] -- Up-to-date symlink: /home/ines/tiago_ws/install/tiago_exam_worlds/share/tiago_exam_worlds/models/database.config
[0.317s] -- Up-to-date symlink: /home/ines/tiago_ws/install/tiago_exam_worlds/share/tiago_exam_worlds/models/dining_chair/dining_chair.sdf
[0.317s] -- Up-to-date symlink: /home/ines/tiago_ws/install/tiago_exam_worlds/share/tiago_exam_worlds/models/dining_chair/meshes/dining_chair.stl
[0.317s] -- Up-to-date symlink: /home/ines/tiago_ws/install/tiago_exam_worlds/share/tiago_exam_worlds/models/dining_chair/model.config
[0.318s] -- Up-to-date symlink: /home/ines/tiago_ws/install/tiago_exam_worlds/share/tiago_exam_worlds/models/dock1/dock1.sdf
[0.318s] -- Up-to-date symlink: /home/ines/tiago_ws/install/tiago_exam_worlds/share/tiago_exam_worlds/models/dock1/meshes/dock1.dae
[0.318s] -- Up-to-date symlink: /home/ines/tiago_ws/install/tiago_exam_worlds/share/tiago_exam_worlds/models/dock1/model.config
[0.318s] -- Up-to-date symlink: /home/ines/tiago_ws/install/tiago_exam_worlds/share/tiago_exam_worlds/models/door_obstacle/door_obstacle.sdf
[0.318s] -- Up-to-date symlink: /home/ines/tiago_ws/install/tiago_exam_worlds/share/tiago_exam_worlds/models/door_obstacle/model.config
[0.318s] -- Up-to-date symlink: /home/ines/tiago_ws/install/tiago_exam_worlds/share/tiago_exam_worlds/models/env_exam_box1/env_exam_box1.sdf
[0.320s] -- Up-to-date symlink: /home/ines/tiago_ws/install/tiago_exam_worlds/share/tiago_exam_worlds/models/env_exam_box1/model.config
[0.320s] -- Up-to-date symlink: /home/ines/tiago_ws/install/tiago_exam_worlds/share/tiago_exam_worlds/models/env_exam_box2/env_exam_box2.sdf
[0.320s] -- Up-to-date symlink: /home/ines/tiago_ws/install/tiago_exam_worlds/share/tiago_exam_worlds/models/env_exam_box2/model.config
[0.321s] -- Up-to-date symlink: /home/ines/tiago_ws/install/tiago_exam_worlds/share/tiago_exam_worlds/models/env_exam_cylinder1/env_exam_cylinder1.sdf
[0.321s] -- Up-to-date symlink: /home/ines/tiago_ws/install/tiago_exam_worlds/share/tiago_exam_worlds/models/env_exam_cylinder1/model.config
[0.322s] -- Up-to-date symlink: /home/ines/tiago_ws/install/tiago_exam_worlds/share/tiago_exam_worlds/models/env_exam_cylinder2/env_exam_cylinder2.sdf
[0.322s] -- Up-to-date symlink: /home/ines/tiago_ws/install/tiago_exam_worlds/share/tiago_exam_worlds/models/env_exam_cylinder2/model.config
[0.322s] -- Up-to-date symlink: /home/ines/tiago_ws/install/tiago_exam_worlds/share/tiago_exam_worlds/models/env_exam_pick_surface/env_exam_pick_surface.sdf
[0.322s] -- Up-to-date symlink: /home/ines/tiago_ws/install/tiago_exam_worlds/share/tiago_exam_worlds/models/env_exam_pick_surface/model.config
[0.322s] -- Up-to-date symlink: /home/ines/tiago_ws/install/tiago_exam_worlds/share/tiago_exam_worlds/models/env_exam_place_surface/env_exam_place_surface.sdf
[0.323s] -- Up-to-date symlink: /home/ines/tiago_ws/install/tiago_exam_worlds/share/tiago_exam_worlds/models/env_exam_place_surface/model.config
[0.323s] -- Up-to-date symlink: /home/ines/tiago_ws/install/tiago_exam_worlds/share/tiago_exam_worlds/models/floor_lamp/floor_lamp.sdf
[0.323s] -- Up-to-date symlink: /home/ines/tiago_ws/install/tiago_exam_worlds/share/tiago_exam_worlds/models/floor_lamp/meshes/floor_lamp.stl
[0.323s] -- Up-to-date symlink: /home/ines/tiago_ws/install/tiago_exam_worlds/share/tiago_exam_worlds/models/floor_lamp/model.config
[0.323s] -- Up-to-date symlink: /home/ines/tiago_ws/install/tiago_exam_worlds/share/tiago_exam_worlds/models/goetz_sofa/goetz_sofa.sdf
[0.324s] -- Up-to-date symlink: /home/ines/tiago_ws/install/tiago_exam_worlds/share/tiago_exam_worlds/models/goetz_sofa/materials/textures/texture0.jpg
[0.324s] -- Up-to-date symlink: /home/ines/tiago_ws/install/tiago_exam_worlds/share/tiago_exam_worlds/models/goetz_sofa/meshes/goetz_sofa.dae
[0.324s] -- Up-to-date symlink: /home/ines/tiago_ws/install/tiago_exam_worlds/share/tiago_exam_worlds/models/goetz_sofa/model.config
[0.324s] -- Up-to-date symlink: /home/ines/tiago_ws/install/tiago_exam_worlds/share/tiago_exam_worlds/models/green_ball/materials/scripts/ball.material
[0.325s] -- Up-to-date symlink: /home/ines/tiago_ws/install/tiago_exam_worlds/share/tiago_exam_worlds/models/green_ball/model.config
[0.325s] -- Up-to-date symlink: /home/ines/tiago_ws/install/tiago_exam_worlds/share/tiago_exam_worlds/models/green_ball/model.sdf
[0.325s] -- Up-to-date symlink: /home/ines/tiago_ws/install/tiago_exam_worlds/share/tiago_exam_worlds/models/green_cube/green_cube.sdf
[0.325s] -- Up-to-date symlink: /home/ines/tiago_ws/install/tiago_exam_worlds/share/tiago_exam_worlds/models/green_cube/model.config
[0.325s] -- Up-to-date symlink: /home/ines/tiago_ws/install/tiago_exam_worlds/share/tiago_exam_worlds/models/green_rectangle/green_rectangle.sdf
[0.326s] -- Up-to-date symlink: /home/ines/tiago_ws/install/tiago_exam_worlds/share/tiago_exam_worlds/models/green_rectangle/model.config
[0.326s] -- Up-to-date symlink: /home/ines/tiago_ws/install/tiago_exam_worlds/share/tiago_exam_worlds/models/ground_plane/model-1_2.sdf
[0.327s] -- Up-to-date symlink: /home/ines/tiago_ws/install/tiago_exam_worlds/share/tiago_exam_worlds/models/ground_plane/model-1_3.sdf
[0.328s] -- Up-to-date symlink: /home/ines/tiago_ws/install/tiago_exam_worlds/share/tiago_exam_worlds/models/ground_plane/model-1_4.sdf
[0.328s] -- Up-to-date symlink: /home/ines/tiago_ws/install/tiago_exam_worlds/share/tiago_exam_worlds/models/ground_plane/model.config
[0.328s] -- Up-to-date symlink: /home/ines/tiago_ws/install/tiago_exam_worlds/share/tiago_exam_worlds/models/ground_plane/model.sdf
[0.328s] -- Up-to-date symlink: /home/ines/tiago_ws/install/tiago_exam_worlds/share/tiago_exam_worlds/models/hospital_flat_map/hospital_flat_map.sdf
[0.328s] -- Up-to-date symlink: /home/ines/tiago_ws/install/tiago_exam_worlds/share/tiago_exam_worlds/models/hospital_flat_map/meshes/hospital_flat_map.stl
[0.328s] -- Up-to-date symlink: /home/ines/tiago_ws/install/tiago_exam_worlds/share/tiago_exam_worlds/models/hospital_flat_map/model.config
[0.328s] -- Up-to-date symlink: /home/ines/tiago_ws/install/tiago_exam_worlds/share/tiago_exam_worlds/models/hospital_map/hospital_map.sdf
[0.329s] -- Up-to-date symlink: /home/ines/tiago_ws/install/tiago_exam_worlds/share/tiago_exam_worlds/models/hospital_map/meshes/g1.stl
[0.330s] -- Up-to-date symlink: /home/ines/tiago_ws/install/tiago_exam_worlds/share/tiago_exam_worlds/models/hospital_map/meshes/g2.stl
[0.331s] -- Up-to-date symlink: /home/ines/tiago_ws/install/tiago_exam_worlds/share/tiago_exam_worlds/models/hospital_map/meshes/g3.stl
[0.331s] -- Up-to-date symlink: /home/ines/tiago_ws/install/tiago_exam_worlds/share/tiago_exam_worlds/models/hospital_map/meshes/g4.stl
[0.331s] -- Up-to-date symlink: /home/ines/tiago_ws/install/tiago_exam_worlds/share/tiago_exam_worlds/models/hospital_map/meshes/g5.stl
[0.331s] -- Up-to-date symlink: /home/ines/tiago_ws/install/tiago_exam_worlds/share/tiago_exam_worlds/models/hospital_map/meshes/g6.stl
[0.331s] -- Up-to-date symlink: /home/ines/tiago_ws/install/tiago_exam_worlds/share/tiago_exam_worlds/models/hospital_map/meshes/g7.stl
[0.331s] -- Up-to-date symlink: /home/ines/tiago_ws/install/tiago_exam_worlds/share/tiago_exam_worlds/models/hospital_map/meshes/gr1.stl
[0.332s] -- Up-to-date symlink: /home/ines/tiago_ws/install/tiago_exam_worlds/share/tiago_exam_worlds/models/hospital_map/meshes/gr2.stl
[0.332s] -- Up-to-date symlink: /home/ines/tiago_ws/install/tiago_exam_worlds/share/tiago_exam_worlds/models/hospital_map/meshes/gr3.stl
[0.332s] -- Up-to-date symlink: /home/ines/tiago_ws/install/tiago_exam_worlds/share/tiago_exam_worlds/models/hospital_map/meshes/gr4.stl
[0.332s] -- Up-to-date symlink: /home/ines/tiago_ws/install/tiago_exam_worlds/share/tiago_exam_worlds/models/hospital_map/meshes/gr5.stl
[0.333s] -- Up-to-date symlink: /home/ines/tiago_ws/install/tiago_exam_worlds/share/tiago_exam_worlds/models/hospital_map/meshes/gr6.stl
[0.333s] -- Up-to-date symlink: /home/ines/tiago_ws/install/tiago_exam_worlds/share/tiago_exam_worlds/models/hospital_map/meshes/hospital_map.stl
[0.333s] -- Up-to-date symlink: /home/ines/tiago_ws/install/tiago_exam_worlds/share/tiago_exam_worlds/models/hospital_map/meshes/w1.stl
[0.333s] -- Up-to-date symlink: /home/ines/tiago_ws/install/tiago_exam_worlds/share/tiago_exam_worlds/models/hospital_map/meshes/w2.stl
[0.333s] -- Up-to-date symlink: /home/ines/tiago_ws/install/tiago_exam_worlds/share/tiago_exam_worlds/models/hospital_map/meshes/w3.stl
[0.333s] -- Up-to-date symlink: /home/ines/tiago_ws/install/tiago_exam_worlds/share/tiago_exam_worlds/models/hospital_map/meshes/w4.stl
[0.333s] -- Up-to-date symlink: /home/ines/tiago_ws/install/tiago_exam_worlds/share/tiago_exam_worlds/models/hospital_map/meshes/w5.stl
[0.333s] -- Up-to-date symlink: /home/ines/tiago_ws/install/tiago_exam_worlds/share/tiago_exam_worlds/models/hospital_map/meshes/w6.stl
[0.334s] -- Up-to-date symlink: /home/ines/tiago_ws/install/tiago_exam_worlds/share/tiago_exam_worlds/models/hospital_map/meshes/w7.stl
[0.334s] -- Up-to-date symlink: /home/ines/tiago_ws/install/tiago_exam_worlds/share/tiago_exam_worlds/models/hospital_map/meshes/wr1.stl
[0.334s] -- Up-to-date symlink: /home/ines/tiago_ws/install/tiago_exam_worlds/share/tiago_exam_worlds/models/hospital_map/meshes/wr2.stl
[0.334s] -- Up-to-date symlink: /home/ines/tiago_ws/install/tiago_exam_worlds/share/tiago_exam_worlds/models/hospital_map/meshes/wr3.stl
[0.334s] -- Up-to-date symlink: /home/ines/tiago_ws/install/tiago_exam_worlds/share/tiago_exam_worlds/models/hospital_map/meshes/wr4.stl
[0.334s] -- Up-to-date symlink: /home/ines/tiago_ws/install/tiago_exam_worlds/share/tiago_exam_worlds/models/hospital_map/meshes/wr5.stl
[0.334s] -- Up-to-date symlink: /home/ines/tiago_ws/install/tiago_exam_worlds/share/tiago_exam_worlds/models/hospital_map/meshes/wr6.stl
[0.334s] -- Up-to-date symlink: /home/ines/tiago_ws/install/tiago_exam_worlds/share/tiago_exam_worlds/models/hospital_map/model.config
[0.335s] -- Up-to-date symlink: /home/ines/tiago_ws/install/tiago_exam_worlds/share/tiago_exam_worlds/models/ideal_sun/model.config
[0.335s] -- Up-to-date symlink: /home/ines/tiago_ws/install/tiago_exam_worlds/share/tiago_exam_worlds/models/ideal_sun/model.sdf
[0.335s] -- Up-to-date symlink: /home/ines/tiago_ws/install/tiago_exam_worlds/share/tiago_exam_worlds/models/ikea_ektorp_chair/meshes/IKE06001.JPG
[0.335s] -- Up-to-date symlink: /home/ines/tiago_ws/install/tiago_exam_worlds/share/tiago_exam_worlds/models/ikea_ektorp_chair/meshes/mesh.dae
[0.335s] -- Up-to-date symlink: /home/ines/tiago_ws/install/tiago_exam_worlds/share/tiago_exam_worlds/models/ikea_ektorp_chair/model.config
[0.335s] -- Up-to-date symlink: /home/ines/tiago_ws/install/tiago_exam_worlds/share/tiago_exam_worlds/models/ikea_ektorp_chair/model.sdf
[0.336s] -- Up-to-date symlink: /home/ines/tiago_ws/install/tiago_exam_worlds/share/tiago_exam_worlds/models/ikea_folke_chair/meshes/mesh.dae
[0.336s] -- Up-to-date symlink: /home/ines/tiago_ws/install/tiago_exam_worlds/share/tiago_exam_worlds/models/ikea_folke_chair/meshes/notexture.png
[0.336s] -- Up-to-date symlink: /home/ines/tiago_ws/install/tiago_exam_worlds/share/tiago_exam_worlds/models/ikea_folke_chair/meshes/texture.png
[0.336s] -- Up-to-date symlink: /home/ines/tiago_ws/install/tiago_exam_worlds/share/tiago_exam_worlds/models/ikea_folke_chair/model.config
[0.336s] -- Up-to-date symlink: /home/ines/tiago_ws/install/tiago_exam_worlds/share/tiago_exam_worlds/models/ikea_folke_chair/model.sdf
[0.337s] -- Up-to-date symlink: /home/ines/tiago_ws/install/tiago_exam_worlds/share/tiago_exam_worlds/models/ikea_harry_chair/meshes/body.png
[0.337s] -- Up-to-date symlink: /home/ines/tiago_ws/install/tiago_exam_worlds/share/tiago_exam_worlds/models/ikea_harry_chair/meshes/legs.png
[0.337s] -- Up-to-date symlink: /home/ines/tiago_ws/install/tiago_exam_worlds/share/tiago_exam_worlds/models/ikea_harry_chair/meshes/mesh.dae
[0.337s] -- Up-to-date symlink: /home/ines/tiago_ws/install/tiago_exam_worlds/share/tiago_exam_worlds/models/ikea_harry_chair/model.config
[0.337s] -- Up-to-date symlink: /home/ines/tiago_ws/install/tiago_exam_worlds/share/tiago_exam_worlds/models/ikea_harry_chair/model.sdf
[0.337s] -- Up-to-date symlink: /home/ines/tiago_ws/install/tiago_exam_worlds/share/tiago_exam_worlds/models/ikea_stefan_chair/meshes/mesh.dae
[0.337s] -- Up-to-date symlink: /home/ines/tiago_ws/install/tiago_exam_worlds/share/tiago_exam_worlds/models/ikea_stefan_chair/model.config
[0.337s] -- Up-to-date symlink: /home/ines/tiago_ws/install/tiago_exam_worlds/share/tiago_exam_worlds/models/ikea_stefan_chair/model.sdf
[0.338s] -- Up-to-date symlink: /home/ines/tiago_ws/install/tiago_exam_worlds/share/tiago_exam_worlds/models/ikea_urban_chair/meshes/mesh.dae
[0.338s] -- Up-to-date symlink: /home/ines/tiago_ws/install/tiago_exam_worlds/share/tiago_exam_worlds/models/ikea_urban_chair/meshes/notexture.png
[0.338s] -- Up-to-date symlink: /home/ines/tiago_ws/install/tiago_exam_worlds/share/tiago_exam_worlds/models/ikea_urban_chair/model.config
[0.338s] -- Up-to-date symlink: /home/ines/tiago_ws/install/tiago_exam_worlds/share/tiago_exam_worlds/models/ikea_urban_chair/model.sdf
[0.338s] -- Up-to-date symlink: /home/ines/tiago_ws/install/tiago_exam_worlds/share/tiago_exam_worlds/models/kitchen_chair/kitchen_chair.sdf
[0.338s] -- Up-to-date symlink: /home/ines/tiago_ws/install/tiago_exam_worlds/share/tiago_exam_worlds/models/kitchen_chair/meshes/kitchen_chair.stl
[0.338s] -- Up-to-date symlink: /home/ines/tiago_ws/install/tiago_exam_worlds/share/tiago_exam_worlds/models/kitchen_chair/model.config
[0.339s] -- Up-to-date symlink: /home/ines/tiago_ws/install/tiago_exam_worlds/share/tiago_exam_worlds/models/kitchen_no_sink/meshes/bin/bin.dae
[0.339s] -- Up-to-date symlink: /home/ines/tiago_ws/install/tiago_exam_worlds/share/tiago_exam_worlds/models/kitchen_no_sink/meshes/bookshelve/bookshelve.dae
[0.339s] -- Up-to-date symlink: /home/ines/tiago_ws/install/tiago_exam_worlds/share/tiago_exam_worlds/models/kitchen_no_sink/meshes/chair/chair.dae
[0.339s] -- Up-to-date symlink: /home/ines/tiago_ws/install/tiago_exam_worlds/share/tiago_exam_worlds/models/kitchen_no_sink/meshes/sink/TexturesCom_Wood_GluLamBeam_header.jpg
[0.339s] -- Up-to-date symlink: /home/ines/tiago_ws/install/tiago_exam_worlds/share/tiago_exam_worlds/models/kitchen_no_sink/meshes/sink/kitchen_only_armario_lavamanos.mtl
[0.339s] -- Up-to-date symlink: /home/ines/tiago_ws/install/tiago_exam_worlds/share/tiago_exam_worlds/models/kitchen_no_sink/meshes/sink/kitchen_only_armario_lavamanos.obj
[0.339s] -- Up-to-date symlink: /home/ines/tiago_ws/install/tiago_exam_worlds/share/tiago_exam_worlds/models/kitchen_no_sink/meshes/sink/kitchen_only_cajon_1.mtl
[0.340s] -- Up-to-date symlink: /home/ines/tiago_ws/install/tiago_exam_worlds/share/tiago_exam_worlds/models/kitchen_no_sink/meshes/sink/kitchen_only_cajon_1.obj
[0.340s] -- Up-to-date symlink: /home/ines/tiago_ws/install/tiago_exam_worlds/share/tiago_exam_worlds/models/kitchen_no_sink/meshes/sink/kitchen_only_cajon_2.mtl
[0.340s] -- Up-to-date symlink: /home/ines/tiago_ws/install/tiago_exam_worlds/share/tiago_exam_worlds/models/kitchen_no_sink/meshes/sink/kitchen_only_cajon_2.obj
[0.340s] -- Up-to-date symlink: /home/ines/tiago_ws/install/tiago_exam_worlds/share/tiago_exam_worlds/models/kitchen_no_sink/meshes/sink/kitchen_only_cajon_grande.mtl
[0.341s] -- Up-to-date symlink: /home/ines/tiago_ws/install/tiago_exam_worlds/share/tiago_exam_worlds/models/kitchen_no_sink/meshes/sink/kitchen_only_cajon_grande.obj
[0.341s] -- Up-to-date symlink: /home/ines/tiago_ws/install/tiago_exam_worlds/share/tiago_exam_worlds/models/kitchen_no_sink/meshes/sink/kitchen_only_cubiertos_lavavajillas.mtl
[0.341s] -- Up-to-date symlink: /home/ines/tiago_ws/install/tiago_exam_worlds/share/tiago_exam_worlds/models/kitchen_no_sink/meshes/sink/kitchen_only_cubiertos_lavavajillas.obj
[0.341s] -- Up-to-date symlink: /home/ines/tiago_ws/install/tiago_exam_worlds/share/tiago_exam_worlds/models/kitchen_no_sink/meshes/sink/kitchen_only_kitchen.mtl
[0.341s] -- Up-to-date symlink: /home/ines/tiago_ws/install/tiago_exam_worlds/share/tiago_exam_worlds/models/kitchen_no_sink/meshes/sink/kitchen_only_kitchen.obj
[0.342s] -- Up-to-date symlink: /home/ines/tiago_ws/install/tiago_exam_worlds/share/tiago_exam_worlds/models/kitchen_no_sink/meshes/sink/kitchen_only_lavadora.mtl
[0.342s] -- Up-to-date symlink: /home/ines/tiago_ws/install/tiago_exam_worlds/share/tiago_exam_worlds/models/kitchen_no_sink/meshes/sink/kitchen_only_lavadora.obj
[0.343s] -- Up-to-date symlink: /home/ines/tiago_ws/install/tiago_exam_worlds/share/tiago_exam_worlds/models/kitchen_no_sink/meshes/sink/kitchen_only_parte_de_abajo_lavavajillas.mtl
[0.343s] -- Up-to-date symlink: /home/ines/tiago_ws/install/tiago_exam_worlds/share/tiago_exam_worlds/models/kitchen_no_sink/meshes/sink/kitchen_only_parte_de_abajo_lavavajillas.obj
[0.343s] -- Up-to-date symlink: /home/ines/tiago_ws/install/tiago_exam_worlds/share/tiago_exam_worlds/models/kitchen_no_sink/meshes/sink/kitchen_only_parte_de_arriba_lavavajillas.mtl
[0.343s] -- Up-to-date symlink: /home/ines/tiago_ws/install/tiago_exam_worlds/share/tiago_exam_worlds/models/kitchen_no_sink/meshes/sink/kitchen_only_parte_de_arriba_lavavajillas.obj
[0.344s] -- Up-to-date symlink: /home/ines/tiago_ws/install/tiago_exam_worlds/share/tiago_exam_worlds/models/kitchen_no_sink/meshes/sink/kitchen_only_puerta_lavavajillas.mtl
[0.344s] -- Up-to-date symlink: /home/ines/tiago_ws/install/tiago_exam_worlds/share/tiago_exam_worlds/models/kitchen_no_sink/meshes/sink/kitchen_only_puerta_lavavajillas.obj
[0.344s] -- Up-to-date symlink: /home/ines/tiago_ws/install/tiago_exam_worlds/share/tiago_exam_worlds/models/kitchen_no_sink/meshes/table/table.dae
[0.344s] -- Up-to-date symlink: /home/ines/tiago_ws/install/tiago_exam_worlds/share/tiago_exam_worlds/models/kitchen_no_sink/meshes/table/table.mtl
[0.344s] -- Up-to-date symlink: /home/ines/tiago_ws/install/tiago_exam_worlds/share/tiago_exam_worlds/models/kitchen_no_sink/meshes/table/table.obj
[0.344s] -- Up-to-date symlink: /home/ines/tiago_ws/install/tiago_exam_worlds/share/tiago_exam_worlds/models/kitchen_no_sink/meshes/table/table_ikea.mtl
[0.344s] -- Up-to-date symlink: /home/ines/tiago_ws/install/tiago_exam_worlds/share/tiago_exam_worlds/models/kitchen_no_sink/meshes/table/table_ikea.obj
[0.345s] -- Up-to-date symlink: /home/ines/tiago_ws/install/tiago_exam_worlds/share/tiago_exam_worlds/models/kitchen_no_sink/meshes/table/table_wood_texture.jpg
[0.345s] -- Up-to-date symlink: /home/ines/tiago_ws/install/tiago_exam_worlds/share/tiago_exam_worlds/models/kitchen_no_sink/model.config
[0.345s] -- Up-to-date symlink: /home/ines/tiago_ws/install/tiago_exam_worlds/share/tiago_exam_worlds/models/kitchen_no_sink/model.sdf
[0.345s] -- Up-to-date symlink: /home/ines/tiago_ws/install/tiago_exam_worlds/share/tiago_exam_worlds/models/kitchen_no_sink_walls/model.config
[0.345s] -- Up-to-date symlink: /home/ines/tiago_ws/install/tiago_exam_worlds/share/tiago_exam_worlds/models/kitchen_no_sink_walls/model.sdf
[0.347s] -- Up-to-date symlink: /home/ines/tiago_ws/install/tiago_exam_worlds/share/tiago_exam_worlds/models/kitchen_no_sink_walls_pics/model.config
[0.347s] -- Up-to-date symlink: /home/ines/tiago_ws/install/tiago_exam_worlds/share/tiago_exam_worlds/models/kitchen_no_sink_walls_pics/model.sdf
[0.347s] -- Up-to-date symlink: /home/ines/tiago_ws/install/tiago_exam_worlds/share/tiago_exam_worlds/models/kitchen_table/kitchen_table.sdf
[0.348s] -- Up-to-date symlink: /home/ines/tiago_ws/install/tiago_exam_worlds/share/tiago_exam_worlds/models/kitchen_table/meshes/kitchen_table.stl
[0.349s] -- Up-to-date symlink: /home/ines/tiago_ws/install/tiago_exam_worlds/share/tiago_exam_worlds/models/kitchen_table/model.config
[0.349s] -- Up-to-date symlink: /home/ines/tiago_ws/install/tiago_exam_worlds/share/tiago_exam_worlds/models/lamp/lamp.sdf
[0.350s] -- Up-to-date symlink: /home/ines/tiago_ws/install/tiago_exam_worlds/share/tiago_exam_worlds/models/lamp/meshes/lamp.stl
[0.350s] -- Up-to-date symlink: /home/ines/tiago_ws/install/tiago_exam_worlds/share/tiago_exam_worlds/models/lamp/model.config
[0.351s] -- Up-to-date symlink: /home/ines/tiago_ws/install/tiago_exam_worlds/share/tiago_exam_worlds/models/macrolink_small_table/model.config
[0.352s] -- Up-to-date symlink: /home/ines/tiago_ws/install/tiago_exam_worlds/share/tiago_exam_worlds/models/macrolink_small_table/table.sdf
[0.352s] -- Up-to-date symlink: /home/ines/tiago_ws/install/tiago_exam_worlds/share/tiago_exam_worlds/models/macrolink_table/model.config
[0.352s] -- Up-to-date symlink: /home/ines/tiago_ws/install/tiago_exam_worlds/share/tiago_exam_worlds/models/macrolink_table/table.sdf
[0.352s] -- Up-to-date symlink: /home/ines/tiago_ws/install/tiago_exam_worlds/share/tiago_exam_worlds/models/marker26_8cm/marker26_8cm.sdf
[0.352s] -- Up-to-date symlink: /home/ines/tiago_ws/install/tiago_exam_worlds/share/tiago_exam_worlds/models/marker26_8cm/material/scripts/marker26_8cm.material
[0.352s] -- Up-to-date symlink: /home/ines/tiago_ws/install/tiago_exam_worlds/share/tiago_exam_worlds/models/marker26_8cm/material/textures/aruco-26_8cm.png
[0.353s] -- Up-to-date symlink: /home/ines/tiago_ws/install/tiago_exam_worlds/share/tiago_exam_worlds/models/marker26_8cm/model.config
[0.353s] -- Up-to-date symlink: /home/ines/tiago_ws/install/tiago_exam_worlds/share/tiago_exam_worlds/models/pal_poster/material/scripts/pal_poster.material
[0.353s] -- Up-to-date symlink: /home/ines/tiago_ws/install/tiago_exam_worlds/share/tiago_exam_worlds/models/pal_poster/material/textures/pal_poster.jpg
[0.353s] -- Up-to-date symlink: /home/ines/tiago_ws/install/tiago_exam_worlds/share/tiago_exam_worlds/models/pal_poster/model.config
[0.353s] -- Up-to-date symlink: /home/ines/tiago_ws/install/tiago_exam_worlds/share/tiago_exam_worlds/models/pal_poster/pal_poster.sdf
[0.353s] -- Up-to-date symlink: /home/ines/tiago_ws/install/tiago_exam_worlds/share/tiago_exam_worlds/models/pal_textured_object/material/scripts/pal_textured_object.material
[0.353s] -- Up-to-date symlink: /home/ines/tiago_ws/install/tiago_exam_worlds/share/tiago_exam_worlds/models/pal_textured_object/material/textures/pal_textured_object.png
[0.353s] -- Up-to-date symlink: /home/ines/tiago_ws/install/tiago_exam_worlds/share/tiago_exam_worlds/models/pal_textured_object/model.config
[0.354s] -- Up-to-date symlink: /home/ines/tiago_ws/install/tiago_exam_worlds/share/tiago_exam_worlds/models/pal_textured_object/pal_textured_object.sdf
[0.354s] -- Up-to-date symlink: /home/ines/tiago_ws/install/tiago_exam_worlds/share/tiago_exam_worlds/models/pringles/material/scripts/pringles.material
[0.354s] -- Up-to-date symlink: /home/ines/tiago_ws/install/tiago_exam_worlds/share/tiago_exam_worlds/models/pringles/material/textures/pringles.jpg
[0.354s] -- Up-to-date symlink: /home/ines/tiago_ws/install/tiago_exam_worlds/share/tiago_exam_worlds/models/pringles/model.config
[0.354s] -- Up-to-date symlink: /home/ines/tiago_ws/install/tiago_exam_worlds/share/tiago_exam_worlds/models/pringles/pringles.sdf
[0.354s] -- Up-to-date symlink: /home/ines/tiago_ws/install/tiago_exam_worlds/share/tiago_exam_worlds/models/pringles2/material/scripts/pringles2.material
[0.355s] -- Up-to-date symlink: /home/ines/tiago_ws/install/tiago_exam_worlds/share/tiago_exam_worlds/models/pringles2/material/textures/pringles2.jpg
[0.355s] -- Up-to-date symlink: /home/ines/tiago_ws/install/tiago_exam_worlds/share/tiago_exam_worlds/models/pringles2/model.config
[0.355s] -- Up-to-date symlink: /home/ines/tiago_ws/install/tiago_exam_worlds/share/tiago_exam_worlds/models/pringles2/pringles2.sdf
[0.355s] -- Up-to-date symlink: /home/ines/tiago_ws/install/tiago_exam_worlds/share/tiago_exam_worlds/models/reemc_bookshelf/bookshelf.sdf
[0.355s] -- Up-to-date symlink: /home/ines/tiago_ws/install/tiago_exam_worlds/share/tiago_exam_worlds/models/reemc_bookshelf/model.config
[0.355s] -- Up-to-date symlink: /home/ines/tiago_ws/install/tiago_exam_worlds/share/tiago_exam_worlds/models/reemc_cabinet/cabinet.sdf
[0.355s] -- Up-to-date symlink: /home/ines/tiago_ws/install/tiago_exam_worlds/share/tiago_exam_worlds/models/reemc_cabinet/model.config
[0.355s] -- Up-to-date symlink: /home/ines/tiago_ws/install/tiago_exam_worlds/share/tiago_exam_worlds/models/reemc_table/model.config
[0.356s] -- Up-to-date symlink: /home/ines/tiago_ws/install/tiago_exam_worlds/share/tiago_exam_worlds/models/reemc_table/table.sdf
[0.356s] -- Up-to-date symlink: /home/ines/tiago_ws/install/tiago_exam_worlds/share/tiago_exam_worlds/models/reemc_textured_object/meshes/mesh.dae
[0.356s] -- Up-to-date symlink: /home/ines/tiago_ws/install/tiago_exam_worlds/share/tiago_exam_worlds/models/reemc_textured_object/meshes/texture.jpg
[0.356s] -- Up-to-date symlink: /home/ines/tiago_ws/install/tiago_exam_worlds/share/tiago_exam_worlds/models/reemc_textured_object/model.config
[0.356s] -- Up-to-date symlink: /home/ines/tiago_ws/install/tiago_exam_worlds/share/tiago_exam_worlds/models/reemc_textured_object/model.sdf
[0.356s] -- Up-to-date symlink: /home/ines/tiago_ws/install/tiago_exam_worlds/share/tiago_exam_worlds/models/reemc_textured_object_nograv/model.config
[0.356s] -- Up-to-date symlink: /home/ines/tiago_ws/install/tiago_exam_worlds/share/tiago_exam_worlds/models/reemc_textured_object_nograv/model.sdf
[0.356s] -- Up-to-date symlink: /home/ines/tiago_ws/install/tiago_exam_worlds/share/tiago_exam_worlds/models/reemc_walls/model.config
[0.356s] -- Up-to-date symlink: /home/ines/tiago_ws/install/tiago_exam_worlds/share/tiago_exam_worlds/models/reemc_walls/walls.sdf
[0.356s] -- Up-to-date symlink: /home/ines/tiago_ws/install/tiago_exam_worlds/share/tiago_exam_worlds/models/reviews_table/meshes/reviews_table.stl
[0.357s] -- Up-to-date symlink: /home/ines/tiago_ws/install/tiago_exam_worlds/share/tiago_exam_worlds/models/reviews_table/model.config
[0.357s] -- Up-to-date symlink: /home/ines/tiago_ws/install/tiago_exam_worlds/share/tiago_exam_worlds/models/reviews_table/reviews_table.sdf
[0.357s] -- Up-to-date symlink: /home/ines/tiago_ws/install/tiago_exam_worlds/share/tiago_exam_worlds/models/robocup_walls_70cm_doors/house_walls.sdf
[0.357s] -- Up-to-date symlink: /home/ines/tiago_ws/install/tiago_exam_worlds/share/tiago_exam_worlds/models/robocup_walls_70cm_doors/meshes/robocup_house.stl
[0.357s] -- Up-to-date symlink: /home/ines/tiago_ws/install/tiago_exam_worlds/share/tiago_exam_worlds/models/robocup_walls_70cm_doors/model.config
[0.357s] -- Up-to-date symlink: /home/ines/tiago_ws/install/tiago_exam_worlds/share/tiago_exam_worlds/models/rockin_camp/README
[0.357s] -- Up-to-date symlink: /home/ines/tiago_ws/install/tiago_exam_worlds/share/tiago_exam_worlds/models/rockin_camp/model.config
[0.357s] -- Up-to-date symlink: /home/ines/tiago_ws/install/tiago_exam_worlds/share/tiago_exam_worlds/models/rockin_camp/model.sdf
[0.357s] -- Up-to-date symlink: /home/ines/tiago_ws/install/tiago_exam_worlds/share/tiago_exam_worlds/models/rockin_camp/rockin_camp.png
[0.358s] -- Up-to-date symlink: /home/ines/tiago_ws/install/tiago_exam_worlds/share/tiago_exam_worlds/models/sideboard/meshes/sideboard.stl
[0.358s] -- Up-to-date symlink: /home/ines/tiago_ws/install/tiago_exam_worlds/share/tiago_exam_worlds/models/sideboard/model.config
[0.358s] -- Up-to-date symlink: /home/ines/tiago_ws/install/tiago_exam_worlds/share/tiago_exam_worlds/models/sideboard/sideboard.sdf
[0.358s] -- Up-to-date symlink: /home/ines/tiago_ws/install/tiago_exam_worlds/share/tiago_exam_worlds/models/sink_furniture/meshes/TexturesCom_Wood_GluLamBeam_header.jpg
[0.358s] -- Up-to-date symlink: /home/ines/tiago_ws/install/tiago_exam_worlds/share/tiago_exam_worlds/models/sink_furniture/meshes/kitchen_only_armario_lavamanos.mtl
[0.358s] -- Up-to-date symlink: /home/ines/tiago_ws/install/tiago_exam_worlds/share/tiago_exam_worlds/models/sink_furniture/meshes/kitchen_only_armario_lavamanos.obj
[0.358s] -- Up-to-date symlink: /home/ines/tiago_ws/install/tiago_exam_worlds/share/tiago_exam_worlds/models/sink_furniture/meshes/kitchen_only_cajon_1.mtl
[0.358s] -- Up-to-date symlink: /home/ines/tiago_ws/install/tiago_exam_worlds/share/tiago_exam_worlds/models/sink_furniture/meshes/kitchen_only_cajon_1.obj
[0.359s] -- Up-to-date symlink: /home/ines/tiago_ws/install/tiago_exam_worlds/share/tiago_exam_worlds/models/sink_furniture/meshes/kitchen_only_cajon_2.mtl
[0.359s] -- Up-to-date symlink: /home/ines/tiago_ws/install/tiago_exam_worlds/share/tiago_exam_worlds/models/sink_furniture/meshes/kitchen_only_cajon_2.obj
[0.359s] -- Up-to-date symlink: /home/ines/tiago_ws/install/tiago_exam_worlds/share/tiago_exam_worlds/models/sink_furniture/meshes/kitchen_only_cajon_grande.mtl
[0.359s] -- Up-to-date symlink: /home/ines/tiago_ws/install/tiago_exam_worlds/share/tiago_exam_worlds/models/sink_furniture/meshes/kitchen_only_cajon_grande.obj
[0.359s] -- Up-to-date symlink: /home/ines/tiago_ws/install/tiago_exam_worlds/share/tiago_exam_worlds/models/sink_furniture/meshes/kitchen_only_cubiertos_lavavajillas.mtl
[0.359s] -- Up-to-date symlink: /home/ines/tiago_ws/install/tiago_exam_worlds/share/tiago_exam_worlds/models/sink_furniture/meshes/kitchen_only_cubiertos_lavavajillas.obj
[0.359s] -- Up-to-date symlink: /home/ines/tiago_ws/install/tiago_exam_worlds/share/tiago_exam_worlds/models/sink_furniture/meshes/kitchen_only_kitchen.mtl
[0.359s] -- Up-to-date symlink: /home/ines/tiago_ws/install/tiago_exam_worlds/share/tiago_exam_worlds/models/sink_furniture/meshes/kitchen_only_kitchen.obj
[0.359s] -- Up-to-date symlink: /home/ines/tiago_ws/install/tiago_exam_worlds/share/tiago_exam_worlds/models/sink_furniture/meshes/kitchen_only_lavadora.mtl
[0.360s] -- Up-to-date symlink: /home/ines/tiago_ws/install/tiago_exam_worlds/share/tiago_exam_worlds/models/sink_furniture/meshes/kitchen_only_lavadora.obj
[0.360s] -- Up-to-date symlink: /home/ines/tiago_ws/install/tiago_exam_worlds/share/tiago_exam_worlds/models/sink_furniture/meshes/kitchen_only_parte_de_abajo_lavavajillas.mtl
[0.360s] -- Up-to-date symlink: /home/ines/tiago_ws/install/tiago_exam_worlds/share/tiago_exam_worlds/models/sink_furniture/meshes/kitchen_only_parte_de_abajo_lavavajillas.obj
[0.360s] -- Up-to-date symlink: /home/ines/tiago_ws/install/tiago_exam_worlds/share/tiago_exam_worlds/models/sink_furniture/meshes/kitchen_only_parte_de_arriba_lavavajillas.mtl
[0.360s] -- Up-to-date symlink: /home/ines/tiago_ws/install/tiago_exam_worlds/share/tiago_exam_worlds/models/sink_furniture/meshes/kitchen_only_parte_de_arriba_lavavajillas.obj
[0.360s] -- Up-to-date symlink: /home/ines/tiago_ws/install/tiago_exam_worlds/share/tiago_exam_worlds/models/sink_furniture/meshes/kitchen_only_puerta_lavavajillas.mtl
[0.360s] -- Up-to-date symlink: /home/ines/tiago_ws/install/tiago_exam_worlds/share/tiago_exam_worlds/models/sink_furniture/meshes/kitchen_only_puerta_lavavajillas.obj
[0.360s] -- Up-to-date symlink: /home/ines/tiago_ws/install/tiago_exam_worlds/share/tiago_exam_worlds/models/sink_furniture/model.config
[0.360s] -- Up-to-date symlink: /home/ines/tiago_ws/install/tiago_exam_worlds/share/tiago_exam_worlds/models/sink_furniture/model.sdf
[0.361s] -- Up-to-date symlink: /home/ines/tiago_ws/install/tiago_exam_worlds/share/tiago_exam_worlds/models/slippery_patch/material/scripts/slippery_patch.material
[0.361s] -- Up-to-date symlink: /home/ines/tiago_ws/install/tiago_exam_worlds/share/tiago_exam_worlds/models/slippery_patch/material/textures/slippery_patch.jpg
[0.361s] -- Up-to-date symlink: /home/ines/tiago_ws/install/tiago_exam_worlds/share/tiago_exam_worlds/models/slippery_patch/model.config
[0.361s] -- Up-to-date symlink: /home/ines/tiago_ws/install/tiago_exam_worlds/share/tiago_exam_worlds/models/slippery_patch/slippery_patch.sdf
[0.361s] -- Up-to-date symlink: /home/ines/tiago_ws/install/tiago_exam_worlds/share/tiago_exam_worlds/models/small_cylinder/model.config
[0.361s] -- Up-to-date symlink: /home/ines/tiago_ws/install/tiago_exam_worlds/share/tiago_exam_worlds/models/small_cylinder/small_cylinder.sdf
[0.361s] -- Up-to-date symlink: /home/ines/tiago_ws/install/tiago_exam_worlds/share/tiago_exam_worlds/models/sofa/meshes/sofa.stl
[0.362s] -- Up-to-date symlink: /home/ines/tiago_ws/install/tiago_exam_worlds/share/tiago_exam_worlds/models/sofa/model.config
[0.362s] -- Up-to-date symlink: /home/ines/tiago_ws/install/tiago_exam_worlds/share/tiago_exam_worlds/models/sofa/sofa.sdf
[0.362s] -- Up-to-date symlink: /home/ines/tiago_ws/install/tiago_exam_worlds/share/tiago_exam_worlds/models/sprite/material/scripts/sprite.material
[0.362s] -- Up-to-date symlink: /home/ines/tiago_ws/install/tiago_exam_worlds/share/tiago_exam_worlds/models/sprite/material/textures/sprite.jpg
[0.362s] -- Up-to-date symlink: /home/ines/tiago_ws/install/tiago_exam_worlds/share/tiago_exam_worlds/models/sprite/model.config
[0.363s] -- Up-to-date symlink: /home/ines/tiago_ws/install/tiago_exam_worlds/share/tiago_exam_worlds/models/sprite/sprite.sdf
[0.363s] -- Up-to-date symlink: /home/ines/tiago_ws/install/tiago_exam_worlds/share/tiago_exam_worlds/models/sun/model-1_2.sdf
[0.363s] -- Up-to-date symlink: /home/ines/tiago_ws/install/tiago_exam_worlds/share/tiago_exam_worlds/models/sun/model-1_3.sdf
[0.363s] -- Up-to-date symlink: /home/ines/tiago_ws/install/tiago_exam_worlds/share/tiago_exam_worlds/models/sun/model-1_4.sdf
[0.363s] -- Up-to-date symlink: /home/ines/tiago_ws/install/tiago_exam_worlds/share/tiago_exam_worlds/models/sun/model.config
[0.363s] -- Up-to-date symlink: /home/ines/tiago_ws/install/tiago_exam_worlds/share/tiago_exam_worlds/models/sun/model.sdf
[0.363s] -- Up-to-date symlink: /home/ines/tiago_ws/install/tiago_exam_worlds/share/tiago_exam_worlds/models/table_0m8/model.config
[0.363s] -- Up-to-date symlink: /home/ines/tiago_ws/install/tiago_exam_worlds/share/tiago_exam_worlds/models/table_0m8/table.sdf
[0.364s] -- Up-to-date symlink: /home/ines/tiago_ws/install/tiago_exam_worlds/share/tiago_exam_worlds/models/table_1m/model.config
[0.364s] -- Up-to-date symlink: /home/ines/tiago_ws/install/tiago_exam_worlds/share/tiago_exam_worlds/models/table_1m/table_1m.sdf
[0.364s] -- Up-to-date symlink: /home/ines/tiago_ws/install/tiago_exam_worlds/share/tiago_exam_worlds/models/test2/meshes/test2.dae
[0.364s] -- Up-to-date symlink: /home/ines/tiago_ws/install/tiago_exam_worlds/share/tiago_exam_worlds/models/test2/model.config
[0.364s] -- Up-to-date symlink: /home/ines/tiago_ws/install/tiago_exam_worlds/share/tiago_exam_worlds/models/test2/test2.sdf
[0.364s] -- Up-to-date symlink: /home/ines/tiago_ws/install/tiago_exam_worlds/share/tiago_exam_worlds/models/testing_room/README
[0.365s] -- Up-to-date symlink: /home/ines/tiago_ws/install/tiago_exam_worlds/share/tiago_exam_worlds/models/testing_room/model.config
[0.365s] -- Up-to-date symlink: /home/ines/tiago_ws/install/tiago_exam_worlds/share/tiago_exam_worlds/models/testing_room/model.sdf
[0.365s] -- Up-to-date symlink: /home/ines/tiago_ws/install/tiago_exam_worlds/share/tiago_exam_worlds/models/testing_room/testing_room.png
[0.365s] -- Up-to-date symlink: /home/ines/tiago_ws/install/tiago_exam_worlds/share/tiago_exam_worlds/models/tv/meshes/tv.stl
[0.365s] -- Up-to-date symlink: /home/ines/tiago_ws/install/tiago_exam_worlds/share/tiago_exam_worlds/models/tv/model.config
[0.365s] -- Up-to-date symlink: /home/ines/tiago_ws/install/tiago_exam_worlds/share/tiago_exam_worlds/models/tv/tv.sdf
[0.366s] -- Up-to-date symlink: /home/ines/tiago_ws/install/tiago_exam_worlds/share/tiago_exam_worlds/models/wall_with_reem_photo/material/scripts/ball.material
[0.366s] -- Up-to-date symlink: /home/ines/tiago_ws/install/tiago_exam_worlds/share/tiago_exam_worlds/models/wall_with_reem_photo/material/scripts/wallWithREEMphoto.material
[0.366s] -- Up-to-date symlink: /home/ines/tiago_ws/install/tiago_exam_worlds/share/tiago_exam_worlds/models/wall_with_reem_photo/material/textures/REEM_photo0.jpg
[0.366s] -- Up-to-date symlink: /home/ines/tiago_ws/install/tiago_exam_worlds/share/tiago_exam_worlds/models/wall_with_reem_photo/model.config
[0.366s] -- Up-to-date symlink: /home/ines/tiago_ws/install/tiago_exam_worlds/share/tiago_exam_worlds/models/wall_with_reem_photo/model.sdf
[0.367s] -- Up-to-date symlink: /home/ines/tiago_ws/install/tiago_exam_worlds/share/tiago_exam_worlds/models/wardrobe/meshes/wardrobe.stl
[0.367s] -- Up-to-date symlink: /home/ines/tiago_ws/install/tiago_exam_worlds/share/tiago_exam_worlds/models/wardrobe/model.config
[0.367s] -- Up-to-date symlink: /home/ines/tiago_ws/install/tiago_exam_worlds/share/tiago_exam_worlds/models/wardrobe/wardrobe.sdf
[0.367s] -- Up-to-date symlink: /home/ines/tiago_ws/install/tiago_exam_worlds/share/tiago_exam_worlds/models/willowgarage/materials/textures/Carpet_Berber_Pattern_Gray_.png
[0.367s] -- Up-to-date symlink: /home/ines/tiago_ws/install/tiago_exam_worlds/share/tiago_exam_worlds/models/willowgarage/materials/textures/Stone_Brushed_Khaki_.png
[0.368s] -- Up-to-date symlink: /home/ines/tiago_ws/install/tiago_exam_worlds/share/tiago_exam_worlds/models/willowgarage/materials/textures/Wood_Bamboo_Medium_.png
[0.368s] -- Up-to-date symlink: /home/ines/tiago_ws/install/tiago_exam_worlds/share/tiago_exam_worlds/models/willowgarage/materials/textures/Wood_Cherry_Original_.png
[0.368s] -- Up-to-date symlink: /home/ines/tiago_ws/install/tiago_exam_worlds/share/tiago_exam_worlds/models/willowgarage/materials/textures/__Wood_Bamboo_Medium_1.png
[0.368s] -- Up-to-date symlink: /home/ines/tiago_ws/install/tiago_exam_worlds/share/tiago_exam_worlds/models/willowgarage/materials/textures/__auto_12.png
[0.368s] -- Up-to-date symlink: /home/ines/tiago_ws/install/tiago_exam_worlds/share/tiago_exam_worlds/models/willowgarage/materials/textures/__auto_2.png
[0.369s] -- Up-to-date symlink: /home/ines/tiago_ws/install/tiago_exam_worlds/share/tiago_exam_worlds/models/willowgarage/meshes/willowgarage_collision.dae
[0.369s] -- Up-to-date symlink: /home/ines/tiago_ws/install/tiago_exam_worlds/share/tiago_exam_worlds/models/willowgarage/meshes/willowgarage_visual.dae
[0.369s] -- Up-to-date symlink: /home/ines/tiago_ws/install/tiago_exam_worlds/share/tiago_exam_worlds/worlds/example.world
[0.369s] -- Up-to-date symlink: /home/ines/tiago_ws/install/tiago_exam_worlds/share/tiago_exam_worlds/worlds/group10.world
[0.369s] -- Up-to-date symlink: /home/ines/tiago_ws/install/tiago_exam_worlds/share/ament_index/resource_index/package_run_dependencies/tiago_exam_worlds
[0.369s] -- Up-to-date symlink: /home/ines/tiago_ws/install/tiago_exam_worlds/share/ament_index/resource_index/parent_prefix_path/tiago_exam_worlds
[0.370s] -- Up-to-date symlink: /home/ines/tiago_ws/install/tiago_exam_worlds/share/tiago_exam_worlds/environment/ament_prefix_path.sh
[0.370s] -- Up-to-date symlink: /home/ines/tiago_ws/install/tiago_exam_worlds/share/tiago_exam_worlds/environment/ament_prefix_path.dsv
[0.370s] -- Up-to-date symlink: /home/ines/tiago_ws/install/tiago_exam_worlds/share/tiago_exam_worlds/environment/path.sh
[0.370s] -- Up-to-date symlink: /home/ines/tiago_ws/install/tiago_exam_worlds/share/tiago_exam_worlds/environment/path.dsv
[0.370s] -- Up-to-date symlink: /home/ines/tiago_ws/install/tiago_exam_worlds/share/tiago_exam_worlds/local_setup.bash
[0.370s] -- Up-to-date symlink: /home/ines/tiago_ws/install/tiago_exam_worlds/share/tiago_exam_worlds/local_setup.sh
[0.370s] -- Up-to-date symlink: /home/ines/tiago_ws/install/tiago_exam_worlds/share/tiago_exam_worlds/local_setup.zsh
[0.370s] -- Up-to-date symlink: /home/ines/tiago_ws/install/tiago_exam_worlds/share/tiago_exam_worlds/local_setup.dsv
[0.370s] -- Symlinking: /home/ines/tiago_ws/install/tiago_exam_worlds/share/tiago_exam_worlds/package.dsv
[0.375s] -- Up-to-date symlink: /home/ines/tiago_ws/install/tiago_exam_worlds/share/ament_index/resource_index/packages/tiago_exam_worlds
[0.376s] -- Up-to-date symlink: /home/ines/tiago_ws/install/tiago_exam_worlds/share/tiago_exam_worlds/cmake/tiago_exam_worldsConfig.cmake
[0.376s] -- Up-to-date symlink: /home/ines/tiago_ws/install/tiago_exam_worlds/share/tiago_exam_worlds/cmake/tiago_exam_worldsConfig-version.cmake
[0.376s] -- Up-to-date symlink: /home/ines/tiago_ws/install/tiago_exam_worlds/share/tiago_exam_worlds/package.xml
[0.425s] Invoked command in '/home/ines/tiago_ws/build/tiago_exam_worlds' returned '0': CMAKE_PREFIX_PATH=${CMAKE_PREFIX_PATH}:/home/ines/tiago_ws/install/tiago_autonomous_navigation:/home/ines/tiago_ws/install/tiago_autonomous_exploration:/home/ines/ros2_ws/install/scripts:/home/ines/ros2_ws/install/acrobat:/opt/ros/humble /usr/bin/cmake --install /home/ines/tiago_ws/build/tiago_exam_worlds
