[0.435s] Invoking command in '/home/ines/tiago_ws/build/tiago_exam': CMAKE_PREFIX_PATH=/home/ines/tiago_ws/install/tiago_2dnav:/home/ines/tiago_ws/install/pmb2_maps:/home/ines/tiago_ws/install/tiago_navigation:/home/ines/tiago_ws/install/tiago_laser_sensors:/home/ines/tiago_ws/install/tiago_exam_worlds:/home/ines/tiago_ws/install/tiago_exam:/home/ines/tiago_ws/install/tiago_controller_configuration:/home/ines/tiago_ws/install/pmb2_rgbd_sensors:/home/ines/tiago_ws/install/pmb2_navigation:/home/ines/tiago_ws/install/pmb2_laser_sensors:/home/ines/tiago_ws/install/pmb2_2dnav:/home/ines/tiago_ws/install/pal_navigation_cfg:/home/ines/tiago_ws/install/pal_navigation_cfg_bringup:/home/ines/tiago_ws/install/pal_navigation_cfg_params:/home/ines/tiago_ws/install/multirobot_map_merge:/home/ines/tiago_ws/install/explore_lite:/home/ines/test_ws/install/my_package:/home/ines/tiago_ws/install/tiago_autonomous_navigation:/home/ines/tiago_ws/install/tiago_autonomous_exploration:/home/ines/ros2_ws/install/scripts:/home/ines/ros2_ws/install/acrobat:/opt/ros/humble /usr/bin/cmake --build /home/ines/tiago_ws/build/tiago_exam -- -j8 -l8
[0.805s] Invoked command in '/home/ines/tiago_ws/build/tiago_exam' returned '0': CMAKE_PREFIX_PATH=/home/ines/tiago_ws/install/tiago_2dnav:/home/ines/tiago_ws/install/pmb2_maps:/home/ines/tiago_ws/install/tiago_navigation:/home/ines/tiago_ws/install/tiago_laser_sensors:/home/ines/tiago_ws/install/tiago_exam_worlds:/home/ines/tiago_ws/install/tiago_exam:/home/ines/tiago_ws/install/tiago_controller_configuration:/home/ines/tiago_ws/install/pmb2_rgbd_sensors:/home/ines/tiago_ws/install/pmb2_navigation:/home/ines/tiago_ws/install/pmb2_laser_sensors:/home/ines/tiago_ws/install/pmb2_2dnav:/home/ines/tiago_ws/install/pal_navigation_cfg:/home/ines/tiago_ws/install/pal_navigation_cfg_bringup:/home/ines/tiago_ws/install/pal_navigation_cfg_params:/home/ines/tiago_ws/install/multirobot_map_merge:/home/ines/tiago_ws/install/explore_lite:/home/ines/test_ws/install/my_package:/home/ines/tiago_ws/install/tiago_autonomous_navigation:/home/ines/tiago_ws/install/tiago_autonomous_exploration:/home/ines/ros2_ws/install/scripts:/home/ines/ros2_ws/install/acrobat:/opt/ros/humble /usr/bin/cmake --build /home/ines/tiago_ws/build/tiago_exam -- -j8 -l8
[1.002s] Invoking command in '/home/ines/tiago_ws/build/tiago_exam': CMAKE_PREFIX_PATH=/home/ines/tiago_ws/install/tiago_2dnav:/home/ines/tiago_ws/install/pmb2_maps:/home/ines/tiago_ws/install/tiago_navigation:/home/ines/tiago_ws/install/tiago_laser_sensors:/home/ines/tiago_ws/install/tiago_exam_worlds:/home/ines/tiago_ws/install/tiago_exam:/home/ines/tiago_ws/install/tiago_controller_configuration:/home/ines/tiago_ws/install/pmb2_rgbd_sensors:/home/ines/tiago_ws/install/pmb2_navigation:/home/ines/tiago_ws/install/pmb2_laser_sensors:/home/ines/tiago_ws/install/pmb2_2dnav:/home/ines/tiago_ws/install/pal_navigation_cfg:/home/ines/tiago_ws/install/pal_navigation_cfg_bringup:/home/ines/tiago_ws/install/pal_navigation_cfg_params:/home/ines/tiago_ws/install/multirobot_map_merge:/home/ines/tiago_ws/install/explore_lite:/home/ines/test_ws/install/my_package:/home/ines/tiago_ws/install/tiago_autonomous_navigation:/home/ines/tiago_ws/install/tiago_autonomous_exploration:/home/ines/ros2_ws/install/scripts:/home/ines/ros2_ws/install/acrobat:/opt/ros/humble /usr/bin/cmake --install /home/ines/tiago_ws/build/tiago_exam
[1.089s] -- Install configuration: ""
[1.093s] -- Execute custom install script
[1.097s] -- Up-to-date symlink: /home/ines/tiago_ws/install/tiago_exam/lib/tiago_exam/tuck_arm.py
[1.098s] -- Up-to-date symlink: /home/ines/tiago_ws/install/tiago_exam/share/tiago_exam/launch/tiago_exam.launch.py
[1.100s] -- Up-to-date symlink: /home/ines/tiago_ws/install/tiago_exam/share/tiago_exam/launch/tiago_spawn.launch.py
[1.106s] -- Up-to-date symlink: /home/ines/tiago_ws/install/tiago_exam/share/ament_index/resource_index/package_run_dependencies/tiago_exam
[1.107s] -- Up-to-date symlink: /home/ines/tiago_ws/install/tiago_exam/share/ament_index/resource_index/parent_prefix_path/tiago_exam
[1.116s] -- Up-to-date symlink: /home/ines/tiago_ws/install/tiago_exam/share/tiago_exam/environment/ament_prefix_path.sh
[1.122s] -- Up-to-date symlink: /home/ines/tiago_ws/install/tiago_exam/share/tiago_exam/environment/ament_prefix_path.dsv
[1.128s] -- Up-to-date symlink: /home/ines/tiago_ws/install/tiago_exam/share/tiago_exam/environment/path.sh
[1.129s] -- Up-to-date symlink: /home/ines/tiago_ws/install/tiago_exam/share/tiago_exam/environment/path.dsv
[1.130s] -- Up-to-date symlink: /home/ines/tiago_ws/install/tiago_exam/share/tiago_exam/local_setup.bash
[1.131s] -- Up-to-date symlink: /home/ines/tiago_ws/install/tiago_exam/share/tiago_exam/local_setup.sh
[1.131s] -- Up-to-date symlink: /home/ines/tiago_ws/install/tiago_exam/share/tiago_exam/local_setup.zsh
[1.132s] -- Up-to-date symlink: /home/ines/tiago_ws/install/tiago_exam/share/tiago_exam/local_setup.dsv
[1.132s] -- Symlinking: /home/ines/tiago_ws/install/tiago_exam/share/tiago_exam/package.dsv
[1.210s] -- Up-to-date symlink: /home/ines/tiago_ws/install/tiago_exam/share/ament_index/resource_index/packages/tiago_exam
[1.220s] -- Up-to-date symlink: /home/ines/tiago_ws/install/tiago_exam/share/tiago_exam/cmake/tiago_examConfig.cmake
[1.222s] -- Up-to-date symlink: /home/ines/tiago_ws/install/tiago_exam/share/tiago_exam/cmake/tiago_examConfig-version.cmake
[1.222s] -- Up-to-date symlink: /home/ines/tiago_ws/install/tiago_exam/share/tiago_exam/package.xml
[1.280s] Invoked command in '/home/ines/tiago_ws/build/tiago_exam' returned '0': CMAKE_PREFIX_PATH=/home/ines/tiago_ws/install/tiago_2dnav:/home/ines/tiago_ws/install/pmb2_maps:/home/ines/tiago_ws/install/tiago_navigation:/home/ines/tiago_ws/install/tiago_laser_sensors:/home/ines/tiago_ws/install/tiago_exam_worlds:/home/ines/tiago_ws/install/tiago_exam:/home/ines/tiago_ws/install/tiago_controller_configuration:/home/ines/tiago_ws/install/pmb2_rgbd_sensors:/home/ines/tiago_ws/install/pmb2_navigation:/home/ines/tiago_ws/install/pmb2_laser_sensors:/home/ines/tiago_ws/install/pmb2_2dnav:/home/ines/tiago_ws/install/pal_navigation_cfg:/home/ines/tiago_ws/install/pal_navigation_cfg_bringup:/home/ines/tiago_ws/install/pal_navigation_cfg_params:/home/ines/tiago_ws/install/multirobot_map_merge:/home/ines/tiago_ws/install/explore_lite:/home/ines/test_ws/install/my_package:/home/ines/tiago_ws/install/tiago_autonomous_navigation:/home/ines/tiago_ws/install/tiago_autonomous_exploration:/home/ines/ros2_ws/install/scripts:/home/ines/ros2_ws/install/acrobat:/opt/ros/humble /usr/bin/cmake --install /home/ines/tiago_ws/build/tiago_exam
