[1.045s] Invoking command in '/home/ines/tiago_ws/build/tiago_autonomous_navigation': PYTHONPATH=/home/ines/tiago_ws/build/tiago_autonomous_navigation/prefix_override:/home/ines/tiago_ws/install/tiago_autonomous_navigation/lib/python3.10/site-packages:${PYTHONPATH} /usr/bin/python3 -W ignore:setup.py install is deprecated setup.py develop --editable --build-directory /home/ines/tiago_ws/build/tiago_autonomous_navigation/build --no-deps symlink_data
[1.453s] running develop
[1.453s] /usr/lib/python3/dist-packages/setuptools/command/easy_install.py:158: EasyInstallDeprecationWarning: easy_install command is deprecated. Use build and pip and other standards-based tools.
[1.454s]   warnings.warn(
[1.703s] running egg_info
[1.704s] writing tiago_autonomous_navigation.egg-info/PKG-INFO
[1.704s] writing dependency_links to tiago_autonomous_navigation.egg-info/dependency_links.txt
[1.704s] writing entry points to tiago_autonomous_navigation.egg-info/entry_points.txt
[1.705s] writing requirements to tiago_autonomous_navigation.egg-info/requires.txt
[1.705s] writing top-level names to tiago_autonomous_navigation.egg-info/top_level.txt
[1.706s] reading manifest file 'tiago_autonomous_navigation.egg-info/SOURCES.txt'
[1.707s] writing manifest file 'tiago_autonomous_navigation.egg-info/SOURCES.txt'
[1.709s] running build_ext
[1.709s] Creating /home/ines/tiago_ws/install/tiago_autonomous_navigation/lib/python3.10/site-packages/tiago-autonomous-navigation.egg-link (link to .)
[1.710s] Installing localization script to /home/ines/tiago_ws/install/tiago_autonomous_navigation/lib/tiago_autonomous_navigation
[1.710s] Installing localization_server script to /home/ines/tiago_ws/install/tiago_autonomous_navigation/lib/tiago_autonomous_navigation
[1.711s] Installing navigation script to /home/ines/tiago_ws/install/tiago_autonomous_navigation/lib/tiago_autonomous_navigation
[1.711s] Installing target_pose_server script to /home/ines/tiago_ws/install/tiago_autonomous_navigation/lib/tiago_autonomous_navigation
[1.711s] Installing task_2_coordinator script to /home/ines/tiago_ws/install/tiago_autonomous_navigation/lib/tiago_autonomous_navigation
[1.711s] 
[1.712s] Installed /home/ines/tiago_ws/build/tiago_autonomous_navigation
[1.712s] running symlink_data
[1.755s] Invoked command in '/home/ines/tiago_ws/build/tiago_autonomous_navigation' returned '0': PYTHONPATH=/home/ines/tiago_ws/build/tiago_autonomous_navigation/prefix_override:/home/ines/tiago_ws/install/tiago_autonomous_navigation/lib/python3.10/site-packages:${PYTHONPATH} /usr/bin/python3 -W ignore:setup.py install is deprecated setup.py develop --editable --build-directory /home/ines/tiago_ws/build/tiago_autonomous_navigation/build --no-deps symlink_data
