[0.039s] Invoking command in '/home/ines/tiago_ws/build/tiago_2dnav': AMENT_PREFIX_PATH=/home/ines/tiago_ws/install/pmb2_maps:${AMENT_PREFIX_PATH} CMAKE_PREFIX_PATH=/home/ines/tiago_ws/install/pmb2_maps:/home/ines/tiago_ws/install/tiago_navigation:/home/ines/tiago_ws/install/tiago_laser_sensors:/home/ines/tiago_ws/install/tiago_exam_worlds:/home/ines/tiago_ws/install/tiago_exam:/home/ines/tiago_ws/install/tiago_controller_configuration:/home/ines/tiago_ws/install/tiago_2dnav:/home/ines/tiago_ws/install/pmb2_rgbd_sensors:/home/ines/tiago_ws/install/pmb2_navigation:/home/ines/tiago_ws/install/pmb2_laser_sensors:/home/ines/tiago_ws/install/pmb2_2dnav:/home/ines/tiago_ws/install/pal_navigation_cfg:/home/ines/tiago_ws/install/pal_navigation_cfg_bringup:/home/ines/tiago_ws/install/pal_navigation_cfg_params:/home/ines/tiago_ws/install/multirobot_map_merge:/home/ines/tiago_ws/install/explore_lite:/home/ines/test_ws/install/my_package:/home/ines/tiago_ws/install/tiago_autonomous_navigation:/home/ines/tiago_ws/install/tiago_autonomous_exploration:/home/ines/ros2_ws/install/scripts:/home/ines/ros2_ws/install/acrobat:/opt/ros/humble /usr/bin/cmake --build /home/ines/tiago_ws/build/tiago_2dnav -- -j8 -l8
[0.113s] Invoked command in '/home/ines/tiago_ws/build/tiago_2dnav' returned '0': AMENT_PREFIX_PATH=/home/ines/tiago_ws/install/pmb2_maps:${AMENT_PREFIX_PATH} CMAKE_PREFIX_PATH=/home/ines/tiago_ws/install/pmb2_maps:/home/ines/tiago_ws/install/tiago_navigation:/home/ines/tiago_ws/install/tiago_laser_sensors:/home/ines/tiago_ws/install/tiago_exam_worlds:/home/ines/tiago_ws/install/tiago_exam:/home/ines/tiago_ws/install/tiago_controller_configuration:/home/ines/tiago_ws/install/tiago_2dnav:/home/ines/tiago_ws/install/pmb2_rgbd_sensors:/home/ines/tiago_ws/install/pmb2_navigation:/home/ines/tiago_ws/install/pmb2_laser_sensors:/home/ines/tiago_ws/install/pmb2_2dnav:/home/ines/tiago_ws/install/pal_navigation_cfg:/home/ines/tiago_ws/install/pal_navigation_cfg_bringup:/home/ines/tiago_ws/install/pal_navigation_cfg_params:/home/ines/tiago_ws/install/multirobot_map_merge:/home/ines/tiago_ws/install/explore_lite:/home/ines/test_ws/install/my_package:/home/ines/tiago_ws/install/tiago_autonomous_navigation:/home/ines/tiago_ws/install/tiago_autonomous_exploration:/home/ines/ros2_ws/install/scripts:/home/ines/ros2_ws/install/acrobat:/opt/ros/humble /usr/bin/cmake --build /home/ines/tiago_ws/build/tiago_2dnav -- -j8 -l8
[0.174s] Invoking command in '/home/ines/tiago_ws/build/tiago_2dnav': AMENT_PREFIX_PATH=/home/ines/tiago_ws/install/pmb2_maps:${AMENT_PREFIX_PATH} CMAKE_PREFIX_PATH=/home/ines/tiago_ws/install/pmb2_maps:/home/ines/tiago_ws/install/tiago_navigation:/home/ines/tiago_ws/install/tiago_laser_sensors:/home/ines/tiago_ws/install/tiago_exam_worlds:/home/ines/tiago_ws/install/tiago_exam:/home/ines/tiago_ws/install/tiago_controller_configuration:/home/ines/tiago_ws/install/tiago_2dnav:/home/ines/tiago_ws/install/pmb2_rgbd_sensors:/home/ines/tiago_ws/install/pmb2_navigation:/home/ines/tiago_ws/install/pmb2_laser_sensors:/home/ines/tiago_ws/install/pmb2_2dnav:/home/ines/tiago_ws/install/pal_navigation_cfg:/home/ines/tiago_ws/install/pal_navigation_cfg_bringup:/home/ines/tiago_ws/install/pal_navigation_cfg_params:/home/ines/tiago_ws/install/multirobot_map_merge:/home/ines/tiago_ws/install/explore_lite:/home/ines/test_ws/install/my_package:/home/ines/tiago_ws/install/tiago_autonomous_navigation:/home/ines/tiago_ws/install/tiago_autonomous_exploration:/home/ines/ros2_ws/install/scripts:/home/ines/ros2_ws/install/acrobat:/opt/ros/humble /usr/bin/cmake --install /home/ines/tiago_ws/build/tiago_2dnav
[0.194s] -- Install configuration: ""
[0.195s] -- Execute custom install script
[0.196s] -- Up-to-date symlink: /home/ines/tiago_ws/install/tiago_2dnav/share/tiago_2dnav/config/rviz/advanced_navigation.rviz
[0.196s] -- Up-to-date symlink: /home/ines/tiago_ws/install/tiago_2dnav/share/tiago_2dnav/config/rviz/navigation.rviz
[0.197s] -- Up-to-date symlink: /home/ines/tiago_ws/install/tiago_2dnav/share/tiago_2dnav/launch/tiago_nav_bringup.launch.py
[0.197s] -- Up-to-date symlink: /home/ines/tiago_ws/install/tiago_2dnav/share/tiago_2dnav/params/tiago_nav.yaml
[0.198s] -- Up-to-date symlink: /home/ines/tiago_ws/install/tiago_2dnav/share/tiago_2dnav/params/tiago_nav_public_sim.yaml
[0.198s] -- Up-to-date symlink: /home/ines/tiago_ws/install/tiago_2dnav/share/tiago_2dnav/params/tiago_nav_w_composition.yaml
[0.199s] -- Up-to-date symlink: /home/ines/tiago_ws/install/tiago_2dnav/share/tiago_2dnav/params/tiago_remappings.yaml
[0.199s] -- Up-to-date symlink: /home/ines/tiago_ws/install/tiago_2dnav/share/tiago_2dnav/params/tiago_remappings_sim.yaml
[0.199s] -- Up-to-date symlink: /home/ines/tiago_ws/install/tiago_2dnav/share/ament_index/resource_index/package_run_dependencies/tiago_2dnav
[0.199s] -- Up-to-date symlink: /home/ines/tiago_ws/install/tiago_2dnav/share/ament_index/resource_index/parent_prefix_path/tiago_2dnav
[0.199s] -- Up-to-date symlink: /home/ines/tiago_ws/install/tiago_2dnav/share/tiago_2dnav/environment/ament_prefix_path.sh
[0.200s] -- Up-to-date symlink: /home/ines/tiago_ws/install/tiago_2dnav/share/tiago_2dnav/environment/ament_prefix_path.dsv
[0.200s] -- Up-to-date symlink: /home/ines/tiago_ws/install/tiago_2dnav/share/tiago_2dnav/environment/path.sh
[0.201s] -- Up-to-date symlink: /home/ines/tiago_ws/install/tiago_2dnav/share/tiago_2dnav/environment/path.dsv
[0.201s] -- Up-to-date symlink: /home/ines/tiago_ws/install/tiago_2dnav/share/tiago_2dnav/local_setup.bash
[0.201s] -- Up-to-date symlink: /home/ines/tiago_ws/install/tiago_2dnav/share/tiago_2dnav/local_setup.sh
[0.201s] -- Up-to-date symlink: /home/ines/tiago_ws/install/tiago_2dnav/share/tiago_2dnav/local_setup.zsh
[0.202s] -- Up-to-date symlink: /home/ines/tiago_ws/install/tiago_2dnav/share/tiago_2dnav/local_setup.dsv
[0.202s] -- Symlinking: /home/ines/tiago_ws/install/tiago_2dnav/share/tiago_2dnav/package.dsv
[0.220s] -- Up-to-date symlink: /home/ines/tiago_ws/install/tiago_2dnav/share/ament_index/resource_index/packages/tiago_2dnav
[0.221s] -- Up-to-date symlink: /home/ines/tiago_ws/install/tiago_2dnav/share/tiago_2dnav/cmake/tiago_2dnavConfig.cmake
[0.221s] -- Up-to-date symlink: /home/ines/tiago_ws/install/tiago_2dnav/share/tiago_2dnav/cmake/tiago_2dnavConfig-version.cmake
[0.221s] -- Up-to-date symlink: /home/ines/tiago_ws/install/tiago_2dnav/share/tiago_2dnav/package.xml
[0.227s] Invoked command in '/home/ines/tiago_ws/build/tiago_2dnav' returned '0': AMENT_PREFIX_PATH=/home/ines/tiago_ws/install/pmb2_maps:${AMENT_PREFIX_PATH} CMAKE_PREFIX_PATH=/home/ines/tiago_ws/install/pmb2_maps:/home/ines/tiago_ws/install/tiago_navigation:/home/ines/tiago_ws/install/tiago_laser_sensors:/home/ines/tiago_ws/install/tiago_exam_worlds:/home/ines/tiago_ws/install/tiago_exam:/home/ines/tiago_ws/install/tiago_controller_configuration:/home/ines/tiago_ws/install/tiago_2dnav:/home/ines/tiago_ws/install/pmb2_rgbd_sensors:/home/ines/tiago_ws/install/pmb2_navigation:/home/ines/tiago_ws/install/pmb2_laser_sensors:/home/ines/tiago_ws/install/pmb2_2dnav:/home/ines/tiago_ws/install/pal_navigation_cfg:/home/ines/tiago_ws/install/pal_navigation_cfg_bringup:/home/ines/tiago_ws/install/pal_navigation_cfg_params:/home/ines/tiago_ws/install/multirobot_map_merge:/home/ines/tiago_ws/install/explore_lite:/home/ines/test_ws/install/my_package:/home/ines/tiago_ws/install/tiago_autonomous_navigation:/home/ines/tiago_ws/install/tiago_autonomous_exploration:/home/ines/ros2_ws/install/scripts:/home/ines/ros2_ws/install/acrobat:/opt/ros/humble /usr/bin/cmake --install /home/ines/tiago_ws/build/tiago_2dnav
