[0.037s] Invoking command in '/home/ines/tiago_ws/build/pmb2_2dnav': AMENT_PREFIX_PATH=/home/ines/tiago_ws/install/pmb2_maps:${AMENT_PREFIX_PATH} CMAKE_PREFIX_PATH=/home/ines/tiago_ws/install/pmb2_maps:/home/ines/tiago_ws/install/pmb2_laser_sensors:/home/ines/tiago_ws/install/tiago_navigation:/home/ines/tiago_ws/install/tiago_laser_sensors:/home/ines/tiago_ws/install/tiago_exam_worlds:/home/ines/tiago_ws/install/tiago_exam:/home/ines/tiago_ws/install/tiago_controller_configuration:/home/ines/tiago_ws/install/tiago_2dnav:/home/ines/tiago_ws/install/pmb2_rgbd_sensors:/home/ines/tiago_ws/install/pmb2_navigation:/home/ines/tiago_ws/install/pmb2_2dnav:/home/ines/tiago_ws/install/pal_navigation_cfg:/home/ines/tiago_ws/install/pal_navigation_cfg_bringup:/home/ines/tiago_ws/install/pal_navigation_cfg_params:/home/ines/tiago_ws/install/multirobot_map_merge:/home/ines/tiago_ws/install/explore_lite:/home/ines/test_ws/install/my_package:/home/ines/tiago_ws/install/tiago_autonomous_navigation:/home/ines/tiago_ws/install/tiago_autonomous_exploration:/home/ines/ros2_ws/install/scripts:/home/ines/ros2_ws/install/acrobat:/opt/ros/humble /usr/bin/cmake --build /home/ines/tiago_ws/build/pmb2_2dnav -- -j8 -l8
[0.081s] -- Found ament_cmake_auto: 1.3.8 (/opt/ros/humble/share/ament_cmake_auto/cmake)
[0.351s] -- Override CMake install command with custom implementation using symlinks instead of copying resources
[0.507s] -- Found ament_lint_auto: 0.12.10 (/opt/ros/humble/share/ament_lint_auto/cmake)
[0.531s] -- Added test 'copyright' to check source files copyright and LICENSE
[0.533s] -- Added test 'flake8' to check Python code syntax and style conventions
[0.534s] -- Added test 'lint_cmake' to check CMake code style
[0.535s] -- Added test 'pep257' to check Python code against some of the docstring style conventions in PEP 257
[0.537s] -- Added test 'xmllint' to check XML markup files
[0.539s] -- Configuring done
[0.545s] -- Generating done
[0.548s] -- Build files have been written to: /home/ines/tiago_ws/build/pmb2_2dnav
[0.656s] Invoked command in '/home/ines/tiago_ws/build/pmb2_2dnav' returned '0': AMENT_PREFIX_PATH=/home/ines/tiago_ws/install/pmb2_maps:${AMENT_PREFIX_PATH} CMAKE_PREFIX_PATH=/home/ines/tiago_ws/install/pmb2_maps:/home/ines/tiago_ws/install/pmb2_laser_sensors:/home/ines/tiago_ws/install/tiago_navigation:/home/ines/tiago_ws/install/tiago_laser_sensors:/home/ines/tiago_ws/install/tiago_exam_worlds:/home/ines/tiago_ws/install/tiago_exam:/home/ines/tiago_ws/install/tiago_controller_configuration:/home/ines/tiago_ws/install/tiago_2dnav:/home/ines/tiago_ws/install/pmb2_rgbd_sensors:/home/ines/tiago_ws/install/pmb2_navigation:/home/ines/tiago_ws/install/pmb2_2dnav:/home/ines/tiago_ws/install/pal_navigation_cfg:/home/ines/tiago_ws/install/pal_navigation_cfg_bringup:/home/ines/tiago_ws/install/pal_navigation_cfg_params:/home/ines/tiago_ws/install/multirobot_map_merge:/home/ines/tiago_ws/install/explore_lite:/home/ines/test_ws/install/my_package:/home/ines/tiago_ws/install/tiago_autonomous_navigation:/home/ines/tiago_ws/install/tiago_autonomous_exploration:/home/ines/ros2_ws/install/scripts:/home/ines/ros2_ws/install/acrobat:/opt/ros/humble /usr/bin/cmake --build /home/ines/tiago_ws/build/pmb2_2dnav -- -j8 -l8
[0.702s] Invoking command in '/home/ines/tiago_ws/build/pmb2_2dnav': AMENT_PREFIX_PATH=/home/ines/tiago_ws/install/pmb2_maps:${AMENT_PREFIX_PATH} CMAKE_PREFIX_PATH=/home/ines/tiago_ws/install/pmb2_maps:/home/ines/tiago_ws/install/pmb2_laser_sensors:/home/ines/tiago_ws/install/tiago_navigation:/home/ines/tiago_ws/install/tiago_laser_sensors:/home/ines/tiago_ws/install/tiago_exam_worlds:/home/ines/tiago_ws/install/tiago_exam:/home/ines/tiago_ws/install/tiago_controller_configuration:/home/ines/tiago_ws/install/tiago_2dnav:/home/ines/tiago_ws/install/pmb2_rgbd_sensors:/home/ines/tiago_ws/install/pmb2_navigation:/home/ines/tiago_ws/install/pmb2_2dnav:/home/ines/tiago_ws/install/pal_navigation_cfg:/home/ines/tiago_ws/install/pal_navigation_cfg_bringup:/home/ines/tiago_ws/install/pal_navigation_cfg_params:/home/ines/tiago_ws/install/multirobot_map_merge:/home/ines/tiago_ws/install/explore_lite:/home/ines/test_ws/install/my_package:/home/ines/tiago_ws/install/tiago_autonomous_navigation:/home/ines/tiago_ws/install/tiago_autonomous_exploration:/home/ines/ros2_ws/install/scripts:/home/ines/ros2_ws/install/acrobat:/opt/ros/humble /usr/bin/cmake --install /home/ines/tiago_ws/build/pmb2_2dnav
[0.714s] -- Install configuration: ""
[0.715s] -- Execute custom install script
[0.716s] -- Symlinking: /home/ines/tiago_ws/install/pmb2_2dnav/share/pmb2_2dnav/config/rviz/advanced_navigation.rviz
[0.733s] -- Up-to-date symlink: /home/ines/tiago_ws/install/pmb2_2dnav/share/pmb2_2dnav/config/rviz/navigation.rviz
[0.734s] -- Symlinking: /home/ines/tiago_ws/install/pmb2_2dnav/share/pmb2_2dnav/launch/pmb2_nav_bringup.launch.py
[0.751s] -- Symlinking: /home/ines/tiago_ws/install/pmb2_2dnav/share/pmb2_2dnav/params/pmb2_nav.yaml
[0.767s] -- Symlinking: /home/ines/tiago_ws/install/pmb2_2dnav/share/pmb2_2dnav/params/pmb2_nav_public_sim.yaml
[0.784s] -- Symlinking: /home/ines/tiago_ws/install/pmb2_2dnav/share/pmb2_2dnav/params/pmb2_nav_w_composition.yaml
[0.801s] -- Symlinking: /home/ines/tiago_ws/install/pmb2_2dnav/share/pmb2_2dnav/params/pmb2_remappings.yaml
[0.816s] -- Symlinking: /home/ines/tiago_ws/install/pmb2_2dnav/share/pmb2_2dnav/params/pmb2_remappings_sim.yaml
[0.833s] -- Up-to-date symlink: /home/ines/tiago_ws/install/pmb2_2dnav/share/ament_index/resource_index/package_run_dependencies/pmb2_2dnav
[0.833s] -- Up-to-date symlink: /home/ines/tiago_ws/install/pmb2_2dnav/share/ament_index/resource_index/parent_prefix_path/pmb2_2dnav
[0.833s] -- Up-to-date symlink: /home/ines/tiago_ws/install/pmb2_2dnav/share/pmb2_2dnav/environment/ament_prefix_path.sh
[0.834s] -- Up-to-date symlink: /home/ines/tiago_ws/install/pmb2_2dnav/share/pmb2_2dnav/environment/ament_prefix_path.dsv
[0.834s] -- Up-to-date symlink: /home/ines/tiago_ws/install/pmb2_2dnav/share/pmb2_2dnav/environment/path.sh
[0.834s] -- Up-to-date symlink: /home/ines/tiago_ws/install/pmb2_2dnav/share/pmb2_2dnav/environment/path.dsv
[0.834s] -- Up-to-date symlink: /home/ines/tiago_ws/install/pmb2_2dnav/share/pmb2_2dnav/local_setup.bash
[0.834s] -- Up-to-date symlink: /home/ines/tiago_ws/install/pmb2_2dnav/share/pmb2_2dnav/local_setup.sh
[0.835s] -- Up-to-date symlink: /home/ines/tiago_ws/install/pmb2_2dnav/share/pmb2_2dnav/local_setup.zsh
[0.835s] -- Up-to-date symlink: /home/ines/tiago_ws/install/pmb2_2dnav/share/pmb2_2dnav/local_setup.dsv
[0.835s] -- Symlinking: /home/ines/tiago_ws/install/pmb2_2dnav/share/pmb2_2dnav/package.dsv
[0.851s] -- Up-to-date symlink: /home/ines/tiago_ws/install/pmb2_2dnav/share/ament_index/resource_index/packages/pmb2_2dnav
[0.851s] -- Up-to-date symlink: /home/ines/tiago_ws/install/pmb2_2dnav/share/pmb2_2dnav/cmake/pmb2_2dnavConfig.cmake
[0.851s] -- Up-to-date symlink: /home/ines/tiago_ws/install/pmb2_2dnav/share/pmb2_2dnav/cmake/pmb2_2dnavConfig-version.cmake
[0.852s] -- Up-to-date symlink: /home/ines/tiago_ws/install/pmb2_2dnav/share/pmb2_2dnav/package.xml
[0.857s] Invoked command in '/home/ines/tiago_ws/build/pmb2_2dnav' returned '0': AMENT_PREFIX_PATH=/home/ines/tiago_ws/install/pmb2_maps:${AMENT_PREFIX_PATH} CMAKE_PREFIX_PATH=/home/ines/tiago_ws/install/pmb2_maps:/home/ines/tiago_ws/install/pmb2_laser_sensors:/home/ines/tiago_ws/install/tiago_navigation:/home/ines/tiago_ws/install/tiago_laser_sensors:/home/ines/tiago_ws/install/tiago_exam_worlds:/home/ines/tiago_ws/install/tiago_exam:/home/ines/tiago_ws/install/tiago_controller_configuration:/home/ines/tiago_ws/install/tiago_2dnav:/home/ines/tiago_ws/install/pmb2_rgbd_sensors:/home/ines/tiago_ws/install/pmb2_navigation:/home/ines/tiago_ws/install/pmb2_2dnav:/home/ines/tiago_ws/install/pal_navigation_cfg:/home/ines/tiago_ws/install/pal_navigation_cfg_bringup:/home/ines/tiago_ws/install/pal_navigation_cfg_params:/home/ines/tiago_ws/install/multirobot_map_merge:/home/ines/tiago_ws/install/explore_lite:/home/ines/test_ws/install/my_package:/home/ines/tiago_ws/install/tiago_autonomous_navigation:/home/ines/tiago_ws/install/tiago_autonomous_exploration:/home/ines/ros2_ws/install/scripts:/home/ines/ros2_ws/install/acrobat:/opt/ros/humble /usr/bin/cmake --install /home/ines/tiago_ws/build/pmb2_2dnav
