[7.676s] Invoking command in '/home/ines/tiago_ws/build/tiago_autonomous_navigation': PYTHONPATH=/home/ines/tiago_ws/build/tiago_autonomous_navigation/prefix_override:/home/ines/tiago_ws/install/tiago_autonomous_navigation/lib/python3.10/site-packages:${PYTHONPATH} /usr/bin/python3 -W ignore:setup.py install is deprecated setup.py develop --editable --build-directory /home/ines/tiago_ws/build/tiago_autonomous_navigation/build --no-deps symlink_data
[10.239s] running develop
[10.242s] /usr/lib/python3/dist-packages/setuptools/command/easy_install.py:158: EasyInstallDeprecationWarning: easy_install command is deprecated. Use build and pip and other standards-based tools.
[10.242s]   warnings.warn(
[12.446s] running egg_info
[12.447s] writing tiago_autonomous_navigation.egg-info/PKG-INFO
[12.450s] writing dependency_links to tiago_autonomous_navigation.egg-info/dependency_links.txt
[12.452s] writing entry points to tiago_autonomous_navigation.egg-info/entry_points.txt
[12.453s] writing requirements to tiago_autonomous_navigation.egg-info/requires.txt
[12.453s] writing top-level names to tiago_autonomous_navigation.egg-info/top_level.txt
[12.479s] reading manifest file 'tiago_autonomous_navigation.egg-info/SOURCES.txt'
[12.490s] writing manifest file 'tiago_autonomous_navigation.egg-info/SOURCES.txt'
[12.508s] running build_ext
[12.508s] Creating /home/ines/tiago_ws/install/tiago_autonomous_navigation/lib/python3.10/site-packages/tiago-autonomous-navigation.egg-link (link to .)
[12.513s] Installing localization script to /home/ines/tiago_ws/install/tiago_autonomous_navigation/lib/tiago_autonomous_navigation
[12.513s] Installing localization_server script to /home/ines/tiago_ws/install/tiago_autonomous_navigation/lib/tiago_autonomous_navigation
[12.519s] Installing navigation script to /home/ines/tiago_ws/install/tiago_autonomous_navigation/lib/tiago_autonomous_navigation
[12.519s] Installing target_pose_server script to /home/ines/tiago_ws/install/tiago_autonomous_navigation/lib/tiago_autonomous_navigation
[12.522s] Installing task_2_coordinator script to /home/ines/tiago_ws/install/tiago_autonomous_navigation/lib/tiago_autonomous_navigation
[12.523s] 
[12.525s] Installed /home/ines/tiago_ws/build/tiago_autonomous_navigation
[12.525s] running symlink_data
[12.744s] Invoked command in '/home/ines/tiago_ws/build/tiago_autonomous_navigation' returned '0': PYTHONPATH=/home/ines/tiago_ws/build/tiago_autonomous_navigation/prefix_override:/home/ines/tiago_ws/install/tiago_autonomous_navigation/lib/python3.10/site-packages:${PYTHONPATH} /usr/bin/python3 -W ignore:setup.py install is deprecated setup.py develop --editable --build-directory /home/ines/tiago_ws/build/tiago_autonomous_navigation/build --no-deps symlink_data
