[0.396s] Invoking command in '/home/ines/tiago_ws/build/explore_lite': CMAKE_PREFIX_PATH=${CMAKE_PREFIX_PATH}:/home/ines/tiago_ws/install/tiago_autonomous_navigation:/home/ines/tiago_ws/install/tiago_autonomous_exploration:/home/ines/ros2_ws/install/scripts:/home/ines/ros2_ws/install/acrobat:/opt/ros/humble /usr/bin/cmake --build /home/ines/tiago_ws/build/explore_lite -- -j8 -l8
[2.756s] [ 20%] Built target gtest_main
[2.759s] [ 40%] Built target gtest
[2.759s] [ 60%] Built target test_explore
[3.603s] [100%] Built target explore
[3.669s] Invoked command in '/home/ines/tiago_ws/build/explore_lite' returned '0': CMAKE_PREFIX_PATH=${CMAKE_PREFIX_PATH}:/home/ines/tiago_ws/install/tiago_autonomous_navigation:/home/ines/tiago_ws/install/tiago_autonomous_exploration:/home/ines/ros2_ws/install/scripts:/home/ines/ros2_ws/install/acrobat:/opt/ros/humble /usr/bin/cmake --build /home/ines/tiago_ws/build/explore_lite -- -j8 -l8
[4.356s] Invoking command in '/home/ines/tiago_ws/build/explore_lite': CMAKE_PREFIX_PATH=${CMAKE_PREFIX_PATH}:/home/ines/tiago_ws/install/tiago_autonomous_navigation:/home/ines/tiago_ws/install/tiago_autonomous_exploration:/home/ines/ros2_ws/install/scripts:/home/ines/ros2_ws/install/acrobat:/opt/ros/humble /usr/bin/cmake --install /home/ines/tiago_ws/build/explore_lite
[4.479s] -- Install configuration: ""
[4.507s] -- Execute custom install script
[4.581s] -- Up-to-date symlink: /home/ines/tiago_ws/install/explore_lite/include/explore//costmap_client.h
[4.582s] -- Up-to-date symlink: /home/ines/tiago_ws/install/explore_lite/include/explore//costmap_tools.h
[4.582s] -- Up-to-date symlink: /home/ines/tiago_ws/install/explore_lite/include/explore//explore.h
[4.583s] -- Up-to-date symlink: /home/ines/tiago_ws/install/explore_lite/include/explore//frontier_search.h
[4.585s] -- Up-to-date symlink: /home/ines/tiago_ws/install/explore_lite/share/explore_lite/config/params.yaml
[4.586s] -- Up-to-date symlink: /home/ines/tiago_ws/install/explore_lite/share/explore_lite/config/params_costmap.yaml
[4.586s] -- Up-to-date symlink: /home/ines/tiago_ws/install/explore_lite/share/explore_lite/launch/explore.launch.py
[4.607s] -- Up-to-date symlink: /home/ines/tiago_ws/install/explore_lite/lib/explore_lite/explore
[4.608s] -- Up-to-date symlink: /home/ines/tiago_ws/install/explore_lite/share/ament_index/resource_index/package_run_dependencies/explore_lite
[4.608s] -- Up-to-date symlink: /home/ines/tiago_ws/install/explore_lite/share/ament_index/resource_index/parent_prefix_path/explore_lite
[4.609s] -- Up-to-date symlink: /home/ines/tiago_ws/install/explore_lite/share/explore_lite/environment/ament_prefix_path.sh
[4.609s] -- Up-to-date symlink: /home/ines/tiago_ws/install/explore_lite/share/explore_lite/environment/ament_prefix_path.dsv
[4.609s] -- Up-to-date symlink: /home/ines/tiago_ws/install/explore_lite/share/explore_lite/environment/path.sh
[4.610s] -- Up-to-date symlink: /home/ines/tiago_ws/install/explore_lite/share/explore_lite/environment/path.dsv
[4.610s] -- Up-to-date symlink: /home/ines/tiago_ws/install/explore_lite/share/explore_lite/local_setup.bash
[4.611s] -- Up-to-date symlink: /home/ines/tiago_ws/install/explore_lite/share/explore_lite/local_setup.sh
[4.612s] -- Up-to-date symlink: /home/ines/tiago_ws/install/explore_lite/share/explore_lite/local_setup.zsh
[4.614s] -- Up-to-date symlink: /home/ines/tiago_ws/install/explore_lite/share/explore_lite/local_setup.dsv
[4.615s] -- Symlinking: /home/ines/tiago_ws/install/explore_lite/share/explore_lite/package.dsv
[4.687s] -- Up-to-date symlink: /home/ines/tiago_ws/install/explore_lite/share/ament_index/resource_index/packages/explore_lite
[4.692s] -- Up-to-date symlink: /home/ines/tiago_ws/install/explore_lite/share/explore_lite/cmake/ament_cmake_export_include_directories-extras.cmake
[4.693s] -- Up-to-date symlink: /home/ines/tiago_ws/install/explore_lite/share/explore_lite/cmake/explore_liteConfig.cmake
[4.696s] -- Up-to-date symlink: /home/ines/tiago_ws/install/explore_lite/share/explore_lite/cmake/explore_liteConfig-version.cmake
[4.696s] -- Up-to-date symlink: /home/ines/tiago_ws/install/explore_lite/share/explore_lite/package.xml
[4.862s] Invoked command in '/home/ines/tiago_ws/build/explore_lite' returned '0': CMAKE_PREFIX_PATH=${CMAKE_PREFIX_PATH}:/home/ines/tiago_ws/install/tiago_autonomous_navigation:/home/ines/tiago_ws/install/tiago_autonomous_exploration:/home/ines/ros2_ws/install/scripts:/home/ines/ros2_ws/install/acrobat:/opt/ros/humble /usr/bin/cmake --install /home/ines/tiago_ws/build/explore_lite
