[0.201s] Invoking command in '/home/ines/tiago_ws/build/tiago_exam_worlds': CMAKE_PREFIX_PATH=${CMAKE_PREFIX_PATH}:/home/ines/tiago_ws/install/tiago_autonomous_navigation:/home/ines/tiago_ws/install/tiago_autonomous_exploration:/home/ines/ros2_ws/install/scripts:/home/ines/ros2_ws/install/acrobat:/opt/ros/humble /usr/bin/cmake --build /home/ines/tiago_ws/build/tiago_exam_worlds -- -j8 -l8
[0.574s] Invoked command in '/home/ines/tiago_ws/build/tiago_exam_worlds' returned '0': CMAKE_PREFIX_PATH=${CMAKE_PREFIX_PATH}:/home/ines/tiago_ws/install/tiago_autonomous_navigation:/home/ines/tiago_ws/install/tiago_autonomous_exploration:/home/ines/ros2_ws/install/scripts:/home/ines/ros2_ws/install/acrobat:/opt/ros/humble /usr/bin/cmake --build /home/ines/tiago_ws/build/tiago_exam_worlds -- -j8 -l8
[0.802s] Invoking command in '/home/ines/tiago_ws/build/tiago_exam_worlds': CMAKE_PREFIX_PATH=${CMAKE_PREFIX_PATH}:/home/ines/tiago_ws/install/tiago_autonomous_navigation:/home/ines/tiago_ws/install/tiago_autonomous_exploration:/home/ines/ros2_ws/install/scripts:/home/ines/ros2_ws/install/acrobat:/opt/ros/humble /usr/bin/cmake --install /home/ines/tiago_ws/build/tiago_exam_worlds
[0.870s] -- Install configuration: ""
[0.875s] -- Execute custom install script
[0.878s] -- Up-to-date symlink: /home/ines/tiago_ws/install/tiago_exam_worlds/share/tiago_exam_worlds/config/gazebo_params.yaml
[0.880s] -- Up-to-date symlink: /home/ines/tiago_ws/install/tiago_exam_worlds/share/tiago_exam_worlds/launch/pal_gazebo.launch.py
[0.880s] -- Up-to-date symlink: /home/ines/tiago_ws/install/tiago_exam_worlds/share/tiago_exam_worlds/launch/pal_gazebo_exam.launch.py
[0.933s] -- Up-to-date symlink: /home/ines/tiago_ws/install/tiago_exam_worlds/share/tiago_exam_worlds/models/arm_chair/arm_chair.sdf
[0.936s] -- Up-to-date symlink: /home/ines/tiago_ws/install/tiago_exam_worlds/share/tiago_exam_worlds/models/arm_chair/meshes/arm_chair.stl
[0.937s] -- Up-to-date symlink: /home/ines/tiago_ws/install/tiago_exam_worlds/share/tiago_exam_worlds/models/arm_chair/model.config
[0.939s] -- Up-to-date symlink: /home/ines/tiago_ws/install/tiago_exam_worlds/share/tiago_exam_worlds/models/aruco_board/aruco_board.sdf
[0.941s] -- Up-to-date symlink: /home/ines/tiago_ws/install/tiago_exam_worlds/share/tiago_exam_worlds/models/aruco_board/material/scripts/aruco_board.material
[0.945s] -- Up-to-date symlink: /home/ines/tiago_ws/install/tiago_exam_worlds/share/tiago_exam_worlds/models/aruco_board/material/textures/aruco_board.png
[0.947s] -- Up-to-date symlink: /home/ines/tiago_ws/install/tiago_exam_worlds/share/tiago_exam_worlds/models/aruco_board/model.config
[0.949s] -- Up-to-date symlink: /home/ines/tiago_ws/install/tiago_exam_worlds/share/tiago_exam_worlds/models/aruco_cube/aruco_cube.sdf
[0.952s] -- Up-to-date symlink: /home/ines/tiago_ws/install/tiago_exam_worlds/share/tiago_exam_worlds/models/aruco_cube/meshes/aruco_cube_5cm.dae
[0.957s] -- Up-to-date symlink: /home/ines/tiago_ws/install/tiago_exam_worlds/share/tiago_exam_worlds/models/aruco_cube/meshes/aruco_cube_6cm.dae
[0.962s] -- Up-to-date symlink: /home/ines/tiago_ws/install/tiago_exam_worlds/share/tiago_exam_worlds/models/aruco_cube/meshes/aruco_cube_8cm.dae
[0.963s] -- Up-to-date symlink: /home/ines/tiago_ws/install/tiago_exam_worlds/share/tiago_exam_worlds/models/aruco_cube/meshes/marker582.png
[0.965s] -- Up-to-date symlink: /home/ines/tiago_ws/install/tiago_exam_worlds/share/tiago_exam_worlds/models/aruco_cube/meshes/marker582_small_margin.png
[0.965s] -- Up-to-date symlink: /home/ines/tiago_ws/install/tiago_exam_worlds/share/tiago_exam_worlds/models/aruco_cube/model.config
[0.967s] -- Up-to-date symlink: /home/ines/tiago_ws/install/tiago_exam_worlds/share/tiago_exam_worlds/models/aruco_cube_exam_id582/aruco_cube_exam_id582.sdf
[0.970s] -- Up-to-date symlink: /home/ines/tiago_ws/install/tiago_exam_worlds/share/tiago_exam_worlds/models/aruco_cube_exam_id582/meshes/aruco_cube_6cm.dae
[0.971s] -- Up-to-date symlink: /home/ines/tiago_ws/install/tiago_exam_worlds/share/tiago_exam_worlds/models/aruco_cube_exam_id582/meshes/aruco_id_582.png
[0.986s] -- Up-to-date symlink: /home/ines/tiago_ws/install/tiago_exam_worlds/share/tiago_exam_worlds/models/aruco_cube_exam_id582/model.config
[0.987s] -- Up-to-date symlink: /home/ines/tiago_ws/install/tiago_exam_worlds/share/tiago_exam_worlds/models/aruco_cube_exam_id63/aruco_cube_exam_id63.sdf
[0.987s] -- Up-to-date symlink: /home/ines/tiago_ws/install/tiago_exam_worlds/share/tiago_exam_worlds/models/aruco_cube_exam_id63/meshes/aruco_cube_6cm.dae
[0.987s] -- Up-to-date symlink: /home/ines/tiago_ws/install/tiago_exam_worlds/share/tiago_exam_worlds/models/aruco_cube_exam_id63/meshes/aruco_id_63.png
[0.987s] -- Up-to-date symlink: /home/ines/tiago_ws/install/tiago_exam_worlds/share/tiago_exam_worlds/models/aruco_cube_exam_id63/model.config
[0.988s] -- Up-to-date symlink: /home/ines/tiago_ws/install/tiago_exam_worlds/share/tiago_exam_worlds/models/aruco_marker_250_6x6_1/aruco_marker_250_6x6.sdf
[0.988s] -- Up-to-date symlink: /home/ines/tiago_ws/install/tiago_exam_worlds/share/tiago_exam_worlds/models/aruco_marker_250_6x6_1/material/scripts/aruco_marker_250_6x6.material
[0.988s] -- Up-to-date symlink: /home/ines/tiago_ws/install/tiago_exam_worlds/share/tiago_exam_worlds/models/aruco_marker_250_6x6_1/material/textures/Aruco_6x6_250_0.png
[0.988s] -- Up-to-date symlink: /home/ines/tiago_ws/install/tiago_exam_worlds/share/tiago_exam_worlds/models/aruco_marker_250_6x6_1/model.config
[0.989s] -- Up-to-date symlink: /home/ines/tiago_ws/install/tiago_exam_worlds/share/tiago_exam_worlds/models/aruco_marker_250_6x6_2/aruco_marker_250_6x6.sdf
[0.994s] -- Up-to-date symlink: /home/ines/tiago_ws/install/tiago_exam_worlds/share/tiago_exam_worlds/models/aruco_marker_250_6x6_2/material/scripts/aruco_marker_250_6x6.material
[0.995s] -- Up-to-date symlink: /home/ines/tiago_ws/install/tiago_exam_worlds/share/tiago_exam_worlds/models/aruco_marker_250_6x6_2/material/textures/Aruco_6x6_250_1.png
[0.995s] -- Up-to-date symlink: /home/ines/tiago_ws/install/tiago_exam_worlds/share/tiago_exam_worlds/models/aruco_marker_250_6x6_2/model.config
[0.996s] -- Up-to-date symlink: /home/ines/tiago_ws/install/tiago_exam_worlds/share/tiago_exam_worlds/models/aruco_marker_250_6x6_3/aruco_marker_250_6x6.sdf
[0.996s] -- Up-to-date symlink: /home/ines/tiago_ws/install/tiago_exam_worlds/share/tiago_exam_worlds/models/aruco_marker_250_6x6_3/material/scripts/aruco_marker_250_6x6.material
[0.996s] -- Up-to-date symlink: /home/ines/tiago_ws/install/tiago_exam_worlds/share/tiago_exam_worlds/models/aruco_marker_250_6x6_3/material/textures/Aruco_6x6_250_2.png
[0.996s] -- Up-to-date symlink: /home/ines/tiago_ws/install/tiago_exam_worlds/share/tiago_exam_worlds/models/aruco_marker_250_6x6_3/model.config
[0.997s] -- Up-to-date symlink: /home/ines/tiago_ws/install/tiago_exam_worlds/share/tiago_exam_worlds/models/aruco_marker_250_6x6_4/aruco_marker_250_6x6.sdf
[1.002s] -- Up-to-date symlink: /home/ines/tiago_ws/install/tiago_exam_worlds/share/tiago_exam_worlds/models/aruco_marker_250_6x6_4/material/scripts/aruco_marker_250_6x6.material
[1.003s] -- Up-to-date symlink: /home/ines/tiago_ws/install/tiago_exam_worlds/share/tiago_exam_worlds/models/aruco_marker_250_6x6_4/material/textures/Aruco_6x6_250_3.png
[1.003s] -- Up-to-date symlink: /home/ines/tiago_ws/install/tiago_exam_worlds/share/tiago_exam_worlds/models/aruco_marker_250_6x6_4/model.config
[1.003s] -- Up-to-date symlink: /home/ines/tiago_ws/install/tiago_exam_worlds/share/tiago_exam_worlds/models/aruco_marker_6cm_238/aruco_marker_6cm.sdf
[1.004s] -- Up-to-date symlink: /home/ines/tiago_ws/install/tiago_exam_worlds/share/tiago_exam_worlds/models/aruco_marker_6cm_238/material/scripts/aruco_marker_original.material
[1.004s] -- Up-to-date symlink: /home/ines/tiago_ws/install/tiago_exam_worlds/share/tiago_exam_worlds/models/aruco_marker_6cm_238/material/textures/Aruco_6cm_238.png
[1.004s] -- Up-to-date symlink: /home/ines/tiago_ws/install/tiago_exam_worlds/share/tiago_exam_worlds/models/aruco_marker_6cm_238/model.config
[1.004s] -- Up-to-date symlink: /home/ines/tiago_ws/install/tiago_exam_worlds/share/tiago_exam_worlds/models/aruco_marker_6cm_26/aruco_marker_6cm.sdf
[1.005s] -- Up-to-date symlink: /home/ines/tiago_ws/install/tiago_exam_worlds/share/tiago_exam_worlds/models/aruco_marker_6cm_26/material/scripts/aruco_marker_original.material
[1.005s] -- Up-to-date symlink: /home/ines/tiago_ws/install/tiago_exam_worlds/share/tiago_exam_worlds/models/aruco_marker_6cm_26/material/textures/Aruco_6cm_26.png
[1.006s] -- Up-to-date symlink: /home/ines/tiago_ws/install/tiago_exam_worlds/share/tiago_exam_worlds/models/aruco_marker_6cm_26/model.config
[1.006s] -- Up-to-date symlink: /home/ines/tiago_ws/install/tiago_exam_worlds/share/tiago_exam_worlds/models/aruco_marker_6cm_582/aruco_marker_6cm.sdf
[1.006s] -- Up-to-date symlink: /home/ines/tiago_ws/install/tiago_exam_worlds/share/tiago_exam_worlds/models/aruco_marker_6cm_582/material/scripts/aruco_marker_original.material
[1.011s] -- Up-to-date symlink: /home/ines/tiago_ws/install/tiago_exam_worlds/share/tiago_exam_worlds/models/aruco_marker_6cm_582/material/textures/Aruco_6cm_582.png
[1.012s] -- Up-to-date symlink: /home/ines/tiago_ws/install/tiago_exam_worlds/share/tiago_exam_worlds/models/aruco_marker_6cm_582/model.config
[1.012s] -- Up-to-date symlink: /home/ines/tiago_ws/install/tiago_exam_worlds/share/tiago_exam_worlds/models/aruco_marker_6cm_63/aruco_marker_6cm.sdf
[1.012s] -- Up-to-date symlink: /home/ines/tiago_ws/install/tiago_exam_worlds/share/tiago_exam_worlds/models/aruco_marker_6cm_63/material/scripts/aruco_marker_original.material
[1.013s] -- Up-to-date symlink: /home/ines/tiago_ws/install/tiago_exam_worlds/share/tiago_exam_worlds/models/aruco_marker_6cm_63/material/textures/Aruco_6cm_63.png
[1.013s] -- Up-to-date symlink: /home/ines/tiago_ws/install/tiago_exam_worlds/share/tiago_exam_worlds/models/aruco_marker_6cm_63/model.config
[1.013s] -- Up-to-date symlink: /home/ines/tiago_ws/install/tiago_exam_worlds/share/tiago_exam_worlds/models/aruco_marker_9cm_238/aruco_marker_9cm.sdf
[1.014s] -- Up-to-date symlink: /home/ines/tiago_ws/install/tiago_exam_worlds/share/tiago_exam_worlds/models/aruco_marker_9cm_238/material/scripts/aruco_marker_original.material
[1.020s] -- Up-to-date symlink: /home/ines/tiago_ws/install/tiago_exam_worlds/share/tiago_exam_worlds/models/aruco_marker_9cm_238/material/textures/Aruco_9cm_238.png
[1.020s] -- Up-to-date symlink: /home/ines/tiago_ws/install/tiago_exam_worlds/share/tiago_exam_worlds/models/aruco_marker_9cm_238/model.config
[1.020s] -- Up-to-date symlink: /home/ines/tiago_ws/install/tiago_exam_worlds/share/tiago_exam_worlds/models/aruco_marker_9cm_26/aruco_marker_9cm.sdf
[1.021s] -- Up-to-date symlink: /home/ines/tiago_ws/install/tiago_exam_worlds/share/tiago_exam_worlds/models/aruco_marker_9cm_26/material/scripts/aruco_marker_original.material
[1.021s] -- Up-to-date symlink: /home/ines/tiago_ws/install/tiago_exam_worlds/share/tiago_exam_worlds/models/aruco_marker_9cm_26/material/textures/Aruco_9cm_26.png
[1.021s] -- Up-to-date symlink: /home/ines/tiago_ws/install/tiago_exam_worlds/share/tiago_exam_worlds/models/aruco_marker_9cm_26/model.config
[1.021s] -- Up-to-date symlink: /home/ines/tiago_ws/install/tiago_exam_worlds/share/tiago_exam_worlds/models/aruco_marker_9cm_582/aruco_marker_9cm.sdf
[1.022s] -- Up-to-date symlink: /home/ines/tiago_ws/install/tiago_exam_worlds/share/tiago_exam_worlds/models/aruco_marker_9cm_582/material/scripts/aruco_marker_original.material
[1.022s] -- Up-to-date symlink: /home/ines/tiago_ws/install/tiago_exam_worlds/share/tiago_exam_worlds/models/aruco_marker_9cm_582/material/textures/Aruco_9cm_582.png
[1.022s] -- Up-to-date symlink: /home/ines/tiago_ws/install/tiago_exam_worlds/share/tiago_exam_worlds/models/aruco_marker_9cm_582/model.config
[1.022s] -- Up-to-date symlink: /home/ines/tiago_ws/install/tiago_exam_worlds/share/tiago_exam_worlds/models/aruco_marker_9cm_63/aruco_marker_9cm.sdf
[1.023s] -- Up-to-date symlink: /home/ines/tiago_ws/install/tiago_exam_worlds/share/tiago_exam_worlds/models/aruco_marker_9cm_63/material/scripts/aruco_marker_original.material
[1.023s] -- Up-to-date symlink: /home/ines/tiago_ws/install/tiago_exam_worlds/share/tiago_exam_worlds/models/aruco_marker_9cm_63/material/textures/Aruco_9cm_63.png
[1.031s] -- Up-to-date symlink: /home/ines/tiago_ws/install/tiago_exam_worlds/share/tiago_exam_worlds/models/aruco_marker_9cm_63/model.config
[1.032s] -- Up-to-date symlink: /home/ines/tiago_ws/install/tiago_exam_worlds/share/tiago_exam_worlds/models/aruco_marker_original_238/aruco_marker_original.sdf
[1.033s] -- Up-to-date symlink: /home/ines/tiago_ws/install/tiago_exam_worlds/share/tiago_exam_worlds/models/aruco_marker_original_238/material/scripts/aruco_marker_original.material
[1.034s] -- Up-to-date symlink: /home/ines/tiago_ws/install/tiago_exam_worlds/share/tiago_exam_worlds/models/aruco_marker_original_238/material/textures/Aruco_original_238.png
[1.037s] -- Up-to-date symlink: /home/ines/tiago_ws/install/tiago_exam_worlds/share/tiago_exam_worlds/models/aruco_marker_original_238/model.config
[1.041s] -- Up-to-date symlink: /home/ines/tiago_ws/install/tiago_exam_worlds/share/tiago_exam_worlds/models/aruco_marker_original_26/aruco_marker_original.sdf
[1.043s] -- Up-to-date symlink: /home/ines/tiago_ws/install/tiago_exam_worlds/share/tiago_exam_worlds/models/aruco_marker_original_26/material/scripts/aruco_marker_original.material
[1.051s] -- Up-to-date symlink: /home/ines/tiago_ws/install/tiago_exam_worlds/share/tiago_exam_worlds/models/aruco_marker_original_26/material/textures/Aruco_original_26.png
[1.053s] -- Up-to-date symlink: /home/ines/tiago_ws/install/tiago_exam_worlds/share/tiago_exam_worlds/models/aruco_marker_original_26/model.config
[1.057s] -- Up-to-date symlink: /home/ines/tiago_ws/install/tiago_exam_worlds/share/tiago_exam_worlds/models/aruco_marker_original_582/aruco_marker_original.sdf
[1.057s] -- Up-to-date symlink: /home/ines/tiago_ws/install/tiago_exam_worlds/share/tiago_exam_worlds/models/aruco_marker_original_582/material/scripts/aruco_marker_original.material
[1.058s] -- Up-to-date symlink: /home/ines/tiago_ws/install/tiago_exam_worlds/share/tiago_exam_worlds/models/aruco_marker_original_582/material/textures/Aruco_original_582.png
[1.059s] -- Up-to-date symlink: /home/ines/tiago_ws/install/tiago_exam_worlds/share/tiago_exam_worlds/models/aruco_marker_original_582/model.config
[1.059s] -- Up-to-date symlink: /home/ines/tiago_ws/install/tiago_exam_worlds/share/tiago_exam_worlds/models/aruco_marker_original_63/aruco_marker_original.sdf
[1.060s] -- Up-to-date symlink: /home/ines/tiago_ws/install/tiago_exam_worlds/share/tiago_exam_worlds/models/aruco_marker_original_63/material/scripts/aruco_marker_original.material
[1.063s] -- Up-to-date symlink: /home/ines/tiago_ws/install/tiago_exam_worlds/share/tiago_exam_worlds/models/aruco_marker_original_63/material/textures/Aruco_original_63.png
[1.064s] -- Up-to-date symlink: /home/ines/tiago_ws/install/tiago_exam_worlds/share/tiago_exam_worlds/models/aruco_marker_original_63/model.config
[1.064s] -- Up-to-date symlink: /home/ines/tiago_ws/install/tiago_exam_worlds/share/tiago_exam_worlds/models/bauman/README
[1.066s] -- Up-to-date symlink: /home/ines/tiago_ws/install/tiago_exam_worlds/share/tiago_exam_worlds/models/bauman/bauman_walls.png
[1.069s] -- Up-to-date symlink: /home/ines/tiago_ws/install/tiago_exam_worlds/share/tiago_exam_worlds/models/bauman/model.config
[1.071s] -- Up-to-date symlink: /home/ines/tiago_ws/install/tiago_exam_worlds/share/tiago_exam_worlds/models/bauman/model.sdf
[1.072s] -- Up-to-date symlink: /home/ines/tiago_ws/install/tiago_exam_worlds/share/tiago_exam_worlds/models/bench/bench.sdf
[1.075s] -- Up-to-date symlink: /home/ines/tiago_ws/install/tiago_exam_worlds/share/tiago_exam_worlds/models/bench/meshes/bench.stl
[1.077s] -- Up-to-date symlink: /home/ines/tiago_ws/install/tiago_exam_worlds/share/tiago_exam_worlds/models/bench/model.config
[1.079s] -- Up-to-date symlink: /home/ines/tiago_ws/install/tiago_exam_worlds/share/tiago_exam_worlds/models/bifrutas_tropical_can/bifrutas_tropical_can.sdf
[1.084s] -- Up-to-date symlink: /home/ines/tiago_ws/install/tiago_exam_worlds/share/tiago_exam_worlds/models/bifrutas_tropical_can/material/scripts/bifrutas_tropical_can.material
[1.085s] -- Up-to-date symlink: /home/ines/tiago_ws/install/tiago_exam_worlds/share/tiago_exam_worlds/models/bifrutas_tropical_can/material/textures/bifrutas_tropical_can.jpg
[1.086s] -- Up-to-date symlink: /home/ines/tiago_ws/install/tiago_exam_worlds/share/tiago_exam_worlds/models/bifrutas_tropical_can/model.config
[1.087s] -- Up-to-date symlink: /home/ines/tiago_ws/install/tiago_exam_worlds/share/tiago_exam_worlds/models/biscuits_pack/biscuits_pack.sdf
[1.087s] -- Up-to-date symlink: /home/ines/tiago_ws/install/tiago_exam_worlds/share/tiago_exam_worlds/models/biscuits_pack/material/scripts/pringles.material
[1.087s] -- Up-to-date symlink: /home/ines/tiago_ws/install/tiago_exam_worlds/share/tiago_exam_worlds/models/biscuits_pack/material/textures/biscuits_pack.jpg
[1.088s] -- Up-to-date symlink: /home/ines/tiago_ws/install/tiago_exam_worlds/share/tiago_exam_worlds/models/biscuits_pack/model.config
[1.088s] -- Up-to-date symlink: /home/ines/tiago_ws/install/tiago_exam_worlds/share/tiago_exam_worlds/models/bottle_red_wine/meshes/bottle.dae
[1.088s] -- Up-to-date symlink: /home/ines/tiago_ws/install/tiago_exam_worlds/share/tiago_exam_worlds/models/bottle_red_wine/meshes/cap.dae
[1.088s] -- Up-to-date symlink: /home/ines/tiago_ws/install/tiago_exam_worlds/share/tiago_exam_worlds/models/bottle_red_wine/meshes/red_wine.dae
[1.089s] -- Up-to-date symlink: /home/ines/tiago_ws/install/tiago_exam_worlds/share/tiago_exam_worlds/models/bottle_red_wine/model.config
[1.089s] -- Up-to-date symlink: /home/ines/tiago_ws/install/tiago_exam_worlds/share/tiago_exam_worlds/models/bottle_red_wine/model.sdf
[1.093s] -- Up-to-date symlink: /home/ines/tiago_ws/install/tiago_exam_worlds/share/tiago_exam_worlds/models/box_with_handles/box_with_handles.sdf
[1.094s] -- Up-to-date symlink: /home/ines/tiago_ws/install/tiago_exam_worlds/share/tiago_exam_worlds/models/box_with_handles/material/scripts/aruco_marker_original.material
[1.095s] -- Up-to-date symlink: /home/ines/tiago_ws/install/tiago_exam_worlds/share/tiago_exam_worlds/models/box_with_handles/material/textures/Aruco_original_582.png
[1.096s] -- Up-to-date symlink: /home/ines/tiago_ws/install/tiago_exam_worlds/share/tiago_exam_worlds/models/box_with_handles/model.config
[1.096s] -- Up-to-date symlink: /home/ines/tiago_ws/install/tiago_exam_worlds/share/tiago_exam_worlds/models/brick_box_3x1x3/materials/scripts/brick_box.material
[1.096s] -- Up-to-date symlink: /home/ines/tiago_ws/install/tiago_exam_worlds/share/tiago_exam_worlds/models/brick_box_3x1x3/materials/textures/simple_box.png
[1.097s] -- Up-to-date symlink: /home/ines/tiago_ws/install/tiago_exam_worlds/share/tiago_exam_worlds/models/brick_box_3x1x3/meshes/simple_box.dae
[1.097s] -- Up-to-date symlink: /home/ines/tiago_ws/install/tiago_exam_worlds/share/tiago_exam_worlds/models/brick_box_3x1x3/model-1_3.sdf
[1.097s] -- Up-to-date symlink: /home/ines/tiago_ws/install/tiago_exam_worlds/share/tiago_exam_worlds/models/brick_box_3x1x3/model-1_4.sdf
[1.098s] -- Up-to-date symlink: /home/ines/tiago_ws/install/tiago_exam_worlds/share/tiago_exam_worlds/models/brick_box_3x1x3/model.config
[1.098s] -- Up-to-date symlink: /home/ines/tiago_ws/install/tiago_exam_worlds/share/tiago_exam_worlds/models/brick_box_3x1x3/model.sdf
[1.100s] -- Up-to-date symlink: /home/ines/tiago_ws/install/tiago_exam_worlds/share/tiago_exam_worlds/models/citizen_extras_female_02/images/_01_-_Default1noCulling.JPG
[1.102s] -- Up-to-date symlink: /home/ines/tiago_ws/install/tiago_exam_worlds/share/tiago_exam_worlds/models/citizen_extras_female_02/images/_02_-_Default1noCulling.JPG
[1.105s] -- Up-to-date symlink: /home/ines/tiago_ws/install/tiago_exam_worlds/share/tiago_exam_worlds/models/citizen_extras_female_02/images/_03_-_Default1noCulling.JPG
[1.108s] -- Up-to-date symlink: /home/ines/tiago_ws/install/tiago_exam_worlds/share/tiago_exam_worlds/models/citizen_extras_female_02/meshes/mesh.dae
[1.108s] -- Up-to-date symlink: /home/ines/tiago_ws/install/tiago_exam_worlds/share/tiago_exam_worlds/models/citizen_extras_female_02/model.config
[1.109s] -- Up-to-date symlink: /home/ines/tiago_ws/install/tiago_exam_worlds/share/tiago_exam_worlds/models/citizen_extras_female_02/model.sdf
[1.109s] -- Up-to-date symlink: /home/ines/tiago_ws/install/tiago_exam_worlds/share/tiago_exam_worlds/models/citizen_extras_female_03/images/Material__1noCulling.JPG
[1.114s] -- Up-to-date symlink: /home/ines/tiago_ws/install/tiago_exam_worlds/share/tiago_exam_worlds/models/citizen_extras_female_03/images/Material__2noCulling.JPG
[1.127s] -- Up-to-date symlink: /home/ines/tiago_ws/install/tiago_exam_worlds/share/tiago_exam_worlds/models/citizen_extras_female_03/images/_03_-_Default1noCulling.JPG
[1.148s] -- Up-to-date symlink: /home/ines/tiago_ws/install/tiago_exam_worlds/share/tiago_exam_worlds/models/citizen_extras_female_03/meshes/mesh.dae
[1.152s] -- Up-to-date symlink: /home/ines/tiago_ws/install/tiago_exam_worlds/share/tiago_exam_worlds/models/citizen_extras_female_03/model.config
[1.165s] -- Up-to-date symlink: /home/ines/tiago_ws/install/tiago_exam_worlds/share/tiago_exam_worlds/models/citizen_extras_female_03/model.sdf
[1.166s] -- Up-to-date symlink: /home/ines/tiago_ws/install/tiago_exam_worlds/share/tiago_exam_worlds/models/citizen_extras_male_03/images/Material__1noCulling.JPG
[1.166s] -- Up-to-date symlink: /home/ines/tiago_ws/install/tiago_exam_worlds/share/tiago_exam_worlds/models/citizen_extras_male_03/images/hair1noCulling.JPG
[1.166s] -- Up-to-date symlink: /home/ines/tiago_ws/install/tiago_exam_worlds/share/tiago_exam_worlds/models/citizen_extras_male_03/images/hrad1noCulling.JPG
[1.180s] -- Up-to-date symlink: /home/ines/tiago_ws/install/tiago_exam_worlds/share/tiago_exam_worlds/models/citizen_extras_male_03/meshes/mesh.dae
[1.181s] -- Up-to-date symlink: /home/ines/tiago_ws/install/tiago_exam_worlds/share/tiago_exam_worlds/models/citizen_extras_male_03/model.config
[1.181s] -- Up-to-date symlink: /home/ines/tiago_ws/install/tiago_exam_worlds/share/tiago_exam_worlds/models/citizen_extras_male_03/model.sdf
[1.189s] -- Up-to-date symlink: /home/ines/tiago_ws/install/tiago_exam_worlds/share/tiago_exam_worlds/models/closet/closet.sdf
[1.191s] -- Up-to-date symlink: /home/ines/tiago_ws/install/tiago_exam_worlds/share/tiago_exam_worlds/models/closet/meshes/closet.stl
[1.196s] -- Up-to-date symlink: /home/ines/tiago_ws/install/tiago_exam_worlds/share/tiago_exam_worlds/models/closet/model.config
[1.199s] -- Up-to-date symlink: /home/ines/tiago_ws/install/tiago_exam_worlds/share/tiago_exam_worlds/models/coca_cola/materials/scripts/coke.material
[1.200s] -- Up-to-date symlink: /home/ines/tiago_ws/install/tiago_exam_worlds/share/tiago_exam_worlds/models/coca_cola/materials/textures/cokecan.jpg
[1.200s] -- Up-to-date symlink: /home/ines/tiago_ws/install/tiago_exam_worlds/share/tiago_exam_worlds/models/coca_cola/meshes/aluminum.jpg
[1.201s] -- Up-to-date symlink: /home/ines/tiago_ws/install/tiago_exam_worlds/share/tiago_exam_worlds/models/coca_cola/meshes/can_ring_pull_end_centre.png
[1.201s] -- Up-to-date symlink: /home/ines/tiago_ws/install/tiago_exam_worlds/share/tiago_exam_worlds/models/coca_cola/meshes/coke.dae
[1.201s] -- Up-to-date symlink: /home/ines/tiago_ws/install/tiago_exam_worlds/share/tiago_exam_worlds/models/coca_cola/meshes/coke_uv_map.jpg
[1.201s] -- Up-to-date symlink: /home/ines/tiago_ws/install/tiago_exam_worlds/share/tiago_exam_worlds/models/coca_cola/model.config
[1.204s] -- Up-to-date symlink: /home/ines/tiago_ws/install/tiago_exam_worlds/share/tiago_exam_worlds/models/coca_cola/model.sdf
[1.205s] -- Up-to-date symlink: /home/ines/tiago_ws/install/tiago_exam_worlds/share/tiago_exam_worlds/models/cocacola/cocacola.sdf
[1.208s] -- Up-to-date symlink: /home/ines/tiago_ws/install/tiago_exam_worlds/share/tiago_exam_worlds/models/cocacola/material/scripts/cocacola.material
[1.209s] -- Up-to-date symlink: /home/ines/tiago_ws/install/tiago_exam_worlds/share/tiago_exam_worlds/models/cocacola/material/textures/cocacola.jpg
[1.209s] -- Up-to-date symlink: /home/ines/tiago_ws/install/tiago_exam_worlds/share/tiago_exam_worlds/models/cocacola/model.config
[1.210s] -- Up-to-date symlink: /home/ines/tiago_ws/install/tiago_exam_worlds/share/tiago_exam_worlds/models/coke_can_slim/coke_can_slim.sdf
[1.210s] -- Up-to-date symlink: /home/ines/tiago_ws/install/tiago_exam_worlds/share/tiago_exam_worlds/models/coke_can_slim/material/scripts/coke_can_slim.material
[1.211s] -- Up-to-date symlink: /home/ines/tiago_ws/install/tiago_exam_worlds/share/tiago_exam_worlds/models/coke_can_slim/material/textures/coke_can_slim.jpg
[1.215s] -- Up-to-date symlink: /home/ines/tiago_ws/install/tiago_exam_worlds/share/tiago_exam_worlds/models/coke_can_slim/model.config
[1.226s] -- Up-to-date symlink: /home/ines/tiago_ws/install/tiago_exam_worlds/share/tiago_exam_worlds/models/database.config
[1.227s] -- Up-to-date symlink: /home/ines/tiago_ws/install/tiago_exam_worlds/share/tiago_exam_worlds/models/dining_chair/dining_chair.sdf
[1.228s] -- Up-to-date symlink: /home/ines/tiago_ws/install/tiago_exam_worlds/share/tiago_exam_worlds/models/dining_chair/meshes/dining_chair.stl
[1.229s] -- Up-to-date symlink: /home/ines/tiago_ws/install/tiago_exam_worlds/share/tiago_exam_worlds/models/dining_chair/model.config
[1.232s] -- Up-to-date symlink: /home/ines/tiago_ws/install/tiago_exam_worlds/share/tiago_exam_worlds/models/dock1/dock1.sdf
[1.233s] -- Up-to-date symlink: /home/ines/tiago_ws/install/tiago_exam_worlds/share/tiago_exam_worlds/models/dock1/meshes/dock1.dae
[1.233s] -- Up-to-date symlink: /home/ines/tiago_ws/install/tiago_exam_worlds/share/tiago_exam_worlds/models/dock1/model.config
[1.241s] -- Up-to-date symlink: /home/ines/tiago_ws/install/tiago_exam_worlds/share/tiago_exam_worlds/models/door_obstacle/door_obstacle.sdf
[1.244s] -- Up-to-date symlink: /home/ines/tiago_ws/install/tiago_exam_worlds/share/tiago_exam_worlds/models/door_obstacle/model.config
[1.245s] -- Up-to-date symlink: /home/ines/tiago_ws/install/tiago_exam_worlds/share/tiago_exam_worlds/models/env_exam_box1/env_exam_box1.sdf
[1.245s] -- Up-to-date symlink: /home/ines/tiago_ws/install/tiago_exam_worlds/share/tiago_exam_worlds/models/env_exam_box1/model.config
[1.245s] -- Up-to-date symlink: /home/ines/tiago_ws/install/tiago_exam_worlds/share/tiago_exam_worlds/models/env_exam_box2/env_exam_box2.sdf
[1.246s] -- Up-to-date symlink: /home/ines/tiago_ws/install/tiago_exam_worlds/share/tiago_exam_worlds/models/env_exam_box2/model.config
[1.246s] -- Up-to-date symlink: /home/ines/tiago_ws/install/tiago_exam_worlds/share/tiago_exam_worlds/models/env_exam_cylinder1/env_exam_cylinder1.sdf
[1.246s] -- Up-to-date symlink: /home/ines/tiago_ws/install/tiago_exam_worlds/share/tiago_exam_worlds/models/env_exam_cylinder1/model.config
[1.247s] -- Up-to-date symlink: /home/ines/tiago_ws/install/tiago_exam_worlds/share/tiago_exam_worlds/models/env_exam_cylinder2/env_exam_cylinder2.sdf
[1.247s] -- Up-to-date symlink: /home/ines/tiago_ws/install/tiago_exam_worlds/share/tiago_exam_worlds/models/env_exam_cylinder2/model.config
[1.247s] -- Up-to-date symlink: /home/ines/tiago_ws/install/tiago_exam_worlds/share/tiago_exam_worlds/models/env_exam_pick_surface/env_exam_pick_surface.sdf
[1.248s] -- Up-to-date symlink: /home/ines/tiago_ws/install/tiago_exam_worlds/share/tiago_exam_worlds/models/env_exam_pick_surface/model.config
[1.248s] -- Up-to-date symlink: /home/ines/tiago_ws/install/tiago_exam_worlds/share/tiago_exam_worlds/models/env_exam_place_surface/env_exam_place_surface.sdf
[1.248s] -- Up-to-date symlink: /home/ines/tiago_ws/install/tiago_exam_worlds/share/tiago_exam_worlds/models/env_exam_place_surface/model.config
[1.250s] -- Up-to-date symlink: /home/ines/tiago_ws/install/tiago_exam_worlds/share/tiago_exam_worlds/models/floor_lamp/floor_lamp.sdf
[1.251s] -- Up-to-date symlink: /home/ines/tiago_ws/install/tiago_exam_worlds/share/tiago_exam_worlds/models/floor_lamp/meshes/floor_lamp.stl
[1.252s] -- Up-to-date symlink: /home/ines/tiago_ws/install/tiago_exam_worlds/share/tiago_exam_worlds/models/floor_lamp/model.config
[1.255s] -- Up-to-date symlink: /home/ines/tiago_ws/install/tiago_exam_worlds/share/tiago_exam_worlds/models/goetz_sofa/goetz_sofa.sdf
[1.262s] -- Up-to-date symlink: /home/ines/tiago_ws/install/tiago_exam_worlds/share/tiago_exam_worlds/models/goetz_sofa/materials/textures/texture0.jpg
[1.266s] -- Up-to-date symlink: /home/ines/tiago_ws/install/tiago_exam_worlds/share/tiago_exam_worlds/models/goetz_sofa/meshes/goetz_sofa.dae
[1.268s] -- Up-to-date symlink: /home/ines/tiago_ws/install/tiago_exam_worlds/share/tiago_exam_worlds/models/goetz_sofa/model.config
[1.270s] -- Up-to-date symlink: /home/ines/tiago_ws/install/tiago_exam_worlds/share/tiago_exam_worlds/models/green_ball/materials/scripts/ball.material
[1.272s] -- Up-to-date symlink: /home/ines/tiago_ws/install/tiago_exam_worlds/share/tiago_exam_worlds/models/green_ball/model.config
[1.273s] -- Up-to-date symlink: /home/ines/tiago_ws/install/tiago_exam_worlds/share/tiago_exam_worlds/models/green_ball/model.sdf
[1.276s] -- Up-to-date symlink: /home/ines/tiago_ws/install/tiago_exam_worlds/share/tiago_exam_worlds/models/green_cube/green_cube.sdf
[1.278s] -- Up-to-date symlink: /home/ines/tiago_ws/install/tiago_exam_worlds/share/tiago_exam_worlds/models/green_cube/model.config
[1.279s] -- Up-to-date symlink: /home/ines/tiago_ws/install/tiago_exam_worlds/share/tiago_exam_worlds/models/green_rectangle/green_rectangle.sdf
[1.279s] -- Up-to-date symlink: /home/ines/tiago_ws/install/tiago_exam_worlds/share/tiago_exam_worlds/models/green_rectangle/model.config
[1.280s] -- Up-to-date symlink: /home/ines/tiago_ws/install/tiago_exam_worlds/share/tiago_exam_worlds/models/ground_plane/model-1_2.sdf
[1.282s] -- Up-to-date symlink: /home/ines/tiago_ws/install/tiago_exam_worlds/share/tiago_exam_worlds/models/ground_plane/model-1_3.sdf
[1.283s] -- Up-to-date symlink: /home/ines/tiago_ws/install/tiago_exam_worlds/share/tiago_exam_worlds/models/ground_plane/model-1_4.sdf
[1.288s] -- Up-to-date symlink: /home/ines/tiago_ws/install/tiago_exam_worlds/share/tiago_exam_worlds/models/ground_plane/model.config
[1.289s] -- Up-to-date symlink: /home/ines/tiago_ws/install/tiago_exam_worlds/share/tiago_exam_worlds/models/ground_plane/model.sdf
[1.289s] -- Up-to-date symlink: /home/ines/tiago_ws/install/tiago_exam_worlds/share/tiago_exam_worlds/models/hospital_flat_map/hospital_flat_map.sdf
[1.289s] -- Up-to-date symlink: /home/ines/tiago_ws/install/tiago_exam_worlds/share/tiago_exam_worlds/models/hospital_flat_map/meshes/hospital_flat_map.stl
[1.290s] -- Up-to-date symlink: /home/ines/tiago_ws/install/tiago_exam_worlds/share/tiago_exam_worlds/models/hospital_flat_map/model.config
[1.290s] -- Up-to-date symlink: /home/ines/tiago_ws/install/tiago_exam_worlds/share/tiago_exam_worlds/models/hospital_map/hospital_map.sdf
[1.291s] -- Up-to-date symlink: /home/ines/tiago_ws/install/tiago_exam_worlds/share/tiago_exam_worlds/models/hospital_map/meshes/g1.stl
[1.291s] -- Up-to-date symlink: /home/ines/tiago_ws/install/tiago_exam_worlds/share/tiago_exam_worlds/models/hospital_map/meshes/g2.stl
[1.291s] -- Up-to-date symlink: /home/ines/tiago_ws/install/tiago_exam_worlds/share/tiago_exam_worlds/models/hospital_map/meshes/g3.stl
[1.292s] -- Up-to-date symlink: /home/ines/tiago_ws/install/tiago_exam_worlds/share/tiago_exam_worlds/models/hospital_map/meshes/g4.stl
[1.292s] -- Up-to-date symlink: /home/ines/tiago_ws/install/tiago_exam_worlds/share/tiago_exam_worlds/models/hospital_map/meshes/g5.stl
[1.301s] -- Up-to-date symlink: /home/ines/tiago_ws/install/tiago_exam_worlds/share/tiago_exam_worlds/models/hospital_map/meshes/g6.stl
[1.301s] -- Up-to-date symlink: /home/ines/tiago_ws/install/tiago_exam_worlds/share/tiago_exam_worlds/models/hospital_map/meshes/g7.stl
[1.302s] -- Up-to-date symlink: /home/ines/tiago_ws/install/tiago_exam_worlds/share/tiago_exam_worlds/models/hospital_map/meshes/gr1.stl
[1.302s] -- Up-to-date symlink: /home/ines/tiago_ws/install/tiago_exam_worlds/share/tiago_exam_worlds/models/hospital_map/meshes/gr2.stl
[1.302s] -- Up-to-date symlink: /home/ines/tiago_ws/install/tiago_exam_worlds/share/tiago_exam_worlds/models/hospital_map/meshes/gr3.stl
[1.303s] -- Up-to-date symlink: /home/ines/tiago_ws/install/tiago_exam_worlds/share/tiago_exam_worlds/models/hospital_map/meshes/gr4.stl
[1.303s] -- Up-to-date symlink: /home/ines/tiago_ws/install/tiago_exam_worlds/share/tiago_exam_worlds/models/hospital_map/meshes/gr5.stl
[1.303s] -- Up-to-date symlink: /home/ines/tiago_ws/install/tiago_exam_worlds/share/tiago_exam_worlds/models/hospital_map/meshes/gr6.stl
[1.304s] -- Up-to-date symlink: /home/ines/tiago_ws/install/tiago_exam_worlds/share/tiago_exam_worlds/models/hospital_map/meshes/hospital_map.stl
[1.308s] -- Up-to-date symlink: /home/ines/tiago_ws/install/tiago_exam_worlds/share/tiago_exam_worlds/models/hospital_map/meshes/w1.stl
[1.308s] -- Up-to-date symlink: /home/ines/tiago_ws/install/tiago_exam_worlds/share/tiago_exam_worlds/models/hospital_map/meshes/w2.stl
[1.308s] -- Up-to-date symlink: /home/ines/tiago_ws/install/tiago_exam_worlds/share/tiago_exam_worlds/models/hospital_map/meshes/w3.stl
[1.309s] -- Up-to-date symlink: /home/ines/tiago_ws/install/tiago_exam_worlds/share/tiago_exam_worlds/models/hospital_map/meshes/w4.stl
[1.309s] -- Up-to-date symlink: /home/ines/tiago_ws/install/tiago_exam_worlds/share/tiago_exam_worlds/models/hospital_map/meshes/w5.stl
[1.309s] -- Up-to-date symlink: /home/ines/tiago_ws/install/tiago_exam_worlds/share/tiago_exam_worlds/models/hospital_map/meshes/w6.stl
[1.309s] -- Up-to-date symlink: /home/ines/tiago_ws/install/tiago_exam_worlds/share/tiago_exam_worlds/models/hospital_map/meshes/w7.stl
[1.310s] -- Up-to-date symlink: /home/ines/tiago_ws/install/tiago_exam_worlds/share/tiago_exam_worlds/models/hospital_map/meshes/wr1.stl
[1.318s] -- Up-to-date symlink: /home/ines/tiago_ws/install/tiago_exam_worlds/share/tiago_exam_worlds/models/hospital_map/meshes/wr2.stl
[1.319s] -- Up-to-date symlink: /home/ines/tiago_ws/install/tiago_exam_worlds/share/tiago_exam_worlds/models/hospital_map/meshes/wr3.stl
[1.320s] -- Up-to-date symlink: /home/ines/tiago_ws/install/tiago_exam_worlds/share/tiago_exam_worlds/models/hospital_map/meshes/wr4.stl
[1.320s] -- Up-to-date symlink: /home/ines/tiago_ws/install/tiago_exam_worlds/share/tiago_exam_worlds/models/hospital_map/meshes/wr5.stl
[1.321s] -- Up-to-date symlink: /home/ines/tiago_ws/install/tiago_exam_worlds/share/tiago_exam_worlds/models/hospital_map/meshes/wr6.stl
[1.324s] -- Up-to-date symlink: /home/ines/tiago_ws/install/tiago_exam_worlds/share/tiago_exam_worlds/models/hospital_map/model.config
[1.325s] -- Up-to-date symlink: /home/ines/tiago_ws/install/tiago_exam_worlds/share/tiago_exam_worlds/models/ideal_sun/model.config
[1.326s] -- Up-to-date symlink: /home/ines/tiago_ws/install/tiago_exam_worlds/share/tiago_exam_worlds/models/ideal_sun/model.sdf
[1.326s] -- Up-to-date symlink: /home/ines/tiago_ws/install/tiago_exam_worlds/share/tiago_exam_worlds/models/ikea_ektorp_chair/meshes/IKE06001.JPG
[1.327s] -- Up-to-date symlink: /home/ines/tiago_ws/install/tiago_exam_worlds/share/tiago_exam_worlds/models/ikea_ektorp_chair/meshes/mesh.dae
[1.327s] -- Up-to-date symlink: /home/ines/tiago_ws/install/tiago_exam_worlds/share/tiago_exam_worlds/models/ikea_ektorp_chair/model.config
[1.327s] -- Up-to-date symlink: /home/ines/tiago_ws/install/tiago_exam_worlds/share/tiago_exam_worlds/models/ikea_ektorp_chair/model.sdf
[1.328s] -- Up-to-date symlink: /home/ines/tiago_ws/install/tiago_exam_worlds/share/tiago_exam_worlds/models/ikea_folke_chair/meshes/mesh.dae
[1.328s] -- Up-to-date symlink: /home/ines/tiago_ws/install/tiago_exam_worlds/share/tiago_exam_worlds/models/ikea_folke_chair/meshes/notexture.png
[1.331s] -- Up-to-date symlink: /home/ines/tiago_ws/install/tiago_exam_worlds/share/tiago_exam_worlds/models/ikea_folke_chair/meshes/texture.png
[1.332s] -- Up-to-date symlink: /home/ines/tiago_ws/install/tiago_exam_worlds/share/tiago_exam_worlds/models/ikea_folke_chair/model.config
[1.332s] -- Up-to-date symlink: /home/ines/tiago_ws/install/tiago_exam_worlds/share/tiago_exam_worlds/models/ikea_folke_chair/model.sdf
[1.332s] -- Up-to-date symlink: /home/ines/tiago_ws/install/tiago_exam_worlds/share/tiago_exam_worlds/models/ikea_harry_chair/meshes/body.png
[1.333s] -- Up-to-date symlink: /home/ines/tiago_ws/install/tiago_exam_worlds/share/tiago_exam_worlds/models/ikea_harry_chair/meshes/legs.png
[1.333s] -- Up-to-date symlink: /home/ines/tiago_ws/install/tiago_exam_worlds/share/tiago_exam_worlds/models/ikea_harry_chair/meshes/mesh.dae
[1.333s] -- Up-to-date symlink: /home/ines/tiago_ws/install/tiago_exam_worlds/share/tiago_exam_worlds/models/ikea_harry_chair/model.config
[1.334s] -- Up-to-date symlink: /home/ines/tiago_ws/install/tiago_exam_worlds/share/tiago_exam_worlds/models/ikea_harry_chair/model.sdf
[1.334s] -- Up-to-date symlink: /home/ines/tiago_ws/install/tiago_exam_worlds/share/tiago_exam_worlds/models/ikea_stefan_chair/meshes/mesh.dae
[1.339s] -- Up-to-date symlink: /home/ines/tiago_ws/install/tiago_exam_worlds/share/tiago_exam_worlds/models/ikea_stefan_chair/model.config
[1.343s] -- Up-to-date symlink: /home/ines/tiago_ws/install/tiago_exam_worlds/share/tiago_exam_worlds/models/ikea_stefan_chair/model.sdf
[1.344s] -- Up-to-date symlink: /home/ines/tiago_ws/install/tiago_exam_worlds/share/tiago_exam_worlds/models/ikea_urban_chair/meshes/mesh.dae
[1.349s] -- Up-to-date symlink: /home/ines/tiago_ws/install/tiago_exam_worlds/share/tiago_exam_worlds/models/ikea_urban_chair/meshes/notexture.png
[1.350s] -- Up-to-date symlink: /home/ines/tiago_ws/install/tiago_exam_worlds/share/tiago_exam_worlds/models/ikea_urban_chair/model.config
[1.350s] -- Up-to-date symlink: /home/ines/tiago_ws/install/tiago_exam_worlds/share/tiago_exam_worlds/models/ikea_urban_chair/model.sdf
[1.351s] -- Up-to-date symlink: /home/ines/tiago_ws/install/tiago_exam_worlds/share/tiago_exam_worlds/models/kitchen_chair/kitchen_chair.sdf
[1.351s] -- Up-to-date symlink: /home/ines/tiago_ws/install/tiago_exam_worlds/share/tiago_exam_worlds/models/kitchen_chair/meshes/kitchen_chair.stl
[1.351s] -- Up-to-date symlink: /home/ines/tiago_ws/install/tiago_exam_worlds/share/tiago_exam_worlds/models/kitchen_chair/model.config
[1.352s] -- Up-to-date symlink: /home/ines/tiago_ws/install/tiago_exam_worlds/share/tiago_exam_worlds/models/kitchen_no_sink/meshes/bin/bin.dae
[1.360s] -- Up-to-date symlink: /home/ines/tiago_ws/install/tiago_exam_worlds/share/tiago_exam_worlds/models/kitchen_no_sink/meshes/bookshelve/bookshelve.dae
[1.361s] -- Up-to-date symlink: /home/ines/tiago_ws/install/tiago_exam_worlds/share/tiago_exam_worlds/models/kitchen_no_sink/meshes/chair/chair.dae
[1.361s] -- Up-to-date symlink: /home/ines/tiago_ws/install/tiago_exam_worlds/share/tiago_exam_worlds/models/kitchen_no_sink/meshes/sink/TexturesCom_Wood_GluLamBeam_header.jpg
[1.362s] -- Up-to-date symlink: /home/ines/tiago_ws/install/tiago_exam_worlds/share/tiago_exam_worlds/models/kitchen_no_sink/meshes/sink/kitchen_only_armario_lavamanos.mtl
[1.362s] -- Up-to-date symlink: /home/ines/tiago_ws/install/tiago_exam_worlds/share/tiago_exam_worlds/models/kitchen_no_sink/meshes/sink/kitchen_only_armario_lavamanos.obj
[1.363s] -- Up-to-date symlink: /home/ines/tiago_ws/install/tiago_exam_worlds/share/tiago_exam_worlds/models/kitchen_no_sink/meshes/sink/kitchen_only_cajon_1.mtl
[1.363s] -- Up-to-date symlink: /home/ines/tiago_ws/install/tiago_exam_worlds/share/tiago_exam_worlds/models/kitchen_no_sink/meshes/sink/kitchen_only_cajon_1.obj
[1.365s] -- Up-to-date symlink: /home/ines/tiago_ws/install/tiago_exam_worlds/share/tiago_exam_worlds/models/kitchen_no_sink/meshes/sink/kitchen_only_cajon_2.mtl
[1.366s] -- Up-to-date symlink: /home/ines/tiago_ws/install/tiago_exam_worlds/share/tiago_exam_worlds/models/kitchen_no_sink/meshes/sink/kitchen_only_cajon_2.obj
[1.367s] -- Up-to-date symlink: /home/ines/tiago_ws/install/tiago_exam_worlds/share/tiago_exam_worlds/models/kitchen_no_sink/meshes/sink/kitchen_only_cajon_grande.mtl
[1.368s] -- Up-to-date symlink: /home/ines/tiago_ws/install/tiago_exam_worlds/share/tiago_exam_worlds/models/kitchen_no_sink/meshes/sink/kitchen_only_cajon_grande.obj
[1.368s] -- Up-to-date symlink: /home/ines/tiago_ws/install/tiago_exam_worlds/share/tiago_exam_worlds/models/kitchen_no_sink/meshes/sink/kitchen_only_cubiertos_lavavajillas.mtl
[1.368s] -- Up-to-date symlink: /home/ines/tiago_ws/install/tiago_exam_worlds/share/tiago_exam_worlds/models/kitchen_no_sink/meshes/sink/kitchen_only_cubiertos_lavavajillas.obj
[1.369s] -- Up-to-date symlink: /home/ines/tiago_ws/install/tiago_exam_worlds/share/tiago_exam_worlds/models/kitchen_no_sink/meshes/sink/kitchen_only_kitchen.mtl
[1.369s] -- Up-to-date symlink: /home/ines/tiago_ws/install/tiago_exam_worlds/share/tiago_exam_worlds/models/kitchen_no_sink/meshes/sink/kitchen_only_kitchen.obj
[1.369s] -- Up-to-date symlink: /home/ines/tiago_ws/install/tiago_exam_worlds/share/tiago_exam_worlds/models/kitchen_no_sink/meshes/sink/kitchen_only_lavadora.mtl
[1.370s] -- Up-to-date symlink: /home/ines/tiago_ws/install/tiago_exam_worlds/share/tiago_exam_worlds/models/kitchen_no_sink/meshes/sink/kitchen_only_lavadora.obj
[1.375s] -- Up-to-date symlink: /home/ines/tiago_ws/install/tiago_exam_worlds/share/tiago_exam_worlds/models/kitchen_no_sink/meshes/sink/kitchen_only_parte_de_abajo_lavavajillas.mtl
[1.375s] -- Up-to-date symlink: /home/ines/tiago_ws/install/tiago_exam_worlds/share/tiago_exam_worlds/models/kitchen_no_sink/meshes/sink/kitchen_only_parte_de_abajo_lavavajillas.obj
[1.376s] -- Up-to-date symlink: /home/ines/tiago_ws/install/tiago_exam_worlds/share/tiago_exam_worlds/models/kitchen_no_sink/meshes/sink/kitchen_only_parte_de_arriba_lavavajillas.mtl
[1.376s] -- Up-to-date symlink: /home/ines/tiago_ws/install/tiago_exam_worlds/share/tiago_exam_worlds/models/kitchen_no_sink/meshes/sink/kitchen_only_parte_de_arriba_lavavajillas.obj
[1.377s] -- Up-to-date symlink: /home/ines/tiago_ws/install/tiago_exam_worlds/share/tiago_exam_worlds/models/kitchen_no_sink/meshes/sink/kitchen_only_puerta_lavavajillas.mtl
[1.377s] -- Up-to-date symlink: /home/ines/tiago_ws/install/tiago_exam_worlds/share/tiago_exam_worlds/models/kitchen_no_sink/meshes/sink/kitchen_only_puerta_lavavajillas.obj
[1.378s] -- Up-to-date symlink: /home/ines/tiago_ws/install/tiago_exam_worlds/share/tiago_exam_worlds/models/kitchen_no_sink/meshes/table/table.dae
[1.378s] -- Up-to-date symlink: /home/ines/tiago_ws/install/tiago_exam_worlds/share/tiago_exam_worlds/models/kitchen_no_sink/meshes/table/table.mtl
[1.379s] -- Up-to-date symlink: /home/ines/tiago_ws/install/tiago_exam_worlds/share/tiago_exam_worlds/models/kitchen_no_sink/meshes/table/table.obj
[1.379s] -- Up-to-date symlink: /home/ines/tiago_ws/install/tiago_exam_worlds/share/tiago_exam_worlds/models/kitchen_no_sink/meshes/table/table_ikea.mtl
[1.379s] -- Up-to-date symlink: /home/ines/tiago_ws/install/tiago_exam_worlds/share/tiago_exam_worlds/models/kitchen_no_sink/meshes/table/table_ikea.obj
[1.380s] -- Up-to-date symlink: /home/ines/tiago_ws/install/tiago_exam_worlds/share/tiago_exam_worlds/models/kitchen_no_sink/meshes/table/table_wood_texture.jpg
[1.380s] -- Up-to-date symlink: /home/ines/tiago_ws/install/tiago_exam_worlds/share/tiago_exam_worlds/models/kitchen_no_sink/model.config
[1.380s] -- Up-to-date symlink: /home/ines/tiago_ws/install/tiago_exam_worlds/share/tiago_exam_worlds/models/kitchen_no_sink/model.sdf
[1.388s] -- Up-to-date symlink: /home/ines/tiago_ws/install/tiago_exam_worlds/share/tiago_exam_worlds/models/kitchen_no_sink_walls/model.config
[1.389s] -- Up-to-date symlink: /home/ines/tiago_ws/install/tiago_exam_worlds/share/tiago_exam_worlds/models/kitchen_no_sink_walls/model.sdf
[1.390s] -- Up-to-date symlink: /home/ines/tiago_ws/install/tiago_exam_worlds/share/tiago_exam_worlds/models/kitchen_no_sink_walls_pics/model.config
[1.390s] -- Up-to-date symlink: /home/ines/tiago_ws/install/tiago_exam_worlds/share/tiago_exam_worlds/models/kitchen_no_sink_walls_pics/model.sdf
[1.394s] -- Up-to-date symlink: /home/ines/tiago_ws/install/tiago_exam_worlds/share/tiago_exam_worlds/models/kitchen_table/kitchen_table.sdf
[1.401s] -- Up-to-date symlink: /home/ines/tiago_ws/install/tiago_exam_worlds/share/tiago_exam_worlds/models/kitchen_table/meshes/kitchen_table.stl
[1.402s] -- Up-to-date symlink: /home/ines/tiago_ws/install/tiago_exam_worlds/share/tiago_exam_worlds/models/kitchen_table/model.config
[1.402s] -- Up-to-date symlink: /home/ines/tiago_ws/install/tiago_exam_worlds/share/tiago_exam_worlds/models/lamp/lamp.sdf
[1.409s] -- Up-to-date symlink: /home/ines/tiago_ws/install/tiago_exam_worlds/share/tiago_exam_worlds/models/lamp/meshes/lamp.stl
[1.410s] -- Up-to-date symlink: /home/ines/tiago_ws/install/tiago_exam_worlds/share/tiago_exam_worlds/models/lamp/model.config
[1.410s] -- Up-to-date symlink: /home/ines/tiago_ws/install/tiago_exam_worlds/share/tiago_exam_worlds/models/macrolink_small_table/model.config
[1.412s] -- Up-to-date symlink: /home/ines/tiago_ws/install/tiago_exam_worlds/share/tiago_exam_worlds/models/macrolink_small_table/table.sdf
[1.416s] -- Up-to-date symlink: /home/ines/tiago_ws/install/tiago_exam_worlds/share/tiago_exam_worlds/models/macrolink_table/model.config
[1.416s] -- Up-to-date symlink: /home/ines/tiago_ws/install/tiago_exam_worlds/share/tiago_exam_worlds/models/macrolink_table/table.sdf
[1.417s] -- Up-to-date symlink: /home/ines/tiago_ws/install/tiago_exam_worlds/share/tiago_exam_worlds/models/marker26_8cm/marker26_8cm.sdf
[1.417s] -- Up-to-date symlink: /home/ines/tiago_ws/install/tiago_exam_worlds/share/tiago_exam_worlds/models/marker26_8cm/material/scripts/marker26_8cm.material
[1.417s] -- Up-to-date symlink: /home/ines/tiago_ws/install/tiago_exam_worlds/share/tiago_exam_worlds/models/marker26_8cm/material/textures/aruco-26_8cm.png
[1.418s] -- Up-to-date symlink: /home/ines/tiago_ws/install/tiago_exam_worlds/share/tiago_exam_worlds/models/marker26_8cm/model.config
[1.418s] -- Up-to-date symlink: /home/ines/tiago_ws/install/tiago_exam_worlds/share/tiago_exam_worlds/models/pal_poster/material/scripts/pal_poster.material
[1.419s] -- Up-to-date symlink: /home/ines/tiago_ws/install/tiago_exam_worlds/share/tiago_exam_worlds/models/pal_poster/material/textures/pal_poster.jpg
[1.419s] -- Up-to-date symlink: /home/ines/tiago_ws/install/tiago_exam_worlds/share/tiago_exam_worlds/models/pal_poster/model.config
[1.420s] -- Up-to-date symlink: /home/ines/tiago_ws/install/tiago_exam_worlds/share/tiago_exam_worlds/models/pal_poster/pal_poster.sdf
[1.421s] -- Up-to-date symlink: /home/ines/tiago_ws/install/tiago_exam_worlds/share/tiago_exam_worlds/models/pal_textured_object/material/scripts/pal_textured_object.material
[1.422s] -- Up-to-date symlink: /home/ines/tiago_ws/install/tiago_exam_worlds/share/tiago_exam_worlds/models/pal_textured_object/material/textures/pal_textured_object.png
[1.422s] -- Up-to-date symlink: /home/ines/tiago_ws/install/tiago_exam_worlds/share/tiago_exam_worlds/models/pal_textured_object/model.config
[1.423s] -- Up-to-date symlink: /home/ines/tiago_ws/install/tiago_exam_worlds/share/tiago_exam_worlds/models/pal_textured_object/pal_textured_object.sdf
[1.423s] -- Up-to-date symlink: /home/ines/tiago_ws/install/tiago_exam_worlds/share/tiago_exam_worlds/models/pringles/material/scripts/pringles.material
[1.423s] -- Up-to-date symlink: /home/ines/tiago_ws/install/tiago_exam_worlds/share/tiago_exam_worlds/models/pringles/material/textures/pringles.jpg
[1.424s] -- Up-to-date symlink: /home/ines/tiago_ws/install/tiago_exam_worlds/share/tiago_exam_worlds/models/pringles/model.config
[1.424s] -- Up-to-date symlink: /home/ines/tiago_ws/install/tiago_exam_worlds/share/tiago_exam_worlds/models/pringles/pringles.sdf
[1.425s] -- Up-to-date symlink: /home/ines/tiago_ws/install/tiago_exam_worlds/share/tiago_exam_worlds/models/pringles2/material/scripts/pringles2.material
[1.425s] -- Up-to-date symlink: /home/ines/tiago_ws/install/tiago_exam_worlds/share/tiago_exam_worlds/models/pringles2/material/textures/pringles2.jpg
[1.426s] -- Up-to-date symlink: /home/ines/tiago_ws/install/tiago_exam_worlds/share/tiago_exam_worlds/models/pringles2/model.config
[1.426s] -- Up-to-date symlink: /home/ines/tiago_ws/install/tiago_exam_worlds/share/tiago_exam_worlds/models/pringles2/pringles2.sdf
[1.427s] -- Up-to-date symlink: /home/ines/tiago_ws/install/tiago_exam_worlds/share/tiago_exam_worlds/models/reemc_bookshelf/bookshelf.sdf
[1.427s] -- Up-to-date symlink: /home/ines/tiago_ws/install/tiago_exam_worlds/share/tiago_exam_worlds/models/reemc_bookshelf/model.config
[1.428s] -- Up-to-date symlink: /home/ines/tiago_ws/install/tiago_exam_worlds/share/tiago_exam_worlds/models/reemc_cabinet/cabinet.sdf
[1.430s] -- Up-to-date symlink: /home/ines/tiago_ws/install/tiago_exam_worlds/share/tiago_exam_worlds/models/reemc_cabinet/model.config
[1.431s] -- Up-to-date symlink: /home/ines/tiago_ws/install/tiago_exam_worlds/share/tiago_exam_worlds/models/reemc_table/model.config
[1.432s] -- Up-to-date symlink: /home/ines/tiago_ws/install/tiago_exam_worlds/share/tiago_exam_worlds/models/reemc_table/table.sdf
[1.433s] -- Up-to-date symlink: /home/ines/tiago_ws/install/tiago_exam_worlds/share/tiago_exam_worlds/models/reemc_textured_object/meshes/mesh.dae
[1.433s] -- Up-to-date symlink: /home/ines/tiago_ws/install/tiago_exam_worlds/share/tiago_exam_worlds/models/reemc_textured_object/meshes/texture.jpg
[1.437s] -- Up-to-date symlink: /home/ines/tiago_ws/install/tiago_exam_worlds/share/tiago_exam_worlds/models/reemc_textured_object/model.config
[1.438s] -- Up-to-date symlink: /home/ines/tiago_ws/install/tiago_exam_worlds/share/tiago_exam_worlds/models/reemc_textured_object/model.sdf
[1.438s] -- Up-to-date symlink: /home/ines/tiago_ws/install/tiago_exam_worlds/share/tiago_exam_worlds/models/reemc_textured_object_nograv/model.config
[1.438s] -- Up-to-date symlink: /home/ines/tiago_ws/install/tiago_exam_worlds/share/tiago_exam_worlds/models/reemc_textured_object_nograv/model.sdf
[1.445s] -- Up-to-date symlink: /home/ines/tiago_ws/install/tiago_exam_worlds/share/tiago_exam_worlds/models/reemc_walls/model.config
[1.446s] -- Up-to-date symlink: /home/ines/tiago_ws/install/tiago_exam_worlds/share/tiago_exam_worlds/models/reemc_walls/walls.sdf
[1.446s] -- Up-to-date symlink: /home/ines/tiago_ws/install/tiago_exam_worlds/share/tiago_exam_worlds/models/reviews_table/meshes/reviews_table.stl
[1.446s] -- Up-to-date symlink: /home/ines/tiago_ws/install/tiago_exam_worlds/share/tiago_exam_worlds/models/reviews_table/model.config
[1.451s] -- Up-to-date symlink: /home/ines/tiago_ws/install/tiago_exam_worlds/share/tiago_exam_worlds/models/reviews_table/reviews_table.sdf
[1.452s] -- Up-to-date symlink: /home/ines/tiago_ws/install/tiago_exam_worlds/share/tiago_exam_worlds/models/robocup_walls_70cm_doors/house_walls.sdf
[1.453s] -- Up-to-date symlink: /home/ines/tiago_ws/install/tiago_exam_worlds/share/tiago_exam_worlds/models/robocup_walls_70cm_doors/meshes/robocup_house.stl
[1.453s] -- Up-to-date symlink: /home/ines/tiago_ws/install/tiago_exam_worlds/share/tiago_exam_worlds/models/robocup_walls_70cm_doors/model.config
[1.453s] -- Up-to-date symlink: /home/ines/tiago_ws/install/tiago_exam_worlds/share/tiago_exam_worlds/models/rockin_camp/README
[1.453s] -- Up-to-date symlink: /home/ines/tiago_ws/install/tiago_exam_worlds/share/tiago_exam_worlds/models/rockin_camp/model.config
[1.454s] -- Up-to-date symlink: /home/ines/tiago_ws/install/tiago_exam_worlds/share/tiago_exam_worlds/models/rockin_camp/model.sdf
[1.454s] -- Up-to-date symlink: /home/ines/tiago_ws/install/tiago_exam_worlds/share/tiago_exam_worlds/models/rockin_camp/rockin_camp.png
[1.454s] -- Up-to-date symlink: /home/ines/tiago_ws/install/tiago_exam_worlds/share/tiago_exam_worlds/models/sideboard/meshes/sideboard.stl
[1.454s] -- Up-to-date symlink: /home/ines/tiago_ws/install/tiago_exam_worlds/share/tiago_exam_worlds/models/sideboard/model.config
[1.455s] -- Up-to-date symlink: /home/ines/tiago_ws/install/tiago_exam_worlds/share/tiago_exam_worlds/models/sideboard/sideboard.sdf
[1.455s] -- Up-to-date symlink: /home/ines/tiago_ws/install/tiago_exam_worlds/share/tiago_exam_worlds/models/sink_furniture/meshes/TexturesCom_Wood_GluLamBeam_header.jpg
[1.456s] -- Up-to-date symlink: /home/ines/tiago_ws/install/tiago_exam_worlds/share/tiago_exam_worlds/models/sink_furniture/meshes/kitchen_only_armario_lavamanos.mtl
[1.456s] -- Up-to-date symlink: /home/ines/tiago_ws/install/tiago_exam_worlds/share/tiago_exam_worlds/models/sink_furniture/meshes/kitchen_only_armario_lavamanos.obj
[1.456s] -- Up-to-date symlink: /home/ines/tiago_ws/install/tiago_exam_worlds/share/tiago_exam_worlds/models/sink_furniture/meshes/kitchen_only_cajon_1.mtl
[1.457s] -- Up-to-date symlink: /home/ines/tiago_ws/install/tiago_exam_worlds/share/tiago_exam_worlds/models/sink_furniture/meshes/kitchen_only_cajon_1.obj
[1.457s] -- Up-to-date symlink: /home/ines/tiago_ws/install/tiago_exam_worlds/share/tiago_exam_worlds/models/sink_furniture/meshes/kitchen_only_cajon_2.mtl
[1.460s] -- Up-to-date symlink: /home/ines/tiago_ws/install/tiago_exam_worlds/share/tiago_exam_worlds/models/sink_furniture/meshes/kitchen_only_cajon_2.obj
[1.461s] -- Up-to-date symlink: /home/ines/tiago_ws/install/tiago_exam_worlds/share/tiago_exam_worlds/models/sink_furniture/meshes/kitchen_only_cajon_grande.mtl
[1.461s] -- Up-to-date symlink: /home/ines/tiago_ws/install/tiago_exam_worlds/share/tiago_exam_worlds/models/sink_furniture/meshes/kitchen_only_cajon_grande.obj
[1.462s] -- Up-to-date symlink: /home/ines/tiago_ws/install/tiago_exam_worlds/share/tiago_exam_worlds/models/sink_furniture/meshes/kitchen_only_cubiertos_lavavajillas.mtl
[1.462s] -- Up-to-date symlink: /home/ines/tiago_ws/install/tiago_exam_worlds/share/tiago_exam_worlds/models/sink_furniture/meshes/kitchen_only_cubiertos_lavavajillas.obj
[1.462s] -- Up-to-date symlink: /home/ines/tiago_ws/install/tiago_exam_worlds/share/tiago_exam_worlds/models/sink_furniture/meshes/kitchen_only_kitchen.mtl
[1.463s] -- Up-to-date symlink: /home/ines/tiago_ws/install/tiago_exam_worlds/share/tiago_exam_worlds/models/sink_furniture/meshes/kitchen_only_kitchen.obj
[1.467s] -- Up-to-date symlink: /home/ines/tiago_ws/install/tiago_exam_worlds/share/tiago_exam_worlds/models/sink_furniture/meshes/kitchen_only_lavadora.mtl
[1.469s] -- Up-to-date symlink: /home/ines/tiago_ws/install/tiago_exam_worlds/share/tiago_exam_worlds/models/sink_furniture/meshes/kitchen_only_lavadora.obj
[1.470s] -- Up-to-date symlink: /home/ines/tiago_ws/install/tiago_exam_worlds/share/tiago_exam_worlds/models/sink_furniture/meshes/kitchen_only_parte_de_abajo_lavavajillas.mtl
[1.471s] -- Up-to-date symlink: /home/ines/tiago_ws/install/tiago_exam_worlds/share/tiago_exam_worlds/models/sink_furniture/meshes/kitchen_only_parte_de_abajo_lavavajillas.obj
[1.471s] -- Up-to-date symlink: /home/ines/tiago_ws/install/tiago_exam_worlds/share/tiago_exam_worlds/models/sink_furniture/meshes/kitchen_only_parte_de_arriba_lavavajillas.mtl
[1.472s] -- Up-to-date symlink: /home/ines/tiago_ws/install/tiago_exam_worlds/share/tiago_exam_worlds/models/sink_furniture/meshes/kitchen_only_parte_de_arriba_lavavajillas.obj
[1.472s] -- Up-to-date symlink: /home/ines/tiago_ws/install/tiago_exam_worlds/share/tiago_exam_worlds/models/sink_furniture/meshes/kitchen_only_puerta_lavavajillas.mtl
[1.477s] -- Up-to-date symlink: /home/ines/tiago_ws/install/tiago_exam_worlds/share/tiago_exam_worlds/models/sink_furniture/meshes/kitchen_only_puerta_lavavajillas.obj
[1.477s] -- Up-to-date symlink: /home/ines/tiago_ws/install/tiago_exam_worlds/share/tiago_exam_worlds/models/sink_furniture/model.config
[1.477s] -- Up-to-date symlink: /home/ines/tiago_ws/install/tiago_exam_worlds/share/tiago_exam_worlds/models/sink_furniture/model.sdf
[1.478s] -- Up-to-date symlink: /home/ines/tiago_ws/install/tiago_exam_worlds/share/tiago_exam_worlds/models/slippery_patch/material/scripts/slippery_patch.material
[1.480s] -- Up-to-date symlink: /home/ines/tiago_ws/install/tiago_exam_worlds/share/tiago_exam_worlds/models/slippery_patch/material/textures/slippery_patch.jpg
[1.480s] -- Up-to-date symlink: /home/ines/tiago_ws/install/tiago_exam_worlds/share/tiago_exam_worlds/models/slippery_patch/model.config
[1.482s] -- Up-to-date symlink: /home/ines/tiago_ws/install/tiago_exam_worlds/share/tiago_exam_worlds/models/slippery_patch/slippery_patch.sdf
[1.482s] -- Up-to-date symlink: /home/ines/tiago_ws/install/tiago_exam_worlds/share/tiago_exam_worlds/models/small_cylinder/model.config
[1.483s] -- Up-to-date symlink: /home/ines/tiago_ws/install/tiago_exam_worlds/share/tiago_exam_worlds/models/small_cylinder/small_cylinder.sdf
[1.483s] -- Up-to-date symlink: /home/ines/tiago_ws/install/tiago_exam_worlds/share/tiago_exam_worlds/models/sofa/meshes/sofa.stl
[1.484s] -- Up-to-date symlink: /home/ines/tiago_ws/install/tiago_exam_worlds/share/tiago_exam_worlds/models/sofa/model.config
[1.484s] -- Up-to-date symlink: /home/ines/tiago_ws/install/tiago_exam_worlds/share/tiago_exam_worlds/models/sofa/sofa.sdf
[1.485s] -- Up-to-date symlink: /home/ines/tiago_ws/install/tiago_exam_worlds/share/tiago_exam_worlds/models/sprite/material/scripts/sprite.material
[1.485s] -- Up-to-date symlink: /home/ines/tiago_ws/install/tiago_exam_worlds/share/tiago_exam_worlds/models/sprite/material/textures/sprite.jpg
[1.487s] -- Up-to-date symlink: /home/ines/tiago_ws/install/tiago_exam_worlds/share/tiago_exam_worlds/models/sprite/model.config
[1.487s] -- Up-to-date symlink: /home/ines/tiago_ws/install/tiago_exam_worlds/share/tiago_exam_worlds/models/sprite/sprite.sdf
[1.487s] -- Up-to-date symlink: /home/ines/tiago_ws/install/tiago_exam_worlds/share/tiago_exam_worlds/models/sun/model-1_2.sdf
[1.488s] -- Up-to-date symlink: /home/ines/tiago_ws/install/tiago_exam_worlds/share/tiago_exam_worlds/models/sun/model-1_3.sdf
[1.488s] -- Up-to-date symlink: /home/ines/tiago_ws/install/tiago_exam_worlds/share/tiago_exam_worlds/models/sun/model-1_4.sdf
[1.488s] -- Up-to-date symlink: /home/ines/tiago_ws/install/tiago_exam_worlds/share/tiago_exam_worlds/models/sun/model.config
[1.489s] -- Up-to-date symlink: /home/ines/tiago_ws/install/tiago_exam_worlds/share/tiago_exam_worlds/models/sun/model.sdf
[1.489s] -- Up-to-date symlink: /home/ines/tiago_ws/install/tiago_exam_worlds/share/tiago_exam_worlds/models/table_0m8/model.config
[1.490s] -- Up-to-date symlink: /home/ines/tiago_ws/install/tiago_exam_worlds/share/tiago_exam_worlds/models/table_0m8/table.sdf
[1.490s] -- Up-to-date symlink: /home/ines/tiago_ws/install/tiago_exam_worlds/share/tiago_exam_worlds/models/table_1m/model.config
[1.492s] -- Up-to-date symlink: /home/ines/tiago_ws/install/tiago_exam_worlds/share/tiago_exam_worlds/models/table_1m/table_1m.sdf
[1.493s] -- Up-to-date symlink: /home/ines/tiago_ws/install/tiago_exam_worlds/share/tiago_exam_worlds/models/test2/meshes/test2.dae
[1.493s] -- Up-to-date symlink: /home/ines/tiago_ws/install/tiago_exam_worlds/share/tiago_exam_worlds/models/test2/model.config
[1.494s] -- Up-to-date symlink: /home/ines/tiago_ws/install/tiago_exam_worlds/share/tiago_exam_worlds/models/test2/test2.sdf
[1.494s] -- Up-to-date symlink: /home/ines/tiago_ws/install/tiago_exam_worlds/share/tiago_exam_worlds/models/testing_room/README
[1.495s] -- Up-to-date symlink: /home/ines/tiago_ws/install/tiago_exam_worlds/share/tiago_exam_worlds/models/testing_room/model.config
[1.495s] -- Up-to-date symlink: /home/ines/tiago_ws/install/tiago_exam_worlds/share/tiago_exam_worlds/models/testing_room/model.sdf
[1.495s] -- Up-to-date symlink: /home/ines/tiago_ws/install/tiago_exam_worlds/share/tiago_exam_worlds/models/testing_room/testing_room.png
[1.495s] -- Up-to-date symlink: /home/ines/tiago_ws/install/tiago_exam_worlds/share/tiago_exam_worlds/models/tv/meshes/tv.stl
[1.496s] -- Up-to-date symlink: /home/ines/tiago_ws/install/tiago_exam_worlds/share/tiago_exam_worlds/models/tv/model.config
[1.501s] -- Up-to-date symlink: /home/ines/tiago_ws/install/tiago_exam_worlds/share/tiago_exam_worlds/models/tv/tv.sdf
[1.501s] -- Up-to-date symlink: /home/ines/tiago_ws/install/tiago_exam_worlds/share/tiago_exam_worlds/models/wall_with_reem_photo/material/scripts/ball.material
[1.502s] -- Up-to-date symlink: /home/ines/tiago_ws/install/tiago_exam_worlds/share/tiago_exam_worlds/models/wall_with_reem_photo/material/scripts/wallWithREEMphoto.material
[1.503s] -- Up-to-date symlink: /home/ines/tiago_ws/install/tiago_exam_worlds/share/tiago_exam_worlds/models/wall_with_reem_photo/material/textures/REEM_photo0.jpg
[1.503s] -- Up-to-date symlink: /home/ines/tiago_ws/install/tiago_exam_worlds/share/tiago_exam_worlds/models/wall_with_reem_photo/model.config
[1.504s] -- Up-to-date symlink: /home/ines/tiago_ws/install/tiago_exam_worlds/share/tiago_exam_worlds/models/wall_with_reem_photo/model.sdf
[1.504s] -- Up-to-date symlink: /home/ines/tiago_ws/install/tiago_exam_worlds/share/tiago_exam_worlds/models/wardrobe/meshes/wardrobe.stl
[1.506s] -- Up-to-date symlink: /home/ines/tiago_ws/install/tiago_exam_worlds/share/tiago_exam_worlds/models/wardrobe/model.config
[1.506s] -- Up-to-date symlink: /home/ines/tiago_ws/install/tiago_exam_worlds/share/tiago_exam_worlds/models/wardrobe/wardrobe.sdf
[1.513s] -- Up-to-date symlink: /home/ines/tiago_ws/install/tiago_exam_worlds/share/tiago_exam_worlds/models/willowgarage/materials/textures/Carpet_Berber_Pattern_Gray_.png
[1.520s] -- Up-to-date symlink: /home/ines/tiago_ws/install/tiago_exam_worlds/share/tiago_exam_worlds/models/willowgarage/materials/textures/Stone_Brushed_Khaki_.png
[1.521s] -- Up-to-date symlink: /home/ines/tiago_ws/install/tiago_exam_worlds/share/tiago_exam_worlds/models/willowgarage/materials/textures/Wood_Bamboo_Medium_.png
[1.521s] -- Up-to-date symlink: /home/ines/tiago_ws/install/tiago_exam_worlds/share/tiago_exam_worlds/models/willowgarage/materials/textures/Wood_Cherry_Original_.png
[1.523s] -- Up-to-date symlink: /home/ines/tiago_ws/install/tiago_exam_worlds/share/tiago_exam_worlds/models/willowgarage/materials/textures/__Wood_Bamboo_Medium_1.png
[1.524s] -- Up-to-date symlink: /home/ines/tiago_ws/install/tiago_exam_worlds/share/tiago_exam_worlds/models/willowgarage/materials/textures/__auto_12.png
[1.524s] -- Up-to-date symlink: /home/ines/tiago_ws/install/tiago_exam_worlds/share/tiago_exam_worlds/models/willowgarage/materials/textures/__auto_2.png
[1.525s] -- Up-to-date symlink: /home/ines/tiago_ws/install/tiago_exam_worlds/share/tiago_exam_worlds/models/willowgarage/meshes/willowgarage_collision.dae
[1.525s] -- Up-to-date symlink: /home/ines/tiago_ws/install/tiago_exam_worlds/share/tiago_exam_worlds/models/willowgarage/meshes/willowgarage_visual.dae
[1.532s] -- Up-to-date symlink: /home/ines/tiago_ws/install/tiago_exam_worlds/share/tiago_exam_worlds/worlds/example.world
[1.533s] -- Up-to-date symlink: /home/ines/tiago_ws/install/tiago_exam_worlds/share/tiago_exam_worlds/worlds/group10.world
[1.534s] -- Up-to-date symlink: /home/ines/tiago_ws/install/tiago_exam_worlds/share/ament_index/resource_index/package_run_dependencies/tiago_exam_worlds
[1.535s] -- Up-to-date symlink: /home/ines/tiago_ws/install/tiago_exam_worlds/share/ament_index/resource_index/parent_prefix_path/tiago_exam_worlds
[1.536s] -- Up-to-date symlink: /home/ines/tiago_ws/install/tiago_exam_worlds/share/tiago_exam_worlds/environment/ament_prefix_path.sh
[1.544s] -- Up-to-date symlink: /home/ines/tiago_ws/install/tiago_exam_worlds/share/tiago_exam_worlds/environment/ament_prefix_path.dsv
[1.545s] -- Up-to-date symlink: /home/ines/tiago_ws/install/tiago_exam_worlds/share/tiago_exam_worlds/environment/path.sh
[1.545s] -- Up-to-date symlink: /home/ines/tiago_ws/install/tiago_exam_worlds/share/tiago_exam_worlds/environment/path.dsv
[1.546s] -- Up-to-date symlink: /home/ines/tiago_ws/install/tiago_exam_worlds/share/tiago_exam_worlds/local_setup.bash
[1.546s] -- Up-to-date symlink: /home/ines/tiago_ws/install/tiago_exam_worlds/share/tiago_exam_worlds/local_setup.sh
[1.550s] -- Up-to-date symlink: /home/ines/tiago_ws/install/tiago_exam_worlds/share/tiago_exam_worlds/local_setup.zsh
[1.551s] -- Up-to-date symlink: /home/ines/tiago_ws/install/tiago_exam_worlds/share/tiago_exam_worlds/local_setup.dsv
[1.551s] -- Symlinking: /home/ines/tiago_ws/install/tiago_exam_worlds/share/tiago_exam_worlds/package.dsv
[1.551s] -- Up-to-date symlink: /home/ines/tiago_ws/install/tiago_exam_worlds/share/ament_index/resource_index/packages/tiago_exam_worlds
[1.552s] -- Up-to-date symlink: /home/ines/tiago_ws/install/tiago_exam_worlds/share/tiago_exam_worlds/cmake/tiago_exam_worldsConfig.cmake
[1.552s] -- Up-to-date symlink: /home/ines/tiago_ws/install/tiago_exam_worlds/share/tiago_exam_worlds/cmake/tiago_exam_worldsConfig-version.cmake
[1.552s] -- Up-to-date symlink: /home/ines/tiago_ws/install/tiago_exam_worlds/share/tiago_exam_worlds/package.xml
[1.673s] Invoked command in '/home/ines/tiago_ws/build/tiago_exam_worlds' returned '0': CMAKE_PREFIX_PATH=${CMAKE_PREFIX_PATH}:/home/ines/tiago_ws/install/tiago_autonomous_navigation:/home/ines/tiago_ws/install/tiago_autonomous_exploration:/home/ines/ros2_ws/install/scripts:/home/ines/ros2_ws/install/acrobat:/opt/ros/humble /usr/bin/cmake --install /home/ines/tiago_ws/build/tiago_exam_worlds
