[0.191s] Invoking command in '/home/ines/tiago_ws/build/tiago_exam_worlds': CMAKE_PREFIX_PATH=${CMAKE_PREFIX_PATH}:/home/ines/tiago_ws/install/tiago_autonomous_navigation:/home/ines/tiago_ws/install/tiago_autonomous_exploration:/home/ines/ros2_ws/install/scripts:/home/ines/ros2_ws/install/acrobat:/opt/ros/humble /usr/bin/cmake --build /home/ines/tiago_ws/build/tiago_exam_worlds -- -j8 -l8
[0.691s] Invoked command in '/home/ines/tiago_ws/build/tiago_exam_worlds' returned '0': CMAKE_PREFIX_PATH=${CMAKE_PREFIX_PATH}:/home/ines/tiago_ws/install/tiago_autonomous_navigation:/home/ines/tiago_ws/install/tiago_autonomous_exploration:/home/ines/ros2_ws/install/scripts:/home/ines/ros2_ws/install/acrobat:/opt/ros/humble /usr/bin/cmake --build /home/ines/tiago_ws/build/tiago_exam_worlds -- -j8 -l8
[1.048s] Invoking command in '/home/ines/tiago_ws/build/tiago_exam_worlds': CMAKE_PREFIX_PATH=${CMAKE_PREFIX_PATH}:/home/ines/tiago_ws/install/tiago_autonomous_navigation:/home/ines/tiago_ws/install/tiago_autonomous_exploration:/home/ines/ros2_ws/install/scripts:/home/ines/ros2_ws/install/acrobat:/opt/ros/humble /usr/bin/cmake --install /home/ines/tiago_ws/build/tiago_exam_worlds
[1.090s] -- Install configuration: ""
[1.135s] -- Execute custom install script
[1.146s] -- Up-to-date symlink: /home/ines/tiago_ws/install/tiago_exam_worlds/share/tiago_exam_worlds/config/gazebo_params.yaml
[1.150s] -- Up-to-date symlink: /home/ines/tiago_ws/install/tiago_exam_worlds/share/tiago_exam_worlds/launch/pal_gazebo.launch.py
[1.152s] -- Up-to-date symlink: /home/ines/tiago_ws/install/tiago_exam_worlds/share/tiago_exam_worlds/launch/pal_gazebo_exam.launch.py
[1.245s] -- Up-to-date symlink: /home/ines/tiago_ws/install/tiago_exam_worlds/share/tiago_exam_worlds/models/arm_chair/arm_chair.sdf
[1.246s] -- Up-to-date symlink: /home/ines/tiago_ws/install/tiago_exam_worlds/share/tiago_exam_worlds/models/arm_chair/meshes/arm_chair.stl
[1.247s] -- Up-to-date symlink: /home/ines/tiago_ws/install/tiago_exam_worlds/share/tiago_exam_worlds/models/arm_chair/model.config
[1.248s] -- Up-to-date symlink: /home/ines/tiago_ws/install/tiago_exam_worlds/share/tiago_exam_worlds/models/aruco_board/aruco_board.sdf
[1.257s] -- Up-to-date symlink: /home/ines/tiago_ws/install/tiago_exam_worlds/share/tiago_exam_worlds/models/aruco_board/material/scripts/aruco_board.material
[1.257s] -- Up-to-date symlink: /home/ines/tiago_ws/install/tiago_exam_worlds/share/tiago_exam_worlds/models/aruco_board/material/textures/aruco_board.png
[1.261s] -- Up-to-date symlink: /home/ines/tiago_ws/install/tiago_exam_worlds/share/tiago_exam_worlds/models/aruco_board/model.config
[1.264s] -- Up-to-date symlink: /home/ines/tiago_ws/install/tiago_exam_worlds/share/tiago_exam_worlds/models/aruco_cube/aruco_cube.sdf
[1.271s] -- Up-to-date symlink: /home/ines/tiago_ws/install/tiago_exam_worlds/share/tiago_exam_worlds/models/aruco_cube/meshes/aruco_cube_5cm.dae
[1.272s] -- Up-to-date symlink: /home/ines/tiago_ws/install/tiago_exam_worlds/share/tiago_exam_worlds/models/aruco_cube/meshes/aruco_cube_6cm.dae
[1.272s] -- Up-to-date symlink: /home/ines/tiago_ws/install/tiago_exam_worlds/share/tiago_exam_worlds/models/aruco_cube/meshes/aruco_cube_8cm.dae
[1.272s] -- Up-to-date symlink: /home/ines/tiago_ws/install/tiago_exam_worlds/share/tiago_exam_worlds/models/aruco_cube/meshes/marker582.png
[1.272s] -- Up-to-date symlink: /home/ines/tiago_ws/install/tiago_exam_worlds/share/tiago_exam_worlds/models/aruco_cube/meshes/marker582_small_margin.png
[1.273s] -- Up-to-date symlink: /home/ines/tiago_ws/install/tiago_exam_worlds/share/tiago_exam_worlds/models/aruco_cube/model.config
[1.273s] -- Up-to-date symlink: /home/ines/tiago_ws/install/tiago_exam_worlds/share/tiago_exam_worlds/models/aruco_cube_exam_id582/aruco_cube_exam_id582.sdf
[1.277s] -- Up-to-date symlink: /home/ines/tiago_ws/install/tiago_exam_worlds/share/tiago_exam_worlds/models/aruco_cube_exam_id582/meshes/aruco_cube_6cm.dae
[1.278s] -- Up-to-date symlink: /home/ines/tiago_ws/install/tiago_exam_worlds/share/tiago_exam_worlds/models/aruco_cube_exam_id582/meshes/aruco_id_582.png
[1.287s] -- Up-to-date symlink: /home/ines/tiago_ws/install/tiago_exam_worlds/share/tiago_exam_worlds/models/aruco_cube_exam_id582/model.config
[1.288s] -- Up-to-date symlink: /home/ines/tiago_ws/install/tiago_exam_worlds/share/tiago_exam_worlds/models/aruco_cube_exam_id63/aruco_cube_exam_id63.sdf
[1.289s] -- Up-to-date symlink: /home/ines/tiago_ws/install/tiago_exam_worlds/share/tiago_exam_worlds/models/aruco_cube_exam_id63/meshes/aruco_cube_6cm.dae
[1.289s] -- Up-to-date symlink: /home/ines/tiago_ws/install/tiago_exam_worlds/share/tiago_exam_worlds/models/aruco_cube_exam_id63/meshes/aruco_id_63.png
[1.289s] -- Up-to-date symlink: /home/ines/tiago_ws/install/tiago_exam_worlds/share/tiago_exam_worlds/models/aruco_cube_exam_id63/model.config
[1.290s] -- Up-to-date symlink: /home/ines/tiago_ws/install/tiago_exam_worlds/share/tiago_exam_worlds/models/aruco_marker_250_6x6_1/aruco_marker_250_6x6.sdf
[1.290s] -- Up-to-date symlink: /home/ines/tiago_ws/install/tiago_exam_worlds/share/tiago_exam_worlds/models/aruco_marker_250_6x6_1/material/scripts/aruco_marker_250_6x6.material
[1.296s] -- Up-to-date symlink: /home/ines/tiago_ws/install/tiago_exam_worlds/share/tiago_exam_worlds/models/aruco_marker_250_6x6_1/material/textures/Aruco_6x6_250_0.png
[1.296s] -- Up-to-date symlink: /home/ines/tiago_ws/install/tiago_exam_worlds/share/tiago_exam_worlds/models/aruco_marker_250_6x6_1/model.config
[1.296s] -- Up-to-date symlink: /home/ines/tiago_ws/install/tiago_exam_worlds/share/tiago_exam_worlds/models/aruco_marker_250_6x6_2/aruco_marker_250_6x6.sdf
[1.304s] -- Up-to-date symlink: /home/ines/tiago_ws/install/tiago_exam_worlds/share/tiago_exam_worlds/models/aruco_marker_250_6x6_2/material/scripts/aruco_marker_250_6x6.material
[1.315s] -- Up-to-date symlink: /home/ines/tiago_ws/install/tiago_exam_worlds/share/tiago_exam_worlds/models/aruco_marker_250_6x6_2/material/textures/Aruco_6x6_250_1.png
[1.325s] -- Up-to-date symlink: /home/ines/tiago_ws/install/tiago_exam_worlds/share/tiago_exam_worlds/models/aruco_marker_250_6x6_2/model.config
[1.327s] -- Up-to-date symlink: /home/ines/tiago_ws/install/tiago_exam_worlds/share/tiago_exam_worlds/models/aruco_marker_250_6x6_3/aruco_marker_250_6x6.sdf
[1.328s] -- Up-to-date symlink: /home/ines/tiago_ws/install/tiago_exam_worlds/share/tiago_exam_worlds/models/aruco_marker_250_6x6_3/material/scripts/aruco_marker_250_6x6.material
[1.328s] -- Up-to-date symlink: /home/ines/tiago_ws/install/tiago_exam_worlds/share/tiago_exam_worlds/models/aruco_marker_250_6x6_3/material/textures/Aruco_6x6_250_2.png
[1.328s] -- Up-to-date symlink: /home/ines/tiago_ws/install/tiago_exam_worlds/share/tiago_exam_worlds/models/aruco_marker_250_6x6_3/model.config
[1.329s] -- Up-to-date symlink: /home/ines/tiago_ws/install/tiago_exam_worlds/share/tiago_exam_worlds/models/aruco_marker_250_6x6_4/aruco_marker_250_6x6.sdf
[1.332s] -- Up-to-date symlink: /home/ines/tiago_ws/install/tiago_exam_worlds/share/tiago_exam_worlds/models/aruco_marker_250_6x6_4/material/scripts/aruco_marker_250_6x6.material
[1.348s] -- Up-to-date symlink: /home/ines/tiago_ws/install/tiago_exam_worlds/share/tiago_exam_worlds/models/aruco_marker_250_6x6_4/material/textures/Aruco_6x6_250_3.png
[1.350s] -- Up-to-date symlink: /home/ines/tiago_ws/install/tiago_exam_worlds/share/tiago_exam_worlds/models/aruco_marker_250_6x6_4/model.config
[1.350s] -- Up-to-date symlink: /home/ines/tiago_ws/install/tiago_exam_worlds/share/tiago_exam_worlds/models/aruco_marker_6cm_238/aruco_marker_6cm.sdf
[1.353s] -- Up-to-date symlink: /home/ines/tiago_ws/install/tiago_exam_worlds/share/tiago_exam_worlds/models/aruco_marker_6cm_238/material/scripts/aruco_marker_original.material
[1.354s] -- Up-to-date symlink: /home/ines/tiago_ws/install/tiago_exam_worlds/share/tiago_exam_worlds/models/aruco_marker_6cm_238/material/textures/Aruco_6cm_238.png
[1.355s] -- Up-to-date symlink: /home/ines/tiago_ws/install/tiago_exam_worlds/share/tiago_exam_worlds/models/aruco_marker_6cm_238/model.config
[1.356s] -- Up-to-date symlink: /home/ines/tiago_ws/install/tiago_exam_worlds/share/tiago_exam_worlds/models/aruco_marker_6cm_26/aruco_marker_6cm.sdf
[1.358s] -- Up-to-date symlink: /home/ines/tiago_ws/install/tiago_exam_worlds/share/tiago_exam_worlds/models/aruco_marker_6cm_26/material/scripts/aruco_marker_original.material
[1.368s] -- Up-to-date symlink: /home/ines/tiago_ws/install/tiago_exam_worlds/share/tiago_exam_worlds/models/aruco_marker_6cm_26/material/textures/Aruco_6cm_26.png
[1.369s] -- Up-to-date symlink: /home/ines/tiago_ws/install/tiago_exam_worlds/share/tiago_exam_worlds/models/aruco_marker_6cm_26/model.config
[1.369s] -- Up-to-date symlink: /home/ines/tiago_ws/install/tiago_exam_worlds/share/tiago_exam_worlds/models/aruco_marker_6cm_582/aruco_marker_6cm.sdf
[1.369s] -- Up-to-date symlink: /home/ines/tiago_ws/install/tiago_exam_worlds/share/tiago_exam_worlds/models/aruco_marker_6cm_582/material/scripts/aruco_marker_original.material
[1.377s] -- Up-to-date symlink: /home/ines/tiago_ws/install/tiago_exam_worlds/share/tiago_exam_worlds/models/aruco_marker_6cm_582/material/textures/Aruco_6cm_582.png
[1.378s] -- Up-to-date symlink: /home/ines/tiago_ws/install/tiago_exam_worlds/share/tiago_exam_worlds/models/aruco_marker_6cm_582/model.config
[1.384s] -- Up-to-date symlink: /home/ines/tiago_ws/install/tiago_exam_worlds/share/tiago_exam_worlds/models/aruco_marker_6cm_63/aruco_marker_6cm.sdf
[1.394s] -- Up-to-date symlink: /home/ines/tiago_ws/install/tiago_exam_worlds/share/tiago_exam_worlds/models/aruco_marker_6cm_63/material/scripts/aruco_marker_original.material
[1.395s] -- Up-to-date symlink: /home/ines/tiago_ws/install/tiago_exam_worlds/share/tiago_exam_worlds/models/aruco_marker_6cm_63/material/textures/Aruco_6cm_63.png
[1.415s] -- Up-to-date symlink: /home/ines/tiago_ws/install/tiago_exam_worlds/share/tiago_exam_worlds/models/aruco_marker_6cm_63/model.config
[1.416s] -- Up-to-date symlink: /home/ines/tiago_ws/install/tiago_exam_worlds/share/tiago_exam_worlds/models/aruco_marker_9cm_238/aruco_marker_9cm.sdf
[1.416s] -- Up-to-date symlink: /home/ines/tiago_ws/install/tiago_exam_worlds/share/tiago_exam_worlds/models/aruco_marker_9cm_238/material/scripts/aruco_marker_original.material
[1.417s] -- Up-to-date symlink: /home/ines/tiago_ws/install/tiago_exam_worlds/share/tiago_exam_worlds/models/aruco_marker_9cm_238/material/textures/Aruco_9cm_238.png
[1.417s] -- Up-to-date symlink: /home/ines/tiago_ws/install/tiago_exam_worlds/share/tiago_exam_worlds/models/aruco_marker_9cm_238/model.config
[1.418s] -- Up-to-date symlink: /home/ines/tiago_ws/install/tiago_exam_worlds/share/tiago_exam_worlds/models/aruco_marker_9cm_26/aruco_marker_9cm.sdf
[1.418s] -- Up-to-date symlink: /home/ines/tiago_ws/install/tiago_exam_worlds/share/tiago_exam_worlds/models/aruco_marker_9cm_26/material/scripts/aruco_marker_original.material
[1.431s] -- Up-to-date symlink: /home/ines/tiago_ws/install/tiago_exam_worlds/share/tiago_exam_worlds/models/aruco_marker_9cm_26/material/textures/Aruco_9cm_26.png
[1.432s] -- Up-to-date symlink: /home/ines/tiago_ws/install/tiago_exam_worlds/share/tiago_exam_worlds/models/aruco_marker_9cm_26/model.config
[1.433s] -- Up-to-date symlink: /home/ines/tiago_ws/install/tiago_exam_worlds/share/tiago_exam_worlds/models/aruco_marker_9cm_582/aruco_marker_9cm.sdf
[1.433s] -- Up-to-date symlink: /home/ines/tiago_ws/install/tiago_exam_worlds/share/tiago_exam_worlds/models/aruco_marker_9cm_582/material/scripts/aruco_marker_original.material
[1.459s] -- Up-to-date symlink: /home/ines/tiago_ws/install/tiago_exam_worlds/share/tiago_exam_worlds/models/aruco_marker_9cm_582/material/textures/Aruco_9cm_582.png
[1.460s] -- Up-to-date symlink: /home/ines/tiago_ws/install/tiago_exam_worlds/share/tiago_exam_worlds/models/aruco_marker_9cm_582/model.config
[1.461s] -- Up-to-date symlink: /home/ines/tiago_ws/install/tiago_exam_worlds/share/tiago_exam_worlds/models/aruco_marker_9cm_63/aruco_marker_9cm.sdf
[1.479s] -- Up-to-date symlink: /home/ines/tiago_ws/install/tiago_exam_worlds/share/tiago_exam_worlds/models/aruco_marker_9cm_63/material/scripts/aruco_marker_original.material
[1.479s] -- Up-to-date symlink: /home/ines/tiago_ws/install/tiago_exam_worlds/share/tiago_exam_worlds/models/aruco_marker_9cm_63/material/textures/Aruco_9cm_63.png
[1.485s] -- Up-to-date symlink: /home/ines/tiago_ws/install/tiago_exam_worlds/share/tiago_exam_worlds/models/aruco_marker_9cm_63/model.config
[1.490s] -- Up-to-date symlink: /home/ines/tiago_ws/install/tiago_exam_worlds/share/tiago_exam_worlds/models/aruco_marker_original_238/aruco_marker_original.sdf
[1.491s] -- Up-to-date symlink: /home/ines/tiago_ws/install/tiago_exam_worlds/share/tiago_exam_worlds/models/aruco_marker_original_238/material/scripts/aruco_marker_original.material
[1.492s] -- Up-to-date symlink: /home/ines/tiago_ws/install/tiago_exam_worlds/share/tiago_exam_worlds/models/aruco_marker_original_238/material/textures/Aruco_original_238.png
[1.494s] -- Up-to-date symlink: /home/ines/tiago_ws/install/tiago_exam_worlds/share/tiago_exam_worlds/models/aruco_marker_original_238/model.config
[1.502s] -- Up-to-date symlink: /home/ines/tiago_ws/install/tiago_exam_worlds/share/tiago_exam_worlds/models/aruco_marker_original_26/aruco_marker_original.sdf
[1.503s] -- Up-to-date symlink: /home/ines/tiago_ws/install/tiago_exam_worlds/share/tiago_exam_worlds/models/aruco_marker_original_26/material/scripts/aruco_marker_original.material
[1.503s] -- Up-to-date symlink: /home/ines/tiago_ws/install/tiago_exam_worlds/share/tiago_exam_worlds/models/aruco_marker_original_26/material/textures/Aruco_original_26.png
[1.504s] -- Up-to-date symlink: /home/ines/tiago_ws/install/tiago_exam_worlds/share/tiago_exam_worlds/models/aruco_marker_original_26/model.config
[1.507s] -- Up-to-date symlink: /home/ines/tiago_ws/install/tiago_exam_worlds/share/tiago_exam_worlds/models/aruco_marker_original_582/aruco_marker_original.sdf
[1.507s] -- Up-to-date symlink: /home/ines/tiago_ws/install/tiago_exam_worlds/share/tiago_exam_worlds/models/aruco_marker_original_582/material/scripts/aruco_marker_original.material
[1.508s] -- Up-to-date symlink: /home/ines/tiago_ws/install/tiago_exam_worlds/share/tiago_exam_worlds/models/aruco_marker_original_582/material/textures/Aruco_original_582.png
[1.508s] -- Up-to-date symlink: /home/ines/tiago_ws/install/tiago_exam_worlds/share/tiago_exam_worlds/models/aruco_marker_original_582/model.config
[1.509s] -- Up-to-date symlink: /home/ines/tiago_ws/install/tiago_exam_worlds/share/tiago_exam_worlds/models/aruco_marker_original_63/aruco_marker_original.sdf
[1.509s] -- Up-to-date symlink: /home/ines/tiago_ws/install/tiago_exam_worlds/share/tiago_exam_worlds/models/aruco_marker_original_63/material/scripts/aruco_marker_original.material
[1.510s] -- Up-to-date symlink: /home/ines/tiago_ws/install/tiago_exam_worlds/share/tiago_exam_worlds/models/aruco_marker_original_63/material/textures/Aruco_original_63.png
[1.510s] -- Up-to-date symlink: /home/ines/tiago_ws/install/tiago_exam_worlds/share/tiago_exam_worlds/models/aruco_marker_original_63/model.config
[1.510s] -- Up-to-date symlink: /home/ines/tiago_ws/install/tiago_exam_worlds/share/tiago_exam_worlds/models/bauman/README
[1.518s] -- Up-to-date symlink: /home/ines/tiago_ws/install/tiago_exam_worlds/share/tiago_exam_worlds/models/bauman/bauman_walls.png
[1.518s] -- Up-to-date symlink: /home/ines/tiago_ws/install/tiago_exam_worlds/share/tiago_exam_worlds/models/bauman/model.config
[1.518s] -- Up-to-date symlink: /home/ines/tiago_ws/install/tiago_exam_worlds/share/tiago_exam_worlds/models/bauman/model.sdf
[1.519s] -- Up-to-date symlink: /home/ines/tiago_ws/install/tiago_exam_worlds/share/tiago_exam_worlds/models/bench/bench.sdf
[1.520s] -- Up-to-date symlink: /home/ines/tiago_ws/install/tiago_exam_worlds/share/tiago_exam_worlds/models/bench/meshes/bench.stl
[1.526s] -- Up-to-date symlink: /home/ines/tiago_ws/install/tiago_exam_worlds/share/tiago_exam_worlds/models/bench/model.config
[1.529s] -- Up-to-date symlink: /home/ines/tiago_ws/install/tiago_exam_worlds/share/tiago_exam_worlds/models/bifrutas_tropical_can/bifrutas_tropical_can.sdf
[1.531s] -- Up-to-date symlink: /home/ines/tiago_ws/install/tiago_exam_worlds/share/tiago_exam_worlds/models/bifrutas_tropical_can/material/scripts/bifrutas_tropical_can.material
[1.532s] -- Up-to-date symlink: /home/ines/tiago_ws/install/tiago_exam_worlds/share/tiago_exam_worlds/models/bifrutas_tropical_can/material/textures/bifrutas_tropical_can.jpg
[1.532s] -- Up-to-date symlink: /home/ines/tiago_ws/install/tiago_exam_worlds/share/tiago_exam_worlds/models/bifrutas_tropical_can/model.config
[1.533s] -- Up-to-date symlink: /home/ines/tiago_ws/install/tiago_exam_worlds/share/tiago_exam_worlds/models/biscuits_pack/biscuits_pack.sdf
[1.533s] -- Up-to-date symlink: /home/ines/tiago_ws/install/tiago_exam_worlds/share/tiago_exam_worlds/models/biscuits_pack/material/scripts/pringles.material
[1.539s] -- Up-to-date symlink: /home/ines/tiago_ws/install/tiago_exam_worlds/share/tiago_exam_worlds/models/biscuits_pack/material/textures/biscuits_pack.jpg
[1.540s] -- Up-to-date symlink: /home/ines/tiago_ws/install/tiago_exam_worlds/share/tiago_exam_worlds/models/biscuits_pack/model.config
[1.540s] -- Up-to-date symlink: /home/ines/tiago_ws/install/tiago_exam_worlds/share/tiago_exam_worlds/models/bottle_red_wine/meshes/bottle.dae
[1.540s] -- Up-to-date symlink: /home/ines/tiago_ws/install/tiago_exam_worlds/share/tiago_exam_worlds/models/bottle_red_wine/meshes/cap.dae
[1.540s] -- Up-to-date symlink: /home/ines/tiago_ws/install/tiago_exam_worlds/share/tiago_exam_worlds/models/bottle_red_wine/meshes/red_wine.dae
[1.541s] -- Up-to-date symlink: /home/ines/tiago_ws/install/tiago_exam_worlds/share/tiago_exam_worlds/models/bottle_red_wine/model.config
[1.541s] -- Up-to-date symlink: /home/ines/tiago_ws/install/tiago_exam_worlds/share/tiago_exam_worlds/models/bottle_red_wine/model.sdf
[1.541s] -- Up-to-date symlink: /home/ines/tiago_ws/install/tiago_exam_worlds/share/tiago_exam_worlds/models/box_with_handles/box_with_handles.sdf
[1.563s] -- Up-to-date symlink: /home/ines/tiago_ws/install/tiago_exam_worlds/share/tiago_exam_worlds/models/box_with_handles/material/scripts/aruco_marker_original.material
[1.564s] -- Up-to-date symlink: /home/ines/tiago_ws/install/tiago_exam_worlds/share/tiago_exam_worlds/models/box_with_handles/material/textures/Aruco_original_582.png
[1.564s] -- Up-to-date symlink: /home/ines/tiago_ws/install/tiago_exam_worlds/share/tiago_exam_worlds/models/box_with_handles/model.config
[1.564s] -- Up-to-date symlink: /home/ines/tiago_ws/install/tiago_exam_worlds/share/tiago_exam_worlds/models/brick_box_3x1x3/materials/scripts/brick_box.material
[1.565s] -- Up-to-date symlink: /home/ines/tiago_ws/install/tiago_exam_worlds/share/tiago_exam_worlds/models/brick_box_3x1x3/materials/textures/simple_box.png
[1.565s] -- Up-to-date symlink: /home/ines/tiago_ws/install/tiago_exam_worlds/share/tiago_exam_worlds/models/brick_box_3x1x3/meshes/simple_box.dae
[1.576s] -- Up-to-date symlink: /home/ines/tiago_ws/install/tiago_exam_worlds/share/tiago_exam_worlds/models/brick_box_3x1x3/model-1_3.sdf
[1.576s] -- Up-to-date symlink: /home/ines/tiago_ws/install/tiago_exam_worlds/share/tiago_exam_worlds/models/brick_box_3x1x3/model-1_4.sdf
[1.577s] -- Up-to-date symlink: /home/ines/tiago_ws/install/tiago_exam_worlds/share/tiago_exam_worlds/models/brick_box_3x1x3/model.config
[1.577s] -- Up-to-date symlink: /home/ines/tiago_ws/install/tiago_exam_worlds/share/tiago_exam_worlds/models/brick_box_3x1x3/model.sdf
[1.587s] -- Up-to-date symlink: /home/ines/tiago_ws/install/tiago_exam_worlds/share/tiago_exam_worlds/models/citizen_extras_female_02/images/_01_-_Default1noCulling.JPG
[1.588s] -- Up-to-date symlink: /home/ines/tiago_ws/install/tiago_exam_worlds/share/tiago_exam_worlds/models/citizen_extras_female_02/images/_02_-_Default1noCulling.JPG
[1.589s] -- Up-to-date symlink: /home/ines/tiago_ws/install/tiago_exam_worlds/share/tiago_exam_worlds/models/citizen_extras_female_02/images/_03_-_Default1noCulling.JPG
[1.590s] -- Up-to-date symlink: /home/ines/tiago_ws/install/tiago_exam_worlds/share/tiago_exam_worlds/models/citizen_extras_female_02/meshes/mesh.dae
[1.590s] -- Up-to-date symlink: /home/ines/tiago_ws/install/tiago_exam_worlds/share/tiago_exam_worlds/models/citizen_extras_female_02/model.config
[1.593s] -- Up-to-date symlink: /home/ines/tiago_ws/install/tiago_exam_worlds/share/tiago_exam_worlds/models/citizen_extras_female_02/model.sdf
[1.598s] -- Up-to-date symlink: /home/ines/tiago_ws/install/tiago_exam_worlds/share/tiago_exam_worlds/models/citizen_extras_female_03/images/Material__1noCulling.JPG
[1.599s] -- Up-to-date symlink: /home/ines/tiago_ws/install/tiago_exam_worlds/share/tiago_exam_worlds/models/citizen_extras_female_03/images/Material__2noCulling.JPG
[1.600s] -- Up-to-date symlink: /home/ines/tiago_ws/install/tiago_exam_worlds/share/tiago_exam_worlds/models/citizen_extras_female_03/images/_03_-_Default1noCulling.JPG
[1.608s] -- Up-to-date symlink: /home/ines/tiago_ws/install/tiago_exam_worlds/share/tiago_exam_worlds/models/citizen_extras_female_03/meshes/mesh.dae
[1.609s] -- Up-to-date symlink: /home/ines/tiago_ws/install/tiago_exam_worlds/share/tiago_exam_worlds/models/citizen_extras_female_03/model.config
[1.609s] -- Up-to-date symlink: /home/ines/tiago_ws/install/tiago_exam_worlds/share/tiago_exam_worlds/models/citizen_extras_female_03/model.sdf
[1.609s] -- Up-to-date symlink: /home/ines/tiago_ws/install/tiago_exam_worlds/share/tiago_exam_worlds/models/citizen_extras_male_03/images/Material__1noCulling.JPG
[1.636s] -- Up-to-date symlink: /home/ines/tiago_ws/install/tiago_exam_worlds/share/tiago_exam_worlds/models/citizen_extras_male_03/images/hair1noCulling.JPG
[1.640s] -- Up-to-date symlink: /home/ines/tiago_ws/install/tiago_exam_worlds/share/tiago_exam_worlds/models/citizen_extras_male_03/images/hrad1noCulling.JPG
[1.645s] -- Up-to-date symlink: /home/ines/tiago_ws/install/tiago_exam_worlds/share/tiago_exam_worlds/models/citizen_extras_male_03/meshes/mesh.dae
[1.645s] -- Up-to-date symlink: /home/ines/tiago_ws/install/tiago_exam_worlds/share/tiago_exam_worlds/models/citizen_extras_male_03/model.config
[1.655s] -- Up-to-date symlink: /home/ines/tiago_ws/install/tiago_exam_worlds/share/tiago_exam_worlds/models/citizen_extras_male_03/model.sdf
[1.656s] -- Up-to-date symlink: /home/ines/tiago_ws/install/tiago_exam_worlds/share/tiago_exam_worlds/models/closet/closet.sdf
[1.656s] -- Up-to-date symlink: /home/ines/tiago_ws/install/tiago_exam_worlds/share/tiago_exam_worlds/models/closet/meshes/closet.stl
[1.656s] -- Up-to-date symlink: /home/ines/tiago_ws/install/tiago_exam_worlds/share/tiago_exam_worlds/models/closet/model.config
[1.659s] -- Up-to-date symlink: /home/ines/tiago_ws/install/tiago_exam_worlds/share/tiago_exam_worlds/models/coca_cola/materials/scripts/coke.material
[1.665s] -- Up-to-date symlink: /home/ines/tiago_ws/install/tiago_exam_worlds/share/tiago_exam_worlds/models/coca_cola/materials/textures/cokecan.jpg
[1.667s] -- Up-to-date symlink: /home/ines/tiago_ws/install/tiago_exam_worlds/share/tiago_exam_worlds/models/coca_cola/meshes/aluminum.jpg
[1.676s] -- Up-to-date symlink: /home/ines/tiago_ws/install/tiago_exam_worlds/share/tiago_exam_worlds/models/coca_cola/meshes/can_ring_pull_end_centre.png
[1.677s] -- Up-to-date symlink: /home/ines/tiago_ws/install/tiago_exam_worlds/share/tiago_exam_worlds/models/coca_cola/meshes/coke.dae
[1.687s] -- Up-to-date symlink: /home/ines/tiago_ws/install/tiago_exam_worlds/share/tiago_exam_worlds/models/coca_cola/meshes/coke_uv_map.jpg
[1.694s] -- Up-to-date symlink: /home/ines/tiago_ws/install/tiago_exam_worlds/share/tiago_exam_worlds/models/coca_cola/model.config
[1.695s] -- Up-to-date symlink: /home/ines/tiago_ws/install/tiago_exam_worlds/share/tiago_exam_worlds/models/coca_cola/model.sdf
[1.695s] -- Up-to-date symlink: /home/ines/tiago_ws/install/tiago_exam_worlds/share/tiago_exam_worlds/models/cocacola/cocacola.sdf
[1.697s] -- Up-to-date symlink: /home/ines/tiago_ws/install/tiago_exam_worlds/share/tiago_exam_worlds/models/cocacola/material/scripts/cocacola.material
[1.697s] -- Up-to-date symlink: /home/ines/tiago_ws/install/tiago_exam_worlds/share/tiago_exam_worlds/models/cocacola/material/textures/cocacola.jpg
[1.702s] -- Up-to-date symlink: /home/ines/tiago_ws/install/tiago_exam_worlds/share/tiago_exam_worlds/models/cocacola/model.config
[1.703s] -- Up-to-date symlink: /home/ines/tiago_ws/install/tiago_exam_worlds/share/tiago_exam_worlds/models/coke_can_slim/coke_can_slim.sdf
[1.703s] -- Up-to-date symlink: /home/ines/tiago_ws/install/tiago_exam_worlds/share/tiago_exam_worlds/models/coke_can_slim/material/scripts/coke_can_slim.material
[1.703s] -- Up-to-date symlink: /home/ines/tiago_ws/install/tiago_exam_worlds/share/tiago_exam_worlds/models/coke_can_slim/material/textures/coke_can_slim.jpg
[1.704s] -- Up-to-date symlink: /home/ines/tiago_ws/install/tiago_exam_worlds/share/tiago_exam_worlds/models/coke_can_slim/model.config
[1.704s] -- Up-to-date symlink: /home/ines/tiago_ws/install/tiago_exam_worlds/share/tiago_exam_worlds/models/database.config
[1.709s] -- Up-to-date symlink: /home/ines/tiago_ws/install/tiago_exam_worlds/share/tiago_exam_worlds/models/dining_chair/dining_chair.sdf
[1.709s] -- Up-to-date symlink: /home/ines/tiago_ws/install/tiago_exam_worlds/share/tiago_exam_worlds/models/dining_chair/meshes/dining_chair.stl
[1.710s] -- Up-to-date symlink: /home/ines/tiago_ws/install/tiago_exam_worlds/share/tiago_exam_worlds/models/dining_chair/model.config
[1.710s] -- Up-to-date symlink: /home/ines/tiago_ws/install/tiago_exam_worlds/share/tiago_exam_worlds/models/dock1/dock1.sdf
[1.710s] -- Up-to-date symlink: /home/ines/tiago_ws/install/tiago_exam_worlds/share/tiago_exam_worlds/models/dock1/meshes/dock1.dae
[1.711s] -- Up-to-date symlink: /home/ines/tiago_ws/install/tiago_exam_worlds/share/tiago_exam_worlds/models/dock1/model.config
[1.711s] -- Up-to-date symlink: /home/ines/tiago_ws/install/tiago_exam_worlds/share/tiago_exam_worlds/models/door_obstacle/door_obstacle.sdf
[1.717s] -- Up-to-date symlink: /home/ines/tiago_ws/install/tiago_exam_worlds/share/tiago_exam_worlds/models/door_obstacle/model.config
[1.718s] -- Up-to-date symlink: /home/ines/tiago_ws/install/tiago_exam_worlds/share/tiago_exam_worlds/models/env_exam_box1/env_exam_box1.sdf
[1.718s] -- Up-to-date symlink: /home/ines/tiago_ws/install/tiago_exam_worlds/share/tiago_exam_worlds/models/env_exam_box1/model.config
[1.718s] -- Up-to-date symlink: /home/ines/tiago_ws/install/tiago_exam_worlds/share/tiago_exam_worlds/models/env_exam_box2/env_exam_box2.sdf
[1.718s] -- Up-to-date symlink: /home/ines/tiago_ws/install/tiago_exam_worlds/share/tiago_exam_worlds/models/env_exam_box2/model.config
[1.718s] -- Up-to-date symlink: /home/ines/tiago_ws/install/tiago_exam_worlds/share/tiago_exam_worlds/models/env_exam_cylinder1/env_exam_cylinder1.sdf
[1.719s] -- Up-to-date symlink: /home/ines/tiago_ws/install/tiago_exam_worlds/share/tiago_exam_worlds/models/env_exam_cylinder1/model.config
[1.719s] -- Up-to-date symlink: /home/ines/tiago_ws/install/tiago_exam_worlds/share/tiago_exam_worlds/models/env_exam_cylinder2/env_exam_cylinder2.sdf
[1.719s] -- Up-to-date symlink: /home/ines/tiago_ws/install/tiago_exam_worlds/share/tiago_exam_worlds/models/env_exam_cylinder2/model.config
[1.719s] -- Up-to-date symlink: /home/ines/tiago_ws/install/tiago_exam_worlds/share/tiago_exam_worlds/models/env_exam_pick_surface/env_exam_pick_surface.sdf
[1.720s] -- Up-to-date symlink: /home/ines/tiago_ws/install/tiago_exam_worlds/share/tiago_exam_worlds/models/env_exam_pick_surface/model.config
[1.720s] -- Up-to-date symlink: /home/ines/tiago_ws/install/tiago_exam_worlds/share/tiago_exam_worlds/models/env_exam_place_surface/env_exam_place_surface.sdf
[1.725s] -- Up-to-date symlink: /home/ines/tiago_ws/install/tiago_exam_worlds/share/tiago_exam_worlds/models/env_exam_place_surface/model.config
[1.729s] -- Up-to-date symlink: /home/ines/tiago_ws/install/tiago_exam_worlds/share/tiago_exam_worlds/models/floor_lamp/floor_lamp.sdf
[1.730s] -- Up-to-date symlink: /home/ines/tiago_ws/install/tiago_exam_worlds/share/tiago_exam_worlds/models/floor_lamp/meshes/floor_lamp.stl
[1.730s] -- Up-to-date symlink: /home/ines/tiago_ws/install/tiago_exam_worlds/share/tiago_exam_worlds/models/floor_lamp/model.config
[1.734s] -- Up-to-date symlink: /home/ines/tiago_ws/install/tiago_exam_worlds/share/tiago_exam_worlds/models/goetz_sofa/goetz_sofa.sdf
[1.740s] -- Up-to-date symlink: /home/ines/tiago_ws/install/tiago_exam_worlds/share/tiago_exam_worlds/models/goetz_sofa/materials/textures/texture0.jpg
[1.740s] -- Up-to-date symlink: /home/ines/tiago_ws/install/tiago_exam_worlds/share/tiago_exam_worlds/models/goetz_sofa/meshes/goetz_sofa.dae
[1.741s] -- Up-to-date symlink: /home/ines/tiago_ws/install/tiago_exam_worlds/share/tiago_exam_worlds/models/goetz_sofa/model.config
[1.745s] -- Up-to-date symlink: /home/ines/tiago_ws/install/tiago_exam_worlds/share/tiago_exam_worlds/models/green_ball/materials/scripts/ball.material
[1.746s] -- Up-to-date symlink: /home/ines/tiago_ws/install/tiago_exam_worlds/share/tiago_exam_worlds/models/green_ball/model.config
[1.751s] -- Up-to-date symlink: /home/ines/tiago_ws/install/tiago_exam_worlds/share/tiago_exam_worlds/models/green_ball/model.sdf
[1.757s] -- Up-to-date symlink: /home/ines/tiago_ws/install/tiago_exam_worlds/share/tiago_exam_worlds/models/green_cube/green_cube.sdf
[1.758s] -- Up-to-date symlink: /home/ines/tiago_ws/install/tiago_exam_worlds/share/tiago_exam_worlds/models/green_cube/model.config
[1.760s] -- Up-to-date symlink: /home/ines/tiago_ws/install/tiago_exam_worlds/share/tiago_exam_worlds/models/green_rectangle/green_rectangle.sdf
[1.761s] -- Up-to-date symlink: /home/ines/tiago_ws/install/tiago_exam_worlds/share/tiago_exam_worlds/models/green_rectangle/model.config
[1.761s] -- Up-to-date symlink: /home/ines/tiago_ws/install/tiago_exam_worlds/share/tiago_exam_worlds/models/ground_plane/model-1_2.sdf
[1.761s] -- Up-to-date symlink: /home/ines/tiago_ws/install/tiago_exam_worlds/share/tiago_exam_worlds/models/ground_plane/model-1_3.sdf
[1.762s] -- Up-to-date symlink: /home/ines/tiago_ws/install/tiago_exam_worlds/share/tiago_exam_worlds/models/ground_plane/model-1_4.sdf
[1.762s] -- Up-to-date symlink: /home/ines/tiago_ws/install/tiago_exam_worlds/share/tiago_exam_worlds/models/ground_plane/model.config
[1.768s] -- Up-to-date symlink: /home/ines/tiago_ws/install/tiago_exam_worlds/share/tiago_exam_worlds/models/ground_plane/model.sdf
[1.776s] -- Up-to-date symlink: /home/ines/tiago_ws/install/tiago_exam_worlds/share/tiago_exam_worlds/models/hospital_flat_map/hospital_flat_map.sdf
[1.776s] -- Up-to-date symlink: /home/ines/tiago_ws/install/tiago_exam_worlds/share/tiago_exam_worlds/models/hospital_flat_map/meshes/hospital_flat_map.stl
[1.780s] -- Up-to-date symlink: /home/ines/tiago_ws/install/tiago_exam_worlds/share/tiago_exam_worlds/models/hospital_flat_map/model.config
[1.780s] -- Up-to-date symlink: /home/ines/tiago_ws/install/tiago_exam_worlds/share/tiago_exam_worlds/models/hospital_map/hospital_map.sdf
[1.781s] -- Up-to-date symlink: /home/ines/tiago_ws/install/tiago_exam_worlds/share/tiago_exam_worlds/models/hospital_map/meshes/g1.stl
[1.781s] -- Up-to-date symlink: /home/ines/tiago_ws/install/tiago_exam_worlds/share/tiago_exam_worlds/models/hospital_map/meshes/g2.stl
[1.782s] -- Up-to-date symlink: /home/ines/tiago_ws/install/tiago_exam_worlds/share/tiago_exam_worlds/models/hospital_map/meshes/g3.stl
[1.782s] -- Up-to-date symlink: /home/ines/tiago_ws/install/tiago_exam_worlds/share/tiago_exam_worlds/models/hospital_map/meshes/g4.stl
[1.782s] -- Up-to-date symlink: /home/ines/tiago_ws/install/tiago_exam_worlds/share/tiago_exam_worlds/models/hospital_map/meshes/g5.stl
[1.782s] -- Up-to-date symlink: /home/ines/tiago_ws/install/tiago_exam_worlds/share/tiago_exam_worlds/models/hospital_map/meshes/g6.stl
[1.783s] -- Up-to-date symlink: /home/ines/tiago_ws/install/tiago_exam_worlds/share/tiago_exam_worlds/models/hospital_map/meshes/g7.stl
[1.783s] -- Up-to-date symlink: /home/ines/tiago_ws/install/tiago_exam_worlds/share/tiago_exam_worlds/models/hospital_map/meshes/gr1.stl
[1.783s] -- Up-to-date symlink: /home/ines/tiago_ws/install/tiago_exam_worlds/share/tiago_exam_worlds/models/hospital_map/meshes/gr2.stl
[1.783s] -- Up-to-date symlink: /home/ines/tiago_ws/install/tiago_exam_worlds/share/tiago_exam_worlds/models/hospital_map/meshes/gr3.stl
[1.784s] -- Up-to-date symlink: /home/ines/tiago_ws/install/tiago_exam_worlds/share/tiago_exam_worlds/models/hospital_map/meshes/gr4.stl
[1.788s] -- Up-to-date symlink: /home/ines/tiago_ws/install/tiago_exam_worlds/share/tiago_exam_worlds/models/hospital_map/meshes/gr5.stl
[1.788s] -- Up-to-date symlink: /home/ines/tiago_ws/install/tiago_exam_worlds/share/tiago_exam_worlds/models/hospital_map/meshes/gr6.stl
[1.789s] -- Up-to-date symlink: /home/ines/tiago_ws/install/tiago_exam_worlds/share/tiago_exam_worlds/models/hospital_map/meshes/hospital_map.stl
[1.789s] -- Up-to-date symlink: /home/ines/tiago_ws/install/tiago_exam_worlds/share/tiago_exam_worlds/models/hospital_map/meshes/w1.stl
[1.790s] -- Up-to-date symlink: /home/ines/tiago_ws/install/tiago_exam_worlds/share/tiago_exam_worlds/models/hospital_map/meshes/w2.stl
[1.790s] -- Up-to-date symlink: /home/ines/tiago_ws/install/tiago_exam_worlds/share/tiago_exam_worlds/models/hospital_map/meshes/w3.stl
[1.794s] -- Up-to-date symlink: /home/ines/tiago_ws/install/tiago_exam_worlds/share/tiago_exam_worlds/models/hospital_map/meshes/w4.stl
[1.794s] -- Up-to-date symlink: /home/ines/tiago_ws/install/tiago_exam_worlds/share/tiago_exam_worlds/models/hospital_map/meshes/w5.stl
[1.797s] -- Up-to-date symlink: /home/ines/tiago_ws/install/tiago_exam_worlds/share/tiago_exam_worlds/models/hospital_map/meshes/w6.stl
[1.801s] -- Up-to-date symlink: /home/ines/tiago_ws/install/tiago_exam_worlds/share/tiago_exam_worlds/models/hospital_map/meshes/w7.stl
[1.802s] -- Up-to-date symlink: /home/ines/tiago_ws/install/tiago_exam_worlds/share/tiago_exam_worlds/models/hospital_map/meshes/wr1.stl
[1.802s] -- Up-to-date symlink: /home/ines/tiago_ws/install/tiago_exam_worlds/share/tiago_exam_worlds/models/hospital_map/meshes/wr2.stl
[1.804s] -- Up-to-date symlink: /home/ines/tiago_ws/install/tiago_exam_worlds/share/tiago_exam_worlds/models/hospital_map/meshes/wr3.stl
[1.808s] -- Up-to-date symlink: /home/ines/tiago_ws/install/tiago_exam_worlds/share/tiago_exam_worlds/models/hospital_map/meshes/wr4.stl
[1.810s] -- Up-to-date symlink: /home/ines/tiago_ws/install/tiago_exam_worlds/share/tiago_exam_worlds/models/hospital_map/meshes/wr5.stl
[1.812s] -- Up-to-date symlink: /home/ines/tiago_ws/install/tiago_exam_worlds/share/tiago_exam_worlds/models/hospital_map/meshes/wr6.stl
[1.812s] -- Up-to-date symlink: /home/ines/tiago_ws/install/tiago_exam_worlds/share/tiago_exam_worlds/models/hospital_map/model.config
[1.814s] -- Up-to-date symlink: /home/ines/tiago_ws/install/tiago_exam_worlds/share/tiago_exam_worlds/models/ideal_sun/model.config
[1.814s] -- Up-to-date symlink: /home/ines/tiago_ws/install/tiago_exam_worlds/share/tiago_exam_worlds/models/ideal_sun/model.sdf
[1.822s] -- Up-to-date symlink: /home/ines/tiago_ws/install/tiago_exam_worlds/share/tiago_exam_worlds/models/ikea_ektorp_chair/meshes/IKE06001.JPG
[1.822s] -- Up-to-date symlink: /home/ines/tiago_ws/install/tiago_exam_worlds/share/tiago_exam_worlds/models/ikea_ektorp_chair/meshes/mesh.dae
[1.822s] -- Up-to-date symlink: /home/ines/tiago_ws/install/tiago_exam_worlds/share/tiago_exam_worlds/models/ikea_ektorp_chair/model.config
[1.831s] -- Up-to-date symlink: /home/ines/tiago_ws/install/tiago_exam_worlds/share/tiago_exam_worlds/models/ikea_ektorp_chair/model.sdf
[1.838s] -- Up-to-date symlink: /home/ines/tiago_ws/install/tiago_exam_worlds/share/tiago_exam_worlds/models/ikea_folke_chair/meshes/mesh.dae
[1.876s] -- Up-to-date symlink: /home/ines/tiago_ws/install/tiago_exam_worlds/share/tiago_exam_worlds/models/ikea_folke_chair/meshes/notexture.png
[1.883s] -- Up-to-date symlink: /home/ines/tiago_ws/install/tiago_exam_worlds/share/tiago_exam_worlds/models/ikea_folke_chair/meshes/texture.png
[1.883s] -- Up-to-date symlink: /home/ines/tiago_ws/install/tiago_exam_worlds/share/tiago_exam_worlds/models/ikea_folke_chair/model.config
[1.883s] -- Up-to-date symlink: /home/ines/tiago_ws/install/tiago_exam_worlds/share/tiago_exam_worlds/models/ikea_folke_chair/model.sdf
[1.886s] -- Up-to-date symlink: /home/ines/tiago_ws/install/tiago_exam_worlds/share/tiago_exam_worlds/models/ikea_harry_chair/meshes/body.png
[1.887s] -- Up-to-date symlink: /home/ines/tiago_ws/install/tiago_exam_worlds/share/tiago_exam_worlds/models/ikea_harry_chair/meshes/legs.png
[1.900s] -- Up-to-date symlink: /home/ines/tiago_ws/install/tiago_exam_worlds/share/tiago_exam_worlds/models/ikea_harry_chair/meshes/mesh.dae
[1.900s] -- Up-to-date symlink: /home/ines/tiago_ws/install/tiago_exam_worlds/share/tiago_exam_worlds/models/ikea_harry_chair/model.config
[1.900s] -- Up-to-date symlink: /home/ines/tiago_ws/install/tiago_exam_worlds/share/tiago_exam_worlds/models/ikea_harry_chair/model.sdf
[1.904s] -- Up-to-date symlink: /home/ines/tiago_ws/install/tiago_exam_worlds/share/tiago_exam_worlds/models/ikea_stefan_chair/meshes/mesh.dae
[1.904s] -- Up-to-date symlink: /home/ines/tiago_ws/install/tiago_exam_worlds/share/tiago_exam_worlds/models/ikea_stefan_chair/model.config
[1.913s] -- Up-to-date symlink: /home/ines/tiago_ws/install/tiago_exam_worlds/share/tiago_exam_worlds/models/ikea_stefan_chair/model.sdf
[1.913s] -- Up-to-date symlink: /home/ines/tiago_ws/install/tiago_exam_worlds/share/tiago_exam_worlds/models/ikea_urban_chair/meshes/mesh.dae
[1.913s] -- Up-to-date symlink: /home/ines/tiago_ws/install/tiago_exam_worlds/share/tiago_exam_worlds/models/ikea_urban_chair/meshes/notexture.png
[1.914s] -- Up-to-date symlink: /home/ines/tiago_ws/install/tiago_exam_worlds/share/tiago_exam_worlds/models/ikea_urban_chair/model.config
[1.914s] -- Up-to-date symlink: /home/ines/tiago_ws/install/tiago_exam_worlds/share/tiago_exam_worlds/models/ikea_urban_chair/model.sdf
[1.918s] -- Up-to-date symlink: /home/ines/tiago_ws/install/tiago_exam_worlds/share/tiago_exam_worlds/models/kitchen_chair/kitchen_chair.sdf
[1.918s] -- Up-to-date symlink: /home/ines/tiago_ws/install/tiago_exam_worlds/share/tiago_exam_worlds/models/kitchen_chair/meshes/kitchen_chair.stl
[1.919s] -- Up-to-date symlink: /home/ines/tiago_ws/install/tiago_exam_worlds/share/tiago_exam_worlds/models/kitchen_chair/model.config
[1.920s] -- Up-to-date symlink: /home/ines/tiago_ws/install/tiago_exam_worlds/share/tiago_exam_worlds/models/kitchen_no_sink/meshes/bin/bin.dae
[1.920s] -- Up-to-date symlink: /home/ines/tiago_ws/install/tiago_exam_worlds/share/tiago_exam_worlds/models/kitchen_no_sink/meshes/bookshelve/bookshelve.dae
[1.921s] -- Up-to-date symlink: /home/ines/tiago_ws/install/tiago_exam_worlds/share/tiago_exam_worlds/models/kitchen_no_sink/meshes/chair/chair.dae
[1.921s] -- Up-to-date symlink: /home/ines/tiago_ws/install/tiago_exam_worlds/share/tiago_exam_worlds/models/kitchen_no_sink/meshes/sink/TexturesCom_Wood_GluLamBeam_header.jpg
[1.921s] -- Up-to-date symlink: /home/ines/tiago_ws/install/tiago_exam_worlds/share/tiago_exam_worlds/models/kitchen_no_sink/meshes/sink/kitchen_only_armario_lavamanos.mtl
[1.922s] -- Up-to-date symlink: /home/ines/tiago_ws/install/tiago_exam_worlds/share/tiago_exam_worlds/models/kitchen_no_sink/meshes/sink/kitchen_only_armario_lavamanos.obj
[1.928s] -- Up-to-date symlink: /home/ines/tiago_ws/install/tiago_exam_worlds/share/tiago_exam_worlds/models/kitchen_no_sink/meshes/sink/kitchen_only_cajon_1.mtl
[1.928s] -- Up-to-date symlink: /home/ines/tiago_ws/install/tiago_exam_worlds/share/tiago_exam_worlds/models/kitchen_no_sink/meshes/sink/kitchen_only_cajon_1.obj
[1.938s] -- Up-to-date symlink: /home/ines/tiago_ws/install/tiago_exam_worlds/share/tiago_exam_worlds/models/kitchen_no_sink/meshes/sink/kitchen_only_cajon_2.mtl
[1.938s] -- Up-to-date symlink: /home/ines/tiago_ws/install/tiago_exam_worlds/share/tiago_exam_worlds/models/kitchen_no_sink/meshes/sink/kitchen_only_cajon_2.obj
[1.945s] -- Up-to-date symlink: /home/ines/tiago_ws/install/tiago_exam_worlds/share/tiago_exam_worlds/models/kitchen_no_sink/meshes/sink/kitchen_only_cajon_grande.mtl
[1.952s] -- Up-to-date symlink: /home/ines/tiago_ws/install/tiago_exam_worlds/share/tiago_exam_worlds/models/kitchen_no_sink/meshes/sink/kitchen_only_cajon_grande.obj
[1.952s] -- Up-to-date symlink: /home/ines/tiago_ws/install/tiago_exam_worlds/share/tiago_exam_worlds/models/kitchen_no_sink/meshes/sink/kitchen_only_cubiertos_lavavajillas.mtl
[1.953s] -- Up-to-date symlink: /home/ines/tiago_ws/install/tiago_exam_worlds/share/tiago_exam_worlds/models/kitchen_no_sink/meshes/sink/kitchen_only_cubiertos_lavavajillas.obj
[1.953s] -- Up-to-date symlink: /home/ines/tiago_ws/install/tiago_exam_worlds/share/tiago_exam_worlds/models/kitchen_no_sink/meshes/sink/kitchen_only_kitchen.mtl
[1.953s] -- Up-to-date symlink: /home/ines/tiago_ws/install/tiago_exam_worlds/share/tiago_exam_worlds/models/kitchen_no_sink/meshes/sink/kitchen_only_kitchen.obj
[1.953s] -- Up-to-date symlink: /home/ines/tiago_ws/install/tiago_exam_worlds/share/tiago_exam_worlds/models/kitchen_no_sink/meshes/sink/kitchen_only_lavadora.mtl
[1.958s] -- Up-to-date symlink: /home/ines/tiago_ws/install/tiago_exam_worlds/share/tiago_exam_worlds/models/kitchen_no_sink/meshes/sink/kitchen_only_lavadora.obj
[1.958s] -- Up-to-date symlink: /home/ines/tiago_ws/install/tiago_exam_worlds/share/tiago_exam_worlds/models/kitchen_no_sink/meshes/sink/kitchen_only_parte_de_abajo_lavavajillas.mtl
[1.958s] -- Up-to-date symlink: /home/ines/tiago_ws/install/tiago_exam_worlds/share/tiago_exam_worlds/models/kitchen_no_sink/meshes/sink/kitchen_only_parte_de_abajo_lavavajillas.obj
[1.959s] -- Up-to-date symlink: /home/ines/tiago_ws/install/tiago_exam_worlds/share/tiago_exam_worlds/models/kitchen_no_sink/meshes/sink/kitchen_only_parte_de_arriba_lavavajillas.mtl
[1.959s] -- Up-to-date symlink: /home/ines/tiago_ws/install/tiago_exam_worlds/share/tiago_exam_worlds/models/kitchen_no_sink/meshes/sink/kitchen_only_parte_de_arriba_lavavajillas.obj
[1.960s] -- Up-to-date symlink: /home/ines/tiago_ws/install/tiago_exam_worlds/share/tiago_exam_worlds/models/kitchen_no_sink/meshes/sink/kitchen_only_puerta_lavavajillas.mtl
[1.961s] -- Up-to-date symlink: /home/ines/tiago_ws/install/tiago_exam_worlds/share/tiago_exam_worlds/models/kitchen_no_sink/meshes/sink/kitchen_only_puerta_lavavajillas.obj
[1.962s] -- Up-to-date symlink: /home/ines/tiago_ws/install/tiago_exam_worlds/share/tiago_exam_worlds/models/kitchen_no_sink/meshes/table/table.dae
[1.964s] -- Up-to-date symlink: /home/ines/tiago_ws/install/tiago_exam_worlds/share/tiago_exam_worlds/models/kitchen_no_sink/meshes/table/table.mtl
[1.966s] -- Up-to-date symlink: /home/ines/tiago_ws/install/tiago_exam_worlds/share/tiago_exam_worlds/models/kitchen_no_sink/meshes/table/table.obj
[1.970s] -- Up-to-date symlink: /home/ines/tiago_ws/install/tiago_exam_worlds/share/tiago_exam_worlds/models/kitchen_no_sink/meshes/table/table_ikea.mtl
[1.974s] -- Up-to-date symlink: /home/ines/tiago_ws/install/tiago_exam_worlds/share/tiago_exam_worlds/models/kitchen_no_sink/meshes/table/table_ikea.obj
[1.975s] -- Up-to-date symlink: /home/ines/tiago_ws/install/tiago_exam_worlds/share/tiago_exam_worlds/models/kitchen_no_sink/meshes/table/table_wood_texture.jpg
[1.978s] -- Up-to-date symlink: /home/ines/tiago_ws/install/tiago_exam_worlds/share/tiago_exam_worlds/models/kitchen_no_sink/model.config
[1.981s] -- Up-to-date symlink: /home/ines/tiago_ws/install/tiago_exam_worlds/share/tiago_exam_worlds/models/kitchen_no_sink/model.sdf
[1.982s] -- Up-to-date symlink: /home/ines/tiago_ws/install/tiago_exam_worlds/share/tiago_exam_worlds/models/kitchen_no_sink_walls/model.config
[1.983s] -- Up-to-date symlink: /home/ines/tiago_ws/install/tiago_exam_worlds/share/tiago_exam_worlds/models/kitchen_no_sink_walls/model.sdf
[1.983s] -- Up-to-date symlink: /home/ines/tiago_ws/install/tiago_exam_worlds/share/tiago_exam_worlds/models/kitchen_no_sink_walls_pics/model.config
[1.984s] -- Up-to-date symlink: /home/ines/tiago_ws/install/tiago_exam_worlds/share/tiago_exam_worlds/models/kitchen_no_sink_walls_pics/model.sdf
[1.984s] -- Up-to-date symlink: /home/ines/tiago_ws/install/tiago_exam_worlds/share/tiago_exam_worlds/models/kitchen_table/kitchen_table.sdf
[1.984s] -- Up-to-date symlink: /home/ines/tiago_ws/install/tiago_exam_worlds/share/tiago_exam_worlds/models/kitchen_table/meshes/kitchen_table.stl
[1.985s] -- Up-to-date symlink: /home/ines/tiago_ws/install/tiago_exam_worlds/share/tiago_exam_worlds/models/kitchen_table/model.config
[1.985s] -- Up-to-date symlink: /home/ines/tiago_ws/install/tiago_exam_worlds/share/tiago_exam_worlds/models/lamp/lamp.sdf
[1.986s] -- Up-to-date symlink: /home/ines/tiago_ws/install/tiago_exam_worlds/share/tiago_exam_worlds/models/lamp/meshes/lamp.stl
[1.986s] -- Up-to-date symlink: /home/ines/tiago_ws/install/tiago_exam_worlds/share/tiago_exam_worlds/models/lamp/model.config
[1.987s] -- Up-to-date symlink: /home/ines/tiago_ws/install/tiago_exam_worlds/share/tiago_exam_worlds/models/macrolink_small_table/model.config
[1.987s] -- Up-to-date symlink: /home/ines/tiago_ws/install/tiago_exam_worlds/share/tiago_exam_worlds/models/macrolink_small_table/table.sdf
[1.988s] -- Up-to-date symlink: /home/ines/tiago_ws/install/tiago_exam_worlds/share/tiago_exam_worlds/models/macrolink_table/model.config
[2.021s] -- Up-to-date symlink: /home/ines/tiago_ws/install/tiago_exam_worlds/share/tiago_exam_worlds/models/macrolink_table/table.sdf
[2.033s] -- Up-to-date symlink: /home/ines/tiago_ws/install/tiago_exam_worlds/share/tiago_exam_worlds/models/marker26_8cm/marker26_8cm.sdf
[2.040s] -- Up-to-date symlink: /home/ines/tiago_ws/install/tiago_exam_worlds/share/tiago_exam_worlds/models/marker26_8cm/material/scripts/marker26_8cm.material
[2.044s] -- Up-to-date symlink: /home/ines/tiago_ws/install/tiago_exam_worlds/share/tiago_exam_worlds/models/marker26_8cm/material/textures/aruco-26_8cm.png
[2.044s] -- Up-to-date symlink: /home/ines/tiago_ws/install/tiago_exam_worlds/share/tiago_exam_worlds/models/marker26_8cm/model.config
[2.045s] -- Up-to-date symlink: /home/ines/tiago_ws/install/tiago_exam_worlds/share/tiago_exam_worlds/models/pal_poster/material/scripts/pal_poster.material
[2.048s] -- Up-to-date symlink: /home/ines/tiago_ws/install/tiago_exam_worlds/share/tiago_exam_worlds/models/pal_poster/material/textures/pal_poster.jpg
[2.049s] -- Up-to-date symlink: /home/ines/tiago_ws/install/tiago_exam_worlds/share/tiago_exam_worlds/models/pal_poster/model.config
[2.054s] -- Up-to-date symlink: /home/ines/tiago_ws/install/tiago_exam_worlds/share/tiago_exam_worlds/models/pal_poster/pal_poster.sdf
[2.054s] -- Up-to-date symlink: /home/ines/tiago_ws/install/tiago_exam_worlds/share/tiago_exam_worlds/models/pal_textured_object/material/scripts/pal_textured_object.material
[2.054s] -- Up-to-date symlink: /home/ines/tiago_ws/install/tiago_exam_worlds/share/tiago_exam_worlds/models/pal_textured_object/material/textures/pal_textured_object.png
[2.055s] -- Up-to-date symlink: /home/ines/tiago_ws/install/tiago_exam_worlds/share/tiago_exam_worlds/models/pal_textured_object/model.config
[2.057s] -- Up-to-date symlink: /home/ines/tiago_ws/install/tiago_exam_worlds/share/tiago_exam_worlds/models/pal_textured_object/pal_textured_object.sdf
[2.058s] -- Up-to-date symlink: /home/ines/tiago_ws/install/tiago_exam_worlds/share/tiago_exam_worlds/models/pringles/material/scripts/pringles.material
[2.059s] -- Up-to-date symlink: /home/ines/tiago_ws/install/tiago_exam_worlds/share/tiago_exam_worlds/models/pringles/material/textures/pringles.jpg
[2.060s] -- Up-to-date symlink: /home/ines/tiago_ws/install/tiago_exam_worlds/share/tiago_exam_worlds/models/pringles/model.config
[2.061s] -- Up-to-date symlink: /home/ines/tiago_ws/install/tiago_exam_worlds/share/tiago_exam_worlds/models/pringles/pringles.sdf
[2.064s] -- Up-to-date symlink: /home/ines/tiago_ws/install/tiago_exam_worlds/share/tiago_exam_worlds/models/pringles2/material/scripts/pringles2.material
[2.066s] -- Up-to-date symlink: /home/ines/tiago_ws/install/tiago_exam_worlds/share/tiago_exam_worlds/models/pringles2/material/textures/pringles2.jpg
[2.067s] -- Up-to-date symlink: /home/ines/tiago_ws/install/tiago_exam_worlds/share/tiago_exam_worlds/models/pringles2/model.config
[2.069s] -- Up-to-date symlink: /home/ines/tiago_ws/install/tiago_exam_worlds/share/tiago_exam_worlds/models/pringles2/pringles2.sdf
[2.070s] -- Up-to-date symlink: /home/ines/tiago_ws/install/tiago_exam_worlds/share/tiago_exam_worlds/models/reemc_bookshelf/bookshelf.sdf
[2.070s] -- Up-to-date symlink: /home/ines/tiago_ws/install/tiago_exam_worlds/share/tiago_exam_worlds/models/reemc_bookshelf/model.config
[2.078s] -- Up-to-date symlink: /home/ines/tiago_ws/install/tiago_exam_worlds/share/tiago_exam_worlds/models/reemc_cabinet/cabinet.sdf
[2.079s] -- Up-to-date symlink: /home/ines/tiago_ws/install/tiago_exam_worlds/share/tiago_exam_worlds/models/reemc_cabinet/model.config
[2.080s] -- Up-to-date symlink: /home/ines/tiago_ws/install/tiago_exam_worlds/share/tiago_exam_worlds/models/reemc_table/model.config
[2.086s] -- Up-to-date symlink: /home/ines/tiago_ws/install/tiago_exam_worlds/share/tiago_exam_worlds/models/reemc_table/table.sdf
[2.086s] -- Up-to-date symlink: /home/ines/tiago_ws/install/tiago_exam_worlds/share/tiago_exam_worlds/models/reemc_textured_object/meshes/mesh.dae
[2.087s] -- Up-to-date symlink: /home/ines/tiago_ws/install/tiago_exam_worlds/share/tiago_exam_worlds/models/reemc_textured_object/meshes/texture.jpg
[2.087s] -- Up-to-date symlink: /home/ines/tiago_ws/install/tiago_exam_worlds/share/tiago_exam_worlds/models/reemc_textured_object/model.config
[2.098s] -- Up-to-date symlink: /home/ines/tiago_ws/install/tiago_exam_worlds/share/tiago_exam_worlds/models/reemc_textured_object/model.sdf
[2.101s] -- Up-to-date symlink: /home/ines/tiago_ws/install/tiago_exam_worlds/share/tiago_exam_worlds/models/reemc_textured_object_nograv/model.config
[2.119s] -- Up-to-date symlink: /home/ines/tiago_ws/install/tiago_exam_worlds/share/tiago_exam_worlds/models/reemc_textured_object_nograv/model.sdf
[2.121s] -- Up-to-date symlink: /home/ines/tiago_ws/install/tiago_exam_worlds/share/tiago_exam_worlds/models/reemc_walls/model.config
[2.122s] -- Up-to-date symlink: /home/ines/tiago_ws/install/tiago_exam_worlds/share/tiago_exam_worlds/models/reemc_walls/walls.sdf
[2.122s] -- Up-to-date symlink: /home/ines/tiago_ws/install/tiago_exam_worlds/share/tiago_exam_worlds/models/reviews_table/meshes/reviews_table.stl
[2.124s] -- Up-to-date symlink: /home/ines/tiago_ws/install/tiago_exam_worlds/share/tiago_exam_worlds/models/reviews_table/model.config
[2.125s] -- Up-to-date symlink: /home/ines/tiago_ws/install/tiago_exam_worlds/share/tiago_exam_worlds/models/reviews_table/reviews_table.sdf
[2.125s] -- Up-to-date symlink: /home/ines/tiago_ws/install/tiago_exam_worlds/share/tiago_exam_worlds/models/robocup_walls_70cm_doors/house_walls.sdf
[2.125s] -- Up-to-date symlink: /home/ines/tiago_ws/install/tiago_exam_worlds/share/tiago_exam_worlds/models/robocup_walls_70cm_doors/meshes/robocup_house.stl
[2.126s] -- Up-to-date symlink: /home/ines/tiago_ws/install/tiago_exam_worlds/share/tiago_exam_worlds/models/robocup_walls_70cm_doors/model.config
[2.127s] -- Up-to-date symlink: /home/ines/tiago_ws/install/tiago_exam_worlds/share/tiago_exam_worlds/models/rockin_camp/README
[2.127s] -- Up-to-date symlink: /home/ines/tiago_ws/install/tiago_exam_worlds/share/tiago_exam_worlds/models/rockin_camp/model.config
[2.128s] -- Up-to-date symlink: /home/ines/tiago_ws/install/tiago_exam_worlds/share/tiago_exam_worlds/models/rockin_camp/model.sdf
[2.130s] -- Up-to-date symlink: /home/ines/tiago_ws/install/tiago_exam_worlds/share/tiago_exam_worlds/models/rockin_camp/rockin_camp.png
[2.130s] -- Up-to-date symlink: /home/ines/tiago_ws/install/tiago_exam_worlds/share/tiago_exam_worlds/models/sideboard/meshes/sideboard.stl
[2.133s] -- Up-to-date symlink: /home/ines/tiago_ws/install/tiago_exam_worlds/share/tiago_exam_worlds/models/sideboard/model.config
[2.134s] -- Up-to-date symlink: /home/ines/tiago_ws/install/tiago_exam_worlds/share/tiago_exam_worlds/models/sideboard/sideboard.sdf
[2.134s] -- Up-to-date symlink: /home/ines/tiago_ws/install/tiago_exam_worlds/share/tiago_exam_worlds/models/sink_furniture/meshes/TexturesCom_Wood_GluLamBeam_header.jpg
[2.138s] -- Up-to-date symlink: /home/ines/tiago_ws/install/tiago_exam_worlds/share/tiago_exam_worlds/models/sink_furniture/meshes/kitchen_only_armario_lavamanos.mtl
[2.139s] -- Up-to-date symlink: /home/ines/tiago_ws/install/tiago_exam_worlds/share/tiago_exam_worlds/models/sink_furniture/meshes/kitchen_only_armario_lavamanos.obj
[2.140s] -- Up-to-date symlink: /home/ines/tiago_ws/install/tiago_exam_worlds/share/tiago_exam_worlds/models/sink_furniture/meshes/kitchen_only_cajon_1.mtl
[2.141s] -- Up-to-date symlink: /home/ines/tiago_ws/install/tiago_exam_worlds/share/tiago_exam_worlds/models/sink_furniture/meshes/kitchen_only_cajon_1.obj
[2.142s] -- Up-to-date symlink: /home/ines/tiago_ws/install/tiago_exam_worlds/share/tiago_exam_worlds/models/sink_furniture/meshes/kitchen_only_cajon_2.mtl
[2.143s] -- Up-to-date symlink: /home/ines/tiago_ws/install/tiago_exam_worlds/share/tiago_exam_worlds/models/sink_furniture/meshes/kitchen_only_cajon_2.obj
[2.143s] -- Up-to-date symlink: /home/ines/tiago_ws/install/tiago_exam_worlds/share/tiago_exam_worlds/models/sink_furniture/meshes/kitchen_only_cajon_grande.mtl
[2.143s] -- Up-to-date symlink: /home/ines/tiago_ws/install/tiago_exam_worlds/share/tiago_exam_worlds/models/sink_furniture/meshes/kitchen_only_cajon_grande.obj
[2.144s] -- Up-to-date symlink: /home/ines/tiago_ws/install/tiago_exam_worlds/share/tiago_exam_worlds/models/sink_furniture/meshes/kitchen_only_cubiertos_lavavajillas.mtl
[2.144s] -- Up-to-date symlink: /home/ines/tiago_ws/install/tiago_exam_worlds/share/tiago_exam_worlds/models/sink_furniture/meshes/kitchen_only_cubiertos_lavavajillas.obj
[2.144s] -- Up-to-date symlink: /home/ines/tiago_ws/install/tiago_exam_worlds/share/tiago_exam_worlds/models/sink_furniture/meshes/kitchen_only_kitchen.mtl
[2.145s] -- Up-to-date symlink: /home/ines/tiago_ws/install/tiago_exam_worlds/share/tiago_exam_worlds/models/sink_furniture/meshes/kitchen_only_kitchen.obj
[2.145s] -- Up-to-date symlink: /home/ines/tiago_ws/install/tiago_exam_worlds/share/tiago_exam_worlds/models/sink_furniture/meshes/kitchen_only_lavadora.mtl
[2.146s] -- Up-to-date symlink: /home/ines/tiago_ws/install/tiago_exam_worlds/share/tiago_exam_worlds/models/sink_furniture/meshes/kitchen_only_lavadora.obj
[2.146s] -- Up-to-date symlink: /home/ines/tiago_ws/install/tiago_exam_worlds/share/tiago_exam_worlds/models/sink_furniture/meshes/kitchen_only_parte_de_abajo_lavavajillas.mtl
[2.146s] -- Up-to-date symlink: /home/ines/tiago_ws/install/tiago_exam_worlds/share/tiago_exam_worlds/models/sink_furniture/meshes/kitchen_only_parte_de_abajo_lavavajillas.obj
[2.146s] -- Up-to-date symlink: /home/ines/tiago_ws/install/tiago_exam_worlds/share/tiago_exam_worlds/models/sink_furniture/meshes/kitchen_only_parte_de_arriba_lavavajillas.mtl
[2.147s] -- Up-to-date symlink: /home/ines/tiago_ws/install/tiago_exam_worlds/share/tiago_exam_worlds/models/sink_furniture/meshes/kitchen_only_parte_de_arriba_lavavajillas.obj
[2.147s] -- Up-to-date symlink: /home/ines/tiago_ws/install/tiago_exam_worlds/share/tiago_exam_worlds/models/sink_furniture/meshes/kitchen_only_puerta_lavavajillas.mtl
[2.148s] -- Up-to-date symlink: /home/ines/tiago_ws/install/tiago_exam_worlds/share/tiago_exam_worlds/models/sink_furniture/meshes/kitchen_only_puerta_lavavajillas.obj
[2.148s] -- Up-to-date symlink: /home/ines/tiago_ws/install/tiago_exam_worlds/share/tiago_exam_worlds/models/sink_furniture/model.config
[2.148s] -- Up-to-date symlink: /home/ines/tiago_ws/install/tiago_exam_worlds/share/tiago_exam_worlds/models/sink_furniture/model.sdf
[2.149s] -- Up-to-date symlink: /home/ines/tiago_ws/install/tiago_exam_worlds/share/tiago_exam_worlds/models/slippery_patch/material/scripts/slippery_patch.material
[2.149s] -- Up-to-date symlink: /home/ines/tiago_ws/install/tiago_exam_worlds/share/tiago_exam_worlds/models/slippery_patch/material/textures/slippery_patch.jpg
[2.149s] -- Up-to-date symlink: /home/ines/tiago_ws/install/tiago_exam_worlds/share/tiago_exam_worlds/models/slippery_patch/model.config
[2.150s] -- Up-to-date symlink: /home/ines/tiago_ws/install/tiago_exam_worlds/share/tiago_exam_worlds/models/slippery_patch/slippery_patch.sdf
[2.150s] -- Up-to-date symlink: /home/ines/tiago_ws/install/tiago_exam_worlds/share/tiago_exam_worlds/models/small_cylinder/model.config
[2.152s] -- Up-to-date symlink: /home/ines/tiago_ws/install/tiago_exam_worlds/share/tiago_exam_worlds/models/small_cylinder/small_cylinder.sdf
[2.153s] -- Up-to-date symlink: /home/ines/tiago_ws/install/tiago_exam_worlds/share/tiago_exam_worlds/models/sofa/meshes/sofa.stl
[2.154s] -- Up-to-date symlink: /home/ines/tiago_ws/install/tiago_exam_worlds/share/tiago_exam_worlds/models/sofa/model.config
[2.154s] -- Up-to-date symlink: /home/ines/tiago_ws/install/tiago_exam_worlds/share/tiago_exam_worlds/models/sofa/sofa.sdf
[2.154s] -- Up-to-date symlink: /home/ines/tiago_ws/install/tiago_exam_worlds/share/tiago_exam_worlds/models/sprite/material/scripts/sprite.material
[2.158s] -- Up-to-date symlink: /home/ines/tiago_ws/install/tiago_exam_worlds/share/tiago_exam_worlds/models/sprite/material/textures/sprite.jpg
[2.159s] -- Up-to-date symlink: /home/ines/tiago_ws/install/tiago_exam_worlds/share/tiago_exam_worlds/models/sprite/model.config
[2.159s] -- Up-to-date symlink: /home/ines/tiago_ws/install/tiago_exam_worlds/share/tiago_exam_worlds/models/sprite/sprite.sdf
[2.159s] -- Up-to-date symlink: /home/ines/tiago_ws/install/tiago_exam_worlds/share/tiago_exam_worlds/models/sun/model-1_2.sdf
[2.160s] -- Up-to-date symlink: /home/ines/tiago_ws/install/tiago_exam_worlds/share/tiago_exam_worlds/models/sun/model-1_3.sdf
[2.160s] -- Up-to-date symlink: /home/ines/tiago_ws/install/tiago_exam_worlds/share/tiago_exam_worlds/models/sun/model-1_4.sdf
[2.160s] -- Up-to-date symlink: /home/ines/tiago_ws/install/tiago_exam_worlds/share/tiago_exam_worlds/models/sun/model.config
[2.161s] -- Up-to-date symlink: /home/ines/tiago_ws/install/tiago_exam_worlds/share/tiago_exam_worlds/models/sun/model.sdf
[2.161s] -- Up-to-date symlink: /home/ines/tiago_ws/install/tiago_exam_worlds/share/tiago_exam_worlds/models/table_0m8/model.config
[2.162s] -- Up-to-date symlink: /home/ines/tiago_ws/install/tiago_exam_worlds/share/tiago_exam_worlds/models/table_0m8/table.sdf
[2.163s] -- Up-to-date symlink: /home/ines/tiago_ws/install/tiago_exam_worlds/share/tiago_exam_worlds/models/table_1m/model.config
[2.163s] -- Up-to-date symlink: /home/ines/tiago_ws/install/tiago_exam_worlds/share/tiago_exam_worlds/models/table_1m/table_1m.sdf
[2.166s] -- Up-to-date symlink: /home/ines/tiago_ws/install/tiago_exam_worlds/share/tiago_exam_worlds/models/test2/meshes/test2.dae
[2.167s] -- Up-to-date symlink: /home/ines/tiago_ws/install/tiago_exam_worlds/share/tiago_exam_worlds/models/test2/model.config
[2.168s] -- Up-to-date symlink: /home/ines/tiago_ws/install/tiago_exam_worlds/share/tiago_exam_worlds/models/test2/test2.sdf
[2.171s] -- Up-to-date symlink: /home/ines/tiago_ws/install/tiago_exam_worlds/share/tiago_exam_worlds/models/testing_room/README
[2.174s] -- Up-to-date symlink: /home/ines/tiago_ws/install/tiago_exam_worlds/share/tiago_exam_worlds/models/testing_room/model.config
[2.175s] -- Up-to-date symlink: /home/ines/tiago_ws/install/tiago_exam_worlds/share/tiago_exam_worlds/models/testing_room/model.sdf
[2.176s] -- Up-to-date symlink: /home/ines/tiago_ws/install/tiago_exam_worlds/share/tiago_exam_worlds/models/testing_room/testing_room.png
[2.180s] -- Up-to-date symlink: /home/ines/tiago_ws/install/tiago_exam_worlds/share/tiago_exam_worlds/models/tv/meshes/tv.stl
[2.181s] -- Up-to-date symlink: /home/ines/tiago_ws/install/tiago_exam_worlds/share/tiago_exam_worlds/models/tv/model.config
[2.182s] -- Up-to-date symlink: /home/ines/tiago_ws/install/tiago_exam_worlds/share/tiago_exam_worlds/models/tv/tv.sdf
[2.209s] -- Up-to-date symlink: /home/ines/tiago_ws/install/tiago_exam_worlds/share/tiago_exam_worlds/models/wall_with_reem_photo/material/scripts/ball.material
[2.216s] -- Up-to-date symlink: /home/ines/tiago_ws/install/tiago_exam_worlds/share/tiago_exam_worlds/models/wall_with_reem_photo/material/scripts/wallWithREEMphoto.material
[2.217s] -- Up-to-date symlink: /home/ines/tiago_ws/install/tiago_exam_worlds/share/tiago_exam_worlds/models/wall_with_reem_photo/material/textures/REEM_photo0.jpg
[2.222s] -- Up-to-date symlink: /home/ines/tiago_ws/install/tiago_exam_worlds/share/tiago_exam_worlds/models/wall_with_reem_photo/model.config
[2.231s] -- Up-to-date symlink: /home/ines/tiago_ws/install/tiago_exam_worlds/share/tiago_exam_worlds/models/wall_with_reem_photo/model.sdf
[2.232s] -- Up-to-date symlink: /home/ines/tiago_ws/install/tiago_exam_worlds/share/tiago_exam_worlds/models/wardrobe/meshes/wardrobe.stl
[2.232s] -- Up-to-date symlink: /home/ines/tiago_ws/install/tiago_exam_worlds/share/tiago_exam_worlds/models/wardrobe/model.config
[2.246s] -- Up-to-date symlink: /home/ines/tiago_ws/install/tiago_exam_worlds/share/tiago_exam_worlds/models/wardrobe/wardrobe.sdf
[2.246s] -- Up-to-date symlink: /home/ines/tiago_ws/install/tiago_exam_worlds/share/tiago_exam_worlds/models/willowgarage/materials/textures/Carpet_Berber_Pattern_Gray_.png
[2.251s] -- Up-to-date symlink: /home/ines/tiago_ws/install/tiago_exam_worlds/share/tiago_exam_worlds/models/willowgarage/materials/textures/Stone_Brushed_Khaki_.png
[2.251s] -- Up-to-date symlink: /home/ines/tiago_ws/install/tiago_exam_worlds/share/tiago_exam_worlds/models/willowgarage/materials/textures/Wood_Bamboo_Medium_.png
[2.252s] -- Up-to-date symlink: /home/ines/tiago_ws/install/tiago_exam_worlds/share/tiago_exam_worlds/models/willowgarage/materials/textures/Wood_Cherry_Original_.png
[2.252s] -- Up-to-date symlink: /home/ines/tiago_ws/install/tiago_exam_worlds/share/tiago_exam_worlds/models/willowgarage/materials/textures/__Wood_Bamboo_Medium_1.png
[2.255s] -- Up-to-date symlink: /home/ines/tiago_ws/install/tiago_exam_worlds/share/tiago_exam_worlds/models/willowgarage/materials/textures/__auto_12.png
[2.260s] -- Up-to-date symlink: /home/ines/tiago_ws/install/tiago_exam_worlds/share/tiago_exam_worlds/models/willowgarage/materials/textures/__auto_2.png
[2.260s] -- Up-to-date symlink: /home/ines/tiago_ws/install/tiago_exam_worlds/share/tiago_exam_worlds/models/willowgarage/meshes/willowgarage_collision.dae
[2.261s] -- Up-to-date symlink: /home/ines/tiago_ws/install/tiago_exam_worlds/share/tiago_exam_worlds/models/willowgarage/meshes/willowgarage_visual.dae
[2.261s] -- Up-to-date symlink: /home/ines/tiago_ws/install/tiago_exam_worlds/share/tiago_exam_worlds/worlds/example.world
[2.261s] -- Up-to-date symlink: /home/ines/tiago_ws/install/tiago_exam_worlds/share/tiago_exam_worlds/worlds/group10.world
[2.261s] -- Up-to-date symlink: /home/ines/tiago_ws/install/tiago_exam_worlds/share/ament_index/resource_index/package_run_dependencies/tiago_exam_worlds
[2.286s] -- Up-to-date symlink: /home/ines/tiago_ws/install/tiago_exam_worlds/share/ament_index/resource_index/parent_prefix_path/tiago_exam_worlds
[2.288s] -- Up-to-date symlink: /home/ines/tiago_ws/install/tiago_exam_worlds/share/tiago_exam_worlds/environment/ament_prefix_path.sh
[2.291s] -- Up-to-date symlink: /home/ines/tiago_ws/install/tiago_exam_worlds/share/tiago_exam_worlds/environment/ament_prefix_path.dsv
[2.305s] -- Up-to-date symlink: /home/ines/tiago_ws/install/tiago_exam_worlds/share/tiago_exam_worlds/environment/path.sh
[2.305s] -- Up-to-date symlink: /home/ines/tiago_ws/install/tiago_exam_worlds/share/tiago_exam_worlds/environment/path.dsv
[2.306s] -- Up-to-date symlink: /home/ines/tiago_ws/install/tiago_exam_worlds/share/tiago_exam_worlds/local_setup.bash
[2.306s] -- Up-to-date symlink: /home/ines/tiago_ws/install/tiago_exam_worlds/share/tiago_exam_worlds/local_setup.sh
[2.306s] -- Up-to-date symlink: /home/ines/tiago_ws/install/tiago_exam_worlds/share/tiago_exam_worlds/local_setup.zsh
[2.307s] -- Up-to-date symlink: /home/ines/tiago_ws/install/tiago_exam_worlds/share/tiago_exam_worlds/local_setup.dsv
[2.307s] -- Symlinking: /home/ines/tiago_ws/install/tiago_exam_worlds/share/tiago_exam_worlds/package.dsv
[2.371s] -- Up-to-date symlink: /home/ines/tiago_ws/install/tiago_exam_worlds/share/ament_index/resource_index/packages/tiago_exam_worlds
[2.469s] -- Up-to-date symlink: /home/ines/tiago_ws/install/tiago_exam_worlds/share/tiago_exam_worlds/cmake/tiago_exam_worldsConfig.cmake
[2.470s] -- Up-to-date symlink: /home/ines/tiago_ws/install/tiago_exam_worlds/share/tiago_exam_worlds/cmake/tiago_exam_worldsConfig-version.cmake
[2.471s] -- Up-to-date symlink: /home/ines/tiago_ws/install/tiago_exam_worlds/share/tiago_exam_worlds/package.xml
[2.497s] Invoked command in '/home/ines/tiago_ws/build/tiago_exam_worlds' returned '0': CMAKE_PREFIX_PATH=${CMAKE_PREFIX_PATH}:/home/ines/tiago_ws/install/tiago_autonomous_navigation:/home/ines/tiago_ws/install/tiago_autonomous_exploration:/home/ines/ros2_ws/install/scripts:/home/ines/ros2_ws/install/acrobat:/opt/ros/humble /usr/bin/cmake --install /home/ines/tiago_ws/build/tiago_exam_worlds
