[0.022s] Invoking command in '/home/ines/tiago_ws/build/tiago_navigation': CMAKE_PREFIX_PATH=/home/ines/tiago_ws/install/tiago_laser_sensors:/home/ines/tiago_ws/install/tiago_2dnav:/home/ines/tiago_ws/install/pmb2_laser_sensors:/home/ines/tiago_ws/install/tiago_navigation:/home/ines/tiago_ws/install/tiago_rgbd_sensors:/home/ines/tiago_ws/install/tiago_exam_worlds:/home/ines/tiago_ws/install/tiago_exam:/home/ines/tiago_ws/install/tiago_controller_configuration:/home/ines/tiago_ws/install/pmb2_rgbd_sensors:/home/ines/tiago_ws/install/pmb2_navigation:/home/ines/tiago_ws/install/pmb2_2dnav:/home/ines/tiago_ws/install/pal_navigation_cfg:/home/ines/tiago_ws/install/pal_navigation_cfg_bringup:/home/ines/tiago_ws/install/pal_navigation_cfg_params:/home/ines/tiago_ws/install/multirobot_map_merge:/home/ines/tiago_ws/install/explore_lite:/home/ines/test_ws/install/my_package:/home/ines/tiago_ws/install/tiago_autonomous_navigation:/home/ines/tiago_ws/install/tiago_autonomous_exploration:/home/ines/ros2_ws/install/scripts:/home/ines/ros2_ws/install/acrobat:/opt/ros/humble /usr/bin/cmake /home/ines/tiago_ws/src/tiago_navigation.bak/tiago_navigation -DAMENT_CMAKE_SYMLINK_INSTALL=1 -DCMAKE_INSTALL_PREFIX=/home/ines/tiago_ws/install/tiago_navigation
[0.147s] -- The C compiler identification is GNU 11.4.0
[0.251s] -- The CXX compiler identification is GNU 11.4.0
[0.263s] -- Detecting C compiler ABI info
[0.398s] -- Detecting C compiler ABI info - done
[0.415s] -- Check for working C compiler: /usr/bin/cc - skipped
[0.415s] -- Detecting C compile features
[0.416s] -- Detecting C compile features - done
[0.422s] -- Detecting CXX compiler ABI info
[0.579s] -- Detecting CXX compiler ABI info - done
[0.596s] -- Check for working CXX compiler: /usr/bin/c++ - skipped
[0.597s] -- Detecting CXX compile features
[0.597s] -- Detecting CXX compile features - done
[0.605s] -- Found ament_cmake_auto: 1.3.8 (/opt/ros/humble/share/ament_cmake_auto/cmake)
[0.939s] -- Found Python3: /usr/bin/python3 (found version "3.10.12") found components: Interpreter 
[1.070s] -- Override CMake install command with custom implementation using symlinks instead of copying resources
[1.335s] -- Configuring done
[1.343s] -- Generating done
[1.344s] -- Build files have been written to: /home/ines/tiago_ws/build/tiago_navigation
[1.353s] Invoked command in '/home/ines/tiago_ws/build/tiago_navigation' returned '0': CMAKE_PREFIX_PATH=/home/ines/tiago_ws/install/tiago_laser_sensors:/home/ines/tiago_ws/install/tiago_2dnav:/home/ines/tiago_ws/install/pmb2_laser_sensors:/home/ines/tiago_ws/install/tiago_navigation:/home/ines/tiago_ws/install/tiago_rgbd_sensors:/home/ines/tiago_ws/install/tiago_exam_worlds:/home/ines/tiago_ws/install/tiago_exam:/home/ines/tiago_ws/install/tiago_controller_configuration:/home/ines/tiago_ws/install/pmb2_rgbd_sensors:/home/ines/tiago_ws/install/pmb2_navigation:/home/ines/tiago_ws/install/pmb2_2dnav:/home/ines/tiago_ws/install/pal_navigation_cfg:/home/ines/tiago_ws/install/pal_navigation_cfg_bringup:/home/ines/tiago_ws/install/pal_navigation_cfg_params:/home/ines/tiago_ws/install/multirobot_map_merge:/home/ines/tiago_ws/install/explore_lite:/home/ines/test_ws/install/my_package:/home/ines/tiago_ws/install/tiago_autonomous_navigation:/home/ines/tiago_ws/install/tiago_autonomous_exploration:/home/ines/ros2_ws/install/scripts:/home/ines/ros2_ws/install/acrobat:/opt/ros/humble /usr/bin/cmake /home/ines/tiago_ws/src/tiago_navigation.bak/tiago_navigation -DAMENT_CMAKE_SYMLINK_INSTALL=1 -DCMAKE_INSTALL_PREFIX=/home/ines/tiago_ws/install/tiago_navigation
[1.354s] Invoking command in '/home/ines/tiago_ws/build/tiago_navigation': CMAKE_PREFIX_PATH=/home/ines/tiago_ws/install/tiago_laser_sensors:/home/ines/tiago_ws/install/tiago_2dnav:/home/ines/tiago_ws/install/pmb2_laser_sensors:/home/ines/tiago_ws/install/tiago_navigation:/home/ines/tiago_ws/install/tiago_rgbd_sensors:/home/ines/tiago_ws/install/tiago_exam_worlds:/home/ines/tiago_ws/install/tiago_exam:/home/ines/tiago_ws/install/tiago_controller_configuration:/home/ines/tiago_ws/install/pmb2_rgbd_sensors:/home/ines/tiago_ws/install/pmb2_navigation:/home/ines/tiago_ws/install/pmb2_2dnav:/home/ines/tiago_ws/install/pal_navigation_cfg:/home/ines/tiago_ws/install/pal_navigation_cfg_bringup:/home/ines/tiago_ws/install/pal_navigation_cfg_params:/home/ines/tiago_ws/install/multirobot_map_merge:/home/ines/tiago_ws/install/explore_lite:/home/ines/test_ws/install/my_package:/home/ines/tiago_ws/install/tiago_autonomous_navigation:/home/ines/tiago_ws/install/tiago_autonomous_exploration:/home/ines/ros2_ws/install/scripts:/home/ines/ros2_ws/install/acrobat:/opt/ros/humble /usr/bin/cmake --build /home/ines/tiago_ws/build/tiago_navigation -- -j8 -l8
[1.418s] Invoked command in '/home/ines/tiago_ws/build/tiago_navigation' returned '0': CMAKE_PREFIX_PATH=/home/ines/tiago_ws/install/tiago_laser_sensors:/home/ines/tiago_ws/install/tiago_2dnav:/home/ines/tiago_ws/install/pmb2_laser_sensors:/home/ines/tiago_ws/install/tiago_navigation:/home/ines/tiago_ws/install/tiago_rgbd_sensors:/home/ines/tiago_ws/install/tiago_exam_worlds:/home/ines/tiago_ws/install/tiago_exam:/home/ines/tiago_ws/install/tiago_controller_configuration:/home/ines/tiago_ws/install/pmb2_rgbd_sensors:/home/ines/tiago_ws/install/pmb2_navigation:/home/ines/tiago_ws/install/pmb2_2dnav:/home/ines/tiago_ws/install/pal_navigation_cfg:/home/ines/tiago_ws/install/pal_navigation_cfg_bringup:/home/ines/tiago_ws/install/pal_navigation_cfg_params:/home/ines/tiago_ws/install/multirobot_map_merge:/home/ines/tiago_ws/install/explore_lite:/home/ines/test_ws/install/my_package:/home/ines/tiago_ws/install/tiago_autonomous_navigation:/home/ines/tiago_ws/install/tiago_autonomous_exploration:/home/ines/ros2_ws/install/scripts:/home/ines/ros2_ws/install/acrobat:/opt/ros/humble /usr/bin/cmake --build /home/ines/tiago_ws/build/tiago_navigation -- -j8 -l8
[1.459s] Invoking command in '/home/ines/tiago_ws/build/tiago_navigation': CMAKE_PREFIX_PATH=/home/ines/tiago_ws/install/tiago_laser_sensors:/home/ines/tiago_ws/install/tiago_2dnav:/home/ines/tiago_ws/install/pmb2_laser_sensors:/home/ines/tiago_ws/install/tiago_navigation:/home/ines/tiago_ws/install/tiago_rgbd_sensors:/home/ines/tiago_ws/install/tiago_exam_worlds:/home/ines/tiago_ws/install/tiago_exam:/home/ines/tiago_ws/install/tiago_controller_configuration:/home/ines/tiago_ws/install/pmb2_rgbd_sensors:/home/ines/tiago_ws/install/pmb2_navigation:/home/ines/tiago_ws/install/pmb2_2dnav:/home/ines/tiago_ws/install/pal_navigation_cfg:/home/ines/tiago_ws/install/pal_navigation_cfg_bringup:/home/ines/tiago_ws/install/pal_navigation_cfg_params:/home/ines/tiago_ws/install/multirobot_map_merge:/home/ines/tiago_ws/install/explore_lite:/home/ines/test_ws/install/my_package:/home/ines/tiago_ws/install/tiago_autonomous_navigation:/home/ines/tiago_ws/install/tiago_autonomous_exploration:/home/ines/ros2_ws/install/scripts:/home/ines/ros2_ws/install/acrobat:/opt/ros/humble /usr/bin/cmake --install /home/ines/tiago_ws/build/tiago_navigation
[1.470s] -- Install configuration: ""
[1.471s] -- Execute custom install script
[1.472s] -- Symlinking: /home/ines/tiago_ws/install/tiago_navigation/share/ament_index/resource_index/package_run_dependencies/tiago_navigation
[1.488s] -- Symlinking: /home/ines/tiago_ws/install/tiago_navigation/share/ament_index/resource_index/parent_prefix_path/tiago_navigation
[1.502s] -- Symlinking: /home/ines/tiago_ws/install/tiago_navigation/share/tiago_navigation/environment/ament_prefix_path.sh
[1.518s] -- Symlinking: /home/ines/tiago_ws/install/tiago_navigation/share/tiago_navigation/environment/ament_prefix_path.dsv
[1.536s] -- Symlinking: /home/ines/tiago_ws/install/tiago_navigation/share/tiago_navigation/environment/path.sh
[1.554s] -- Symlinking: /home/ines/tiago_ws/install/tiago_navigation/share/tiago_navigation/environment/path.dsv
[1.571s] -- Symlinking: /home/ines/tiago_ws/install/tiago_navigation/share/tiago_navigation/local_setup.bash
[1.592s] -- Symlinking: /home/ines/tiago_ws/install/tiago_navigation/share/tiago_navigation/local_setup.sh
[1.606s] -- Symlinking: /home/ines/tiago_ws/install/tiago_navigation/share/tiago_navigation/local_setup.zsh
[1.623s] -- Symlinking: /home/ines/tiago_ws/install/tiago_navigation/share/tiago_navigation/local_setup.dsv
[1.641s] -- Symlinking: /home/ines/tiago_ws/install/tiago_navigation/share/tiago_navigation/package.dsv
[1.657s] -- Symlinking: /home/ines/tiago_ws/install/tiago_navigation/share/ament_index/resource_index/packages/tiago_navigation
[1.671s] -- Symlinking: /home/ines/tiago_ws/install/tiago_navigation/share/tiago_navigation/cmake/tiago_navigationConfig.cmake
[1.685s] -- Symlinking: /home/ines/tiago_ws/install/tiago_navigation/share/tiago_navigation/cmake/tiago_navigationConfig-version.cmake
[1.700s] -- Symlinking: /home/ines/tiago_ws/install/tiago_navigation/share/tiago_navigation/package.xml
[1.719s] Invoked command in '/home/ines/tiago_ws/build/tiago_navigation' returned '0': CMAKE_PREFIX_PATH=/home/ines/tiago_ws/install/tiago_laser_sensors:/home/ines/tiago_ws/install/tiago_2dnav:/home/ines/tiago_ws/install/pmb2_laser_sensors:/home/ines/tiago_ws/install/tiago_navigation:/home/ines/tiago_ws/install/tiago_rgbd_sensors:/home/ines/tiago_ws/install/tiago_exam_worlds:/home/ines/tiago_ws/install/tiago_exam:/home/ines/tiago_ws/install/tiago_controller_configuration:/home/ines/tiago_ws/install/pmb2_rgbd_sensors:/home/ines/tiago_ws/install/pmb2_navigation:/home/ines/tiago_ws/install/pmb2_2dnav:/home/ines/tiago_ws/install/pal_navigation_cfg:/home/ines/tiago_ws/install/pal_navigation_cfg_bringup:/home/ines/tiago_ws/install/pal_navigation_cfg_params:/home/ines/tiago_ws/install/multirobot_map_merge:/home/ines/tiago_ws/install/explore_lite:/home/ines/test_ws/install/my_package:/home/ines/tiago_ws/install/tiago_autonomous_navigation:/home/ines/tiago_ws/install/tiago_autonomous_exploration:/home/ines/ros2_ws/install/scripts:/home/ines/ros2_ws/install/acrobat:/opt/ros/humble /usr/bin/cmake --install /home/ines/tiago_ws/build/tiago_navigation
