[0.100s] Invoking command in '/home/ines/tiago_ws/build/pal_navigation_cfg_params': CMAKE_PREFIX_PATH=${CMAKE_PREFIX_PATH}:/home/ines/tiago_ws/install/tiago_autonomous_navigation:/home/ines/tiago_ws/install/tiago_autonomous_exploration:/home/ines/ros2_ws/install/scripts:/home/ines/ros2_ws/install/acrobat:/opt/ros/humble /usr/bin/cmake --build /home/ines/tiago_ws/build/pal_navigation_cfg_params -- -j8 -l8
[1.548s] Invoked command in '/home/ines/tiago_ws/build/pal_navigation_cfg_params' returned '0': CMAKE_PREFIX_PATH=${CMAKE_PREFIX_PATH}:/home/ines/tiago_ws/install/tiago_autonomous_navigation:/home/ines/tiago_ws/install/tiago_autonomous_exploration:/home/ines/ros2_ws/install/scripts:/home/ines/ros2_ws/install/acrobat:/opt/ros/humble /usr/bin/cmake --build /home/ines/tiago_ws/build/pal_navigation_cfg_params -- -j8 -l8
[1.653s] Invoking command in '/home/ines/tiago_ws/build/pal_navigation_cfg_params': CMAKE_PREFIX_PATH=${CMAKE_PREFIX_PATH}:/home/ines/tiago_ws/install/tiago_autonomous_navigation:/home/ines/tiago_ws/install/tiago_autonomous_exploration:/home/ines/ros2_ws/install/scripts:/home/ines/ros2_ws/install/acrobat:/opt/ros/humble /usr/bin/cmake --install /home/ines/tiago_ws/build/pal_navigation_cfg_params
[1.696s] -- Install configuration: ""
[1.697s] -- Execute custom install script
[1.706s] -- Up-to-date symlink: /home/ines/tiago_ws/install/pal_navigation_cfg_params/share/pal_navigation_cfg_params/params/omni_base_nav2.yaml
[1.706s] -- Up-to-date symlink: /home/ines/tiago_ws/install/pal_navigation_cfg_params/share/pal_navigation_cfg_params/params/pmb2_nav2.yaml
[1.706s] -- Up-to-date symlink: /home/ines/tiago_ws/install/pal_navigation_cfg_params/share/pal_navigation_cfg_params/params/tiago_dual_nav2.yaml
[1.707s] -- Up-to-date symlink: /home/ines/tiago_ws/install/pal_navigation_cfg_params/share/pal_navigation_cfg_params/params/tiago_nav2.yaml
[1.707s] -- Up-to-date symlink: /home/ines/tiago_ws/install/pal_navigation_cfg_params/share/ament_index/resource_index/package_run_dependencies/pal_navigation_cfg_params
[1.711s] -- Up-to-date symlink: /home/ines/tiago_ws/install/pal_navigation_cfg_params/share/ament_index/resource_index/parent_prefix_path/pal_navigation_cfg_params
[1.712s] -- Up-to-date symlink: /home/ines/tiago_ws/install/pal_navigation_cfg_params/share/pal_navigation_cfg_params/environment/ament_prefix_path.sh
[1.712s] -- Up-to-date symlink: /home/ines/tiago_ws/install/pal_navigation_cfg_params/share/pal_navigation_cfg_params/environment/ament_prefix_path.dsv
[1.712s] -- Up-to-date symlink: /home/ines/tiago_ws/install/pal_navigation_cfg_params/share/pal_navigation_cfg_params/environment/path.sh
[1.712s] -- Up-to-date symlink: /home/ines/tiago_ws/install/pal_navigation_cfg_params/share/pal_navigation_cfg_params/environment/path.dsv
[1.712s] -- Up-to-date symlink: /home/ines/tiago_ws/install/pal_navigation_cfg_params/share/pal_navigation_cfg_params/local_setup.bash
[1.712s] -- Up-to-date symlink: /home/ines/tiago_ws/install/pal_navigation_cfg_params/share/pal_navigation_cfg_params/local_setup.sh
[1.713s] -- Up-to-date symlink: /home/ines/tiago_ws/install/pal_navigation_cfg_params/share/pal_navigation_cfg_params/local_setup.zsh
[1.720s] -- Up-to-date symlink: /home/ines/tiago_ws/install/pal_navigation_cfg_params/share/pal_navigation_cfg_params/local_setup.dsv
[1.720s] -- Symlinking: /home/ines/tiago_ws/install/pal_navigation_cfg_params/share/pal_navigation_cfg_params/package.dsv
[1.734s] -- Up-to-date symlink: /home/ines/tiago_ws/install/pal_navigation_cfg_params/share/ament_index/resource_index/packages/pal_navigation_cfg_params
[1.734s] -- Up-to-date symlink: /home/ines/tiago_ws/install/pal_navigation_cfg_params/share/pal_navigation_cfg_params/cmake/pal_navigation_cfg_paramsConfig.cmake
[1.735s] -- Up-to-date symlink: /home/ines/tiago_ws/install/pal_navigation_cfg_params/share/pal_navigation_cfg_params/cmake/pal_navigation_cfg_paramsConfig-version.cmake
[1.736s] -- Up-to-date symlink: /home/ines/tiago_ws/install/pal_navigation_cfg_params/share/pal_navigation_cfg_params/package.xml
[1.832s] Invoked command in '/home/ines/tiago_ws/build/pal_navigation_cfg_params' returned '0': CMAKE_PREFIX_PATH=${CMAKE_PREFIX_PATH}:/home/ines/tiago_ws/install/tiago_autonomous_navigation:/home/ines/tiago_ws/install/tiago_autonomous_exploration:/home/ines/ros2_ws/install/scripts:/home/ines/ros2_ws/install/acrobat:/opt/ros/humble /usr/bin/cmake --install /home/ines/tiago_ws/build/pal_navigation_cfg_params
