[0.073s] Invoking command in '/home/ines/tiago_ws/build/pmb2_description': AMENT_PREFIX_PATH=/home/ines/tiago_ws/install/pmb2_controller_configuration:${AMENT_PREFIX_PATH} CMAKE_PREFIX_PATH=/home/ines/tiago_ws/install/pmb2_controller_configuration:/home/ines/tiago_ws/install/tiago_navigation:/home/ines/tiago_ws/install/tiago_laser_sensors:/home/ines/tiago_ws/install/tiago_exam_worlds:/home/ines/tiago_ws/install/tiago_exam:/home/ines/tiago_ws/install/tiago_controller_configuration:/home/ines/tiago_ws/install/tiago_2dnav:/home/ines/tiago_ws/install/pmb2_rgbd_sensors:/home/ines/tiago_ws/install/pmb2_navigation:/home/ines/tiago_ws/install/pmb2_2dnav:/home/ines/tiago_ws/install/pmb2_maps:/home/ines/tiago_ws/install/pmb2_laser_sensors:/home/ines/tiago_ws/install/pal_navigation_cfg:/home/ines/tiago_ws/install/pal_navigation_cfg_bringup:/home/ines/tiago_ws/install/pal_navigation_cfg_params:/home/ines/tiago_ws/install/multirobot_map_merge:/home/ines/tiago_ws/install/explore_lite:/home/ines/test_ws/install/my_package:/home/ines/tiago_ws/install/tiago_autonomous_navigation:/home/ines/tiago_ws/install/tiago_autonomous_exploration:/home/ines/ros2_ws/install/scripts:/home/ines/ros2_ws/install/acrobat:/opt/ros/humble /usr/bin/cmake /home/ines/tiago_ws/src/pmb2_robot/pmb2_description -DAMENT_CMAKE_SYMLINK_INSTALL=1 -DCMAKE_INSTALL_PREFIX=/home/ines/tiago_ws/install/pmb2_description
[0.364s] -- The C compiler identification is GNU 11.4.0
[0.645s] -- The CXX compiler identification is GNU 11.4.0
[0.687s] -- Detecting C compiler ABI info
[1.014s] -- Detecting C compiler ABI info - done
[1.061s] -- Check for working C compiler: /usr/bin/cc - skipped
[1.062s] -- Detecting C compile features
[1.065s] -- Detecting C compile features - done
[1.077s] -- Detecting CXX compiler ABI info
[1.398s] -- Detecting CXX compiler ABI info - done
[1.434s] -- Check for working CXX compiler: /usr/bin/c++ - skipped
[1.435s] -- Detecting CXX compile features
[1.437s] -- Detecting CXX compile features - done
[1.462s] -- Found ament_cmake_auto: 1.3.8 (/opt/ros/humble/share/ament_cmake_auto/cmake)
[2.088s] -- Found Python3: /usr/bin/python3 (found version "3.10.12") found components: Interpreter 
[2.296s] -- Override CMake install command with custom implementation using symlinks instead of copying resources
[2.680s] -- Found ament_lint_auto: 0.12.10 (/opt/ros/humble/share/ament_lint_auto/cmake)
[2.876s] -- Found python_cmake_module: 0.10.0 (/opt/ros/humble/share/python_cmake_module/cmake)
[2.962s] -- Found PythonInterp: /usr/bin/python3 (found suitable version "3.10.12", minimum required is "3.6") 
[3.231s] -- Found PythonLibs: /usr/lib/x86_64-linux-gnu/libpython3.10.so (found suitable version "3.10.12", minimum required is "3.5") 
[3.232s] -- Using PYTHON_EXECUTABLE: /usr/bin/python3
[3.232s] -- Using PYTHON_INCLUDE_DIRS: /usr/include/python3.10
[3.232s] -- Using PYTHON_LIBRARIES: /usr/lib/x86_64-linux-gnu/libpython3.10.so
[3.298s] -- Found PythonExtra: .so  
[3.570s] -- Added test 'copyright' to check source files copyright and LICENSE
[3.611s] -- Added test 'flake8' to check Python code syntax and style conventions
[3.618s] -- Added test 'lint_cmake' to check CMake code style
[3.623s] -- Added test 'pep257' to check Python code against some of the docstring style conventions in PEP 257
[3.644s] -- Added test 'xmllint' to check XML markup files
[3.650s] -- Configuring done
[3.662s] -- Generating done
[3.666s] -- Build files have been written to: /home/ines/tiago_ws/build/pmb2_description
[3.682s] Invoked command in '/home/ines/tiago_ws/build/pmb2_description' returned '0': AMENT_PREFIX_PATH=/home/ines/tiago_ws/install/pmb2_controller_configuration:${AMENT_PREFIX_PATH} CMAKE_PREFIX_PATH=/home/ines/tiago_ws/install/pmb2_controller_configuration:/home/ines/tiago_ws/install/tiago_navigation:/home/ines/tiago_ws/install/tiago_laser_sensors:/home/ines/tiago_ws/install/tiago_exam_worlds:/home/ines/tiago_ws/install/tiago_exam:/home/ines/tiago_ws/install/tiago_controller_configuration:/home/ines/tiago_ws/install/tiago_2dnav:/home/ines/tiago_ws/install/pmb2_rgbd_sensors:/home/ines/tiago_ws/install/pmb2_navigation:/home/ines/tiago_ws/install/pmb2_2dnav:/home/ines/tiago_ws/install/pmb2_maps:/home/ines/tiago_ws/install/pmb2_laser_sensors:/home/ines/tiago_ws/install/pal_navigation_cfg:/home/ines/tiago_ws/install/pal_navigation_cfg_bringup:/home/ines/tiago_ws/install/pal_navigation_cfg_params:/home/ines/tiago_ws/install/multirobot_map_merge:/home/ines/tiago_ws/install/explore_lite:/home/ines/test_ws/install/my_package:/home/ines/tiago_ws/install/tiago_autonomous_navigation:/home/ines/tiago_ws/install/tiago_autonomous_exploration:/home/ines/ros2_ws/install/scripts:/home/ines/ros2_ws/install/acrobat:/opt/ros/humble /usr/bin/cmake /home/ines/tiago_ws/src/pmb2_robot/pmb2_description -DAMENT_CMAKE_SYMLINK_INSTALL=1 -DCMAKE_INSTALL_PREFIX=/home/ines/tiago_ws/install/pmb2_description
[3.687s] Invoking command in '/home/ines/tiago_ws/build/pmb2_description': AMENT_PREFIX_PATH=/home/ines/tiago_ws/install/pmb2_controller_configuration:${AMENT_PREFIX_PATH} CMAKE_PREFIX_PATH=/home/ines/tiago_ws/install/pmb2_controller_configuration:/home/ines/tiago_ws/install/tiago_navigation:/home/ines/tiago_ws/install/tiago_laser_sensors:/home/ines/tiago_ws/install/tiago_exam_worlds:/home/ines/tiago_ws/install/tiago_exam:/home/ines/tiago_ws/install/tiago_controller_configuration:/home/ines/tiago_ws/install/tiago_2dnav:/home/ines/tiago_ws/install/pmb2_rgbd_sensors:/home/ines/tiago_ws/install/pmb2_navigation:/home/ines/tiago_ws/install/pmb2_2dnav:/home/ines/tiago_ws/install/pmb2_maps:/home/ines/tiago_ws/install/pmb2_laser_sensors:/home/ines/tiago_ws/install/pal_navigation_cfg:/home/ines/tiago_ws/install/pal_navigation_cfg_bringup:/home/ines/tiago_ws/install/pal_navigation_cfg_params:/home/ines/tiago_ws/install/multirobot_map_merge:/home/ines/tiago_ws/install/explore_lite:/home/ines/test_ws/install/my_package:/home/ines/tiago_ws/install/tiago_autonomous_navigation:/home/ines/tiago_ws/install/tiago_autonomous_exploration:/home/ines/ros2_ws/install/scripts:/home/ines/ros2_ws/install/acrobat:/opt/ros/humble /usr/bin/cmake --build /home/ines/tiago_ws/build/pmb2_description -- -j8 -l8
[3.845s] Built target ament_cmake_python_symlink_pmb2_description
[4.608s] running egg_info
[4.609s] creating pmb2_description.egg-info
[4.610s] writing pmb2_description.egg-info/PKG-INFO
[4.611s] writing dependency_links to pmb2_description.egg-info/dependency_links.txt
[4.611s] writing top-level names to pmb2_description.egg-info/top_level.txt
[4.611s] writing manifest file 'pmb2_description.egg-info/SOURCES.txt'
[4.617s] reading manifest file 'pmb2_description.egg-info/SOURCES.txt'
[4.618s] writing manifest file 'pmb2_description.egg-info/SOURCES.txt'
[4.689s] Built target ament_cmake_python_build_pmb2_description_egg
[4.716s] Invoked command in '/home/ines/tiago_ws/build/pmb2_description' returned '0': AMENT_PREFIX_PATH=/home/ines/tiago_ws/install/pmb2_controller_configuration:${AMENT_PREFIX_PATH} CMAKE_PREFIX_PATH=/home/ines/tiago_ws/install/pmb2_controller_configuration:/home/ines/tiago_ws/install/tiago_navigation:/home/ines/tiago_ws/install/tiago_laser_sensors:/home/ines/tiago_ws/install/tiago_exam_worlds:/home/ines/tiago_ws/install/tiago_exam:/home/ines/tiago_ws/install/tiago_controller_configuration:/home/ines/tiago_ws/install/tiago_2dnav:/home/ines/tiago_ws/install/pmb2_rgbd_sensors:/home/ines/tiago_ws/install/pmb2_navigation:/home/ines/tiago_ws/install/pmb2_2dnav:/home/ines/tiago_ws/install/pmb2_maps:/home/ines/tiago_ws/install/pmb2_laser_sensors:/home/ines/tiago_ws/install/pal_navigation_cfg:/home/ines/tiago_ws/install/pal_navigation_cfg_bringup:/home/ines/tiago_ws/install/pal_navigation_cfg_params:/home/ines/tiago_ws/install/multirobot_map_merge:/home/ines/tiago_ws/install/explore_lite:/home/ines/test_ws/install/my_package:/home/ines/tiago_ws/install/tiago_autonomous_navigation:/home/ines/tiago_ws/install/tiago_autonomous_exploration:/home/ines/ros2_ws/install/scripts:/home/ines/ros2_ws/install/acrobat:/opt/ros/humble /usr/bin/cmake --build /home/ines/tiago_ws/build/pmb2_description -- -j8 -l8
[4.777s] Invoking command in '/home/ines/tiago_ws/build/pmb2_description': AMENT_PREFIX_PATH=/home/ines/tiago_ws/install/pmb2_controller_configuration:${AMENT_PREFIX_PATH} CMAKE_PREFIX_PATH=/home/ines/tiago_ws/install/pmb2_controller_configuration:/home/ines/tiago_ws/install/tiago_navigation:/home/ines/tiago_ws/install/tiago_laser_sensors:/home/ines/tiago_ws/install/tiago_exam_worlds:/home/ines/tiago_ws/install/tiago_exam:/home/ines/tiago_ws/install/tiago_controller_configuration:/home/ines/tiago_ws/install/tiago_2dnav:/home/ines/tiago_ws/install/pmb2_rgbd_sensors:/home/ines/tiago_ws/install/pmb2_navigation:/home/ines/tiago_ws/install/pmb2_2dnav:/home/ines/tiago_ws/install/pmb2_maps:/home/ines/tiago_ws/install/pmb2_laser_sensors:/home/ines/tiago_ws/install/pal_navigation_cfg:/home/ines/tiago_ws/install/pal_navigation_cfg_bringup:/home/ines/tiago_ws/install/pal_navigation_cfg_params:/home/ines/tiago_ws/install/multirobot_map_merge:/home/ines/tiago_ws/install/explore_lite:/home/ines/test_ws/install/my_package:/home/ines/tiago_ws/install/tiago_autonomous_navigation:/home/ines/tiago_ws/install/tiago_autonomous_exploration:/home/ines/ros2_ws/install/scripts:/home/ines/ros2_ws/install/acrobat:/opt/ros/humble /usr/bin/cmake --install /home/ines/tiago_ws/build/pmb2_description
[4.795s] -- Install configuration: ""
[4.797s] -- Execute custom install script
[4.798s] -- Symlinking: /home/ines/tiago_ws/install/pmb2_description/share/pmb2_description/environment/pythonpath.sh
[4.824s] -- Symlinking: /home/ines/tiago_ws/install/pmb2_description/share/pmb2_description/environment/pythonpath.dsv
[4.846s] -- Symlinking: /home/ines/tiago_ws/install/pmb2_description/local/lib/python3.10/dist-packages/pmb2_description-5.0.16-py3.10.egg-info/PKG-INFO
[4.871s] -- Symlinking: /home/ines/tiago_ws/install/pmb2_description/local/lib/python3.10/dist-packages/pmb2_description-5.0.16-py3.10.egg-info/SOURCES.txt
[4.894s] -- Symlinking: /home/ines/tiago_ws/install/pmb2_description/local/lib/python3.10/dist-packages/pmb2_description-5.0.16-py3.10.egg-info/dependency_links.txt
[4.919s] -- Symlinking: /home/ines/tiago_ws/install/pmb2_description/local/lib/python3.10/dist-packages/pmb2_description-5.0.16-py3.10.egg-info/top_level.txt
[4.944s] -- Symlinking: /home/ines/tiago_ws/install/pmb2_description/local/lib/python3.10/dist-packages/pmb2_description/__init__.py
[4.969s] -- Symlinking: /home/ines/tiago_ws/install/pmb2_description/share/pmb2_description/config/joint_limits.yaml
[4.994s] -- Symlinking: /home/ines/tiago_ws/install/pmb2_description/share/pmb2_description/gazebo/gazebo.urdf.xacro
[5.025s] -- Symlinking: /home/ines/tiago_ws/install/pmb2_description/share/pmb2_description/launch/robot_state_publisher.launch.py
[5.050s] -- Symlinking: /home/ines/tiago_ws/install/pmb2_description/share/pmb2_description/launch/show.launch.py
[5.073s] -- Symlinking: /home/ines/tiago_ws/install/pmb2_description/share/pmb2_description/Media/materials/scripts/markers.material
[5.095s] -- Symlinking: /home/ines/tiago_ws/install/pmb2_description/share/pmb2_description/Media/materials/textures/aruco-26_8cm.png
[5.116s] -- Symlinking: /home/ines/tiago_ws/install/pmb2_description/share/pmb2_description/Media/materials/textures/aruco-582_8cm.png
[5.138s] -- Symlinking: /home/ines/tiago_ws/install/pmb2_description/share/pmb2_description/Media/materials/textures/pal_logo_1_7cm.jpg
[5.160s] -- Symlinking: /home/ines/tiago_ws/install/pmb2_description/share/pmb2_description/Media/materials/textures/pal_logo_2_7cm.jpg
[5.180s] -- Symlinking: /home/ines/tiago_ws/install/pmb2_description/share/pmb2_description/Media/materials/textures/pal_logo_3_7cm.jpg
[5.202s] -- Symlinking: /home/ines/tiago_ws/install/pmb2_description/share/pmb2_description/meshes/base/base.stl
[5.223s] -- Symlinking: /home/ines/tiago_ws/install/pmb2_description/share/pmb2_description/meshes/base/base_collision.dae
[5.246s] -- Symlinking: /home/ines/tiago_ws/install/pmb2_description/share/pmb2_description/meshes/base/base_ring.stl
[5.267s] -- Symlinking: /home/ines/tiago_ws/install/pmb2_description/share/pmb2_description/meshes/base/high_resolution/base.stl
[5.287s] -- Symlinking: /home/ines/tiago_ws/install/pmb2_description/share/pmb2_description/meshes/base/high_resolution/base_collision.stl
[5.309s] -- Symlinking: /home/ines/tiago_ws/install/pmb2_description/share/pmb2_description/meshes/cameras_add_on/cameras_add_on.stl
[5.333s] -- Symlinking: /home/ines/tiago_ws/install/pmb2_description/share/pmb2_description/meshes/cameras_add_on/cameras_add_on_collision.stl
[5.358s] -- Symlinking: /home/ines/tiago_ws/install/pmb2_description/share/pmb2_description/meshes/dock/dock.stl
[5.386s] -- Symlinking: /home/ines/tiago_ws/install/pmb2_description/share/pmb2_description/meshes/dock/dock_collision.stl
[5.414s] -- Symlinking: /home/ines/tiago_ws/install/pmb2_description/share/pmb2_description/meshes/objects/antenna.stl
[5.441s] -- Symlinking: /home/ines/tiago_ws/install/pmb2_description/share/pmb2_description/meshes/objects/cover.stl
[5.468s] -- Symlinking: /home/ines/tiago_ws/install/pmb2_description/share/pmb2_description/meshes/objects/high_resolution/cover.stl
[5.492s] -- Symlinking: /home/ines/tiago_ws/install/pmb2_description/share/pmb2_description/meshes/sensors/bumper.stl
[5.516s] -- Symlinking: /home/ines/tiago_ws/install/pmb2_description/share/pmb2_description/meshes/sensors/bumper_collision.stl
[5.542s] -- Symlinking: /home/ines/tiago_ws/install/pmb2_description/share/pmb2_description/meshes/sensors/elp_camera.stl
[5.567s] -- Symlinking: /home/ines/tiago_ws/install/pmb2_description/share/pmb2_description/meshes/sensors/high_resolution/bumper.stl
[5.594s] -- Symlinking: /home/ines/tiago_ws/install/pmb2_description/share/pmb2_description/meshes/sensors/high_resolution/hokuyo_urg_04lx_ug01.stl
[5.617s] -- Symlinking: /home/ines/tiago_ws/install/pmb2_description/share/pmb2_description/meshes/sensors/high_resolution/sick_tim551.stl
[5.640s] -- Symlinking: /home/ines/tiago_ws/install/pmb2_description/share/pmb2_description/meshes/sensors/high_resolution/srf05.stl
[5.663s] -- Symlinking: /home/ines/tiago_ws/install/pmb2_description/share/pmb2_description/meshes/sensors/high_resolution/xtion_pro_live.stl
[5.686s] -- Symlinking: /home/ines/tiago_ws/install/pmb2_description/share/pmb2_description/meshes/sensors/hokuyo_urg_04lx_ug01.stl
[5.709s] -- Symlinking: /home/ines/tiago_ws/install/pmb2_description/share/pmb2_description/meshes/sensors/sick_tim551.stl
[5.732s] -- Symlinking: /home/ines/tiago_ws/install/pmb2_description/share/pmb2_description/meshes/sensors/srf05.stl
[5.757s] -- Symlinking: /home/ines/tiago_ws/install/pmb2_description/share/pmb2_description/meshes/sensors/structure_sensor.stl
[5.777s] -- Symlinking: /home/ines/tiago_ws/install/pmb2_description/share/pmb2_description/meshes/sensors/xtion_pro_live.dae
[5.803s] -- Symlinking: /home/ines/tiago_ws/install/pmb2_description/share/pmb2_description/meshes/wheels/caster_1.stl
[5.828s] -- Symlinking: /home/ines/tiago_ws/install/pmb2_description/share/pmb2_description/meshes/wheels/caster_2.stl
[5.857s] -- Symlinking: /home/ines/tiago_ws/install/pmb2_description/share/pmb2_description/meshes/wheels/high_resolution/caster_1.stl
[5.881s] -- Symlinking: /home/ines/tiago_ws/install/pmb2_description/share/pmb2_description/meshes/wheels/high_resolution/caster_2.stl
[5.905s] -- Symlinking: /home/ines/tiago_ws/install/pmb2_description/share/pmb2_description/meshes/wheels/high_resolution/wheel.stl
[5.929s] -- Symlinking: /home/ines/tiago_ws/install/pmb2_description/share/pmb2_description/meshes/wheels/wheel.stl
[5.953s] -- Symlinking: /home/ines/tiago_ws/install/pmb2_description/share/pmb2_description/robots/pmb2.urdf.xacro
[5.976s] -- Symlinking: /home/ines/tiago_ws/install/pmb2_description/share/pmb2_description/ros2_control/ros2_control.urdf.xacro
[6.000s] -- Symlinking: /home/ines/tiago_ws/install/pmb2_description/share/pmb2_description/urdf/base/base.urdf.xacro
[6.027s] -- Symlinking: /home/ines/tiago_ws/install/pmb2_description/share/pmb2_description/urdf/base/base_sensors.urdf.xacro
[6.052s] -- Symlinking: /home/ines/tiago_ws/install/pmb2_description/share/pmb2_description/urdf/base/footprint.yaml
[6.077s] -- Symlinking: /home/ines/tiago_ws/install/pmb2_description/share/pmb2_description/urdf/cameras_add_on/cameras_add_on.urdf.xacro
[6.099s] -- Symlinking: /home/ines/tiago_ws/install/pmb2_description/share/pmb2_description/urdf/deg_to_rad.xacro
[6.123s] -- Symlinking: /home/ines/tiago_ws/install/pmb2_description/share/pmb2_description/urdf/dock/dock.urdf.xacro
[6.148s] -- Symlinking: /home/ines/tiago_ws/install/pmb2_description/share/pmb2_description/urdf/materials.urdf.xacro
[6.173s] -- Symlinking: /home/ines/tiago_ws/install/pmb2_description/share/pmb2_description/urdf/objects/antenna.urdf.xacro
[6.198s] -- Symlinking: /home/ines/tiago_ws/install/pmb2_description/share/pmb2_description/urdf/objects/cover.urdf.xacro
[6.224s] -- Symlinking: /home/ines/tiago_ws/install/pmb2_description/share/pmb2_description/urdf/sensors/bumper.gazebo.xacro
[6.249s] -- Symlinking: /home/ines/tiago_ws/install/pmb2_description/share/pmb2_description/urdf/sensors/bumper.urdf.xacro
[6.274s] -- Symlinking: /home/ines/tiago_ws/install/pmb2_description/share/pmb2_description/urdf/sensors/courier.urdf.xacro
[6.301s] -- Symlinking: /home/ines/tiago_ws/install/pmb2_description/share/pmb2_description/urdf/sensors/elp_rgb.gazebo.xacro
[6.327s] -- Symlinking: /home/ines/tiago_ws/install/pmb2_description/share/pmb2_description/urdf/sensors/elp_rgb.urdf.xacro
[6.351s] -- Symlinking: /home/ines/tiago_ws/install/pmb2_description/share/pmb2_description/urdf/sensors/hokuyo_urg_04lx_ug01_laser.gazebo.xacro
[6.375s] -- Symlinking: /home/ines/tiago_ws/install/pmb2_description/share/pmb2_description/urdf/sensors/hokuyo_urg_04lx_ug01_laser.urdf.xacro
[6.400s] -- Symlinking: /home/ines/tiago_ws/install/pmb2_description/share/pmb2_description/urdf/sensors/imu.urdf.xacro
[6.424s] -- Symlinking: /home/ines/tiago_ws/install/pmb2_description/share/pmb2_description/urdf/sensors/microphone.urdf.xacro
[6.447s] -- Symlinking: /home/ines/tiago_ws/install/pmb2_description/share/pmb2_description/urdf/sensors/range.gazebo.xacro
[6.472s] -- Symlinking: /home/ines/tiago_ws/install/pmb2_description/share/pmb2_description/urdf/sensors/range.urdf.xacro
[6.495s] -- Symlinking: /home/ines/tiago_ws/install/pmb2_description/share/pmb2_description/urdf/sensors/sensors.ros2_control.xacro
[6.518s] -- Symlinking: /home/ines/tiago_ws/install/pmb2_description/share/pmb2_description/urdf/sensors/sick_tim551_laser.gazebo.xacro
[6.541s] -- Symlinking: /home/ines/tiago_ws/install/pmb2_description/share/pmb2_description/urdf/sensors/sick_tim551_laser.urdf.xacro
[6.568s] -- Symlinking: /home/ines/tiago_ws/install/pmb2_description/share/pmb2_description/urdf/sensors/sick_tim561_laser.gazebo.xacro
[6.591s] -- Symlinking: /home/ines/tiago_ws/install/pmb2_description/share/pmb2_description/urdf/sensors/sick_tim561_laser.urdf.xacro
[6.612s] -- Symlinking: /home/ines/tiago_ws/install/pmb2_description/share/pmb2_description/urdf/sensors/sick_tim571_laser.gazebo.xacro
[6.633s] -- Symlinking: /home/ines/tiago_ws/install/pmb2_description/share/pmb2_description/urdf/sensors/sick_tim571_laser.urdf.xacro
[6.658s] -- Symlinking: /home/ines/tiago_ws/install/pmb2_description/share/pmb2_description/urdf/sensors/structure_sensor.gazebo.xacro
[6.687s] -- Symlinking: /home/ines/tiago_ws/install/pmb2_description/share/pmb2_description/urdf/sensors/structure_sensor.urdf.xacro
[6.716s] -- Symlinking: /home/ines/tiago_ws/install/pmb2_description/share/pmb2_description/urdf/wheels/caster.gazebo.xacro
[6.742s] -- Symlinking: /home/ines/tiago_ws/install/pmb2_description/share/pmb2_description/urdf/wheels/caster.urdf.xacro
[6.767s] -- Symlinking: /home/ines/tiago_ws/install/pmb2_description/share/pmb2_description/urdf/wheels/wheel.gazebo.xacro
[6.794s] -- Symlinking: /home/ines/tiago_ws/install/pmb2_description/share/pmb2_description/urdf/wheels/wheel.ros2_control.xacro
[6.818s] -- Symlinking: /home/ines/tiago_ws/install/pmb2_description/share/pmb2_description/urdf/wheels/wheel.urdf.xacro
[6.841s] -- Symlinking: /home/ines/tiago_ws/install/pmb2_description/share/ament_index/resource_index/package_run_dependencies/pmb2_description
[6.865s] -- Symlinking: /home/ines/tiago_ws/install/pmb2_description/share/ament_index/resource_index/parent_prefix_path/pmb2_description
[6.887s] -- Symlinking: /home/ines/tiago_ws/install/pmb2_description/share/pmb2_description/environment/ament_prefix_path.sh
[6.912s] -- Symlinking: /home/ines/tiago_ws/install/pmb2_description/share/pmb2_description/environment/ament_prefix_path.dsv
[6.935s] -- Symlinking: /home/ines/tiago_ws/install/pmb2_description/share/pmb2_description/environment/path.sh
[6.959s] -- Symlinking: /home/ines/tiago_ws/install/pmb2_description/share/pmb2_description/environment/path.dsv
[6.978s] -- Symlinking: /home/ines/tiago_ws/install/pmb2_description/share/pmb2_description/local_setup.bash
[7.000s] -- Symlinking: /home/ines/tiago_ws/install/pmb2_description/share/pmb2_description/local_setup.sh
[7.025s] -- Symlinking: /home/ines/tiago_ws/install/pmb2_description/share/pmb2_description/local_setup.zsh
[7.046s] -- Symlinking: /home/ines/tiago_ws/install/pmb2_description/share/pmb2_description/local_setup.dsv
[7.067s] -- Symlinking: /home/ines/tiago_ws/install/pmb2_description/share/pmb2_description/package.dsv
[7.089s] -- Symlinking: /home/ines/tiago_ws/install/pmb2_description/share/ament_index/resource_index/packages/pmb2_description
[7.110s] -- Symlinking: /home/ines/tiago_ws/install/pmb2_description/share/pmb2_description/cmake/pmb2_descriptionConfig.cmake
[7.134s] -- Symlinking: /home/ines/tiago_ws/install/pmb2_description/share/pmb2_description/cmake/pmb2_descriptionConfig-version.cmake
[7.158s] -- Symlinking: /home/ines/tiago_ws/install/pmb2_description/share/pmb2_description/package.xml
[7.297s] Listing '/home/ines/tiago_ws/install/pmb2_description/local/lib/python3.10/dist-packages/pmb2_description'...
[7.297s] Compiling '/home/ines/tiago_ws/install/pmb2_description/local/lib/python3.10/dist-packages/pmb2_description/__init__.py'...
[7.314s] Invoked command in '/home/ines/tiago_ws/build/pmb2_description' returned '0': AMENT_PREFIX_PATH=/home/ines/tiago_ws/install/pmb2_controller_configuration:${AMENT_PREFIX_PATH} CMAKE_PREFIX_PATH=/home/ines/tiago_ws/install/pmb2_controller_configuration:/home/ines/tiago_ws/install/tiago_navigation:/home/ines/tiago_ws/install/tiago_laser_sensors:/home/ines/tiago_ws/install/tiago_exam_worlds:/home/ines/tiago_ws/install/tiago_exam:/home/ines/tiago_ws/install/tiago_controller_configuration:/home/ines/tiago_ws/install/tiago_2dnav:/home/ines/tiago_ws/install/pmb2_rgbd_sensors:/home/ines/tiago_ws/install/pmb2_navigation:/home/ines/tiago_ws/install/pmb2_2dnav:/home/ines/tiago_ws/install/pmb2_maps:/home/ines/tiago_ws/install/pmb2_laser_sensors:/home/ines/tiago_ws/install/pal_navigation_cfg:/home/ines/tiago_ws/install/pal_navigation_cfg_bringup:/home/ines/tiago_ws/install/pal_navigation_cfg_params:/home/ines/tiago_ws/install/multirobot_map_merge:/home/ines/tiago_ws/install/explore_lite:/home/ines/test_ws/install/my_package:/home/ines/tiago_ws/install/tiago_autonomous_navigation:/home/ines/tiago_ws/install/tiago_autonomous_exploration:/home/ines/ros2_ws/install/scripts:/home/ines/ros2_ws/install/acrobat:/opt/ros/humble /usr/bin/cmake --install /home/ines/tiago_ws/build/pmb2_description
