running develop
running egg_info
creating tiago_autonomous_navigation.egg-info
writing tiago_autonomous_navigation.egg-info/PKG-INFO
writing dependency_links to tiago_autonomous_navigation.egg-info/dependency_links.txt
writing entry points to tiago_autonomous_navigation.egg-info/entry_points.txt
writing requirements to tiago_autonomous_navigation.egg-info/requires.txt
writing top-level names to tiago_autonomous_navigation.egg-info/top_level.txt
writing manifest file 'tiago_autonomous_navigation.egg-info/SOURCES.txt'
reading manifest file 'tiago_autonomous_navigation.egg-info/SOURCES.txt'
writing manifest file 'tiago_autonomous_navigation.egg-info/SOURCES.txt'
running build_ext
Creating /home/ines/tiago_ws/install/tiago_autonomous_navigation/lib/python3.10/site-packages/tiago-autonomous-navigation.egg-link (link to .)
Installing localization script to /home/ines/tiago_ws/install/tiago_autonomous_navigation/lib/tiago_autonomous_navigation
Installing localization_server script to /home/ines/tiago_ws/install/tiago_autonomous_navigation/lib/tiago_autonomous_navigation
Installing navigation script to /home/ines/tiago_ws/install/tiago_autonomous_navigation/lib/tiago_autonomous_navigation
Installing target_pose_server script to /home/ines/tiago_ws/install/tiago_autonomous_navigation/lib/tiago_autonomous_navigation
Installing task_2_coordinator script to /home/ines/tiago_ws/install/tiago_autonomous_navigation/lib/tiago_autonomous_navigation

Installed /home/ines/tiago_ws/build/tiago_autonomous_navigation
running symlink_data
creating /home/ines/tiago_ws/install/tiago_autonomous_navigation/share/ament_index
creating /home/ines/tiago_ws/install/tiago_autonomous_navigation/share/ament_index/resource_index
creating /home/ines/tiago_ws/install/tiago_autonomous_navigation/share/ament_index/resource_index/packages
symbolically linking /home/ines/tiago_ws/build/tiago_autonomous_navigation/resource/tiago_autonomous_navigation -> /home/ines/tiago_ws/install/tiago_autonomous_navigation/share/ament_index/resource_index/packages
symbolically linking /home/ines/tiago_ws/build/tiago_autonomous_navigation/package.xml -> /home/ines/tiago_ws/install/tiago_autonomous_navigation/share/tiago_autonomous_navigation
creating /home/ines/tiago_ws/install/tiago_autonomous_navigation/share/tiago_autonomous_navigation/launch
symbolically linking /home/ines/tiago_ws/build/tiago_autonomous_navigation/launch/task2.launch.py -> /home/ines/tiago_ws/install/tiago_autonomous_navigation/share/tiago_autonomous_navigation/launch
symbolically linking /home/ines/tiago_ws/build/tiago_autonomous_navigation/launch/autonomous_navigation.launch.py -> /home/ines/tiago_ws/install/tiago_autonomous_navigation/share/tiago_autonomous_navigation/launch
