[0.023s] Invoking command in '/home/ines/tiago_ws/build/pmb2_navigation': AMENT_PREFIX_PATH=/home/ines/tiago_ws/install/pmb2_maps:${AMENT_PREFIX_PATH} CMAKE_PREFIX_PATH=/home/ines/tiago_ws/install/pmb2_2dnav:/home/ines/tiago_ws/install/pmb2_maps:/home/ines/tiago_ws/install/pmb2_laser_sensors:/home/ines/tiago_ws/install/tiago_navigation:/home/ines/tiago_ws/install/tiago_laser_sensors:/home/ines/tiago_ws/install/tiago_exam_worlds:/home/ines/tiago_ws/install/tiago_exam:/home/ines/tiago_ws/install/tiago_controller_configuration:/home/ines/tiago_ws/install/tiago_2dnav:/home/ines/tiago_ws/install/pmb2_rgbd_sensors:/home/ines/tiago_ws/install/pmb2_navigation:/home/ines/tiago_ws/install/pal_navigation_cfg:/home/ines/tiago_ws/install/pal_navigation_cfg_bringup:/home/ines/tiago_ws/install/pal_navigation_cfg_params:/home/ines/tiago_ws/install/multirobot_map_merge:/home/ines/tiago_ws/install/explore_lite:/home/ines/test_ws/install/my_package:/home/ines/tiago_ws/install/tiago_autonomous_navigation:/home/ines/tiago_ws/install/tiago_autonomous_exploration:/home/ines/ros2_ws/install/scripts:/home/ines/ros2_ws/install/acrobat:/opt/ros/humble /usr/bin/cmake --build /home/ines/tiago_ws/build/pmb2_navigation -- -j8 -l8
[0.065s] -- Found ament_cmake_auto: 1.3.8 (/opt/ros/humble/share/ament_cmake_auto/cmake)
[0.304s] -- Override CMake install command with custom implementation using symlinks instead of copying resources
[0.438s] -- Configuring done
[0.442s] -- Generating done
[0.443s] -- Build files have been written to: /home/ines/tiago_ws/build/pmb2_navigation
[0.481s] Invoked command in '/home/ines/tiago_ws/build/pmb2_navigation' returned '0': AMENT_PREFIX_PATH=/home/ines/tiago_ws/install/pmb2_maps:${AMENT_PREFIX_PATH} CMAKE_PREFIX_PATH=/home/ines/tiago_ws/install/pmb2_2dnav:/home/ines/tiago_ws/install/pmb2_maps:/home/ines/tiago_ws/install/pmb2_laser_sensors:/home/ines/tiago_ws/install/tiago_navigation:/home/ines/tiago_ws/install/tiago_laser_sensors:/home/ines/tiago_ws/install/tiago_exam_worlds:/home/ines/tiago_ws/install/tiago_exam:/home/ines/tiago_ws/install/tiago_controller_configuration:/home/ines/tiago_ws/install/tiago_2dnav:/home/ines/tiago_ws/install/pmb2_rgbd_sensors:/home/ines/tiago_ws/install/pmb2_navigation:/home/ines/tiago_ws/install/pal_navigation_cfg:/home/ines/tiago_ws/install/pal_navigation_cfg_bringup:/home/ines/tiago_ws/install/pal_navigation_cfg_params:/home/ines/tiago_ws/install/multirobot_map_merge:/home/ines/tiago_ws/install/explore_lite:/home/ines/test_ws/install/my_package:/home/ines/tiago_ws/install/tiago_autonomous_navigation:/home/ines/tiago_ws/install/tiago_autonomous_exploration:/home/ines/ros2_ws/install/scripts:/home/ines/ros2_ws/install/acrobat:/opt/ros/humble /usr/bin/cmake --build /home/ines/tiago_ws/build/pmb2_navigation -- -j8 -l8
[0.524s] Invoking command in '/home/ines/tiago_ws/build/pmb2_navigation': AMENT_PREFIX_PATH=/home/ines/tiago_ws/install/pmb2_maps:${AMENT_PREFIX_PATH} CMAKE_PREFIX_PATH=/home/ines/tiago_ws/install/pmb2_2dnav:/home/ines/tiago_ws/install/pmb2_maps:/home/ines/tiago_ws/install/pmb2_laser_sensors:/home/ines/tiago_ws/install/tiago_navigation:/home/ines/tiago_ws/install/tiago_laser_sensors:/home/ines/tiago_ws/install/tiago_exam_worlds:/home/ines/tiago_ws/install/tiago_exam:/home/ines/tiago_ws/install/tiago_controller_configuration:/home/ines/tiago_ws/install/tiago_2dnav:/home/ines/tiago_ws/install/pmb2_rgbd_sensors:/home/ines/tiago_ws/install/pmb2_navigation:/home/ines/tiago_ws/install/pal_navigation_cfg:/home/ines/tiago_ws/install/pal_navigation_cfg_bringup:/home/ines/tiago_ws/install/pal_navigation_cfg_params:/home/ines/tiago_ws/install/multirobot_map_merge:/home/ines/tiago_ws/install/explore_lite:/home/ines/test_ws/install/my_package:/home/ines/tiago_ws/install/tiago_autonomous_navigation:/home/ines/tiago_ws/install/tiago_autonomous_exploration:/home/ines/ros2_ws/install/scripts:/home/ines/ros2_ws/install/acrobat:/opt/ros/humble /usr/bin/cmake --install /home/ines/tiago_ws/build/pmb2_navigation
[0.536s] -- Install configuration: ""
[0.537s] -- Execute custom install script
[0.537s] -- Up-to-date symlink: /home/ines/tiago_ws/install/pmb2_navigation/share/ament_index/resource_index/package_run_dependencies/pmb2_navigation
[0.538s] -- Up-to-date symlink: /home/ines/tiago_ws/install/pmb2_navigation/share/ament_index/resource_index/parent_prefix_path/pmb2_navigation
[0.538s] -- Up-to-date symlink: /home/ines/tiago_ws/install/pmb2_navigation/share/pmb2_navigation/environment/ament_prefix_path.sh
[0.538s] -- Up-to-date symlink: /home/ines/tiago_ws/install/pmb2_navigation/share/pmb2_navigation/environment/ament_prefix_path.dsv
[0.538s] -- Up-to-date symlink: /home/ines/tiago_ws/install/pmb2_navigation/share/pmb2_navigation/environment/path.sh
[0.539s] -- Up-to-date symlink: /home/ines/tiago_ws/install/pmb2_navigation/share/pmb2_navigation/environment/path.dsv
[0.539s] -- Up-to-date symlink: /home/ines/tiago_ws/install/pmb2_navigation/share/pmb2_navigation/local_setup.bash
[0.539s] -- Up-to-date symlink: /home/ines/tiago_ws/install/pmb2_navigation/share/pmb2_navigation/local_setup.sh
[0.539s] -- Up-to-date symlink: /home/ines/tiago_ws/install/pmb2_navigation/share/pmb2_navigation/local_setup.zsh
[0.540s] -- Up-to-date symlink: /home/ines/tiago_ws/install/pmb2_navigation/share/pmb2_navigation/local_setup.dsv
[0.540s] -- Symlinking: /home/ines/tiago_ws/install/pmb2_navigation/share/pmb2_navigation/package.dsv
[0.555s] -- Up-to-date symlink: /home/ines/tiago_ws/install/pmb2_navigation/share/ament_index/resource_index/packages/pmb2_navigation
[0.556s] -- Up-to-date symlink: /home/ines/tiago_ws/install/pmb2_navigation/share/pmb2_navigation/cmake/pmb2_navigationConfig.cmake
[0.556s] -- Up-to-date symlink: /home/ines/tiago_ws/install/pmb2_navigation/share/pmb2_navigation/cmake/pmb2_navigationConfig-version.cmake
[0.556s] -- Up-to-date symlink: /home/ines/tiago_ws/install/pmb2_navigation/share/pmb2_navigation/package.xml
[0.562s] Invoked command in '/home/ines/tiago_ws/build/pmb2_navigation' returned '0': AMENT_PREFIX_PATH=/home/ines/tiago_ws/install/pmb2_maps:${AMENT_PREFIX_PATH} CMAKE_PREFIX_PATH=/home/ines/tiago_ws/install/pmb2_2dnav:/home/ines/tiago_ws/install/pmb2_maps:/home/ines/tiago_ws/install/pmb2_laser_sensors:/home/ines/tiago_ws/install/tiago_navigation:/home/ines/tiago_ws/install/tiago_laser_sensors:/home/ines/tiago_ws/install/tiago_exam_worlds:/home/ines/tiago_ws/install/tiago_exam:/home/ines/tiago_ws/install/tiago_controller_configuration:/home/ines/tiago_ws/install/tiago_2dnav:/home/ines/tiago_ws/install/pmb2_rgbd_sensors:/home/ines/tiago_ws/install/pmb2_navigation:/home/ines/tiago_ws/install/pal_navigation_cfg:/home/ines/tiago_ws/install/pal_navigation_cfg_bringup:/home/ines/tiago_ws/install/pal_navigation_cfg_params:/home/ines/tiago_ws/install/multirobot_map_merge:/home/ines/tiago_ws/install/explore_lite:/home/ines/test_ws/install/my_package:/home/ines/tiago_ws/install/tiago_autonomous_navigation:/home/ines/tiago_ws/install/tiago_autonomous_exploration:/home/ines/ros2_ws/install/scripts:/home/ines/ros2_ws/install/acrobat:/opt/ros/humble /usr/bin/cmake --install /home/ines/tiago_ws/build/pmb2_navigation
