[0.329s] Invoking command in '/home/ines/tiago_ws/build/explore_lite': CMAKE_PREFIX_PATH=${CMAKE_PREFIX_PATH}:/home/ines/tiago_ws/install/tiago_autonomous_navigation:/home/ines/tiago_ws/install/tiago_autonomous_exploration:/home/ines/ros2_ws/install/scripts:/home/ines/ros2_ws/install/acrobat:/opt/ros/humble /usr/bin/cmake --build /home/ines/tiago_ws/build/explore_lite -- -j8 -l8
[3.835s] [ 20%] Built target gtest
[3.836s] [ 60%] Built target explore
[3.838s] [ 80%] Built target gtest_main
[3.838s] [100%] Built target test_explore
[3.904s] Invoked command in '/home/ines/tiago_ws/build/explore_lite' returned '0': CMAKE_PREFIX_PATH=${CMAKE_PREFIX_PATH}:/home/ines/tiago_ws/install/tiago_autonomous_navigation:/home/ines/tiago_ws/install/tiago_autonomous_exploration:/home/ines/ros2_ws/install/scripts:/home/ines/ros2_ws/install/acrobat:/opt/ros/humble /usr/bin/cmake --build /home/ines/tiago_ws/build/explore_lite -- -j8 -l8
[4.313s] Invoking command in '/home/ines/tiago_ws/build/explore_lite': CMAKE_PREFIX_PATH=${CMAKE_PREFIX_PATH}:/home/ines/tiago_ws/install/tiago_autonomous_navigation:/home/ines/tiago_ws/install/tiago_autonomous_exploration:/home/ines/ros2_ws/install/scripts:/home/ines/ros2_ws/install/acrobat:/opt/ros/humble /usr/bin/cmake --install /home/ines/tiago_ws/build/explore_lite
[4.394s] -- Install configuration: ""
[4.400s] -- Execute custom install script
[4.400s] -- Up-to-date symlink: /home/ines/tiago_ws/install/explore_lite/include/explore//costmap_client.h
[4.406s] -- Up-to-date symlink: /home/ines/tiago_ws/install/explore_lite/include/explore//costmap_tools.h
[4.406s] -- Up-to-date symlink: /home/ines/tiago_ws/install/explore_lite/include/explore//explore.h
[4.410s] -- Up-to-date symlink: /home/ines/tiago_ws/install/explore_lite/include/explore//frontier_search.h
[4.410s] -- Up-to-date symlink: /home/ines/tiago_ws/install/explore_lite/share/explore_lite/config/params.yaml
[4.423s] -- Up-to-date symlink: /home/ines/tiago_ws/install/explore_lite/share/explore_lite/config/params_costmap.yaml
[4.423s] -- Up-to-date symlink: /home/ines/tiago_ws/install/explore_lite/share/explore_lite/launch/explore.launch.py
[4.446s] -- Up-to-date symlink: /home/ines/tiago_ws/install/explore_lite/lib/explore_lite/explore
[4.447s] -- Up-to-date symlink: /home/ines/tiago_ws/install/explore_lite/share/ament_index/resource_index/package_run_dependencies/explore_lite
[4.447s] -- Up-to-date symlink: /home/ines/tiago_ws/install/explore_lite/share/ament_index/resource_index/parent_prefix_path/explore_lite
[4.447s] -- Up-to-date symlink: /home/ines/tiago_ws/install/explore_lite/share/explore_lite/environment/ament_prefix_path.sh
[4.448s] -- Up-to-date symlink: /home/ines/tiago_ws/install/explore_lite/share/explore_lite/environment/ament_prefix_path.dsv
[4.454s] -- Up-to-date symlink: /home/ines/tiago_ws/install/explore_lite/share/explore_lite/environment/path.sh
[4.454s] -- Up-to-date symlink: /home/ines/tiago_ws/install/explore_lite/share/explore_lite/environment/path.dsv
[4.454s] -- Up-to-date symlink: /home/ines/tiago_ws/install/explore_lite/share/explore_lite/local_setup.bash
[4.455s] -- Up-to-date symlink: /home/ines/tiago_ws/install/explore_lite/share/explore_lite/local_setup.sh
[4.455s] -- Up-to-date symlink: /home/ines/tiago_ws/install/explore_lite/share/explore_lite/local_setup.zsh
[4.455s] -- Up-to-date symlink: /home/ines/tiago_ws/install/explore_lite/share/explore_lite/local_setup.dsv
[4.455s] -- Symlinking: /home/ines/tiago_ws/install/explore_lite/share/explore_lite/package.dsv
[4.483s] -- Up-to-date symlink: /home/ines/tiago_ws/install/explore_lite/share/ament_index/resource_index/packages/explore_lite
[4.483s] -- Up-to-date symlink: /home/ines/tiago_ws/install/explore_lite/share/explore_lite/cmake/ament_cmake_export_include_directories-extras.cmake
[4.483s] -- Up-to-date symlink: /home/ines/tiago_ws/install/explore_lite/share/explore_lite/cmake/explore_liteConfig.cmake
[4.484s] -- Up-to-date symlink: /home/ines/tiago_ws/install/explore_lite/share/explore_lite/cmake/explore_liteConfig-version.cmake
[4.484s] -- Up-to-date symlink: /home/ines/tiago_ws/install/explore_lite/share/explore_lite/package.xml
[4.781s] Invoked command in '/home/ines/tiago_ws/build/explore_lite' returned '0': CMAKE_PREFIX_PATH=${CMAKE_PREFIX_PATH}:/home/ines/tiago_ws/install/tiago_autonomous_navigation:/home/ines/tiago_ws/install/tiago_autonomous_exploration:/home/ines/ros2_ws/install/scripts:/home/ines/ros2_ws/install/acrobat:/opt/ros/humble /usr/bin/cmake --install /home/ines/tiago_ws/build/explore_lite
