[0.133s] Invoking command in '/home/ines/tiago_ws/build/tiago_2dnav': CMAKE_PREFIX_PATH=/home/ines/tiago_ws/install/pmb2_maps:/home/ines/tiago_ws/install/pymoveit2:/home/ines/tiago_ws/install/tiago_navigation:/home/ines/tiago_ws/install/tiago_laser_sensors:/home/ines/tiago_ws/install/tiago_exam_worlds:/home/ines/tiago_ws/install/tiago_exam:/home/ines/tiago_ws/install/tiago_controller_configuration:/home/ines/tiago_ws/install/tiago_2dnav:/home/ines/tiago_ws/install/pmb2_robot:/home/ines/tiago_ws/install/pmb2_rgbd_sensors:/home/ines/tiago_ws/install/pmb2_navigation:/home/ines/tiago_ws/install/pmb2_2dnav:/home/ines/tiago_ws/install/pmb2_laser_sensors:/home/ines/tiago_ws/install/pmb2_bringup:/home/ines/tiago_ws/install/pmb2_description:/home/ines/tiago_ws/install/pmb2_controller_configuration:/home/ines/tiago_ws/install/pal_navigation_cfg:/home/ines/tiago_ws/install/pal_navigation_cfg_bringup:/home/ines/tiago_ws/install/pal_navigation_cfg_params:/home/ines/tiago_ws/install/multirobot_map_merge:/home/ines/tiago_ws/install/explore_lite:/home/ines/test_ws/install/my_package:/home/ines/tiago_ws/install/tiago_autonomous_navigation:/home/ines/tiago_ws/install/tiago_autonomous_exploration:/home/ines/ros2_ws/install/scripts:/home/ines/ros2_ws/install/acrobat:/opt/ros/humble /usr/bin/cmake --build /home/ines/tiago_ws/build/tiago_2dnav -- -j8 -l8
[1.008s] Invoked command in '/home/ines/tiago_ws/build/tiago_2dnav' returned '0': CMAKE_PREFIX_PATH=/home/ines/tiago_ws/install/pmb2_maps:/home/ines/tiago_ws/install/pymoveit2:/home/ines/tiago_ws/install/tiago_navigation:/home/ines/tiago_ws/install/tiago_laser_sensors:/home/ines/tiago_ws/install/tiago_exam_worlds:/home/ines/tiago_ws/install/tiago_exam:/home/ines/tiago_ws/install/tiago_controller_configuration:/home/ines/tiago_ws/install/tiago_2dnav:/home/ines/tiago_ws/install/pmb2_robot:/home/ines/tiago_ws/install/pmb2_rgbd_sensors:/home/ines/tiago_ws/install/pmb2_navigation:/home/ines/tiago_ws/install/pmb2_2dnav:/home/ines/tiago_ws/install/pmb2_laser_sensors:/home/ines/tiago_ws/install/pmb2_bringup:/home/ines/tiago_ws/install/pmb2_description:/home/ines/tiago_ws/install/pmb2_controller_configuration:/home/ines/tiago_ws/install/pal_navigation_cfg:/home/ines/tiago_ws/install/pal_navigation_cfg_bringup:/home/ines/tiago_ws/install/pal_navigation_cfg_params:/home/ines/tiago_ws/install/multirobot_map_merge:/home/ines/tiago_ws/install/explore_lite:/home/ines/test_ws/install/my_package:/home/ines/tiago_ws/install/tiago_autonomous_navigation:/home/ines/tiago_ws/install/tiago_autonomous_exploration:/home/ines/ros2_ws/install/scripts:/home/ines/ros2_ws/install/acrobat:/opt/ros/humble /usr/bin/cmake --build /home/ines/tiago_ws/build/tiago_2dnav -- -j8 -l8
[1.077s] Invoking command in '/home/ines/tiago_ws/build/tiago_2dnav': CMAKE_PREFIX_PATH=/home/ines/tiago_ws/install/pmb2_maps:/home/ines/tiago_ws/install/pymoveit2:/home/ines/tiago_ws/install/tiago_navigation:/home/ines/tiago_ws/install/tiago_laser_sensors:/home/ines/tiago_ws/install/tiago_exam_worlds:/home/ines/tiago_ws/install/tiago_exam:/home/ines/tiago_ws/install/tiago_controller_configuration:/home/ines/tiago_ws/install/tiago_2dnav:/home/ines/tiago_ws/install/pmb2_robot:/home/ines/tiago_ws/install/pmb2_rgbd_sensors:/home/ines/tiago_ws/install/pmb2_navigation:/home/ines/tiago_ws/install/pmb2_2dnav:/home/ines/tiago_ws/install/pmb2_laser_sensors:/home/ines/tiago_ws/install/pmb2_bringup:/home/ines/tiago_ws/install/pmb2_description:/home/ines/tiago_ws/install/pmb2_controller_configuration:/home/ines/tiago_ws/install/pal_navigation_cfg:/home/ines/tiago_ws/install/pal_navigation_cfg_bringup:/home/ines/tiago_ws/install/pal_navigation_cfg_params:/home/ines/tiago_ws/install/multirobot_map_merge:/home/ines/tiago_ws/install/explore_lite:/home/ines/test_ws/install/my_package:/home/ines/tiago_ws/install/tiago_autonomous_navigation:/home/ines/tiago_ws/install/tiago_autonomous_exploration:/home/ines/ros2_ws/install/scripts:/home/ines/ros2_ws/install/acrobat:/opt/ros/humble /usr/bin/cmake --install /home/ines/tiago_ws/build/tiago_2dnav
[1.099s] -- Install configuration: ""
[1.101s] -- Execute custom install script
[1.102s] -- Up-to-date symlink: /home/ines/tiago_ws/install/tiago_2dnav/share/tiago_2dnav/config/rviz/advanced_navigation.rviz
[1.103s] -- Up-to-date symlink: /home/ines/tiago_ws/install/tiago_2dnav/share/tiago_2dnav/config/rviz/navigation.rviz
[1.104s] -- Up-to-date symlink: /home/ines/tiago_ws/install/tiago_2dnav/share/tiago_2dnav/launch/tiago_nav_bringup.launch.py
[1.105s] -- Up-to-date symlink: /home/ines/tiago_ws/install/tiago_2dnav/share/tiago_2dnav/launch/tiago_nav_bringup.launch.py.backup
[1.105s] -- Up-to-date symlink: /home/ines/tiago_ws/install/tiago_2dnav/share/tiago_2dnav/launch/tiago_nav_bringup.launch.py.pre_unibo_patch
[1.110s] -- Up-to-date symlink: /home/ines/tiago_ws/install/tiago_2dnav/share/tiago_2dnav/params/tiago_nav.yaml
[1.110s] -- Up-to-date symlink: /home/ines/tiago_ws/install/tiago_2dnav/share/tiago_2dnav/params/tiago_nav_public_sim.yaml
[1.111s] -- Up-to-date symlink: /home/ines/tiago_ws/install/tiago_2dnav/share/tiago_2dnav/params/tiago_nav_w_composition.yaml
[1.115s] -- Up-to-date symlink: /home/ines/tiago_ws/install/tiago_2dnav/share/tiago_2dnav/params/tiago_remappings.yaml
[1.115s] -- Up-to-date symlink: /home/ines/tiago_ws/install/tiago_2dnav/share/tiago_2dnav/params/tiago_remappings_sim.yaml
[1.115s] -- Up-to-date symlink: /home/ines/tiago_ws/install/tiago_2dnav/share/ament_index/resource_index/package_run_dependencies/tiago_2dnav
[1.115s] -- Up-to-date symlink: /home/ines/tiago_ws/install/tiago_2dnav/share/ament_index/resource_index/parent_prefix_path/tiago_2dnav
[1.115s] -- Up-to-date symlink: /home/ines/tiago_ws/install/tiago_2dnav/share/tiago_2dnav/environment/ament_prefix_path.sh
[1.116s] -- Up-to-date symlink: /home/ines/tiago_ws/install/tiago_2dnav/share/tiago_2dnav/environment/ament_prefix_path.dsv
[1.116s] -- Up-to-date symlink: /home/ines/tiago_ws/install/tiago_2dnav/share/tiago_2dnav/environment/path.sh
[1.116s] -- Up-to-date symlink: /home/ines/tiago_ws/install/tiago_2dnav/share/tiago_2dnav/environment/path.dsv
[1.120s] -- Up-to-date symlink: /home/ines/tiago_ws/install/tiago_2dnav/share/tiago_2dnav/local_setup.bash
[1.120s] -- Up-to-date symlink: /home/ines/tiago_ws/install/tiago_2dnav/share/tiago_2dnav/local_setup.sh
[1.120s] -- Up-to-date symlink: /home/ines/tiago_ws/install/tiago_2dnav/share/tiago_2dnav/local_setup.zsh
[1.121s] -- Up-to-date symlink: /home/ines/tiago_ws/install/tiago_2dnav/share/tiago_2dnav/local_setup.dsv
[1.121s] -- Symlinking: /home/ines/tiago_ws/install/tiago_2dnav/share/tiago_2dnav/package.dsv
[1.153s] -- Up-to-date symlink: /home/ines/tiago_ws/install/tiago_2dnav/share/ament_index/resource_index/packages/tiago_2dnav
[1.153s] -- Up-to-date symlink: /home/ines/tiago_ws/install/tiago_2dnav/share/tiago_2dnav/cmake/tiago_2dnavConfig.cmake
[1.153s] -- Up-to-date symlink: /home/ines/tiago_ws/install/tiago_2dnav/share/tiago_2dnav/cmake/tiago_2dnavConfig-version.cmake
[1.153s] -- Up-to-date symlink: /home/ines/tiago_ws/install/tiago_2dnav/share/tiago_2dnav/package.xml
[1.182s] Invoked command in '/home/ines/tiago_ws/build/tiago_2dnav' returned '0': CMAKE_PREFIX_PATH=/home/ines/tiago_ws/install/pmb2_maps:/home/ines/tiago_ws/install/pymoveit2:/home/ines/tiago_ws/install/tiago_navigation:/home/ines/tiago_ws/install/tiago_laser_sensors:/home/ines/tiago_ws/install/tiago_exam_worlds:/home/ines/tiago_ws/install/tiago_exam:/home/ines/tiago_ws/install/tiago_controller_configuration:/home/ines/tiago_ws/install/tiago_2dnav:/home/ines/tiago_ws/install/pmb2_robot:/home/ines/tiago_ws/install/pmb2_rgbd_sensors:/home/ines/tiago_ws/install/pmb2_navigation:/home/ines/tiago_ws/install/pmb2_2dnav:/home/ines/tiago_ws/install/pmb2_laser_sensors:/home/ines/tiago_ws/install/pmb2_bringup:/home/ines/tiago_ws/install/pmb2_description:/home/ines/tiago_ws/install/pmb2_controller_configuration:/home/ines/tiago_ws/install/pal_navigation_cfg:/home/ines/tiago_ws/install/pal_navigation_cfg_bringup:/home/ines/tiago_ws/install/pal_navigation_cfg_params:/home/ines/tiago_ws/install/multirobot_map_merge:/home/ines/tiago_ws/install/explore_lite:/home/ines/test_ws/install/my_package:/home/ines/tiago_ws/install/tiago_autonomous_navigation:/home/ines/tiago_ws/install/tiago_autonomous_exploration:/home/ines/ros2_ws/install/scripts:/home/ines/ros2_ws/install/acrobat:/opt/ros/humble /usr/bin/cmake --install /home/ines/tiago_ws/build/tiago_2dnav
