[0.251s] Invoking command in '/home/ines/tiago_ws/build/pmb2_controller_configuration': CMAKE_PREFIX_PATH=${CMAKE_PREFIX_PATH}:/home/ines/tiago_ws/install/tiago_autonomous_navigation:/home/ines/tiago_ws/install/tiago_autonomous_exploration:/home/ines/ros2_ws/install/scripts:/home/ines/ros2_ws/install/acrobat:/opt/ros/humble /usr/bin/cmake /home/ines/tiago_ws/src/pmb2_robot/pmb2_controller_configuration -DAMENT_CMAKE_SYMLINK_INSTALL=1 -DCMAKE_INSTALL_PREFIX=/home/ines/tiago_ws/install/pmb2_controller_configuration
[1.646s] -- The C compiler identification is GNU 11.4.0
[1.793s] -- The CXX compiler identification is GNU 11.4.0
[1.860s] -- Detecting C compiler ABI info
[2.220s] -- Detecting C compiler ABI info - done
[2.257s] -- Check for working C compiler: /usr/bin/cc - skipped
[2.259s] -- Detecting C compile features
[2.291s] -- Detecting C compile features - done
[2.305s] -- Detecting CXX compiler ABI info
[2.575s] -- Detecting CXX compiler ABI info - done
[2.598s] -- Check for working CXX compiler: /usr/bin/c++ - skipped
[2.598s] -- Detecting CXX compile features
[2.600s] -- Detecting CXX compile features - done
[2.858s] -- Found ament_cmake_auto: 1.3.8 (/opt/ros/humble/share/ament_cmake_auto/cmake)
[4.395s] -- Found Python3: /usr/bin/python3 (found version "3.10.12") found components: Interpreter 
[4.966s] -- Override CMake install command with custom implementation using symlinks instead of copying resources
[6.183s] -- Found ament_lint_auto: 0.12.10 (/opt/ros/humble/share/ament_lint_auto/cmake)
[6.621s] -- Added test 'copyright' to check source files copyright and LICENSE
[6.634s] -- Added test 'flake8' to check Python code syntax and style conventions
[6.637s] -- Added test 'lint_cmake' to check CMake code style
[6.641s] -- Added test 'pep257' to check Python code against some of the docstring style conventions in PEP 257
[6.652s] -- Added test 'xmllint' to check XML markup files
[6.655s] -- Configuring done
[6.666s] -- Generating done
[6.670s] -- Build files have been written to: /home/ines/tiago_ws/build/pmb2_controller_configuration
[6.763s] Invoked command in '/home/ines/tiago_ws/build/pmb2_controller_configuration' returned '0': CMAKE_PREFIX_PATH=${CMAKE_PREFIX_PATH}:/home/ines/tiago_ws/install/tiago_autonomous_navigation:/home/ines/tiago_ws/install/tiago_autonomous_exploration:/home/ines/ros2_ws/install/scripts:/home/ines/ros2_ws/install/acrobat:/opt/ros/humble /usr/bin/cmake /home/ines/tiago_ws/src/pmb2_robot/pmb2_controller_configuration -DAMENT_CMAKE_SYMLINK_INSTALL=1 -DCMAKE_INSTALL_PREFIX=/home/ines/tiago_ws/install/pmb2_controller_configuration
[6.764s] Invoking command in '/home/ines/tiago_ws/build/pmb2_controller_configuration': CMAKE_PREFIX_PATH=${CMAKE_PREFIX_PATH}:/home/ines/tiago_ws/install/tiago_autonomous_navigation:/home/ines/tiago_ws/install/tiago_autonomous_exploration:/home/ines/ros2_ws/install/scripts:/home/ines/ros2_ws/install/acrobat:/opt/ros/humble /usr/bin/cmake --build /home/ines/tiago_ws/build/pmb2_controller_configuration -- -j8 -l8
[6.962s] Invoked command in '/home/ines/tiago_ws/build/pmb2_controller_configuration' returned '0': CMAKE_PREFIX_PATH=${CMAKE_PREFIX_PATH}:/home/ines/tiago_ws/install/tiago_autonomous_navigation:/home/ines/tiago_ws/install/tiago_autonomous_exploration:/home/ines/ros2_ws/install/scripts:/home/ines/ros2_ws/install/acrobat:/opt/ros/humble /usr/bin/cmake --build /home/ines/tiago_ws/build/pmb2_controller_configuration -- -j8 -l8
[7.066s] Invoking command in '/home/ines/tiago_ws/build/pmb2_controller_configuration': CMAKE_PREFIX_PATH=${CMAKE_PREFIX_PATH}:/home/ines/tiago_ws/install/tiago_autonomous_navigation:/home/ines/tiago_ws/install/tiago_autonomous_exploration:/home/ines/ros2_ws/install/scripts:/home/ines/ros2_ws/install/acrobat:/opt/ros/humble /usr/bin/cmake --install /home/ines/tiago_ws/build/pmb2_controller_configuration
[7.092s] -- Install configuration: ""
[7.092s] -- Execute custom install script
[7.095s] -- Symlinking: /home/ines/tiago_ws/install/pmb2_controller_configuration/share/pmb2_controller_configuration/config/gazebo_controller_manager_cfg.yaml
[7.126s] -- Symlinking: /home/ines/tiago_ws/install/pmb2_controller_configuration/share/pmb2_controller_configuration/config/joint_state_broadcaster.yaml
[7.166s] -- Symlinking: /home/ines/tiago_ws/install/pmb2_controller_configuration/share/pmb2_controller_configuration/config/mobile_base_controller.yaml
[7.213s] -- Symlinking: /home/ines/tiago_ws/install/pmb2_controller_configuration/share/pmb2_controller_configuration/launch/default_controllers.launch.py
[7.262s] -- Symlinking: /home/ines/tiago_ws/install/pmb2_controller_configuration/share/pmb2_controller_configuration/launch/joint_state_broadcaster.launch.py
[7.305s] -- Symlinking: /home/ines/tiago_ws/install/pmb2_controller_configuration/share/pmb2_controller_configuration/launch/mobile_base_controller.launch.py
[7.347s] -- Symlinking: /home/ines/tiago_ws/install/pmb2_controller_configuration/share/ament_index/resource_index/package_run_dependencies/pmb2_controller_configuration
[7.415s] -- Symlinking: /home/ines/tiago_ws/install/pmb2_controller_configuration/share/ament_index/resource_index/parent_prefix_path/pmb2_controller_configuration
[7.458s] -- Symlinking: /home/ines/tiago_ws/install/pmb2_controller_configuration/share/pmb2_controller_configuration/environment/ament_prefix_path.sh
[7.502s] -- Symlinking: /home/ines/tiago_ws/install/pmb2_controller_configuration/share/pmb2_controller_configuration/environment/ament_prefix_path.dsv
[7.537s] -- Symlinking: /home/ines/tiago_ws/install/pmb2_controller_configuration/share/pmb2_controller_configuration/environment/path.sh
[7.589s] -- Symlinking: /home/ines/tiago_ws/install/pmb2_controller_configuration/share/pmb2_controller_configuration/environment/path.dsv
[7.626s] -- Symlinking: /home/ines/tiago_ws/install/pmb2_controller_configuration/share/pmb2_controller_configuration/local_setup.bash
[7.668s] -- Symlinking: /home/ines/tiago_ws/install/pmb2_controller_configuration/share/pmb2_controller_configuration/local_setup.sh
[7.715s] -- Symlinking: /home/ines/tiago_ws/install/pmb2_controller_configuration/share/pmb2_controller_configuration/local_setup.zsh
[7.748s] -- Symlinking: /home/ines/tiago_ws/install/pmb2_controller_configuration/share/pmb2_controller_configuration/local_setup.dsv
[7.785s] -- Symlinking: /home/ines/tiago_ws/install/pmb2_controller_configuration/share/pmb2_controller_configuration/package.dsv
[7.823s] -- Symlinking: /home/ines/tiago_ws/install/pmb2_controller_configuration/share/ament_index/resource_index/packages/pmb2_controller_configuration
[7.861s] -- Symlinking: /home/ines/tiago_ws/install/pmb2_controller_configuration/share/pmb2_controller_configuration/cmake/pmb2_controller_configurationConfig.cmake
[7.901s] -- Symlinking: /home/ines/tiago_ws/install/pmb2_controller_configuration/share/pmb2_controller_configuration/cmake/pmb2_controller_configurationConfig-version.cmake
[7.936s] -- Symlinking: /home/ines/tiago_ws/install/pmb2_controller_configuration/share/pmb2_controller_configuration/package.xml
[7.976s] Invoked command in '/home/ines/tiago_ws/build/pmb2_controller_configuration' returned '0': CMAKE_PREFIX_PATH=${CMAKE_PREFIX_PATH}:/home/ines/tiago_ws/install/tiago_autonomous_navigation:/home/ines/tiago_ws/install/tiago_autonomous_exploration:/home/ines/ros2_ws/install/scripts:/home/ines/ros2_ws/install/acrobat:/opt/ros/humble /usr/bin/cmake --install /home/ines/tiago_ws/build/pmb2_controller_configuration
