[0.101s] Invoking command in '/home/ines/tiago_ws/build/multirobot_map_merge': CMAKE_PREFIX_PATH=${CMAKE_PREFIX_PATH}:/home/ines/tiago_ws/install/tiago_autonomous_navigation:/home/ines/tiago_ws/install/tiago_autonomous_exploration:/home/ines/ros2_ws/install/scripts:/home/ines/ros2_ws/install/acrobat:/opt/ros/humble /usr/bin/cmake --build /home/ines/tiago_ws/build/multirobot_map_merge -- -j8 -l8
[0.834s] [ 16%] Built target gtest
[0.837s] [ 33%] Built target gtest_main
[0.839s] [ 66%] Built target combine_grids
[0.839s] [ 83%] Built target map_merge
[0.839s] [100%] Built target test_merging_pipeline
[1.524s] Invoked command in '/home/ines/tiago_ws/build/multirobot_map_merge' returned '0': CMAKE_PREFIX_PATH=${CMAKE_PREFIX_PATH}:/home/ines/tiago_ws/install/tiago_autonomous_navigation:/home/ines/tiago_ws/install/tiago_autonomous_exploration:/home/ines/ros2_ws/install/scripts:/home/ines/ros2_ws/install/acrobat:/opt/ros/humble /usr/bin/cmake --build /home/ines/tiago_ws/build/multirobot_map_merge -- -j8 -l8
[1.839s] Invoking command in '/home/ines/tiago_ws/build/multirobot_map_merge': CMAKE_PREFIX_PATH=${CMAKE_PREFIX_PATH}:/home/ines/tiago_ws/install/tiago_autonomous_navigation:/home/ines/tiago_ws/install/tiago_autonomous_exploration:/home/ines/ros2_ws/install/scripts:/home/ines/ros2_ws/install/acrobat:/opt/ros/humble /usr/bin/cmake --install /home/ines/tiago_ws/build/multirobot_map_merge
[1.868s] -- Install configuration: ""
[1.869s] -- Execute custom install script
[1.870s] -- Up-to-date symlink: /home/ines/tiago_ws/install/multirobot_map_merge/include/map_merge//map_merge.h
[1.871s] -- Up-to-date symlink: /home/ines/tiago_ws/install/multirobot_map_merge/include/map_merge//ros1_names.hpp
[1.872s] -- Up-to-date symlink: /home/ines/tiago_ws/install/multirobot_map_merge/share/multirobot_map_merge/launch/from_map_server.launch.py
[1.873s] -- Up-to-date symlink: /home/ines/tiago_ws/install/multirobot_map_merge/share/multirobot_map_merge/launch/map_merge.launch.py
[1.873s] -- Up-to-date symlink: /home/ines/tiago_ws/install/multirobot_map_merge/share/multirobot_map_merge/launch/map_merge.rviz
[1.880s] -- Up-to-date symlink: /home/ines/tiago_ws/install/multirobot_map_merge/share/multirobot_map_merge/launch/tb3_simulation/bringup_launch.py
[1.880s] -- Up-to-date symlink: /home/ines/tiago_ws/install/multirobot_map_merge/share/multirobot_map_merge/launch/tb3_simulation/config/nav2_multirobot_params_1.yaml
[1.880s] -- Up-to-date symlink: /home/ines/tiago_ws/install/multirobot_map_merge/share/multirobot_map_merge/launch/tb3_simulation/config/nav2_multirobot_params_2.yaml
[1.880s] -- Up-to-date symlink: /home/ines/tiago_ws/install/multirobot_map_merge/share/multirobot_map_merge/launch/tb3_simulation/multi_tb3_simulation_launch.py
[1.881s] -- Up-to-date symlink: /home/ines/tiago_ws/install/multirobot_map_merge/share/multirobot_map_merge/launch/tb3_simulation/slam_toolbox.py
[1.881s] -- Up-to-date symlink: /home/ines/tiago_ws/install/multirobot_map_merge/share/multirobot_map_merge/launch/tb3_simulation/tb3_simulation_launch.py
[1.881s] -- Up-to-date symlink: /home/ines/tiago_ws/install/multirobot_map_merge/share/multirobot_map_merge/launch/tb3_simulation/worlds/world_only.model
[1.884s] -- Up-to-date symlink: /home/ines/tiago_ws/install/multirobot_map_merge/share/multirobot_map_merge/config/params.yaml
[1.885s] -- Up-to-date symlink: /home/ines/tiago_ws/install/multirobot_map_merge/lib/multirobot_map_merge/map_merge
[1.885s] -- Up-to-date symlink: /home/ines/tiago_ws/install/multirobot_map_merge/share/multirobot_map_merge/environment/library_path.sh
[1.885s] -- Up-to-date symlink: /home/ines/tiago_ws/install/multirobot_map_merge/share/multirobot_map_merge/environment/library_path.dsv
[1.885s] -- Up-to-date symlink: /home/ines/tiago_ws/install/multirobot_map_merge/share/ament_index/resource_index/package_run_dependencies/multirobot_map_merge
[1.886s] -- Up-to-date symlink: /home/ines/tiago_ws/install/multirobot_map_merge/share/ament_index/resource_index/parent_prefix_path/multirobot_map_merge
[1.886s] -- Up-to-date symlink: /home/ines/tiago_ws/install/multirobot_map_merge/share/multirobot_map_merge/environment/ament_prefix_path.sh
[1.886s] -- Up-to-date symlink: /home/ines/tiago_ws/install/multirobot_map_merge/share/multirobot_map_merge/environment/ament_prefix_path.dsv
[1.886s] -- Up-to-date symlink: /home/ines/tiago_ws/install/multirobot_map_merge/share/multirobot_map_merge/environment/path.sh
[1.886s] -- Up-to-date symlink: /home/ines/tiago_ws/install/multirobot_map_merge/share/multirobot_map_merge/environment/path.dsv
[1.886s] -- Up-to-date symlink: /home/ines/tiago_ws/install/multirobot_map_merge/share/multirobot_map_merge/local_setup.bash
[1.887s] -- Up-to-date symlink: /home/ines/tiago_ws/install/multirobot_map_merge/share/multirobot_map_merge/local_setup.sh
[1.887s] -- Up-to-date symlink: /home/ines/tiago_ws/install/multirobot_map_merge/share/multirobot_map_merge/local_setup.zsh
[1.887s] -- Up-to-date symlink: /home/ines/tiago_ws/install/multirobot_map_merge/share/multirobot_map_merge/local_setup.dsv
[1.887s] -- Symlinking: /home/ines/tiago_ws/install/multirobot_map_merge/share/multirobot_map_merge/package.dsv
[1.902s] -- Up-to-date symlink: /home/ines/tiago_ws/install/multirobot_map_merge/share/ament_index/resource_index/packages/multirobot_map_merge
[1.902s] -- Up-to-date symlink: /home/ines/tiago_ws/install/multirobot_map_merge/share/multirobot_map_merge/cmake/ament_cmake_export_include_directories-extras.cmake
[1.903s] -- Up-to-date symlink: /home/ines/tiago_ws/install/multirobot_map_merge/share/multirobot_map_merge/cmake/ament_cmake_export_libraries-extras.cmake
[1.903s] -- Up-to-date symlink: /home/ines/tiago_ws/install/multirobot_map_merge/share/multirobot_map_merge/cmake/multirobot_map_mergeConfig.cmake
[1.903s] -- Up-to-date symlink: /home/ines/tiago_ws/install/multirobot_map_merge/share/multirobot_map_merge/cmake/multirobot_map_mergeConfig-version.cmake
[1.904s] -- Up-to-date symlink: /home/ines/tiago_ws/install/multirobot_map_merge/share/multirobot_map_merge/package.xml
[1.904s] -- Up-to-date: /home/ines/tiago_ws/install/multirobot_map_merge/lib/libcombine_grids.a
[1.957s] Invoked command in '/home/ines/tiago_ws/build/multirobot_map_merge' returned '0': CMAKE_PREFIX_PATH=${CMAKE_PREFIX_PATH}:/home/ines/tiago_ws/install/tiago_autonomous_navigation:/home/ines/tiago_ws/install/tiago_autonomous_exploration:/home/ines/ros2_ws/install/scripts:/home/ines/ros2_ws/install/acrobat:/opt/ros/humble /usr/bin/cmake --install /home/ines/tiago_ws/build/multirobot_map_merge
