-- The C compiler identification is GNU 11.4.0
-- The CXX compiler identification is GNU 11.4.0
-- Detecting C compiler ABI info
-- Detecting C compiler ABI info - done
-- Check for working C compiler: /usr/bin/cc - skipped
-- Detecting C compile features
-- Detecting C compile features - done
-- Detecting CXX compiler ABI info
-- Detecting CXX compiler ABI info - done
-- Check for working CXX compiler: /usr/bin/c++ - skipped
-- Detecting CXX compile features
-- Detecting CXX compile features - done
-- Found ament_cmake_auto: 1.3.8 (/opt/ros/humble/share/ament_cmake_auto/cmake)
-- Found Python3: /usr/bin/python3 (found version "3.10.12") found components: Interpreter 
-- Override CMake install command with custom implementation using symlinks instead of copying resources
-- Found ament_cmake_gtest: 1.3.8 (/opt/ros/humble/share/ament_cmake_gtest/cmake)
-- Found ament_lint_auto: 0.12.10 (/opt/ros/humble/share/ament_lint_auto/cmake)
-- Found python_cmake_module: 0.10.0 (/opt/ros/humble/share/python_cmake_module/cmake)
-- Found PythonInterp: /usr/bin/python3 (found suitable version "3.10.12", minimum required is "3.6") 
-- Found PythonLibs: /usr/lib/x86_64-linux-gnu/libpython3.10.so (found suitable version "3.10.12", minimum required is "3.5") 
-- Using PYTHON_EXECUTABLE: /usr/bin/python3
-- Using PYTHON_INCLUDE_DIRS: /usr/include/python3.10
-- Using PYTHON_LIBRARIES: /usr/lib/x86_64-linux-gnu/libpython3.10.so
-- Found PythonExtra: .so  
-- Found rosidl_generator_c: 3.1.5 (/opt/ros/humble/share/rosidl_generator_c/cmake)
-- Found rosidl_adapter: 3.1.5 (/opt/ros/humble/share/rosidl_adapter/cmake)
-- Found rosidl_generator_cpp: 3.1.5 (/opt/ros/humble/share/rosidl_generator_cpp/cmake)
-- Using all available rosidl_typesupport_c: rosidl_typesupport_fastrtps_c;rosidl_typesupport_introspection_c
-- Using all available rosidl_typesupport_cpp: rosidl_typesupport_fastrtps_cpp;rosidl_typesupport_introspection_cpp
-- Found rmw_implementation_cmake: 6.1.1 (/opt/ros/humble/share/rmw_implementation_cmake/cmake)
-- Found rmw_fastrtps_cpp: 6.2.6 (/opt/ros/humble/share/rmw_fastrtps_cpp/cmake)
-- Found OpenSSL: /usr/lib/x86_64-linux-gnu/libcrypto.so (found version "3.0.2")  
-- Found FastRTPS: /opt/ros/humble/include  
-- Using RMW implementation 'rmw_fastrtps_cpp' as default
-- Looking for pthread.h
-- Looking for pthread.h - found
-- Performing Test CMAKE_HAVE_LIBC_PTHREAD
-- Performing Test CMAKE_HAVE_LIBC_PTHREAD - Success
-- Found Threads: TRUE  
-- Added test 'copyright' to check source files copyright and LICENSE
-- Added test 'flake8' to check Python code syntax and style conventions
-- Added test 'lint_cmake' to check CMake code style
-- Added test 'pep257' to check Python code against some of the docstring style conventions in PEP 257
-- Added test 'xmllint' to check XML markup files
-- Configuring done
-- Generating done
-- Build files have been written to: /home/ines/tiago_ws/build/tiago_exam
-- Install configuration: ""
-- Execute custom install script
-- Symlinking: /home/ines/tiago_ws/install/tiago_exam/lib/tiago_exam/tuck_arm.py
-- Symlinking: /home/ines/tiago_ws/install/tiago_exam/share/tiago_exam/launch/tiago_exam.launch.py
-- Symlinking: /home/ines/tiago_ws/install/tiago_exam/share/tiago_exam/launch/tiago_spawn.launch.py
-- Symlinking: /home/ines/tiago_ws/install/tiago_exam/share/ament_index/resource_index/package_run_dependencies/tiago_exam
-- Symlinking: /home/ines/tiago_ws/install/tiago_exam/share/ament_index/resource_index/parent_prefix_path/tiago_exam
-- Symlinking: /home/ines/tiago_ws/install/tiago_exam/share/tiago_exam/environment/ament_prefix_path.sh
-- Symlinking: /home/ines/tiago_ws/install/tiago_exam/share/tiago_exam/environment/ament_prefix_path.dsv
-- Symlinking: /home/ines/tiago_ws/install/tiago_exam/share/tiago_exam/environment/path.sh
-- Symlinking: /home/ines/tiago_ws/install/tiago_exam/share/tiago_exam/environment/path.dsv
-- Symlinking: /home/ines/tiago_ws/install/tiago_exam/share/tiago_exam/local_setup.bash
-- Symlinking: /home/ines/tiago_ws/install/tiago_exam/share/tiago_exam/local_setup.sh
-- Symlinking: /home/ines/tiago_ws/install/tiago_exam/share/tiago_exam/local_setup.zsh
-- Symlinking: /home/ines/tiago_ws/install/tiago_exam/share/tiago_exam/local_setup.dsv
-- Symlinking: /home/ines/tiago_ws/install/tiago_exam/share/tiago_exam/package.dsv
-- Symlinking: /home/ines/tiago_ws/install/tiago_exam/share/ament_index/resource_index/packages/tiago_exam
-- Symlinking: /home/ines/tiago_ws/install/tiago_exam/share/tiago_exam/cmake/tiago_examConfig.cmake
-- Symlinking: /home/ines/tiago_ws/install/tiago_exam/share/tiago_exam/cmake/tiago_examConfig-version.cmake
-- Symlinking: /home/ines/tiago_ws/install/tiago_exam/share/tiago_exam/package.xml
