[0.049s] Invoking command in '/home/ines/tiago_ws/build/tiago_exam': CMAKE_PREFIX_PATH=/home/ines/tiago_ws/install/tiago_2dnav:/home/ines/tiago_ws/install/tiago_navigation:/home/ines/tiago_ws/install/tiago_rgbd_sensors:/home/ines/tiago_ws/install/tiago_laser_sensors:/home/ines/tiago_ws/install/tiago_exam_worlds:/home/ines/tiago_ws/install/tiago_exam:/home/ines/tiago_ws/install/tiago_controller_configuration:/home/ines/tiago_ws/install/pmb2_rgbd_sensors:/home/ines/tiago_ws/install/pmb2_navigation:/home/ines/tiago_ws/install/pmb2_laser_sensors:/home/ines/tiago_ws/install/pmb2_2dnav:/home/ines/tiago_ws/install/pal_navigation_cfg:/home/ines/tiago_ws/install/pal_navigation_cfg_bringup:/home/ines/tiago_ws/install/pal_navigation_cfg_params:/home/ines/tiago_ws/install/multirobot_map_merge:/home/ines/tiago_ws/install/explore_lite:/home/ines/test_ws/install/my_package:/home/ines/tiago_ws/install/tiago_autonomous_navigation:/home/ines/tiago_ws/install/tiago_autonomous_exploration:/home/ines/ros2_ws/install/scripts:/home/ines/ros2_ws/install/acrobat:/opt/ros/humble /usr/bin/cmake /home/ines/tiago_ws/src/tiago_exam -DAMENT_CMAKE_SYMLINK_INSTALL=1 -DCMAKE_INSTALL_PREFIX=/home/ines/tiago_ws/install/tiago_exam
[0.178s] -- The C compiler identification is GNU 11.4.0
[0.294s] -- The CXX compiler identification is GNU 11.4.0
[0.308s] -- Detecting C compiler ABI info
[0.444s] -- Detecting C compiler ABI info - done
[0.456s] -- Check for working C compiler: /usr/bin/cc - skipped
[0.456s] -- Detecting C compile features
[0.457s] -- Detecting C compile features - done
[0.462s] -- Detecting CXX compiler ABI info
[0.615s] -- Detecting CXX compiler ABI info - done
[0.631s] -- Check for working CXX compiler: /usr/bin/c++ - skipped
[0.631s] -- Detecting CXX compile features
[0.632s] -- Detecting CXX compile features - done
[0.640s] -- Found ament_cmake_auto: 1.3.8 (/opt/ros/humble/share/ament_cmake_auto/cmake)
[0.979s] -- Found Python3: /usr/bin/python3 (found version "3.10.12") found components: Interpreter 
[1.113s] -- Override CMake install command with custom implementation using symlinks instead of copying resources
[1.387s] -- Found ament_cmake_gtest: 1.3.8 (/opt/ros/humble/share/ament_cmake_gtest/cmake)
[1.399s] -- Found ament_lint_auto: 0.12.10 (/opt/ros/humble/share/ament_lint_auto/cmake)
[1.536s] -- Found python_cmake_module: 0.10.0 (/opt/ros/humble/share/python_cmake_module/cmake)
[1.604s] -- Found PythonInterp: /usr/bin/python3 (found suitable version "3.10.12", minimum required is "3.6") 
[1.783s] -- Found PythonLibs: /usr/lib/x86_64-linux-gnu/libpython3.10.so (found suitable version "3.10.12", minimum required is "3.5") 
[1.785s] -- Using PYTHON_EXECUTABLE: /usr/bin/python3
[1.785s] -- Using PYTHON_INCLUDE_DIRS: /usr/include/python3.10
[1.785s] -- Using PYTHON_LIBRARIES: /usr/lib/x86_64-linux-gnu/libpython3.10.so
[1.831s] -- Found PythonExtra: .so  
[1.958s] -- Found rosidl_generator_c: 3.1.5 (/opt/ros/humble/share/rosidl_generator_c/cmake)
[1.974s] -- Found rosidl_adapter: 3.1.5 (/opt/ros/humble/share/rosidl_adapter/cmake)
[1.995s] -- Found rosidl_generator_cpp: 3.1.5 (/opt/ros/humble/share/rosidl_generator_cpp/cmake)
[2.029s] -- Using all available rosidl_typesupport_c: rosidl_typesupport_fastrtps_c;rosidl_typesupport_introspection_c
[2.075s] -- Using all available rosidl_typesupport_cpp: rosidl_typesupport_fastrtps_cpp;rosidl_typesupport_introspection_cpp
[2.220s] -- Found rmw_implementation_cmake: 6.1.1 (/opt/ros/humble/share/rmw_implementation_cmake/cmake)
[2.228s] -- Found rmw_fastrtps_cpp: 6.2.6 (/opt/ros/humble/share/rmw_fastrtps_cpp/cmake)
[2.441s] -- Found OpenSSL: /usr/lib/x86_64-linux-gnu/libcrypto.so (found version "3.0.2")  
[2.499s] -- Found FastRTPS: /opt/ros/humble/include  
[2.597s] -- Using RMW implementation 'rmw_fastrtps_cpp' as default
[2.622s] -- Looking for pthread.h
[2.743s] -- Looking for pthread.h - found
[2.744s] -- Performing Test CMAKE_HAVE_LIBC_PTHREAD
[2.868s] -- Performing Test CMAKE_HAVE_LIBC_PTHREAD - Success
[2.870s] -- Found Threads: TRUE  
[3.344s] -- Added test 'copyright' to check source files copyright and LICENSE
[3.348s] -- Added test 'flake8' to check Python code syntax and style conventions
[3.349s] -- Added test 'lint_cmake' to check CMake code style
[3.351s] -- Added test 'pep257' to check Python code against some of the docstring style conventions in PEP 257
[3.353s] -- Added test 'xmllint' to check XML markup files
[3.356s] -- Configuring done
[3.364s] -- Generating done
[3.367s] -- Build files have been written to: /home/ines/tiago_ws/build/tiago_exam
[3.381s] Invoked command in '/home/ines/tiago_ws/build/tiago_exam' returned '0': CMAKE_PREFIX_PATH=/home/ines/tiago_ws/install/tiago_2dnav:/home/ines/tiago_ws/install/tiago_navigation:/home/ines/tiago_ws/install/tiago_rgbd_sensors:/home/ines/tiago_ws/install/tiago_laser_sensors:/home/ines/tiago_ws/install/tiago_exam_worlds:/home/ines/tiago_ws/install/tiago_exam:/home/ines/tiago_ws/install/tiago_controller_configuration:/home/ines/tiago_ws/install/pmb2_rgbd_sensors:/home/ines/tiago_ws/install/pmb2_navigation:/home/ines/tiago_ws/install/pmb2_laser_sensors:/home/ines/tiago_ws/install/pmb2_2dnav:/home/ines/tiago_ws/install/pal_navigation_cfg:/home/ines/tiago_ws/install/pal_navigation_cfg_bringup:/home/ines/tiago_ws/install/pal_navigation_cfg_params:/home/ines/tiago_ws/install/multirobot_map_merge:/home/ines/tiago_ws/install/explore_lite:/home/ines/test_ws/install/my_package:/home/ines/tiago_ws/install/tiago_autonomous_navigation:/home/ines/tiago_ws/install/tiago_autonomous_exploration:/home/ines/ros2_ws/install/scripts:/home/ines/ros2_ws/install/acrobat:/opt/ros/humble /usr/bin/cmake /home/ines/tiago_ws/src/tiago_exam -DAMENT_CMAKE_SYMLINK_INSTALL=1 -DCMAKE_INSTALL_PREFIX=/home/ines/tiago_ws/install/tiago_exam
[3.384s] Invoking command in '/home/ines/tiago_ws/build/tiago_exam': CMAKE_PREFIX_PATH=/home/ines/tiago_ws/install/tiago_2dnav:/home/ines/tiago_ws/install/tiago_navigation:/home/ines/tiago_ws/install/tiago_rgbd_sensors:/home/ines/tiago_ws/install/tiago_laser_sensors:/home/ines/tiago_ws/install/tiago_exam_worlds:/home/ines/tiago_ws/install/tiago_exam:/home/ines/tiago_ws/install/tiago_controller_configuration:/home/ines/tiago_ws/install/pmb2_rgbd_sensors:/home/ines/tiago_ws/install/pmb2_navigation:/home/ines/tiago_ws/install/pmb2_laser_sensors:/home/ines/tiago_ws/install/pmb2_2dnav:/home/ines/tiago_ws/install/pal_navigation_cfg:/home/ines/tiago_ws/install/pal_navigation_cfg_bringup:/home/ines/tiago_ws/install/pal_navigation_cfg_params:/home/ines/tiago_ws/install/multirobot_map_merge:/home/ines/tiago_ws/install/explore_lite:/home/ines/test_ws/install/my_package:/home/ines/tiago_ws/install/tiago_autonomous_navigation:/home/ines/tiago_ws/install/tiago_autonomous_exploration:/home/ines/ros2_ws/install/scripts:/home/ines/ros2_ws/install/acrobat:/opt/ros/humble /usr/bin/cmake --build /home/ines/tiago_ws/build/tiago_exam -- -j8 -l8
[3.454s] Invoked command in '/home/ines/tiago_ws/build/tiago_exam' returned '0': CMAKE_PREFIX_PATH=/home/ines/tiago_ws/install/tiago_2dnav:/home/ines/tiago_ws/install/tiago_navigation:/home/ines/tiago_ws/install/tiago_rgbd_sensors:/home/ines/tiago_ws/install/tiago_laser_sensors:/home/ines/tiago_ws/install/tiago_exam_worlds:/home/ines/tiago_ws/install/tiago_exam:/home/ines/tiago_ws/install/tiago_controller_configuration:/home/ines/tiago_ws/install/pmb2_rgbd_sensors:/home/ines/tiago_ws/install/pmb2_navigation:/home/ines/tiago_ws/install/pmb2_laser_sensors:/home/ines/tiago_ws/install/pmb2_2dnav:/home/ines/tiago_ws/install/pal_navigation_cfg:/home/ines/tiago_ws/install/pal_navigation_cfg_bringup:/home/ines/tiago_ws/install/pal_navigation_cfg_params:/home/ines/tiago_ws/install/multirobot_map_merge:/home/ines/tiago_ws/install/explore_lite:/home/ines/test_ws/install/my_package:/home/ines/tiago_ws/install/tiago_autonomous_navigation:/home/ines/tiago_ws/install/tiago_autonomous_exploration:/home/ines/ros2_ws/install/scripts:/home/ines/ros2_ws/install/acrobat:/opt/ros/humble /usr/bin/cmake --build /home/ines/tiago_ws/build/tiago_exam -- -j8 -l8
[3.496s] Invoking command in '/home/ines/tiago_ws/build/tiago_exam': CMAKE_PREFIX_PATH=/home/ines/tiago_ws/install/tiago_2dnav:/home/ines/tiago_ws/install/tiago_navigation:/home/ines/tiago_ws/install/tiago_rgbd_sensors:/home/ines/tiago_ws/install/tiago_laser_sensors:/home/ines/tiago_ws/install/tiago_exam_worlds:/home/ines/tiago_ws/install/tiago_exam:/home/ines/tiago_ws/install/tiago_controller_configuration:/home/ines/tiago_ws/install/pmb2_rgbd_sensors:/home/ines/tiago_ws/install/pmb2_navigation:/home/ines/tiago_ws/install/pmb2_laser_sensors:/home/ines/tiago_ws/install/pmb2_2dnav:/home/ines/tiago_ws/install/pal_navigation_cfg:/home/ines/tiago_ws/install/pal_navigation_cfg_bringup:/home/ines/tiago_ws/install/pal_navigation_cfg_params:/home/ines/tiago_ws/install/multirobot_map_merge:/home/ines/tiago_ws/install/explore_lite:/home/ines/test_ws/install/my_package:/home/ines/tiago_ws/install/tiago_autonomous_navigation:/home/ines/tiago_ws/install/tiago_autonomous_exploration:/home/ines/ros2_ws/install/scripts:/home/ines/ros2_ws/install/acrobat:/opt/ros/humble /usr/bin/cmake --install /home/ines/tiago_ws/build/tiago_exam
[3.507s] -- Install configuration: ""
[3.508s] -- Execute custom install script
[3.508s] -- Symlinking: /home/ines/tiago_ws/install/tiago_exam/lib/tiago_exam/tuck_arm.py
[3.525s] -- Symlinking: /home/ines/tiago_ws/install/tiago_exam/share/tiago_exam/launch/tiago_exam.launch.py
[3.539s] -- Symlinking: /home/ines/tiago_ws/install/tiago_exam/share/tiago_exam/launch/tiago_spawn.launch.py
[3.554s] -- Symlinking: /home/ines/tiago_ws/install/tiago_exam/share/ament_index/resource_index/package_run_dependencies/tiago_exam
[3.569s] -- Symlinking: /home/ines/tiago_ws/install/tiago_exam/share/ament_index/resource_index/parent_prefix_path/tiago_exam
[3.583s] -- Symlinking: /home/ines/tiago_ws/install/tiago_exam/share/tiago_exam/environment/ament_prefix_path.sh
[3.598s] -- Symlinking: /home/ines/tiago_ws/install/tiago_exam/share/tiago_exam/environment/ament_prefix_path.dsv
[3.614s] -- Symlinking: /home/ines/tiago_ws/install/tiago_exam/share/tiago_exam/environment/path.sh
[3.629s] -- Symlinking: /home/ines/tiago_ws/install/tiago_exam/share/tiago_exam/environment/path.dsv
[3.646s] -- Symlinking: /home/ines/tiago_ws/install/tiago_exam/share/tiago_exam/local_setup.bash
[3.662s] -- Symlinking: /home/ines/tiago_ws/install/tiago_exam/share/tiago_exam/local_setup.sh
[3.679s] -- Symlinking: /home/ines/tiago_ws/install/tiago_exam/share/tiago_exam/local_setup.zsh
[3.696s] -- Symlinking: /home/ines/tiago_ws/install/tiago_exam/share/tiago_exam/local_setup.dsv
[3.712s] -- Symlinking: /home/ines/tiago_ws/install/tiago_exam/share/tiago_exam/package.dsv
[3.729s] -- Symlinking: /home/ines/tiago_ws/install/tiago_exam/share/ament_index/resource_index/packages/tiago_exam
[3.745s] -- Symlinking: /home/ines/tiago_ws/install/tiago_exam/share/tiago_exam/cmake/tiago_examConfig.cmake
[3.760s] -- Symlinking: /home/ines/tiago_ws/install/tiago_exam/share/tiago_exam/cmake/tiago_examConfig-version.cmake
[3.775s] -- Symlinking: /home/ines/tiago_ws/install/tiago_exam/share/tiago_exam/package.xml
[3.796s] Invoked command in '/home/ines/tiago_ws/build/tiago_exam' returned '0': CMAKE_PREFIX_PATH=/home/ines/tiago_ws/install/tiago_2dnav:/home/ines/tiago_ws/install/tiago_navigation:/home/ines/tiago_ws/install/tiago_rgbd_sensors:/home/ines/tiago_ws/install/tiago_laser_sensors:/home/ines/tiago_ws/install/tiago_exam_worlds:/home/ines/tiago_ws/install/tiago_exam:/home/ines/tiago_ws/install/tiago_controller_configuration:/home/ines/tiago_ws/install/pmb2_rgbd_sensors:/home/ines/tiago_ws/install/pmb2_navigation:/home/ines/tiago_ws/install/pmb2_laser_sensors:/home/ines/tiago_ws/install/pmb2_2dnav:/home/ines/tiago_ws/install/pal_navigation_cfg:/home/ines/tiago_ws/install/pal_navigation_cfg_bringup:/home/ines/tiago_ws/install/pal_navigation_cfg_params:/home/ines/tiago_ws/install/multirobot_map_merge:/home/ines/tiago_ws/install/explore_lite:/home/ines/test_ws/install/my_package:/home/ines/tiago_ws/install/tiago_autonomous_navigation:/home/ines/tiago_ws/install/tiago_autonomous_exploration:/home/ines/ros2_ws/install/scripts:/home/ines/ros2_ws/install/acrobat:/opt/ros/humble /usr/bin/cmake --install /home/ines/tiago_ws/build/tiago_exam
