[0.291s] Invoking command in '/home/ines/tiago_ws/build/tiago_exam_worlds': CMAKE_PREFIX_PATH=${CMAKE_PREFIX_PATH}:/home/ines/tiago_ws/install/tiago_autonomous_navigation:/home/ines/tiago_ws/install/tiago_autonomous_exploration:/home/ines/ros2_ws/install/scripts:/home/ines/ros2_ws/install/acrobat:/opt/ros/humble /usr/bin/cmake --build /home/ines/tiago_ws/build/tiago_exam_worlds -- -j8 -l8
[0.730s] Invoked command in '/home/ines/tiago_ws/build/tiago_exam_worlds' returned '0': CMAKE_PREFIX_PATH=${CMAKE_PREFIX_PATH}:/home/ines/tiago_ws/install/tiago_autonomous_navigation:/home/ines/tiago_ws/install/tiago_autonomous_exploration:/home/ines/ros2_ws/install/scripts:/home/ines/ros2_ws/install/acrobat:/opt/ros/humble /usr/bin/cmake --build /home/ines/tiago_ws/build/tiago_exam_worlds -- -j8 -l8
[0.863s] Invoking command in '/home/ines/tiago_ws/build/tiago_exam_worlds': CMAKE_PREFIX_PATH=${CMAKE_PREFIX_PATH}:/home/ines/tiago_ws/install/tiago_autonomous_navigation:/home/ines/tiago_ws/install/tiago_autonomous_exploration:/home/ines/ros2_ws/install/scripts:/home/ines/ros2_ws/install/acrobat:/opt/ros/humble /usr/bin/cmake --install /home/ines/tiago_ws/build/tiago_exam_worlds
[0.896s] -- Install configuration: ""
[1.010s] -- Execute custom install script
[1.070s] -- Up-to-date symlink: /home/ines/tiago_ws/install/tiago_exam_worlds/share/tiago_exam_worlds/config/gazebo_params.yaml
[1.073s] -- Up-to-date symlink: /home/ines/tiago_ws/install/tiago_exam_worlds/share/tiago_exam_worlds/launch/pal_gazebo.launch.py
[1.073s] -- Up-to-date symlink: /home/ines/tiago_ws/install/tiago_exam_worlds/share/tiago_exam_worlds/launch/pal_gazebo_exam.launch.py
[1.344s] -- Up-to-date symlink: /home/ines/tiago_ws/install/tiago_exam_worlds/share/tiago_exam_worlds/models/arm_chair/arm_chair.sdf
[1.346s] -- Up-to-date symlink: /home/ines/tiago_ws/install/tiago_exam_worlds/share/tiago_exam_worlds/models/arm_chair/meshes/arm_chair.stl
[1.346s] -- Up-to-date symlink: /home/ines/tiago_ws/install/tiago_exam_worlds/share/tiago_exam_worlds/models/arm_chair/model.config
[1.347s] -- Up-to-date symlink: /home/ines/tiago_ws/install/tiago_exam_worlds/share/tiago_exam_worlds/models/aruco_board/aruco_board.sdf
[1.347s] -- Up-to-date symlink: /home/ines/tiago_ws/install/tiago_exam_worlds/share/tiago_exam_worlds/models/aruco_board/material/scripts/aruco_board.material
[1.347s] -- Up-to-date symlink: /home/ines/tiago_ws/install/tiago_exam_worlds/share/tiago_exam_worlds/models/aruco_board/material/textures/aruco_board.png
[1.347s] -- Up-to-date symlink: /home/ines/tiago_ws/install/tiago_exam_worlds/share/tiago_exam_worlds/models/aruco_board/model.config
[1.348s] -- Up-to-date symlink: /home/ines/tiago_ws/install/tiago_exam_worlds/share/tiago_exam_worlds/models/aruco_cube/aruco_cube.sdf
[1.349s] -- Up-to-date symlink: /home/ines/tiago_ws/install/tiago_exam_worlds/share/tiago_exam_worlds/models/aruco_cube/meshes/aruco_cube_5cm.dae
[1.359s] -- Up-to-date symlink: /home/ines/tiago_ws/install/tiago_exam_worlds/share/tiago_exam_worlds/models/aruco_cube/meshes/aruco_cube_6cm.dae
[1.360s] -- Up-to-date symlink: /home/ines/tiago_ws/install/tiago_exam_worlds/share/tiago_exam_worlds/models/aruco_cube/meshes/aruco_cube_8cm.dae
[1.361s] -- Up-to-date symlink: /home/ines/tiago_ws/install/tiago_exam_worlds/share/tiago_exam_worlds/models/aruco_cube/meshes/marker582.png
[1.361s] -- Up-to-date symlink: /home/ines/tiago_ws/install/tiago_exam_worlds/share/tiago_exam_worlds/models/aruco_cube/meshes/marker582_small_margin.png
[1.361s] -- Up-to-date symlink: /home/ines/tiago_ws/install/tiago_exam_worlds/share/tiago_exam_worlds/models/aruco_cube/model.config
[1.361s] -- Up-to-date symlink: /home/ines/tiago_ws/install/tiago_exam_worlds/share/tiago_exam_worlds/models/aruco_cube_exam_id582/aruco_cube_exam_id582.sdf
[1.379s] -- Up-to-date symlink: /home/ines/tiago_ws/install/tiago_exam_worlds/share/tiago_exam_worlds/models/aruco_cube_exam_id582/meshes/aruco_cube_6cm.dae
[1.379s] -- Up-to-date symlink: /home/ines/tiago_ws/install/tiago_exam_worlds/share/tiago_exam_worlds/models/aruco_cube_exam_id582/meshes/aruco_id_582.png
[1.379s] -- Up-to-date symlink: /home/ines/tiago_ws/install/tiago_exam_worlds/share/tiago_exam_worlds/models/aruco_cube_exam_id582/model.config
[1.380s] -- Up-to-date symlink: /home/ines/tiago_ws/install/tiago_exam_worlds/share/tiago_exam_worlds/models/aruco_cube_exam_id63/aruco_cube_exam_id63.sdf
[1.381s] -- Up-to-date symlink: /home/ines/tiago_ws/install/tiago_exam_worlds/share/tiago_exam_worlds/models/aruco_cube_exam_id63/meshes/aruco_cube_6cm.dae
[1.381s] -- Up-to-date symlink: /home/ines/tiago_ws/install/tiago_exam_worlds/share/tiago_exam_worlds/models/aruco_cube_exam_id63/meshes/aruco_id_63.png
[1.382s] -- Up-to-date symlink: /home/ines/tiago_ws/install/tiago_exam_worlds/share/tiago_exam_worlds/models/aruco_cube_exam_id63/model.config
[1.382s] -- Up-to-date symlink: /home/ines/tiago_ws/install/tiago_exam_worlds/share/tiago_exam_worlds/models/aruco_marker_250_6x6_1/aruco_marker_250_6x6.sdf
[1.387s] -- Up-to-date symlink: /home/ines/tiago_ws/install/tiago_exam_worlds/share/tiago_exam_worlds/models/aruco_marker_250_6x6_1/material/scripts/aruco_marker_250_6x6.material
[1.387s] -- Up-to-date symlink: /home/ines/tiago_ws/install/tiago_exam_worlds/share/tiago_exam_worlds/models/aruco_marker_250_6x6_1/material/textures/Aruco_6x6_250_0.png
[1.388s] -- Up-to-date symlink: /home/ines/tiago_ws/install/tiago_exam_worlds/share/tiago_exam_worlds/models/aruco_marker_250_6x6_1/model.config
[1.389s] -- Up-to-date symlink: /home/ines/tiago_ws/install/tiago_exam_worlds/share/tiago_exam_worlds/models/aruco_marker_250_6x6_2/aruco_marker_250_6x6.sdf
[1.389s] -- Up-to-date symlink: /home/ines/tiago_ws/install/tiago_exam_worlds/share/tiago_exam_worlds/models/aruco_marker_250_6x6_2/material/scripts/aruco_marker_250_6x6.material
[1.391s] -- Up-to-date symlink: /home/ines/tiago_ws/install/tiago_exam_worlds/share/tiago_exam_worlds/models/aruco_marker_250_6x6_2/material/textures/Aruco_6x6_250_1.png
[1.391s] -- Up-to-date symlink: /home/ines/tiago_ws/install/tiago_exam_worlds/share/tiago_exam_worlds/models/aruco_marker_250_6x6_2/model.config
[1.392s] -- Up-to-date symlink: /home/ines/tiago_ws/install/tiago_exam_worlds/share/tiago_exam_worlds/models/aruco_marker_250_6x6_3/aruco_marker_250_6x6.sdf
[1.392s] -- Up-to-date symlink: /home/ines/tiago_ws/install/tiago_exam_worlds/share/tiago_exam_worlds/models/aruco_marker_250_6x6_3/material/scripts/aruco_marker_250_6x6.material
[1.393s] -- Up-to-date symlink: /home/ines/tiago_ws/install/tiago_exam_worlds/share/tiago_exam_worlds/models/aruco_marker_250_6x6_3/material/textures/Aruco_6x6_250_2.png
[1.393s] -- Up-to-date symlink: /home/ines/tiago_ws/install/tiago_exam_worlds/share/tiago_exam_worlds/models/aruco_marker_250_6x6_3/model.config
[1.397s] -- Up-to-date symlink: /home/ines/tiago_ws/install/tiago_exam_worlds/share/tiago_exam_worlds/models/aruco_marker_250_6x6_4/aruco_marker_250_6x6.sdf
[1.403s] -- Up-to-date symlink: /home/ines/tiago_ws/install/tiago_exam_worlds/share/tiago_exam_worlds/models/aruco_marker_250_6x6_4/material/scripts/aruco_marker_250_6x6.material
[1.403s] -- Up-to-date symlink: /home/ines/tiago_ws/install/tiago_exam_worlds/share/tiago_exam_worlds/models/aruco_marker_250_6x6_4/material/textures/Aruco_6x6_250_3.png
[1.407s] -- Up-to-date symlink: /home/ines/tiago_ws/install/tiago_exam_worlds/share/tiago_exam_worlds/models/aruco_marker_250_6x6_4/model.config
[1.407s] -- Up-to-date symlink: /home/ines/tiago_ws/install/tiago_exam_worlds/share/tiago_exam_worlds/models/aruco_marker_6cm_238/aruco_marker_6cm.sdf
[1.408s] -- Up-to-date symlink: /home/ines/tiago_ws/install/tiago_exam_worlds/share/tiago_exam_worlds/models/aruco_marker_6cm_238/material/scripts/aruco_marker_original.material
[1.409s] -- Up-to-date symlink: /home/ines/tiago_ws/install/tiago_exam_worlds/share/tiago_exam_worlds/models/aruco_marker_6cm_238/material/textures/Aruco_6cm_238.png
[1.409s] -- Up-to-date symlink: /home/ines/tiago_ws/install/tiago_exam_worlds/share/tiago_exam_worlds/models/aruco_marker_6cm_238/model.config
[1.410s] -- Up-to-date symlink: /home/ines/tiago_ws/install/tiago_exam_worlds/share/tiago_exam_worlds/models/aruco_marker_6cm_26/aruco_marker_6cm.sdf
[1.414s] -- Up-to-date symlink: /home/ines/tiago_ws/install/tiago_exam_worlds/share/tiago_exam_worlds/models/aruco_marker_6cm_26/material/scripts/aruco_marker_original.material
[1.415s] -- Up-to-date symlink: /home/ines/tiago_ws/install/tiago_exam_worlds/share/tiago_exam_worlds/models/aruco_marker_6cm_26/material/textures/Aruco_6cm_26.png
[1.415s] -- Up-to-date symlink: /home/ines/tiago_ws/install/tiago_exam_worlds/share/tiago_exam_worlds/models/aruco_marker_6cm_26/model.config
[1.415s] -- Up-to-date symlink: /home/ines/tiago_ws/install/tiago_exam_worlds/share/tiago_exam_worlds/models/aruco_marker_6cm_582/aruco_marker_6cm.sdf
[1.416s] -- Up-to-date symlink: /home/ines/tiago_ws/install/tiago_exam_worlds/share/tiago_exam_worlds/models/aruco_marker_6cm_582/material/scripts/aruco_marker_original.material
[1.416s] -- Up-to-date symlink: /home/ines/tiago_ws/install/tiago_exam_worlds/share/tiago_exam_worlds/models/aruco_marker_6cm_582/material/textures/Aruco_6cm_582.png
[1.416s] -- Up-to-date symlink: /home/ines/tiago_ws/install/tiago_exam_worlds/share/tiago_exam_worlds/models/aruco_marker_6cm_582/model.config
[1.417s] -- Up-to-date symlink: /home/ines/tiago_ws/install/tiago_exam_worlds/share/tiago_exam_worlds/models/aruco_marker_6cm_63/aruco_marker_6cm.sdf
[1.417s] -- Up-to-date symlink: /home/ines/tiago_ws/install/tiago_exam_worlds/share/tiago_exam_worlds/models/aruco_marker_6cm_63/material/scripts/aruco_marker_original.material
[1.417s] -- Up-to-date symlink: /home/ines/tiago_ws/install/tiago_exam_worlds/share/tiago_exam_worlds/models/aruco_marker_6cm_63/material/textures/Aruco_6cm_63.png
[1.417s] -- Up-to-date symlink: /home/ines/tiago_ws/install/tiago_exam_worlds/share/tiago_exam_worlds/models/aruco_marker_6cm_63/model.config
[1.418s] -- Up-to-date symlink: /home/ines/tiago_ws/install/tiago_exam_worlds/share/tiago_exam_worlds/models/aruco_marker_9cm_238/aruco_marker_9cm.sdf
[1.418s] -- Up-to-date symlink: /home/ines/tiago_ws/install/tiago_exam_worlds/share/tiago_exam_worlds/models/aruco_marker_9cm_238/material/scripts/aruco_marker_original.material
[1.418s] -- Up-to-date symlink: /home/ines/tiago_ws/install/tiago_exam_worlds/share/tiago_exam_worlds/models/aruco_marker_9cm_238/material/textures/Aruco_9cm_238.png
[1.418s] -- Up-to-date symlink: /home/ines/tiago_ws/install/tiago_exam_worlds/share/tiago_exam_worlds/models/aruco_marker_9cm_238/model.config
[1.419s] -- Up-to-date symlink: /home/ines/tiago_ws/install/tiago_exam_worlds/share/tiago_exam_worlds/models/aruco_marker_9cm_26/aruco_marker_9cm.sdf
[1.427s] -- Up-to-date symlink: /home/ines/tiago_ws/install/tiago_exam_worlds/share/tiago_exam_worlds/models/aruco_marker_9cm_26/material/scripts/aruco_marker_original.material
[1.428s] -- Up-to-date symlink: /home/ines/tiago_ws/install/tiago_exam_worlds/share/tiago_exam_worlds/models/aruco_marker_9cm_26/material/textures/Aruco_9cm_26.png
[1.428s] -- Up-to-date symlink: /home/ines/tiago_ws/install/tiago_exam_worlds/share/tiago_exam_worlds/models/aruco_marker_9cm_26/model.config
[1.429s] -- Up-to-date symlink: /home/ines/tiago_ws/install/tiago_exam_worlds/share/tiago_exam_worlds/models/aruco_marker_9cm_582/aruco_marker_9cm.sdf
[1.430s] -- Up-to-date symlink: /home/ines/tiago_ws/install/tiago_exam_worlds/share/tiago_exam_worlds/models/aruco_marker_9cm_582/material/scripts/aruco_marker_original.material
[1.431s] -- Up-to-date symlink: /home/ines/tiago_ws/install/tiago_exam_worlds/share/tiago_exam_worlds/models/aruco_marker_9cm_582/material/textures/Aruco_9cm_582.png
[1.431s] -- Up-to-date symlink: /home/ines/tiago_ws/install/tiago_exam_worlds/share/tiago_exam_worlds/models/aruco_marker_9cm_582/model.config
[1.432s] -- Up-to-date symlink: /home/ines/tiago_ws/install/tiago_exam_worlds/share/tiago_exam_worlds/models/aruco_marker_9cm_63/aruco_marker_9cm.sdf
[1.433s] -- Up-to-date symlink: /home/ines/tiago_ws/install/tiago_exam_worlds/share/tiago_exam_worlds/models/aruco_marker_9cm_63/material/scripts/aruco_marker_original.material
[1.434s] -- Up-to-date symlink: /home/ines/tiago_ws/install/tiago_exam_worlds/share/tiago_exam_worlds/models/aruco_marker_9cm_63/material/textures/Aruco_9cm_63.png
[1.434s] -- Up-to-date symlink: /home/ines/tiago_ws/install/tiago_exam_worlds/share/tiago_exam_worlds/models/aruco_marker_9cm_63/model.config
[1.435s] -- Up-to-date symlink: /home/ines/tiago_ws/install/tiago_exam_worlds/share/tiago_exam_worlds/models/aruco_marker_original_238/aruco_marker_original.sdf
[1.436s] -- Up-to-date symlink: /home/ines/tiago_ws/install/tiago_exam_worlds/share/tiago_exam_worlds/models/aruco_marker_original_238/material/scripts/aruco_marker_original.material
[1.436s] -- Up-to-date symlink: /home/ines/tiago_ws/install/tiago_exam_worlds/share/tiago_exam_worlds/models/aruco_marker_original_238/material/textures/Aruco_original_238.png
[1.437s] -- Up-to-date symlink: /home/ines/tiago_ws/install/tiago_exam_worlds/share/tiago_exam_worlds/models/aruco_marker_original_238/model.config
[1.438s] -- Up-to-date symlink: /home/ines/tiago_ws/install/tiago_exam_worlds/share/tiago_exam_worlds/models/aruco_marker_original_26/aruco_marker_original.sdf
[1.438s] -- Up-to-date symlink: /home/ines/tiago_ws/install/tiago_exam_worlds/share/tiago_exam_worlds/models/aruco_marker_original_26/material/scripts/aruco_marker_original.material
[1.439s] -- Up-to-date symlink: /home/ines/tiago_ws/install/tiago_exam_worlds/share/tiago_exam_worlds/models/aruco_marker_original_26/material/textures/Aruco_original_26.png
[1.439s] -- Up-to-date symlink: /home/ines/tiago_ws/install/tiago_exam_worlds/share/tiago_exam_worlds/models/aruco_marker_original_26/model.config
[1.440s] -- Up-to-date symlink: /home/ines/tiago_ws/install/tiago_exam_worlds/share/tiago_exam_worlds/models/aruco_marker_original_582/aruco_marker_original.sdf
[1.440s] -- Up-to-date symlink: /home/ines/tiago_ws/install/tiago_exam_worlds/share/tiago_exam_worlds/models/aruco_marker_original_582/material/scripts/aruco_marker_original.material
[1.441s] -- Up-to-date symlink: /home/ines/tiago_ws/install/tiago_exam_worlds/share/tiago_exam_worlds/models/aruco_marker_original_582/material/textures/Aruco_original_582.png
[1.441s] -- Up-to-date symlink: /home/ines/tiago_ws/install/tiago_exam_worlds/share/tiago_exam_worlds/models/aruco_marker_original_582/model.config
[1.488s] -- Up-to-date symlink: /home/ines/tiago_ws/install/tiago_exam_worlds/share/tiago_exam_worlds/models/aruco_marker_original_63/aruco_marker_original.sdf
[1.489s] -- Up-to-date symlink: /home/ines/tiago_ws/install/tiago_exam_worlds/share/tiago_exam_worlds/models/aruco_marker_original_63/material/scripts/aruco_marker_original.material
[1.489s] -- Up-to-date symlink: /home/ines/tiago_ws/install/tiago_exam_worlds/share/tiago_exam_worlds/models/aruco_marker_original_63/material/textures/Aruco_original_63.png
[1.490s] -- Up-to-date symlink: /home/ines/tiago_ws/install/tiago_exam_worlds/share/tiago_exam_worlds/models/aruco_marker_original_63/model.config
[1.491s] -- Up-to-date symlink: /home/ines/tiago_ws/install/tiago_exam_worlds/share/tiago_exam_worlds/models/bauman/README
[1.491s] -- Up-to-date symlink: /home/ines/tiago_ws/install/tiago_exam_worlds/share/tiago_exam_worlds/models/bauman/bauman_walls.png
[1.492s] -- Up-to-date symlink: /home/ines/tiago_ws/install/tiago_exam_worlds/share/tiago_exam_worlds/models/bauman/model.config
[1.492s] -- Up-to-date symlink: /home/ines/tiago_ws/install/tiago_exam_worlds/share/tiago_exam_worlds/models/bauman/model.sdf
[1.493s] -- Up-to-date symlink: /home/ines/tiago_ws/install/tiago_exam_worlds/share/tiago_exam_worlds/models/bench/bench.sdf
[1.494s] -- Up-to-date symlink: /home/ines/tiago_ws/install/tiago_exam_worlds/share/tiago_exam_worlds/models/bench/meshes/bench.stl
[1.495s] -- Up-to-date symlink: /home/ines/tiago_ws/install/tiago_exam_worlds/share/tiago_exam_worlds/models/bench/model.config
[1.495s] -- Up-to-date symlink: /home/ines/tiago_ws/install/tiago_exam_worlds/share/tiago_exam_worlds/models/bifrutas_tropical_can/bifrutas_tropical_can.sdf
[1.496s] -- Up-to-date symlink: /home/ines/tiago_ws/install/tiago_exam_worlds/share/tiago_exam_worlds/models/bifrutas_tropical_can/material/scripts/bifrutas_tropical_can.material
[1.497s] -- Up-to-date symlink: /home/ines/tiago_ws/install/tiago_exam_worlds/share/tiago_exam_worlds/models/bifrutas_tropical_can/material/textures/bifrutas_tropical_can.jpg
[1.498s] -- Up-to-date symlink: /home/ines/tiago_ws/install/tiago_exam_worlds/share/tiago_exam_worlds/models/bifrutas_tropical_can/model.config
[1.517s] -- Up-to-date symlink: /home/ines/tiago_ws/install/tiago_exam_worlds/share/tiago_exam_worlds/models/biscuits_pack/biscuits_pack.sdf
[1.518s] -- Up-to-date symlink: /home/ines/tiago_ws/install/tiago_exam_worlds/share/tiago_exam_worlds/models/biscuits_pack/material/scripts/pringles.material
[1.518s] -- Up-to-date symlink: /home/ines/tiago_ws/install/tiago_exam_worlds/share/tiago_exam_worlds/models/biscuits_pack/material/textures/biscuits_pack.jpg
[1.519s] -- Up-to-date symlink: /home/ines/tiago_ws/install/tiago_exam_worlds/share/tiago_exam_worlds/models/biscuits_pack/model.config
[1.519s] -- Up-to-date symlink: /home/ines/tiago_ws/install/tiago_exam_worlds/share/tiago_exam_worlds/models/bottle_red_wine/meshes/bottle.dae
[1.520s] -- Up-to-date symlink: /home/ines/tiago_ws/install/tiago_exam_worlds/share/tiago_exam_worlds/models/bottle_red_wine/meshes/cap.dae
[1.521s] -- Up-to-date symlink: /home/ines/tiago_ws/install/tiago_exam_worlds/share/tiago_exam_worlds/models/bottle_red_wine/meshes/red_wine.dae
[1.521s] -- Up-to-date symlink: /home/ines/tiago_ws/install/tiago_exam_worlds/share/tiago_exam_worlds/models/bottle_red_wine/model.config
[1.522s] -- Up-to-date symlink: /home/ines/tiago_ws/install/tiago_exam_worlds/share/tiago_exam_worlds/models/bottle_red_wine/model.sdf
[1.523s] -- Up-to-date symlink: /home/ines/tiago_ws/install/tiago_exam_worlds/share/tiago_exam_worlds/models/box_with_handles/box_with_handles.sdf
[1.523s] -- Up-to-date symlink: /home/ines/tiago_ws/install/tiago_exam_worlds/share/tiago_exam_worlds/models/box_with_handles/material/scripts/aruco_marker_original.material
[1.548s] -- Up-to-date symlink: /home/ines/tiago_ws/install/tiago_exam_worlds/share/tiago_exam_worlds/models/box_with_handles/material/textures/Aruco_original_582.png
[1.548s] -- Up-to-date symlink: /home/ines/tiago_ws/install/tiago_exam_worlds/share/tiago_exam_worlds/models/box_with_handles/model.config
[1.548s] -- Up-to-date symlink: /home/ines/tiago_ws/install/tiago_exam_worlds/share/tiago_exam_worlds/models/brick_box_3x1x3/materials/scripts/brick_box.material
[1.549s] -- Up-to-date symlink: /home/ines/tiago_ws/install/tiago_exam_worlds/share/tiago_exam_worlds/models/brick_box_3x1x3/materials/textures/simple_box.png
[1.550s] -- Up-to-date symlink: /home/ines/tiago_ws/install/tiago_exam_worlds/share/tiago_exam_worlds/models/brick_box_3x1x3/meshes/simple_box.dae
[1.551s] -- Up-to-date symlink: /home/ines/tiago_ws/install/tiago_exam_worlds/share/tiago_exam_worlds/models/brick_box_3x1x3/model-1_3.sdf
[1.552s] -- Up-to-date symlink: /home/ines/tiago_ws/install/tiago_exam_worlds/share/tiago_exam_worlds/models/brick_box_3x1x3/model-1_4.sdf
[1.552s] -- Up-to-date symlink: /home/ines/tiago_ws/install/tiago_exam_worlds/share/tiago_exam_worlds/models/brick_box_3x1x3/model.config
[1.552s] -- Up-to-date symlink: /home/ines/tiago_ws/install/tiago_exam_worlds/share/tiago_exam_worlds/models/brick_box_3x1x3/model.sdf
[1.553s] -- Up-to-date symlink: /home/ines/tiago_ws/install/tiago_exam_worlds/share/tiago_exam_worlds/models/citizen_extras_female_02/images/_01_-_Default1noCulling.JPG
[1.554s] -- Up-to-date symlink: /home/ines/tiago_ws/install/tiago_exam_worlds/share/tiago_exam_worlds/models/citizen_extras_female_02/images/_02_-_Default1noCulling.JPG
[1.554s] -- Up-to-date symlink: /home/ines/tiago_ws/install/tiago_exam_worlds/share/tiago_exam_worlds/models/citizen_extras_female_02/images/_03_-_Default1noCulling.JPG
[1.555s] -- Up-to-date symlink: /home/ines/tiago_ws/install/tiago_exam_worlds/share/tiago_exam_worlds/models/citizen_extras_female_02/meshes/mesh.dae
[1.555s] -- Up-to-date symlink: /home/ines/tiago_ws/install/tiago_exam_worlds/share/tiago_exam_worlds/models/citizen_extras_female_02/model.config
[1.556s] -- Up-to-date symlink: /home/ines/tiago_ws/install/tiago_exam_worlds/share/tiago_exam_worlds/models/citizen_extras_female_02/model.sdf
[1.557s] -- Up-to-date symlink: /home/ines/tiago_ws/install/tiago_exam_worlds/share/tiago_exam_worlds/models/citizen_extras_female_03/images/Material__1noCulling.JPG
[1.558s] -- Up-to-date symlink: /home/ines/tiago_ws/install/tiago_exam_worlds/share/tiago_exam_worlds/models/citizen_extras_female_03/images/Material__2noCulling.JPG
[1.558s] -- Up-to-date symlink: /home/ines/tiago_ws/install/tiago_exam_worlds/share/tiago_exam_worlds/models/citizen_extras_female_03/images/_03_-_Default1noCulling.JPG
[1.595s] -- Up-to-date symlink: /home/ines/tiago_ws/install/tiago_exam_worlds/share/tiago_exam_worlds/models/citizen_extras_female_03/meshes/mesh.dae
[1.595s] -- Up-to-date symlink: /home/ines/tiago_ws/install/tiago_exam_worlds/share/tiago_exam_worlds/models/citizen_extras_female_03/model.config
[1.625s] -- Up-to-date symlink: /home/ines/tiago_ws/install/tiago_exam_worlds/share/tiago_exam_worlds/models/citizen_extras_female_03/model.sdf
[1.626s] -- Up-to-date symlink: /home/ines/tiago_ws/install/tiago_exam_worlds/share/tiago_exam_worlds/models/citizen_extras_male_03/images/Material__1noCulling.JPG
[1.627s] -- Up-to-date symlink: /home/ines/tiago_ws/install/tiago_exam_worlds/share/tiago_exam_worlds/models/citizen_extras_male_03/images/hair1noCulling.JPG
[1.628s] -- Up-to-date symlink: /home/ines/tiago_ws/install/tiago_exam_worlds/share/tiago_exam_worlds/models/citizen_extras_male_03/images/hrad1noCulling.JPG
[1.628s] -- Up-to-date symlink: /home/ines/tiago_ws/install/tiago_exam_worlds/share/tiago_exam_worlds/models/citizen_extras_male_03/meshes/mesh.dae
[1.629s] -- Up-to-date symlink: /home/ines/tiago_ws/install/tiago_exam_worlds/share/tiago_exam_worlds/models/citizen_extras_male_03/model.config
[1.629s] -- Up-to-date symlink: /home/ines/tiago_ws/install/tiago_exam_worlds/share/tiago_exam_worlds/models/citizen_extras_male_03/model.sdf
[1.630s] -- Up-to-date symlink: /home/ines/tiago_ws/install/tiago_exam_worlds/share/tiago_exam_worlds/models/closet/closet.sdf
[1.630s] -- Up-to-date symlink: /home/ines/tiago_ws/install/tiago_exam_worlds/share/tiago_exam_worlds/models/closet/meshes/closet.stl
[1.630s] -- Up-to-date symlink: /home/ines/tiago_ws/install/tiago_exam_worlds/share/tiago_exam_worlds/models/closet/model.config
[1.631s] -- Up-to-date symlink: /home/ines/tiago_ws/install/tiago_exam_worlds/share/tiago_exam_worlds/models/coca_cola/materials/scripts/coke.material
[1.632s] -- Up-to-date symlink: /home/ines/tiago_ws/install/tiago_exam_worlds/share/tiago_exam_worlds/models/coca_cola/materials/textures/cokecan.jpg
[1.632s] -- Up-to-date symlink: /home/ines/tiago_ws/install/tiago_exam_worlds/share/tiago_exam_worlds/models/coca_cola/meshes/aluminum.jpg
[1.633s] -- Up-to-date symlink: /home/ines/tiago_ws/install/tiago_exam_worlds/share/tiago_exam_worlds/models/coca_cola/meshes/can_ring_pull_end_centre.png
[1.634s] -- Up-to-date symlink: /home/ines/tiago_ws/install/tiago_exam_worlds/share/tiago_exam_worlds/models/coca_cola/meshes/coke.dae
[1.634s] -- Up-to-date symlink: /home/ines/tiago_ws/install/tiago_exam_worlds/share/tiago_exam_worlds/models/coca_cola/meshes/coke_uv_map.jpg
[1.635s] -- Up-to-date symlink: /home/ines/tiago_ws/install/tiago_exam_worlds/share/tiago_exam_worlds/models/coca_cola/model.config
[1.635s] -- Up-to-date symlink: /home/ines/tiago_ws/install/tiago_exam_worlds/share/tiago_exam_worlds/models/coca_cola/model.sdf
[1.636s] -- Up-to-date symlink: /home/ines/tiago_ws/install/tiago_exam_worlds/share/tiago_exam_worlds/models/cocacola/cocacola.sdf
[1.636s] -- Up-to-date symlink: /home/ines/tiago_ws/install/tiago_exam_worlds/share/tiago_exam_worlds/models/cocacola/material/scripts/cocacola.material
[1.637s] -- Up-to-date symlink: /home/ines/tiago_ws/install/tiago_exam_worlds/share/tiago_exam_worlds/models/cocacola/material/textures/cocacola.jpg
[1.637s] -- Up-to-date symlink: /home/ines/tiago_ws/install/tiago_exam_worlds/share/tiago_exam_worlds/models/cocacola/model.config
[1.671s] -- Up-to-date symlink: /home/ines/tiago_ws/install/tiago_exam_worlds/share/tiago_exam_worlds/models/coke_can_slim/coke_can_slim.sdf
[1.672s] -- Up-to-date symlink: /home/ines/tiago_ws/install/tiago_exam_worlds/share/tiago_exam_worlds/models/coke_can_slim/material/scripts/coke_can_slim.material
[1.672s] -- Up-to-date symlink: /home/ines/tiago_ws/install/tiago_exam_worlds/share/tiago_exam_worlds/models/coke_can_slim/material/textures/coke_can_slim.jpg
[1.673s] -- Up-to-date symlink: /home/ines/tiago_ws/install/tiago_exam_worlds/share/tiago_exam_worlds/models/coke_can_slim/model.config
[1.673s] -- Up-to-date symlink: /home/ines/tiago_ws/install/tiago_exam_worlds/share/tiago_exam_worlds/models/database.config
[1.674s] -- Up-to-date symlink: /home/ines/tiago_ws/install/tiago_exam_worlds/share/tiago_exam_worlds/models/dining_chair/dining_chair.sdf
[1.675s] -- Up-to-date symlink: /home/ines/tiago_ws/install/tiago_exam_worlds/share/tiago_exam_worlds/models/dining_chair/meshes/dining_chair.stl
[1.675s] -- Up-to-date symlink: /home/ines/tiago_ws/install/tiago_exam_worlds/share/tiago_exam_worlds/models/dining_chair/model.config
[1.676s] -- Up-to-date symlink: /home/ines/tiago_ws/install/tiago_exam_worlds/share/tiago_exam_worlds/models/dock1/dock1.sdf
[1.694s] -- Up-to-date symlink: /home/ines/tiago_ws/install/tiago_exam_worlds/share/tiago_exam_worlds/models/dock1/meshes/dock1.dae
[1.694s] -- Up-to-date symlink: /home/ines/tiago_ws/install/tiago_exam_worlds/share/tiago_exam_worlds/models/dock1/model.config
[1.696s] -- Up-to-date symlink: /home/ines/tiago_ws/install/tiago_exam_worlds/share/tiago_exam_worlds/models/door_obstacle/door_obstacle.sdf
[1.696s] -- Up-to-date symlink: /home/ines/tiago_ws/install/tiago_exam_worlds/share/tiago_exam_worlds/models/door_obstacle/model.config
[1.697s] -- Up-to-date symlink: /home/ines/tiago_ws/install/tiago_exam_worlds/share/tiago_exam_worlds/models/env_exam_box1/env_exam_box1.sdf
[1.697s] -- Up-to-date symlink: /home/ines/tiago_ws/install/tiago_exam_worlds/share/tiago_exam_worlds/models/env_exam_box1/model.config
[1.698s] -- Up-to-date symlink: /home/ines/tiago_ws/install/tiago_exam_worlds/share/tiago_exam_worlds/models/env_exam_box2/env_exam_box2.sdf
[1.698s] -- Up-to-date symlink: /home/ines/tiago_ws/install/tiago_exam_worlds/share/tiago_exam_worlds/models/env_exam_box2/model.config
[1.698s] -- Up-to-date symlink: /home/ines/tiago_ws/install/tiago_exam_worlds/share/tiago_exam_worlds/models/env_exam_cylinder1/env_exam_cylinder1.sdf
[1.699s] -- Up-to-date symlink: /home/ines/tiago_ws/install/tiago_exam_worlds/share/tiago_exam_worlds/models/env_exam_cylinder1/model.config
[1.699s] -- Up-to-date symlink: /home/ines/tiago_ws/install/tiago_exam_worlds/share/tiago_exam_worlds/models/env_exam_cylinder2/env_exam_cylinder2.sdf
[1.700s] -- Up-to-date symlink: /home/ines/tiago_ws/install/tiago_exam_worlds/share/tiago_exam_worlds/models/env_exam_cylinder2/model.config
[1.700s] -- Up-to-date symlink: /home/ines/tiago_ws/install/tiago_exam_worlds/share/tiago_exam_worlds/models/env_exam_pick_surface/env_exam_pick_surface.sdf
[1.701s] -- Up-to-date symlink: /home/ines/tiago_ws/install/tiago_exam_worlds/share/tiago_exam_worlds/models/env_exam_pick_surface/model.config
[1.701s] -- Up-to-date symlink: /home/ines/tiago_ws/install/tiago_exam_worlds/share/tiago_exam_worlds/models/env_exam_place_surface/env_exam_place_surface.sdf
[1.701s] -- Up-to-date symlink: /home/ines/tiago_ws/install/tiago_exam_worlds/share/tiago_exam_worlds/models/env_exam_place_surface/model.config
[1.702s] -- Up-to-date symlink: /home/ines/tiago_ws/install/tiago_exam_worlds/share/tiago_exam_worlds/models/floor_lamp/floor_lamp.sdf
[1.703s] -- Up-to-date symlink: /home/ines/tiago_ws/install/tiago_exam_worlds/share/tiago_exam_worlds/models/floor_lamp/meshes/floor_lamp.stl
[1.703s] -- Up-to-date symlink: /home/ines/tiago_ws/install/tiago_exam_worlds/share/tiago_exam_worlds/models/floor_lamp/model.config
[1.756s] -- Up-to-date symlink: /home/ines/tiago_ws/install/tiago_exam_worlds/share/tiago_exam_worlds/models/goetz_sofa/goetz_sofa.sdf
[1.779s] -- Up-to-date symlink: /home/ines/tiago_ws/install/tiago_exam_worlds/share/tiago_exam_worlds/models/goetz_sofa/materials/textures/texture0.jpg
[1.801s] -- Up-to-date symlink: /home/ines/tiago_ws/install/tiago_exam_worlds/share/tiago_exam_worlds/models/goetz_sofa/meshes/goetz_sofa.dae
[1.802s] -- Up-to-date symlink: /home/ines/tiago_ws/install/tiago_exam_worlds/share/tiago_exam_worlds/models/goetz_sofa/model.config
[1.824s] -- Up-to-date symlink: /home/ines/tiago_ws/install/tiago_exam_worlds/share/tiago_exam_worlds/models/green_ball/materials/scripts/ball.material
[1.824s] -- Up-to-date symlink: /home/ines/tiago_ws/install/tiago_exam_worlds/share/tiago_exam_worlds/models/green_ball/model.config
[1.825s] -- Up-to-date symlink: /home/ines/tiago_ws/install/tiago_exam_worlds/share/tiago_exam_worlds/models/green_ball/model.sdf
[1.825s] -- Up-to-date symlink: /home/ines/tiago_ws/install/tiago_exam_worlds/share/tiago_exam_worlds/models/green_cube/green_cube.sdf
[1.826s] -- Up-to-date symlink: /home/ines/tiago_ws/install/tiago_exam_worlds/share/tiago_exam_worlds/models/green_cube/model.config
[1.826s] -- Up-to-date symlink: /home/ines/tiago_ws/install/tiago_exam_worlds/share/tiago_exam_worlds/models/green_rectangle/green_rectangle.sdf
[1.827s] -- Up-to-date symlink: /home/ines/tiago_ws/install/tiago_exam_worlds/share/tiago_exam_worlds/models/green_rectangle/model.config
[1.827s] -- Up-to-date symlink: /home/ines/tiago_ws/install/tiago_exam_worlds/share/tiago_exam_worlds/models/ground_plane/model-1_2.sdf
[1.828s] -- Up-to-date symlink: /home/ines/tiago_ws/install/tiago_exam_worlds/share/tiago_exam_worlds/models/ground_plane/model-1_3.sdf
[1.828s] -- Up-to-date symlink: /home/ines/tiago_ws/install/tiago_exam_worlds/share/tiago_exam_worlds/models/ground_plane/model-1_4.sdf
[1.829s] -- Up-to-date symlink: /home/ines/tiago_ws/install/tiago_exam_worlds/share/tiago_exam_worlds/models/ground_plane/model.config
[1.829s] -- Up-to-date symlink: /home/ines/tiago_ws/install/tiago_exam_worlds/share/tiago_exam_worlds/models/ground_plane/model.sdf
[1.830s] -- Up-to-date symlink: /home/ines/tiago_ws/install/tiago_exam_worlds/share/tiago_exam_worlds/models/hospital_flat_map/hospital_flat_map.sdf
[1.830s] -- Up-to-date symlink: /home/ines/tiago_ws/install/tiago_exam_worlds/share/tiago_exam_worlds/models/hospital_flat_map/meshes/hospital_flat_map.stl
[1.831s] -- Up-to-date symlink: /home/ines/tiago_ws/install/tiago_exam_worlds/share/tiago_exam_worlds/models/hospital_flat_map/model.config
[1.831s] -- Up-to-date symlink: /home/ines/tiago_ws/install/tiago_exam_worlds/share/tiago_exam_worlds/models/hospital_map/hospital_map.sdf
[1.832s] -- Up-to-date symlink: /home/ines/tiago_ws/install/tiago_exam_worlds/share/tiago_exam_worlds/models/hospital_map/meshes/g1.stl
[1.881s] -- Up-to-date symlink: /home/ines/tiago_ws/install/tiago_exam_worlds/share/tiago_exam_worlds/models/hospital_map/meshes/g2.stl
[1.882s] -- Up-to-date symlink: /home/ines/tiago_ws/install/tiago_exam_worlds/share/tiago_exam_worlds/models/hospital_map/meshes/g3.stl
[1.883s] -- Up-to-date symlink: /home/ines/tiago_ws/install/tiago_exam_worlds/share/tiago_exam_worlds/models/hospital_map/meshes/g4.stl
[1.884s] -- Up-to-date symlink: /home/ines/tiago_ws/install/tiago_exam_worlds/share/tiago_exam_worlds/models/hospital_map/meshes/g5.stl
[1.885s] -- Up-to-date symlink: /home/ines/tiago_ws/install/tiago_exam_worlds/share/tiago_exam_worlds/models/hospital_map/meshes/g6.stl
[1.885s] -- Up-to-date symlink: /home/ines/tiago_ws/install/tiago_exam_worlds/share/tiago_exam_worlds/models/hospital_map/meshes/g7.stl
[1.886s] -- Up-to-date symlink: /home/ines/tiago_ws/install/tiago_exam_worlds/share/tiago_exam_worlds/models/hospital_map/meshes/gr1.stl
[1.887s] -- Up-to-date symlink: /home/ines/tiago_ws/install/tiago_exam_worlds/share/tiago_exam_worlds/models/hospital_map/meshes/gr2.stl
[1.898s] -- Up-to-date symlink: /home/ines/tiago_ws/install/tiago_exam_worlds/share/tiago_exam_worlds/models/hospital_map/meshes/gr3.stl
[1.899s] -- Up-to-date symlink: /home/ines/tiago_ws/install/tiago_exam_worlds/share/tiago_exam_worlds/models/hospital_map/meshes/gr4.stl
[1.901s] -- Up-to-date symlink: /home/ines/tiago_ws/install/tiago_exam_worlds/share/tiago_exam_worlds/models/hospital_map/meshes/gr5.stl
[1.901s] -- Up-to-date symlink: /home/ines/tiago_ws/install/tiago_exam_worlds/share/tiago_exam_worlds/models/hospital_map/meshes/gr6.stl
[1.902s] -- Up-to-date symlink: /home/ines/tiago_ws/install/tiago_exam_worlds/share/tiago_exam_worlds/models/hospital_map/meshes/hospital_map.stl
[1.903s] -- Up-to-date symlink: /home/ines/tiago_ws/install/tiago_exam_worlds/share/tiago_exam_worlds/models/hospital_map/meshes/w1.stl
[1.903s] -- Up-to-date symlink: /home/ines/tiago_ws/install/tiago_exam_worlds/share/tiago_exam_worlds/models/hospital_map/meshes/w2.stl
[1.905s] -- Up-to-date symlink: /home/ines/tiago_ws/install/tiago_exam_worlds/share/tiago_exam_worlds/models/hospital_map/meshes/w3.stl
[1.905s] -- Up-to-date symlink: /home/ines/tiago_ws/install/tiago_exam_worlds/share/tiago_exam_worlds/models/hospital_map/meshes/w4.stl
[1.906s] -- Up-to-date symlink: /home/ines/tiago_ws/install/tiago_exam_worlds/share/tiago_exam_worlds/models/hospital_map/meshes/w5.stl
[1.906s] -- Up-to-date symlink: /home/ines/tiago_ws/install/tiago_exam_worlds/share/tiago_exam_worlds/models/hospital_map/meshes/w6.stl
[1.907s] -- Up-to-date symlink: /home/ines/tiago_ws/install/tiago_exam_worlds/share/tiago_exam_worlds/models/hospital_map/meshes/w7.stl
[1.908s] -- Up-to-date symlink: /home/ines/tiago_ws/install/tiago_exam_worlds/share/tiago_exam_worlds/models/hospital_map/meshes/wr1.stl
[1.908s] -- Up-to-date symlink: /home/ines/tiago_ws/install/tiago_exam_worlds/share/tiago_exam_worlds/models/hospital_map/meshes/wr2.stl
[1.909s] -- Up-to-date symlink: /home/ines/tiago_ws/install/tiago_exam_worlds/share/tiago_exam_worlds/models/hospital_map/meshes/wr3.stl
[1.910s] -- Up-to-date symlink: /home/ines/tiago_ws/install/tiago_exam_worlds/share/tiago_exam_worlds/models/hospital_map/meshes/wr4.stl
[1.910s] -- Up-to-date symlink: /home/ines/tiago_ws/install/tiago_exam_worlds/share/tiago_exam_worlds/models/hospital_map/meshes/wr5.stl
[1.911s] -- Up-to-date symlink: /home/ines/tiago_ws/install/tiago_exam_worlds/share/tiago_exam_worlds/models/hospital_map/meshes/wr6.stl
[1.911s] -- Up-to-date symlink: /home/ines/tiago_ws/install/tiago_exam_worlds/share/tiago_exam_worlds/models/hospital_map/model.config
[1.912s] -- Up-to-date symlink: /home/ines/tiago_ws/install/tiago_exam_worlds/share/tiago_exam_worlds/models/ideal_sun/model.config
[1.923s] -- Up-to-date symlink: /home/ines/tiago_ws/install/tiago_exam_worlds/share/tiago_exam_worlds/models/ideal_sun/model.sdf
[1.924s] -- Up-to-date symlink: /home/ines/tiago_ws/install/tiago_exam_worlds/share/tiago_exam_worlds/models/ikea_ektorp_chair/meshes/IKE06001.JPG
[1.924s] -- Up-to-date symlink: /home/ines/tiago_ws/install/tiago_exam_worlds/share/tiago_exam_worlds/models/ikea_ektorp_chair/meshes/mesh.dae
[1.924s] -- Up-to-date symlink: /home/ines/tiago_ws/install/tiago_exam_worlds/share/tiago_exam_worlds/models/ikea_ektorp_chair/model.config
[1.925s] -- Up-to-date symlink: /home/ines/tiago_ws/install/tiago_exam_worlds/share/tiago_exam_worlds/models/ikea_ektorp_chair/model.sdf
[1.926s] -- Up-to-date symlink: /home/ines/tiago_ws/install/tiago_exam_worlds/share/tiago_exam_worlds/models/ikea_folke_chair/meshes/mesh.dae
[1.937s] -- Up-to-date symlink: /home/ines/tiago_ws/install/tiago_exam_worlds/share/tiago_exam_worlds/models/ikea_folke_chair/meshes/notexture.png
[1.937s] -- Up-to-date symlink: /home/ines/tiago_ws/install/tiago_exam_worlds/share/tiago_exam_worlds/models/ikea_folke_chair/meshes/texture.png
[1.938s] -- Up-to-date symlink: /home/ines/tiago_ws/install/tiago_exam_worlds/share/tiago_exam_worlds/models/ikea_folke_chair/model.config
[1.939s] -- Up-to-date symlink: /home/ines/tiago_ws/install/tiago_exam_worlds/share/tiago_exam_worlds/models/ikea_folke_chair/model.sdf
[1.940s] -- Up-to-date symlink: /home/ines/tiago_ws/install/tiago_exam_worlds/share/tiago_exam_worlds/models/ikea_harry_chair/meshes/body.png
[1.941s] -- Up-to-date symlink: /home/ines/tiago_ws/install/tiago_exam_worlds/share/tiago_exam_worlds/models/ikea_harry_chair/meshes/legs.png
[1.941s] -- Up-to-date symlink: /home/ines/tiago_ws/install/tiago_exam_worlds/share/tiago_exam_worlds/models/ikea_harry_chair/meshes/mesh.dae
[1.942s] -- Up-to-date symlink: /home/ines/tiago_ws/install/tiago_exam_worlds/share/tiago_exam_worlds/models/ikea_harry_chair/model.config
[1.942s] -- Up-to-date symlink: /home/ines/tiago_ws/install/tiago_exam_worlds/share/tiago_exam_worlds/models/ikea_harry_chair/model.sdf
[1.943s] -- Up-to-date symlink: /home/ines/tiago_ws/install/tiago_exam_worlds/share/tiago_exam_worlds/models/ikea_stefan_chair/meshes/mesh.dae
[1.943s] -- Up-to-date symlink: /home/ines/tiago_ws/install/tiago_exam_worlds/share/tiago_exam_worlds/models/ikea_stefan_chair/model.config
[1.944s] -- Up-to-date symlink: /home/ines/tiago_ws/install/tiago_exam_worlds/share/tiago_exam_worlds/models/ikea_stefan_chair/model.sdf
[1.945s] -- Up-to-date symlink: /home/ines/tiago_ws/install/tiago_exam_worlds/share/tiago_exam_worlds/models/ikea_urban_chair/meshes/mesh.dae
[1.945s] -- Up-to-date symlink: /home/ines/tiago_ws/install/tiago_exam_worlds/share/tiago_exam_worlds/models/ikea_urban_chair/meshes/notexture.png
[1.946s] -- Up-to-date symlink: /home/ines/tiago_ws/install/tiago_exam_worlds/share/tiago_exam_worlds/models/ikea_urban_chair/model.config
[1.946s] -- Up-to-date symlink: /home/ines/tiago_ws/install/tiago_exam_worlds/share/tiago_exam_worlds/models/ikea_urban_chair/model.sdf
[1.947s] -- Up-to-date symlink: /home/ines/tiago_ws/install/tiago_exam_worlds/share/tiago_exam_worlds/models/kitchen_chair/kitchen_chair.sdf
[1.948s] -- Up-to-date symlink: /home/ines/tiago_ws/install/tiago_exam_worlds/share/tiago_exam_worlds/models/kitchen_chair/meshes/kitchen_chair.stl
[1.952s] -- Up-to-date symlink: /home/ines/tiago_ws/install/tiago_exam_worlds/share/tiago_exam_worlds/models/kitchen_chair/model.config
[1.952s] -- Up-to-date symlink: /home/ines/tiago_ws/install/tiago_exam_worlds/share/tiago_exam_worlds/models/kitchen_no_sink/meshes/bin/bin.dae
[1.952s] -- Up-to-date symlink: /home/ines/tiago_ws/install/tiago_exam_worlds/share/tiago_exam_worlds/models/kitchen_no_sink/meshes/bookshelve/bookshelve.dae
[1.952s] -- Up-to-date symlink: /home/ines/tiago_ws/install/tiago_exam_worlds/share/tiago_exam_worlds/models/kitchen_no_sink/meshes/chair/chair.dae
[1.952s] -- Up-to-date symlink: /home/ines/tiago_ws/install/tiago_exam_worlds/share/tiago_exam_worlds/models/kitchen_no_sink/meshes/sink/TexturesCom_Wood_GluLamBeam_header.jpg
[1.953s] -- Up-to-date symlink: /home/ines/tiago_ws/install/tiago_exam_worlds/share/tiago_exam_worlds/models/kitchen_no_sink/meshes/sink/kitchen_only_armario_lavamanos.mtl
[1.954s] -- Up-to-date symlink: /home/ines/tiago_ws/install/tiago_exam_worlds/share/tiago_exam_worlds/models/kitchen_no_sink/meshes/sink/kitchen_only_armario_lavamanos.obj
[1.955s] -- Up-to-date symlink: /home/ines/tiago_ws/install/tiago_exam_worlds/share/tiago_exam_worlds/models/kitchen_no_sink/meshes/sink/kitchen_only_cajon_1.mtl
[1.956s] -- Up-to-date symlink: /home/ines/tiago_ws/install/tiago_exam_worlds/share/tiago_exam_worlds/models/kitchen_no_sink/meshes/sink/kitchen_only_cajon_1.obj
[1.956s] -- Up-to-date symlink: /home/ines/tiago_ws/install/tiago_exam_worlds/share/tiago_exam_worlds/models/kitchen_no_sink/meshes/sink/kitchen_only_cajon_2.mtl
[1.957s] -- Up-to-date symlink: /home/ines/tiago_ws/install/tiago_exam_worlds/share/tiago_exam_worlds/models/kitchen_no_sink/meshes/sink/kitchen_only_cajon_2.obj
[1.958s] -- Up-to-date symlink: /home/ines/tiago_ws/install/tiago_exam_worlds/share/tiago_exam_worlds/models/kitchen_no_sink/meshes/sink/kitchen_only_cajon_grande.mtl
[1.958s] -- Up-to-date symlink: /home/ines/tiago_ws/install/tiago_exam_worlds/share/tiago_exam_worlds/models/kitchen_no_sink/meshes/sink/kitchen_only_cajon_grande.obj
[1.973s] -- Up-to-date symlink: /home/ines/tiago_ws/install/tiago_exam_worlds/share/tiago_exam_worlds/models/kitchen_no_sink/meshes/sink/kitchen_only_cubiertos_lavavajillas.mtl
[1.973s] -- Up-to-date symlink: /home/ines/tiago_ws/install/tiago_exam_worlds/share/tiago_exam_worlds/models/kitchen_no_sink/meshes/sink/kitchen_only_cubiertos_lavavajillas.obj
[1.974s] -- Up-to-date symlink: /home/ines/tiago_ws/install/tiago_exam_worlds/share/tiago_exam_worlds/models/kitchen_no_sink/meshes/sink/kitchen_only_kitchen.mtl
[1.976s] -- Up-to-date symlink: /home/ines/tiago_ws/install/tiago_exam_worlds/share/tiago_exam_worlds/models/kitchen_no_sink/meshes/sink/kitchen_only_kitchen.obj
[1.976s] -- Up-to-date symlink: /home/ines/tiago_ws/install/tiago_exam_worlds/share/tiago_exam_worlds/models/kitchen_no_sink/meshes/sink/kitchen_only_lavadora.mtl
[1.977s] -- Up-to-date symlink: /home/ines/tiago_ws/install/tiago_exam_worlds/share/tiago_exam_worlds/models/kitchen_no_sink/meshes/sink/kitchen_only_lavadora.obj
[1.978s] -- Up-to-date symlink: /home/ines/tiago_ws/install/tiago_exam_worlds/share/tiago_exam_worlds/models/kitchen_no_sink/meshes/sink/kitchen_only_parte_de_abajo_lavavajillas.mtl
[1.978s] -- Up-to-date symlink: /home/ines/tiago_ws/install/tiago_exam_worlds/share/tiago_exam_worlds/models/kitchen_no_sink/meshes/sink/kitchen_only_parte_de_abajo_lavavajillas.obj
[1.979s] -- Up-to-date symlink: /home/ines/tiago_ws/install/tiago_exam_worlds/share/tiago_exam_worlds/models/kitchen_no_sink/meshes/sink/kitchen_only_parte_de_arriba_lavavajillas.mtl
[1.980s] -- Up-to-date symlink: /home/ines/tiago_ws/install/tiago_exam_worlds/share/tiago_exam_worlds/models/kitchen_no_sink/meshes/sink/kitchen_only_parte_de_arriba_lavavajillas.obj
[1.981s] -- Up-to-date symlink: /home/ines/tiago_ws/install/tiago_exam_worlds/share/tiago_exam_worlds/models/kitchen_no_sink/meshes/sink/kitchen_only_puerta_lavavajillas.mtl
[1.981s] -- Up-to-date symlink: /home/ines/tiago_ws/install/tiago_exam_worlds/share/tiago_exam_worlds/models/kitchen_no_sink/meshes/sink/kitchen_only_puerta_lavavajillas.obj
[1.982s] -- Up-to-date symlink: /home/ines/tiago_ws/install/tiago_exam_worlds/share/tiago_exam_worlds/models/kitchen_no_sink/meshes/table/table.dae
[1.983s] -- Up-to-date symlink: /home/ines/tiago_ws/install/tiago_exam_worlds/share/tiago_exam_worlds/models/kitchen_no_sink/meshes/table/table.mtl
[1.984s] -- Up-to-date symlink: /home/ines/tiago_ws/install/tiago_exam_worlds/share/tiago_exam_worlds/models/kitchen_no_sink/meshes/table/table.obj
[1.985s] -- Up-to-date symlink: /home/ines/tiago_ws/install/tiago_exam_worlds/share/tiago_exam_worlds/models/kitchen_no_sink/meshes/table/table_ikea.mtl
[1.985s] -- Up-to-date symlink: /home/ines/tiago_ws/install/tiago_exam_worlds/share/tiago_exam_worlds/models/kitchen_no_sink/meshes/table/table_ikea.obj
[1.986s] -- Up-to-date symlink: /home/ines/tiago_ws/install/tiago_exam_worlds/share/tiago_exam_worlds/models/kitchen_no_sink/meshes/table/table_wood_texture.jpg
[1.986s] -- Up-to-date symlink: /home/ines/tiago_ws/install/tiago_exam_worlds/share/tiago_exam_worlds/models/kitchen_no_sink/model.config
[1.988s] -- Up-to-date symlink: /home/ines/tiago_ws/install/tiago_exam_worlds/share/tiago_exam_worlds/models/kitchen_no_sink/model.sdf
[1.988s] -- Up-to-date symlink: /home/ines/tiago_ws/install/tiago_exam_worlds/share/tiago_exam_worlds/models/kitchen_no_sink_walls/model.config
[1.989s] -- Up-to-date symlink: /home/ines/tiago_ws/install/tiago_exam_worlds/share/tiago_exam_worlds/models/kitchen_no_sink_walls/model.sdf
[1.990s] -- Up-to-date symlink: /home/ines/tiago_ws/install/tiago_exam_worlds/share/tiago_exam_worlds/models/kitchen_no_sink_walls_pics/model.config
[1.990s] -- Up-to-date symlink: /home/ines/tiago_ws/install/tiago_exam_worlds/share/tiago_exam_worlds/models/kitchen_no_sink_walls_pics/model.sdf
[1.991s] -- Up-to-date symlink: /home/ines/tiago_ws/install/tiago_exam_worlds/share/tiago_exam_worlds/models/kitchen_table/kitchen_table.sdf
[1.992s] -- Up-to-date symlink: /home/ines/tiago_ws/install/tiago_exam_worlds/share/tiago_exam_worlds/models/kitchen_table/meshes/kitchen_table.stl
[1.992s] -- Up-to-date symlink: /home/ines/tiago_ws/install/tiago_exam_worlds/share/tiago_exam_worlds/models/kitchen_table/model.config
[1.993s] -- Up-to-date symlink: /home/ines/tiago_ws/install/tiago_exam_worlds/share/tiago_exam_worlds/models/lamp/lamp.sdf
[1.993s] -- Up-to-date symlink: /home/ines/tiago_ws/install/tiago_exam_worlds/share/tiago_exam_worlds/models/lamp/meshes/lamp.stl
[1.994s] -- Up-to-date symlink: /home/ines/tiago_ws/install/tiago_exam_worlds/share/tiago_exam_worlds/models/lamp/model.config
[1.994s] -- Up-to-date symlink: /home/ines/tiago_ws/install/tiago_exam_worlds/share/tiago_exam_worlds/models/macrolink_small_table/model.config
[1.995s] -- Up-to-date symlink: /home/ines/tiago_ws/install/tiago_exam_worlds/share/tiago_exam_worlds/models/macrolink_small_table/table.sdf
[1.995s] -- Up-to-date symlink: /home/ines/tiago_ws/install/tiago_exam_worlds/share/tiago_exam_worlds/models/macrolink_table/model.config
[2.070s] -- Up-to-date symlink: /home/ines/tiago_ws/install/tiago_exam_worlds/share/tiago_exam_worlds/models/macrolink_table/table.sdf
[2.071s] -- Up-to-date symlink: /home/ines/tiago_ws/install/tiago_exam_worlds/share/tiago_exam_worlds/models/marker26_8cm/marker26_8cm.sdf
[2.072s] -- Up-to-date symlink: /home/ines/tiago_ws/install/tiago_exam_worlds/share/tiago_exam_worlds/models/marker26_8cm/material/scripts/marker26_8cm.material
[2.073s] -- Up-to-date symlink: /home/ines/tiago_ws/install/tiago_exam_worlds/share/tiago_exam_worlds/models/marker26_8cm/material/textures/aruco-26_8cm.png
[2.073s] -- Up-to-date symlink: /home/ines/tiago_ws/install/tiago_exam_worlds/share/tiago_exam_worlds/models/marker26_8cm/model.config
[2.074s] -- Up-to-date symlink: /home/ines/tiago_ws/install/tiago_exam_worlds/share/tiago_exam_worlds/models/pal_poster/material/scripts/pal_poster.material
[2.075s] -- Up-to-date symlink: /home/ines/tiago_ws/install/tiago_exam_worlds/share/tiago_exam_worlds/models/pal_poster/material/textures/pal_poster.jpg
[2.075s] -- Up-to-date symlink: /home/ines/tiago_ws/install/tiago_exam_worlds/share/tiago_exam_worlds/models/pal_poster/model.config
[2.094s] -- Up-to-date symlink: /home/ines/tiago_ws/install/tiago_exam_worlds/share/tiago_exam_worlds/models/pal_poster/pal_poster.sdf
[2.094s] -- Up-to-date symlink: /home/ines/tiago_ws/install/tiago_exam_worlds/share/tiago_exam_worlds/models/pal_textured_object/material/scripts/pal_textured_object.material
[2.095s] -- Up-to-date symlink: /home/ines/tiago_ws/install/tiago_exam_worlds/share/tiago_exam_worlds/models/pal_textured_object/material/textures/pal_textured_object.png
[2.095s] -- Up-to-date symlink: /home/ines/tiago_ws/install/tiago_exam_worlds/share/tiago_exam_worlds/models/pal_textured_object/model.config
[2.096s] -- Up-to-date symlink: /home/ines/tiago_ws/install/tiago_exam_worlds/share/tiago_exam_worlds/models/pal_textured_object/pal_textured_object.sdf
[2.097s] -- Up-to-date symlink: /home/ines/tiago_ws/install/tiago_exam_worlds/share/tiago_exam_worlds/models/pringles/material/scripts/pringles.material
[2.097s] -- Up-to-date symlink: /home/ines/tiago_ws/install/tiago_exam_worlds/share/tiago_exam_worlds/models/pringles/material/textures/pringles.jpg
[2.098s] -- Up-to-date symlink: /home/ines/tiago_ws/install/tiago_exam_worlds/share/tiago_exam_worlds/models/pringles/model.config
[2.099s] -- Up-to-date symlink: /home/ines/tiago_ws/install/tiago_exam_worlds/share/tiago_exam_worlds/models/pringles/pringles.sdf
[2.101s] -- Up-to-date symlink: /home/ines/tiago_ws/install/tiago_exam_worlds/share/tiago_exam_worlds/models/pringles2/material/scripts/pringles2.material
[2.102s] -- Up-to-date symlink: /home/ines/tiago_ws/install/tiago_exam_worlds/share/tiago_exam_worlds/models/pringles2/material/textures/pringles2.jpg
[2.102s] -- Up-to-date symlink: /home/ines/tiago_ws/install/tiago_exam_worlds/share/tiago_exam_worlds/models/pringles2/model.config
[2.103s] -- Up-to-date symlink: /home/ines/tiago_ws/install/tiago_exam_worlds/share/tiago_exam_worlds/models/pringles2/pringles2.sdf
[2.104s] -- Up-to-date symlink: /home/ines/tiago_ws/install/tiago_exam_worlds/share/tiago_exam_worlds/models/reemc_bookshelf/bookshelf.sdf
[2.105s] -- Up-to-date symlink: /home/ines/tiago_ws/install/tiago_exam_worlds/share/tiago_exam_worlds/models/reemc_bookshelf/model.config
[2.105s] -- Up-to-date symlink: /home/ines/tiago_ws/install/tiago_exam_worlds/share/tiago_exam_worlds/models/reemc_cabinet/cabinet.sdf
[2.106s] -- Up-to-date symlink: /home/ines/tiago_ws/install/tiago_exam_worlds/share/tiago_exam_worlds/models/reemc_cabinet/model.config
[2.106s] -- Up-to-date symlink: /home/ines/tiago_ws/install/tiago_exam_worlds/share/tiago_exam_worlds/models/reemc_table/model.config
[2.107s] -- Up-to-date symlink: /home/ines/tiago_ws/install/tiago_exam_worlds/share/tiago_exam_worlds/models/reemc_table/table.sdf
[2.107s] -- Up-to-date symlink: /home/ines/tiago_ws/install/tiago_exam_worlds/share/tiago_exam_worlds/models/reemc_textured_object/meshes/mesh.dae
[2.114s] -- Up-to-date symlink: /home/ines/tiago_ws/install/tiago_exam_worlds/share/tiago_exam_worlds/models/reemc_textured_object/meshes/texture.jpg
[2.114s] -- Up-to-date symlink: /home/ines/tiago_ws/install/tiago_exam_worlds/share/tiago_exam_worlds/models/reemc_textured_object/model.config
[2.115s] -- Up-to-date symlink: /home/ines/tiago_ws/install/tiago_exam_worlds/share/tiago_exam_worlds/models/reemc_textured_object/model.sdf
[2.115s] -- Up-to-date symlink: /home/ines/tiago_ws/install/tiago_exam_worlds/share/tiago_exam_worlds/models/reemc_textured_object_nograv/model.config
[2.115s] -- Up-to-date symlink: /home/ines/tiago_ws/install/tiago_exam_worlds/share/tiago_exam_worlds/models/reemc_textured_object_nograv/model.sdf
[2.116s] -- Up-to-date symlink: /home/ines/tiago_ws/install/tiago_exam_worlds/share/tiago_exam_worlds/models/reemc_walls/model.config
[2.118s] -- Up-to-date symlink: /home/ines/tiago_ws/install/tiago_exam_worlds/share/tiago_exam_worlds/models/reemc_walls/walls.sdf
[2.118s] -- Up-to-date symlink: /home/ines/tiago_ws/install/tiago_exam_worlds/share/tiago_exam_worlds/models/reviews_table/meshes/reviews_table.stl
[2.119s] -- Up-to-date symlink: /home/ines/tiago_ws/install/tiago_exam_worlds/share/tiago_exam_worlds/models/reviews_table/model.config
[2.119s] -- Up-to-date symlink: /home/ines/tiago_ws/install/tiago_exam_worlds/share/tiago_exam_worlds/models/reviews_table/reviews_table.sdf
[2.119s] -- Up-to-date symlink: /home/ines/tiago_ws/install/tiago_exam_worlds/share/tiago_exam_worlds/models/robocup_walls_70cm_doors/house_walls.sdf
[2.119s] -- Up-to-date symlink: /home/ines/tiago_ws/install/tiago_exam_worlds/share/tiago_exam_worlds/models/robocup_walls_70cm_doors/meshes/robocup_house.stl
[2.120s] -- Up-to-date symlink: /home/ines/tiago_ws/install/tiago_exam_worlds/share/tiago_exam_worlds/models/robocup_walls_70cm_doors/model.config
[2.121s] -- Up-to-date symlink: /home/ines/tiago_ws/install/tiago_exam_worlds/share/tiago_exam_worlds/models/rockin_camp/README
[2.121s] -- Up-to-date symlink: /home/ines/tiago_ws/install/tiago_exam_worlds/share/tiago_exam_worlds/models/rockin_camp/model.config
[2.122s] -- Up-to-date symlink: /home/ines/tiago_ws/install/tiago_exam_worlds/share/tiago_exam_worlds/models/rockin_camp/model.sdf
[2.122s] -- Up-to-date symlink: /home/ines/tiago_ws/install/tiago_exam_worlds/share/tiago_exam_worlds/models/rockin_camp/rockin_camp.png
[2.122s] -- Up-to-date symlink: /home/ines/tiago_ws/install/tiago_exam_worlds/share/tiago_exam_worlds/models/sideboard/meshes/sideboard.stl
[2.123s] -- Up-to-date symlink: /home/ines/tiago_ws/install/tiago_exam_worlds/share/tiago_exam_worlds/models/sideboard/model.config
[2.123s] -- Up-to-date symlink: /home/ines/tiago_ws/install/tiago_exam_worlds/share/tiago_exam_worlds/models/sideboard/sideboard.sdf
[2.124s] -- Up-to-date symlink: /home/ines/tiago_ws/install/tiago_exam_worlds/share/tiago_exam_worlds/models/sink_furniture/meshes/TexturesCom_Wood_GluLamBeam_header.jpg
[2.124s] -- Up-to-date symlink: /home/ines/tiago_ws/install/tiago_exam_worlds/share/tiago_exam_worlds/models/sink_furniture/meshes/kitchen_only_armario_lavamanos.mtl
[2.124s] -- Up-to-date symlink: /home/ines/tiago_ws/install/tiago_exam_worlds/share/tiago_exam_worlds/models/sink_furniture/meshes/kitchen_only_armario_lavamanos.obj
[2.124s] -- Up-to-date symlink: /home/ines/tiago_ws/install/tiago_exam_worlds/share/tiago_exam_worlds/models/sink_furniture/meshes/kitchen_only_cajon_1.mtl
[2.125s] -- Up-to-date symlink: /home/ines/tiago_ws/install/tiago_exam_worlds/share/tiago_exam_worlds/models/sink_furniture/meshes/kitchen_only_cajon_1.obj
[2.125s] -- Up-to-date symlink: /home/ines/tiago_ws/install/tiago_exam_worlds/share/tiago_exam_worlds/models/sink_furniture/meshes/kitchen_only_cajon_2.mtl
[2.125s] -- Up-to-date symlink: /home/ines/tiago_ws/install/tiago_exam_worlds/share/tiago_exam_worlds/models/sink_furniture/meshes/kitchen_only_cajon_2.obj
[2.125s] -- Up-to-date symlink: /home/ines/tiago_ws/install/tiago_exam_worlds/share/tiago_exam_worlds/models/sink_furniture/meshes/kitchen_only_cajon_grande.mtl
[2.126s] -- Up-to-date symlink: /home/ines/tiago_ws/install/tiago_exam_worlds/share/tiago_exam_worlds/models/sink_furniture/meshes/kitchen_only_cajon_grande.obj
[2.126s] -- Up-to-date symlink: /home/ines/tiago_ws/install/tiago_exam_worlds/share/tiago_exam_worlds/models/sink_furniture/meshes/kitchen_only_cubiertos_lavavajillas.mtl
[2.127s] -- Up-to-date symlink: /home/ines/tiago_ws/install/tiago_exam_worlds/share/tiago_exam_worlds/models/sink_furniture/meshes/kitchen_only_cubiertos_lavavajillas.obj
[2.128s] -- Up-to-date symlink: /home/ines/tiago_ws/install/tiago_exam_worlds/share/tiago_exam_worlds/models/sink_furniture/meshes/kitchen_only_kitchen.mtl
[2.128s] -- Up-to-date symlink: /home/ines/tiago_ws/install/tiago_exam_worlds/share/tiago_exam_worlds/models/sink_furniture/meshes/kitchen_only_kitchen.obj
[2.128s] -- Up-to-date symlink: /home/ines/tiago_ws/install/tiago_exam_worlds/share/tiago_exam_worlds/models/sink_furniture/meshes/kitchen_only_lavadora.mtl
[2.129s] -- Up-to-date symlink: /home/ines/tiago_ws/install/tiago_exam_worlds/share/tiago_exam_worlds/models/sink_furniture/meshes/kitchen_only_lavadora.obj
[2.130s] -- Up-to-date symlink: /home/ines/tiago_ws/install/tiago_exam_worlds/share/tiago_exam_worlds/models/sink_furniture/meshes/kitchen_only_parte_de_abajo_lavavajillas.mtl
[2.130s] -- Up-to-date symlink: /home/ines/tiago_ws/install/tiago_exam_worlds/share/tiago_exam_worlds/models/sink_furniture/meshes/kitchen_only_parte_de_abajo_lavavajillas.obj
[2.131s] -- Up-to-date symlink: /home/ines/tiago_ws/install/tiago_exam_worlds/share/tiago_exam_worlds/models/sink_furniture/meshes/kitchen_only_parte_de_arriba_lavavajillas.mtl
[2.131s] -- Up-to-date symlink: /home/ines/tiago_ws/install/tiago_exam_worlds/share/tiago_exam_worlds/models/sink_furniture/meshes/kitchen_only_parte_de_arriba_lavavajillas.obj
[2.131s] -- Up-to-date symlink: /home/ines/tiago_ws/install/tiago_exam_worlds/share/tiago_exam_worlds/models/sink_furniture/meshes/kitchen_only_puerta_lavavajillas.mtl
[2.133s] -- Up-to-date symlink: /home/ines/tiago_ws/install/tiago_exam_worlds/share/tiago_exam_worlds/models/sink_furniture/meshes/kitchen_only_puerta_lavavajillas.obj
[2.133s] -- Up-to-date symlink: /home/ines/tiago_ws/install/tiago_exam_worlds/share/tiago_exam_worlds/models/sink_furniture/model.config
[2.133s] -- Up-to-date symlink: /home/ines/tiago_ws/install/tiago_exam_worlds/share/tiago_exam_worlds/models/sink_furniture/model.sdf
[2.134s] -- Up-to-date symlink: /home/ines/tiago_ws/install/tiago_exam_worlds/share/tiago_exam_worlds/models/slippery_patch/material/scripts/slippery_patch.material
[2.135s] -- Up-to-date symlink: /home/ines/tiago_ws/install/tiago_exam_worlds/share/tiago_exam_worlds/models/slippery_patch/material/textures/slippery_patch.jpg
[2.135s] -- Up-to-date symlink: /home/ines/tiago_ws/install/tiago_exam_worlds/share/tiago_exam_worlds/models/slippery_patch/model.config
[2.136s] -- Up-to-date symlink: /home/ines/tiago_ws/install/tiago_exam_worlds/share/tiago_exam_worlds/models/slippery_patch/slippery_patch.sdf
[2.136s] -- Up-to-date symlink: /home/ines/tiago_ws/install/tiago_exam_worlds/share/tiago_exam_worlds/models/small_cylinder/model.config
[2.173s] -- Up-to-date symlink: /home/ines/tiago_ws/install/tiago_exam_worlds/share/tiago_exam_worlds/models/small_cylinder/small_cylinder.sdf
[2.173s] -- Up-to-date symlink: /home/ines/tiago_ws/install/tiago_exam_worlds/share/tiago_exam_worlds/models/sofa/meshes/sofa.stl
[2.174s] -- Up-to-date symlink: /home/ines/tiago_ws/install/tiago_exam_worlds/share/tiago_exam_worlds/models/sofa/model.config
[2.174s] -- Up-to-date symlink: /home/ines/tiago_ws/install/tiago_exam_worlds/share/tiago_exam_worlds/models/sofa/sofa.sdf
[2.175s] -- Up-to-date symlink: /home/ines/tiago_ws/install/tiago_exam_worlds/share/tiago_exam_worlds/models/sprite/material/scripts/sprite.material
[2.177s] -- Up-to-date symlink: /home/ines/tiago_ws/install/tiago_exam_worlds/share/tiago_exam_worlds/models/sprite/material/textures/sprite.jpg
[2.177s] -- Up-to-date symlink: /home/ines/tiago_ws/install/tiago_exam_worlds/share/tiago_exam_worlds/models/sprite/model.config
[2.178s] -- Up-to-date symlink: /home/ines/tiago_ws/install/tiago_exam_worlds/share/tiago_exam_worlds/models/sprite/sprite.sdf
[2.178s] -- Up-to-date symlink: /home/ines/tiago_ws/install/tiago_exam_worlds/share/tiago_exam_worlds/models/sun/model-1_2.sdf
[2.179s] -- Up-to-date symlink: /home/ines/tiago_ws/install/tiago_exam_worlds/share/tiago_exam_worlds/models/sun/model-1_3.sdf
[2.180s] -- Up-to-date symlink: /home/ines/tiago_ws/install/tiago_exam_worlds/share/tiago_exam_worlds/models/sun/model-1_4.sdf
[2.180s] -- Up-to-date symlink: /home/ines/tiago_ws/install/tiago_exam_worlds/share/tiago_exam_worlds/models/sun/model.config
[2.181s] -- Up-to-date symlink: /home/ines/tiago_ws/install/tiago_exam_worlds/share/tiago_exam_worlds/models/sun/model.sdf
[2.181s] -- Up-to-date symlink: /home/ines/tiago_ws/install/tiago_exam_worlds/share/tiago_exam_worlds/models/table_0m8/model.config
[2.182s] -- Up-to-date symlink: /home/ines/tiago_ws/install/tiago_exam_worlds/share/tiago_exam_worlds/models/table_0m8/table.sdf
[2.182s] -- Up-to-date symlink: /home/ines/tiago_ws/install/tiago_exam_worlds/share/tiago_exam_worlds/models/table_1m/model.config
[2.183s] -- Up-to-date symlink: /home/ines/tiago_ws/install/tiago_exam_worlds/share/tiago_exam_worlds/models/table_1m/table_1m.sdf
[2.184s] -- Up-to-date symlink: /home/ines/tiago_ws/install/tiago_exam_worlds/share/tiago_exam_worlds/models/test2/meshes/test2.dae
[2.184s] -- Up-to-date symlink: /home/ines/tiago_ws/install/tiago_exam_worlds/share/tiago_exam_worlds/models/test2/model.config
[2.185s] -- Up-to-date symlink: /home/ines/tiago_ws/install/tiago_exam_worlds/share/tiago_exam_worlds/models/test2/test2.sdf
[2.186s] -- Up-to-date symlink: /home/ines/tiago_ws/install/tiago_exam_worlds/share/tiago_exam_worlds/models/testing_room/README
[2.186s] -- Up-to-date symlink: /home/ines/tiago_ws/install/tiago_exam_worlds/share/tiago_exam_worlds/models/testing_room/model.config
[2.187s] -- Up-to-date symlink: /home/ines/tiago_ws/install/tiago_exam_worlds/share/tiago_exam_worlds/models/testing_room/model.sdf
[2.188s] -- Up-to-date symlink: /home/ines/tiago_ws/install/tiago_exam_worlds/share/tiago_exam_worlds/models/testing_room/testing_room.png
[2.189s] -- Up-to-date symlink: /home/ines/tiago_ws/install/tiago_exam_worlds/share/tiago_exam_worlds/models/tv/meshes/tv.stl
[2.190s] -- Up-to-date symlink: /home/ines/tiago_ws/install/tiago_exam_worlds/share/tiago_exam_worlds/models/tv/model.config
[2.190s] -- Up-to-date symlink: /home/ines/tiago_ws/install/tiago_exam_worlds/share/tiago_exam_worlds/models/tv/tv.sdf
[2.191s] -- Up-to-date symlink: /home/ines/tiago_ws/install/tiago_exam_worlds/share/tiago_exam_worlds/models/wall_with_reem_photo/material/scripts/ball.material
[2.191s] -- Up-to-date symlink: /home/ines/tiago_ws/install/tiago_exam_worlds/share/tiago_exam_worlds/models/wall_with_reem_photo/material/scripts/wallWithREEMphoto.material
[2.276s] -- Up-to-date symlink: /home/ines/tiago_ws/install/tiago_exam_worlds/share/tiago_exam_worlds/models/wall_with_reem_photo/material/textures/REEM_photo0.jpg
[2.276s] -- Up-to-date symlink: /home/ines/tiago_ws/install/tiago_exam_worlds/share/tiago_exam_worlds/models/wall_with_reem_photo/model.config
[2.277s] -- Up-to-date symlink: /home/ines/tiago_ws/install/tiago_exam_worlds/share/tiago_exam_worlds/models/wall_with_reem_photo/model.sdf
[2.278s] -- Up-to-date symlink: /home/ines/tiago_ws/install/tiago_exam_worlds/share/tiago_exam_worlds/models/wardrobe/meshes/wardrobe.stl
[2.279s] -- Up-to-date symlink: /home/ines/tiago_ws/install/tiago_exam_worlds/share/tiago_exam_worlds/models/wardrobe/model.config
[2.279s] -- Up-to-date symlink: /home/ines/tiago_ws/install/tiago_exam_worlds/share/tiago_exam_worlds/models/wardrobe/wardrobe.sdf
[2.280s] -- Up-to-date symlink: /home/ines/tiago_ws/install/tiago_exam_worlds/share/tiago_exam_worlds/models/willowgarage/materials/textures/Carpet_Berber_Pattern_Gray_.png
[2.280s] -- Up-to-date symlink: /home/ines/tiago_ws/install/tiago_exam_worlds/share/tiago_exam_worlds/models/willowgarage/materials/textures/Stone_Brushed_Khaki_.png
[2.281s] -- Up-to-date symlink: /home/ines/tiago_ws/install/tiago_exam_worlds/share/tiago_exam_worlds/models/willowgarage/materials/textures/Wood_Bamboo_Medium_.png
[2.281s] -- Up-to-date symlink: /home/ines/tiago_ws/install/tiago_exam_worlds/share/tiago_exam_worlds/models/willowgarage/materials/textures/Wood_Cherry_Original_.png
[2.282s] -- Up-to-date symlink: /home/ines/tiago_ws/install/tiago_exam_worlds/share/tiago_exam_worlds/models/willowgarage/materials/textures/__Wood_Bamboo_Medium_1.png
[2.282s] -- Up-to-date symlink: /home/ines/tiago_ws/install/tiago_exam_worlds/share/tiago_exam_worlds/models/willowgarage/materials/textures/__auto_12.png
[2.283s] -- Up-to-date symlink: /home/ines/tiago_ws/install/tiago_exam_worlds/share/tiago_exam_worlds/models/willowgarage/materials/textures/__auto_2.png
[2.283s] -- Up-to-date symlink: /home/ines/tiago_ws/install/tiago_exam_worlds/share/tiago_exam_worlds/models/willowgarage/meshes/willowgarage_collision.dae
[2.284s] -- Up-to-date symlink: /home/ines/tiago_ws/install/tiago_exam_worlds/share/tiago_exam_worlds/models/willowgarage/meshes/willowgarage_visual.dae
[2.285s] -- Up-to-date symlink: /home/ines/tiago_ws/install/tiago_exam_worlds/share/tiago_exam_worlds/worlds/example.world
[2.285s] -- Up-to-date symlink: /home/ines/tiago_ws/install/tiago_exam_worlds/share/tiago_exam_worlds/worlds/group10.world
[2.285s] -- Up-to-date symlink: /home/ines/tiago_ws/install/tiago_exam_worlds/share/ament_index/resource_index/package_run_dependencies/tiago_exam_worlds
[2.286s] -- Up-to-date symlink: /home/ines/tiago_ws/install/tiago_exam_worlds/share/ament_index/resource_index/parent_prefix_path/tiago_exam_worlds
[2.300s] -- Up-to-date symlink: /home/ines/tiago_ws/install/tiago_exam_worlds/share/tiago_exam_worlds/environment/ament_prefix_path.sh
[2.300s] -- Up-to-date symlink: /home/ines/tiago_ws/install/tiago_exam_worlds/share/tiago_exam_worlds/environment/ament_prefix_path.dsv
[2.322s] -- Up-to-date symlink: /home/ines/tiago_ws/install/tiago_exam_worlds/share/tiago_exam_worlds/environment/path.sh
[2.323s] -- Up-to-date symlink: /home/ines/tiago_ws/install/tiago_exam_worlds/share/tiago_exam_worlds/environment/path.dsv
[2.344s] -- Up-to-date symlink: /home/ines/tiago_ws/install/tiago_exam_worlds/share/tiago_exam_worlds/local_setup.bash
[2.346s] -- Up-to-date symlink: /home/ines/tiago_ws/install/tiago_exam_worlds/share/tiago_exam_worlds/local_setup.sh
[2.347s] -- Up-to-date symlink: /home/ines/tiago_ws/install/tiago_exam_worlds/share/tiago_exam_worlds/local_setup.zsh
[2.347s] -- Up-to-date symlink: /home/ines/tiago_ws/install/tiago_exam_worlds/share/tiago_exam_worlds/local_setup.dsv
[2.348s] -- Symlinking: /home/ines/tiago_ws/install/tiago_exam_worlds/share/tiago_exam_worlds/package.dsv
[2.373s] -- Up-to-date symlink: /home/ines/tiago_ws/install/tiago_exam_worlds/share/ament_index/resource_index/packages/tiago_exam_worlds
[2.373s] -- Up-to-date symlink: /home/ines/tiago_ws/install/tiago_exam_worlds/share/tiago_exam_worlds/cmake/tiago_exam_worldsConfig.cmake
[2.374s] -- Up-to-date symlink: /home/ines/tiago_ws/install/tiago_exam_worlds/share/tiago_exam_worlds/cmake/tiago_exam_worldsConfig-version.cmake
[2.374s] -- Up-to-date symlink: /home/ines/tiago_ws/install/tiago_exam_worlds/share/tiago_exam_worlds/package.xml
[2.502s] Invoked command in '/home/ines/tiago_ws/build/tiago_exam_worlds' returned '0': CMAKE_PREFIX_PATH=${CMAKE_PREFIX_PATH}:/home/ines/tiago_ws/install/tiago_autonomous_navigation:/home/ines/tiago_ws/install/tiago_autonomous_exploration:/home/ines/ros2_ws/install/scripts:/home/ines/ros2_ws/install/acrobat:/opt/ros/humble /usr/bin/cmake --install /home/ines/tiago_ws/build/tiago_exam_worlds
