[0.240s] Invoking command in '/home/ines/tiago_ws/build/pmb2_laser_sensors': CMAKE_PREFIX_PATH=${CMAKE_PREFIX_PATH}:/home/ines/tiago_ws/install/tiago_autonomous_navigation:/home/ines/tiago_ws/install/tiago_autonomous_exploration:/home/ines/ros2_ws/install/scripts:/home/ines/ros2_ws/install/acrobat:/opt/ros/humble /usr/bin/cmake --build /home/ines/tiago_ws/build/pmb2_laser_sensors -- -j8 -l8
[2.767s] Invoked command in '/home/ines/tiago_ws/build/pmb2_laser_sensors' returned '0': CMAKE_PREFIX_PATH=${CMAKE_PREFIX_PATH}:/home/ines/tiago_ws/install/tiago_autonomous_navigation:/home/ines/tiago_ws/install/tiago_autonomous_exploration:/home/ines/ros2_ws/install/scripts:/home/ines/ros2_ws/install/acrobat:/opt/ros/humble /usr/bin/cmake --build /home/ines/tiago_ws/build/pmb2_laser_sensors -- -j8 -l8
[2.922s] Invoking command in '/home/ines/tiago_ws/build/pmb2_laser_sensors': CMAKE_PREFIX_PATH=${CMAKE_PREFIX_PATH}:/home/ines/tiago_ws/install/tiago_autonomous_navigation:/home/ines/tiago_ws/install/tiago_autonomous_exploration:/home/ines/ros2_ws/install/scripts:/home/ines/ros2_ws/install/acrobat:/opt/ros/humble /usr/bin/cmake --install /home/ines/tiago_ws/build/pmb2_laser_sensors
[2.974s] -- Install configuration: ""
[3.000s] -- Execute custom install script
[3.018s] -- Up-to-date symlink: /home/ines/tiago_ws/install/pmb2_laser_sensors/share/pmb2_laser_sensors/config/sick-551_filter.yaml
[3.019s] -- Up-to-date symlink: /home/ines/tiago_ws/install/pmb2_laser_sensors/share/pmb2_laser_sensors/config/sick-561_filter.yaml
[3.019s] -- Up-to-date symlink: /home/ines/tiago_ws/install/pmb2_laser_sensors/share/pmb2_laser_sensors/config/sick-571_filter.yaml
[3.020s] -- Up-to-date symlink: /home/ines/tiago_ws/install/pmb2_laser_sensors/share/pmb2_laser_sensors/config/sick_tim551_laser.yaml
[3.020s] -- Up-to-date symlink: /home/ines/tiago_ws/install/pmb2_laser_sensors/share/pmb2_laser_sensors/config/sick_tim561_laser.yaml
[3.022s] -- Up-to-date symlink: /home/ines/tiago_ws/install/pmb2_laser_sensors/share/pmb2_laser_sensors/config/sick_tim571_laser.yaml
[3.112s] -- Up-to-date symlink: /home/ines/tiago_ws/install/pmb2_laser_sensors/share/pmb2_laser_sensors/launch/laser.launch.py
[3.113s] -- Up-to-date symlink: /home/ines/tiago_ws/install/pmb2_laser_sensors/share/pmb2_laser_sensors/launch/laser_filters.launch.py
[3.116s] -- Up-to-date symlink: /home/ines/tiago_ws/install/pmb2_laser_sensors/share/pmb2_laser_sensors/launch/sick-551_laser.launch.py
[3.117s] -- Up-to-date symlink: /home/ines/tiago_ws/install/pmb2_laser_sensors/share/pmb2_laser_sensors/launch/sick-561_laser.launch.py
[3.119s] -- Up-to-date symlink: /home/ines/tiago_ws/install/pmb2_laser_sensors/share/pmb2_laser_sensors/launch/sick-571_laser.launch.py
[3.126s] -- Up-to-date symlink: /home/ines/tiago_ws/install/pmb2_laser_sensors/share/ament_index/resource_index/package_run_dependencies/pmb2_laser_sensors
[3.138s] -- Up-to-date symlink: /home/ines/tiago_ws/install/pmb2_laser_sensors/share/ament_index/resource_index/parent_prefix_path/pmb2_laser_sensors
[3.156s] -- Up-to-date symlink: /home/ines/tiago_ws/install/pmb2_laser_sensors/share/pmb2_laser_sensors/environment/ament_prefix_path.sh
[3.157s] -- Up-to-date symlink: /home/ines/tiago_ws/install/pmb2_laser_sensors/share/pmb2_laser_sensors/environment/ament_prefix_path.dsv
[3.157s] -- Up-to-date symlink: /home/ines/tiago_ws/install/pmb2_laser_sensors/share/pmb2_laser_sensors/environment/path.sh
[3.157s] -- Up-to-date symlink: /home/ines/tiago_ws/install/pmb2_laser_sensors/share/pmb2_laser_sensors/environment/path.dsv
[3.160s] -- Up-to-date symlink: /home/ines/tiago_ws/install/pmb2_laser_sensors/share/pmb2_laser_sensors/local_setup.bash
[3.161s] -- Up-to-date symlink: /home/ines/tiago_ws/install/pmb2_laser_sensors/share/pmb2_laser_sensors/local_setup.sh
[3.162s] -- Up-to-date symlink: /home/ines/tiago_ws/install/pmb2_laser_sensors/share/pmb2_laser_sensors/local_setup.zsh
[3.163s] -- Up-to-date symlink: /home/ines/tiago_ws/install/pmb2_laser_sensors/share/pmb2_laser_sensors/local_setup.dsv
[3.164s] -- Symlinking: /home/ines/tiago_ws/install/pmb2_laser_sensors/share/pmb2_laser_sensors/package.dsv
[3.216s] -- Up-to-date symlink: /home/ines/tiago_ws/install/pmb2_laser_sensors/share/ament_index/resource_index/packages/pmb2_laser_sensors
[3.266s] -- Up-to-date symlink: /home/ines/tiago_ws/install/pmb2_laser_sensors/share/pmb2_laser_sensors/cmake/pmb2_laser_sensorsConfig.cmake
[3.267s] -- Up-to-date symlink: /home/ines/tiago_ws/install/pmb2_laser_sensors/share/pmb2_laser_sensors/cmake/pmb2_laser_sensorsConfig-version.cmake
[3.273s] -- Up-to-date symlink: /home/ines/tiago_ws/install/pmb2_laser_sensors/share/pmb2_laser_sensors/package.xml
[3.546s] Invoked command in '/home/ines/tiago_ws/build/pmb2_laser_sensors' returned '0': CMAKE_PREFIX_PATH=${CMAKE_PREFIX_PATH}:/home/ines/tiago_ws/install/tiago_autonomous_navigation:/home/ines/tiago_ws/install/tiago_autonomous_exploration:/home/ines/ros2_ws/install/scripts:/home/ines/ros2_ws/install/acrobat:/opt/ros/humble /usr/bin/cmake --install /home/ines/tiago_ws/build/pmb2_laser_sensors
