[0.071s] Invoking command in '/home/ines/tiago_ws/build/pymoveit2': CMAKE_PREFIX_PATH=${CMAKE_PREFIX_PATH}:/home/ines/tiago_ws/install/tiago_autonomous_navigation:/home/ines/tiago_ws/install/tiago_autonomous_exploration:/home/ines/ros2_ws/install/scripts:/home/ines/ros2_ws/install/acrobat:/opt/ros/humble /usr/bin/cmake --build /home/ines/tiago_ws/build/pymoveit2 -- -j8 -l8
[0.218s] Built target ament_cmake_python_symlink_pymoveit2
[0.750s] running egg_info
[0.751s] writing pymoveit2.egg-info/PKG-INFO
[0.752s] writing dependency_links to pymoveit2.egg-info/dependency_links.txt
[0.752s] writing top-level names to pymoveit2.egg-info/top_level.txt
[0.757s] reading manifest file 'pymoveit2.egg-info/SOURCES.txt'
[0.758s] writing manifest file 'pymoveit2.egg-info/SOURCES.txt'
[0.823s] Built target ament_cmake_python_build_pymoveit2_egg
[1.222s] Invoked command in '/home/ines/tiago_ws/build/pymoveit2' returned '0': CMAKE_PREFIX_PATH=${CMAKE_PREFIX_PATH}:/home/ines/tiago_ws/install/tiago_autonomous_navigation:/home/ines/tiago_ws/install/tiago_autonomous_exploration:/home/ines/ros2_ws/install/scripts:/home/ines/ros2_ws/install/acrobat:/opt/ros/humble /usr/bin/cmake --build /home/ines/tiago_ws/build/pymoveit2 -- -j8 -l8
[1.285s] Invoking command in '/home/ines/tiago_ws/build/pymoveit2': CMAKE_PREFIX_PATH=${CMAKE_PREFIX_PATH}:/home/ines/tiago_ws/install/tiago_autonomous_navigation:/home/ines/tiago_ws/install/tiago_autonomous_exploration:/home/ines/ros2_ws/install/scripts:/home/ines/ros2_ws/install/acrobat:/opt/ros/humble /usr/bin/cmake --install /home/ines/tiago_ws/build/pymoveit2
[1.296s] -- Install configuration: ""
[1.297s] -- Execute custom install script
[1.300s] -- Up-to-date symlink: /home/ines/tiago_ws/install/pymoveit2/share/pymoveit2/environment/pythonpath.sh
[1.301s] -- Up-to-date symlink: /home/ines/tiago_ws/install/pymoveit2/share/pymoveit2/environment/pythonpath.dsv
[1.306s] -- Up-to-date symlink: /home/ines/tiago_ws/install/pymoveit2/local/lib/python3.10/dist-packages/pymoveit2-4.2.0-py3.10.egg-info/PKG-INFO
[1.306s] -- Up-to-date symlink: /home/ines/tiago_ws/install/pymoveit2/local/lib/python3.10/dist-packages/pymoveit2-4.2.0-py3.10.egg-info/SOURCES.txt
[1.307s] -- Up-to-date symlink: /home/ines/tiago_ws/install/pymoveit2/local/lib/python3.10/dist-packages/pymoveit2-4.2.0-py3.10.egg-info/dependency_links.txt
[1.307s] -- Up-to-date symlink: /home/ines/tiago_ws/install/pymoveit2/local/lib/python3.10/dist-packages/pymoveit2-4.2.0-py3.10.egg-info/top_level.txt
[1.307s] -- Up-to-date symlink: /home/ines/tiago_ws/install/pymoveit2/local/lib/python3.10/dist-packages/pymoveit2/__init__.py
[1.308s] -- Up-to-date symlink: /home/ines/tiago_ws/install/pymoveit2/local/lib/python3.10/dist-packages/pymoveit2/gripper_command.py
[1.308s] -- Up-to-date symlink: /home/ines/tiago_ws/install/pymoveit2/local/lib/python3.10/dist-packages/pymoveit2/gripper_interface.py
[1.308s] -- Up-to-date symlink: /home/ines/tiago_ws/install/pymoveit2/local/lib/python3.10/dist-packages/pymoveit2/moveit2.py
[1.309s] -- Up-to-date symlink: /home/ines/tiago_ws/install/pymoveit2/local/lib/python3.10/dist-packages/pymoveit2/moveit2_gripper.py
[1.309s] -- Up-to-date symlink: /home/ines/tiago_ws/install/pymoveit2/local/lib/python3.10/dist-packages/pymoveit2/moveit2_servo.py
[1.309s] -- Up-to-date symlink: /home/ines/tiago_ws/install/pymoveit2/local/lib/python3.10/dist-packages/pymoveit2/robots/__init__.py
[1.309s] -- Up-to-date symlink: /home/ines/tiago_ws/install/pymoveit2/local/lib/python3.10/dist-packages/pymoveit2/robots/crane_x7.py
[1.310s] -- Up-to-date symlink: /home/ines/tiago_ws/install/pymoveit2/local/lib/python3.10/dist-packages/pymoveit2/robots/kinova.py
[1.310s] -- Up-to-date symlink: /home/ines/tiago_ws/install/pymoveit2/local/lib/python3.10/dist-packages/pymoveit2/robots/lbr.py
[1.310s] -- Up-to-date symlink: /home/ines/tiago_ws/install/pymoveit2/local/lib/python3.10/dist-packages/pymoveit2/robots/panda.py
[1.311s] -- Up-to-date symlink: /home/ines/tiago_ws/install/pymoveit2/local/lib/python3.10/dist-packages/pymoveit2/robots/phantomx_pincher.py
[1.311s] -- Up-to-date symlink: /home/ines/tiago_ws/install/pymoveit2/local/lib/python3.10/dist-packages/pymoveit2/robots/ur.py
[1.311s] -- Up-to-date symlink: /home/ines/tiago_ws/install/pymoveit2/local/lib/python3.10/dist-packages/pymoveit2/utils.py
[1.311s] -- Up-to-date symlink: /home/ines/tiago_ws/install/pymoveit2/lib/pymoveit2/ex_allow_collisions.py
[1.312s] -- Up-to-date symlink: /home/ines/tiago_ws/install/pymoveit2/lib/pymoveit2/ex_clear_planning_scene.py
[1.312s] -- Up-to-date symlink: /home/ines/tiago_ws/install/pymoveit2/lib/pymoveit2/ex_collision_mesh.py
[1.312s] -- Up-to-date symlink: /home/ines/tiago_ws/install/pymoveit2/lib/pymoveit2/ex_collision_primitive.py
[1.312s] -- Up-to-date symlink: /home/ines/tiago_ws/install/pymoveit2/lib/pymoveit2/ex_fk.py
[1.313s] -- Up-to-date symlink: /home/ines/tiago_ws/install/pymoveit2/lib/pymoveit2/ex_gripper.py
[1.313s] -- Up-to-date symlink: /home/ines/tiago_ws/install/pymoveit2/lib/pymoveit2/ex_ik.py
[1.313s] -- Up-to-date symlink: /home/ines/tiago_ws/install/pymoveit2/lib/pymoveit2/ex_joint_goal.py
[1.314s] -- Up-to-date symlink: /home/ines/tiago_ws/install/pymoveit2/lib/pymoveit2/ex_orientation_path_constraint.py
[1.314s] -- Up-to-date symlink: /home/ines/tiago_ws/install/pymoveit2/lib/pymoveit2/ex_pose_goal.py
[1.314s] -- Up-to-date symlink: /home/ines/tiago_ws/install/pymoveit2/lib/pymoveit2/ex_servo.py
[1.315s] -- Up-to-date symlink: /home/ines/tiago_ws/install/pymoveit2/share/ament_index/resource_index/package_run_dependencies/pymoveit2
[1.315s] -- Up-to-date symlink: /home/ines/tiago_ws/install/pymoveit2/share/ament_index/resource_index/parent_prefix_path/pymoveit2
[1.315s] -- Up-to-date symlink: /home/ines/tiago_ws/install/pymoveit2/share/pymoveit2/environment/ament_prefix_path.sh
[1.316s] -- Up-to-date symlink: /home/ines/tiago_ws/install/pymoveit2/share/pymoveit2/environment/ament_prefix_path.dsv
[1.316s] -- Up-to-date symlink: /home/ines/tiago_ws/install/pymoveit2/share/pymoveit2/environment/path.sh
[1.317s] -- Up-to-date symlink: /home/ines/tiago_ws/install/pymoveit2/share/pymoveit2/environment/path.dsv
[1.317s] -- Up-to-date symlink: /home/ines/tiago_ws/install/pymoveit2/share/pymoveit2/local_setup.bash
[1.317s] -- Up-to-date symlink: /home/ines/tiago_ws/install/pymoveit2/share/pymoveit2/local_setup.sh
[1.318s] -- Up-to-date symlink: /home/ines/tiago_ws/install/pymoveit2/share/pymoveit2/local_setup.zsh
[1.318s] -- Up-to-date symlink: /home/ines/tiago_ws/install/pymoveit2/share/pymoveit2/local_setup.dsv
[1.318s] -- Symlinking: /home/ines/tiago_ws/install/pymoveit2/share/pymoveit2/package.dsv
[1.335s] -- Up-to-date symlink: /home/ines/tiago_ws/install/pymoveit2/share/ament_index/resource_index/packages/pymoveit2
[1.335s] -- Up-to-date symlink: /home/ines/tiago_ws/install/pymoveit2/share/pymoveit2/cmake/pymoveit2Config.cmake
[1.335s] -- Up-to-date symlink: /home/ines/tiago_ws/install/pymoveit2/share/pymoveit2/cmake/pymoveit2Config-version.cmake
[1.335s] -- Up-to-date symlink: /home/ines/tiago_ws/install/pymoveit2/share/pymoveit2/package.xml
[1.426s] Listing '/home/ines/tiago_ws/install/pymoveit2/local/lib/python3.10/dist-packages/pymoveit2'...
[1.426s] Listing '/home/ines/tiago_ws/install/pymoveit2/local/lib/python3.10/dist-packages/pymoveit2/robots'...
[1.464s] Invoked command in '/home/ines/tiago_ws/build/pymoveit2' returned '0': CMAKE_PREFIX_PATH=${CMAKE_PREFIX_PATH}:/home/ines/tiago_ws/install/tiago_autonomous_navigation:/home/ines/tiago_ws/install/tiago_autonomous_exploration:/home/ines/ros2_ws/install/scripts:/home/ines/ros2_ws/install/acrobat:/opt/ros/humble /usr/bin/cmake --install /home/ines/tiago_ws/build/pymoveit2
