[0.090s] Invoking command in '/home/ines/tiago_ws/build/pmb2_controller_configuration': CMAKE_PREFIX_PATH=${CMAKE_PREFIX_PATH}:/home/ines/tiago_ws/install/tiago_autonomous_navigation:/home/ines/tiago_ws/install/tiago_autonomous_exploration:/home/ines/ros2_ws/install/scripts:/home/ines/ros2_ws/install/acrobat:/opt/ros/humble /usr/bin/cmake --build /home/ines/tiago_ws/build/pmb2_controller_configuration -- -j8 -l8
[0.827s] Invoked command in '/home/ines/tiago_ws/build/pmb2_controller_configuration' returned '0': CMAKE_PREFIX_PATH=${CMAKE_PREFIX_PATH}:/home/ines/tiago_ws/install/tiago_autonomous_navigation:/home/ines/tiago_ws/install/tiago_autonomous_exploration:/home/ines/ros2_ws/install/scripts:/home/ines/ros2_ws/install/acrobat:/opt/ros/humble /usr/bin/cmake --build /home/ines/tiago_ws/build/pmb2_controller_configuration -- -j8 -l8
[0.912s] Invoking command in '/home/ines/tiago_ws/build/pmb2_controller_configuration': CMAKE_PREFIX_PATH=${CMAKE_PREFIX_PATH}:/home/ines/tiago_ws/install/tiago_autonomous_navigation:/home/ines/tiago_ws/install/tiago_autonomous_exploration:/home/ines/ros2_ws/install/scripts:/home/ines/ros2_ws/install/acrobat:/opt/ros/humble /usr/bin/cmake --install /home/ines/tiago_ws/build/pmb2_controller_configuration
[0.950s] -- Install configuration: ""
[0.960s] -- Execute custom install script
[0.961s] -- Up-to-date symlink: /home/ines/tiago_ws/install/pmb2_controller_configuration/share/pmb2_controller_configuration/config/gazebo_controller_manager_cfg.yaml
[0.961s] -- Up-to-date symlink: /home/ines/tiago_ws/install/pmb2_controller_configuration/share/pmb2_controller_configuration/config/joint_state_broadcaster.yaml
[0.963s] -- Up-to-date symlink: /home/ines/tiago_ws/install/pmb2_controller_configuration/share/pmb2_controller_configuration/config/mobile_base_controller.yaml
[0.963s] -- Up-to-date symlink: /home/ines/tiago_ws/install/pmb2_controller_configuration/share/pmb2_controller_configuration/launch/default_controllers.launch.py
[0.963s] -- Up-to-date symlink: /home/ines/tiago_ws/install/pmb2_controller_configuration/share/pmb2_controller_configuration/launch/joint_state_broadcaster.launch.py
[0.963s] -- Up-to-date symlink: /home/ines/tiago_ws/install/pmb2_controller_configuration/share/pmb2_controller_configuration/launch/mobile_base_controller.launch.py
[0.963s] -- Up-to-date symlink: /home/ines/tiago_ws/install/pmb2_controller_configuration/share/ament_index/resource_index/package_run_dependencies/pmb2_controller_configuration
[0.963s] -- Up-to-date symlink: /home/ines/tiago_ws/install/pmb2_controller_configuration/share/ament_index/resource_index/parent_prefix_path/pmb2_controller_configuration
[0.964s] -- Up-to-date symlink: /home/ines/tiago_ws/install/pmb2_controller_configuration/share/pmb2_controller_configuration/environment/ament_prefix_path.sh
[0.964s] -- Up-to-date symlink: /home/ines/tiago_ws/install/pmb2_controller_configuration/share/pmb2_controller_configuration/environment/ament_prefix_path.dsv
[0.967s] -- Up-to-date symlink: /home/ines/tiago_ws/install/pmb2_controller_configuration/share/pmb2_controller_configuration/environment/path.sh
[0.967s] -- Up-to-date symlink: /home/ines/tiago_ws/install/pmb2_controller_configuration/share/pmb2_controller_configuration/environment/path.dsv
[0.967s] -- Up-to-date symlink: /home/ines/tiago_ws/install/pmb2_controller_configuration/share/pmb2_controller_configuration/local_setup.bash
[0.969s] -- Up-to-date symlink: /home/ines/tiago_ws/install/pmb2_controller_configuration/share/pmb2_controller_configuration/local_setup.sh
[0.969s] -- Up-to-date symlink: /home/ines/tiago_ws/install/pmb2_controller_configuration/share/pmb2_controller_configuration/local_setup.zsh
[0.969s] -- Up-to-date symlink: /home/ines/tiago_ws/install/pmb2_controller_configuration/share/pmb2_controller_configuration/local_setup.dsv
[0.969s] -- Symlinking: /home/ines/tiago_ws/install/pmb2_controller_configuration/share/pmb2_controller_configuration/package.dsv
[0.980s] -- Up-to-date symlink: /home/ines/tiago_ws/install/pmb2_controller_configuration/share/ament_index/resource_index/packages/pmb2_controller_configuration
[0.980s] -- Up-to-date symlink: /home/ines/tiago_ws/install/pmb2_controller_configuration/share/pmb2_controller_configuration/cmake/pmb2_controller_configurationConfig.cmake
[0.985s] -- Up-to-date symlink: /home/ines/tiago_ws/install/pmb2_controller_configuration/share/pmb2_controller_configuration/cmake/pmb2_controller_configurationConfig-version.cmake
[0.985s] -- Up-to-date symlink: /home/ines/tiago_ws/install/pmb2_controller_configuration/share/pmb2_controller_configuration/package.xml
[1.026s] Invoked command in '/home/ines/tiago_ws/build/pmb2_controller_configuration' returned '0': CMAKE_PREFIX_PATH=${CMAKE_PREFIX_PATH}:/home/ines/tiago_ws/install/tiago_autonomous_navigation:/home/ines/tiago_ws/install/tiago_autonomous_exploration:/home/ines/ros2_ws/install/scripts:/home/ines/ros2_ws/install/acrobat:/opt/ros/humble /usr/bin/cmake --install /home/ines/tiago_ws/build/pmb2_controller_configuration
