[0.034s] Invoking command in '/home/ines/tiago_ws/build/pal_navigation_cfg': CMAKE_PREFIX_PATH=/home/ines/tiago_ws/install/pal_navigation_cfg_bringup:/home/ines/tiago_ws/install/pal_navigation_cfg_params:/home/ines/tiago_ws/install/tiago_navigation:/home/ines/tiago_ws/install/tiago_rgbd_sensors:/home/ines/tiago_ws/install/tiago_laser_sensors:/home/ines/tiago_ws/install/tiago_exam_worlds:/home/ines/tiago_ws/install/tiago_exam:/home/ines/tiago_ws/install/tiago_controller_configuration:/home/ines/tiago_ws/install/tiago_2dnav:/home/ines/tiago_ws/install/pmb2_rgbd_sensors:/home/ines/tiago_ws/install/pmb2_navigation:/home/ines/tiago_ws/install/pmb2_laser_sensors:/home/ines/tiago_ws/install/pmb2_2dnav:/home/ines/tiago_ws/install/pal_navigation_cfg:/home/ines/tiago_ws/install/multirobot_map_merge:/home/ines/tiago_ws/install/explore_lite:/home/ines/test_ws/install/my_package:/home/ines/tiago_ws/install/tiago_autonomous_navigation:/home/ines/tiago_ws/install/tiago_autonomous_exploration:/home/ines/ros2_ws/install/scripts:/home/ines/ros2_ws/install/acrobat:/opt/ros/humble /usr/bin/cmake /home/ines/tiago_ws/src/pal_navigation_cfg_public/pal_navigation_cfg_public -DAMENT_CMAKE_SYMLINK_INSTALL=1 -DCMAKE_INSTALL_PREFIX=/home/ines/tiago_ws/install/pal_navigation_cfg
[0.189s] -- The C compiler identification is GNU 11.4.0
[0.298s] -- The CXX compiler identification is GNU 11.4.0
[0.312s] -- Detecting C compiler ABI info
[0.441s] -- Detecting C compiler ABI info - done
[0.454s] -- Check for working C compiler: /usr/bin/cc - skipped
[0.455s] -- Detecting C compile features
[0.455s] -- Detecting C compile features - done
[0.461s] -- Detecting CXX compiler ABI info
[0.625s] -- Detecting CXX compiler ABI info - done
[0.642s] -- Check for working CXX compiler: /usr/bin/c++ - skipped
[0.643s] -- Detecting CXX compile features
[0.644s] -- Detecting CXX compile features - done
[0.652s] -- Found ament_cmake_auto: 1.3.8 (/opt/ros/humble/share/ament_cmake_auto/cmake)
[0.989s] -- Found Python3: /usr/bin/python3 (found version "3.10.12") found components: Interpreter 
[1.143s] -- Override CMake install command with custom implementation using symlinks instead of copying resources
[1.385s] -- Configuring done
[1.391s] -- Generating done
[1.393s] -- Build files have been written to: /home/ines/tiago_ws/build/pal_navigation_cfg
[1.402s] Invoked command in '/home/ines/tiago_ws/build/pal_navigation_cfg' returned '0': CMAKE_PREFIX_PATH=/home/ines/tiago_ws/install/pal_navigation_cfg_bringup:/home/ines/tiago_ws/install/pal_navigation_cfg_params:/home/ines/tiago_ws/install/tiago_navigation:/home/ines/tiago_ws/install/tiago_rgbd_sensors:/home/ines/tiago_ws/install/tiago_laser_sensors:/home/ines/tiago_ws/install/tiago_exam_worlds:/home/ines/tiago_ws/install/tiago_exam:/home/ines/tiago_ws/install/tiago_controller_configuration:/home/ines/tiago_ws/install/tiago_2dnav:/home/ines/tiago_ws/install/pmb2_rgbd_sensors:/home/ines/tiago_ws/install/pmb2_navigation:/home/ines/tiago_ws/install/pmb2_laser_sensors:/home/ines/tiago_ws/install/pmb2_2dnav:/home/ines/tiago_ws/install/pal_navigation_cfg:/home/ines/tiago_ws/install/multirobot_map_merge:/home/ines/tiago_ws/install/explore_lite:/home/ines/test_ws/install/my_package:/home/ines/tiago_ws/install/tiago_autonomous_navigation:/home/ines/tiago_ws/install/tiago_autonomous_exploration:/home/ines/ros2_ws/install/scripts:/home/ines/ros2_ws/install/acrobat:/opt/ros/humble /usr/bin/cmake /home/ines/tiago_ws/src/pal_navigation_cfg_public/pal_navigation_cfg_public -DAMENT_CMAKE_SYMLINK_INSTALL=1 -DCMAKE_INSTALL_PREFIX=/home/ines/tiago_ws/install/pal_navigation_cfg
[1.405s] Invoking command in '/home/ines/tiago_ws/build/pal_navigation_cfg': CMAKE_PREFIX_PATH=/home/ines/tiago_ws/install/pal_navigation_cfg_bringup:/home/ines/tiago_ws/install/pal_navigation_cfg_params:/home/ines/tiago_ws/install/tiago_navigation:/home/ines/tiago_ws/install/tiago_rgbd_sensors:/home/ines/tiago_ws/install/tiago_laser_sensors:/home/ines/tiago_ws/install/tiago_exam_worlds:/home/ines/tiago_ws/install/tiago_exam:/home/ines/tiago_ws/install/tiago_controller_configuration:/home/ines/tiago_ws/install/tiago_2dnav:/home/ines/tiago_ws/install/pmb2_rgbd_sensors:/home/ines/tiago_ws/install/pmb2_navigation:/home/ines/tiago_ws/install/pmb2_laser_sensors:/home/ines/tiago_ws/install/pmb2_2dnav:/home/ines/tiago_ws/install/pal_navigation_cfg:/home/ines/tiago_ws/install/multirobot_map_merge:/home/ines/tiago_ws/install/explore_lite:/home/ines/test_ws/install/my_package:/home/ines/tiago_ws/install/tiago_autonomous_navigation:/home/ines/tiago_ws/install/tiago_autonomous_exploration:/home/ines/ros2_ws/install/scripts:/home/ines/ros2_ws/install/acrobat:/opt/ros/humble /usr/bin/cmake --build /home/ines/tiago_ws/build/pal_navigation_cfg -- -j8 -l8
[1.478s] Invoked command in '/home/ines/tiago_ws/build/pal_navigation_cfg' returned '0': CMAKE_PREFIX_PATH=/home/ines/tiago_ws/install/pal_navigation_cfg_bringup:/home/ines/tiago_ws/install/pal_navigation_cfg_params:/home/ines/tiago_ws/install/tiago_navigation:/home/ines/tiago_ws/install/tiago_rgbd_sensors:/home/ines/tiago_ws/install/tiago_laser_sensors:/home/ines/tiago_ws/install/tiago_exam_worlds:/home/ines/tiago_ws/install/tiago_exam:/home/ines/tiago_ws/install/tiago_controller_configuration:/home/ines/tiago_ws/install/tiago_2dnav:/home/ines/tiago_ws/install/pmb2_rgbd_sensors:/home/ines/tiago_ws/install/pmb2_navigation:/home/ines/tiago_ws/install/pmb2_laser_sensors:/home/ines/tiago_ws/install/pmb2_2dnav:/home/ines/tiago_ws/install/pal_navigation_cfg:/home/ines/tiago_ws/install/multirobot_map_merge:/home/ines/tiago_ws/install/explore_lite:/home/ines/test_ws/install/my_package:/home/ines/tiago_ws/install/tiago_autonomous_navigation:/home/ines/tiago_ws/install/tiago_autonomous_exploration:/home/ines/ros2_ws/install/scripts:/home/ines/ros2_ws/install/acrobat:/opt/ros/humble /usr/bin/cmake --build /home/ines/tiago_ws/build/pal_navigation_cfg -- -j8 -l8
[1.526s] Invoking command in '/home/ines/tiago_ws/build/pal_navigation_cfg': CMAKE_PREFIX_PATH=/home/ines/tiago_ws/install/pal_navigation_cfg_bringup:/home/ines/tiago_ws/install/pal_navigation_cfg_params:/home/ines/tiago_ws/install/tiago_navigation:/home/ines/tiago_ws/install/tiago_rgbd_sensors:/home/ines/tiago_ws/install/tiago_laser_sensors:/home/ines/tiago_ws/install/tiago_exam_worlds:/home/ines/tiago_ws/install/tiago_exam:/home/ines/tiago_ws/install/tiago_controller_configuration:/home/ines/tiago_ws/install/tiago_2dnav:/home/ines/tiago_ws/install/pmb2_rgbd_sensors:/home/ines/tiago_ws/install/pmb2_navigation:/home/ines/tiago_ws/install/pmb2_laser_sensors:/home/ines/tiago_ws/install/pmb2_2dnav:/home/ines/tiago_ws/install/pal_navigation_cfg:/home/ines/tiago_ws/install/multirobot_map_merge:/home/ines/tiago_ws/install/explore_lite:/home/ines/test_ws/install/my_package:/home/ines/tiago_ws/install/tiago_autonomous_navigation:/home/ines/tiago_ws/install/tiago_autonomous_exploration:/home/ines/ros2_ws/install/scripts:/home/ines/ros2_ws/install/acrobat:/opt/ros/humble /usr/bin/cmake --install /home/ines/tiago_ws/build/pal_navigation_cfg
[1.540s] -- Install configuration: ""
[1.540s] -- Execute custom install script
[1.541s] -- Symlinking: /home/ines/tiago_ws/install/pal_navigation_cfg/share/ament_index/resource_index/package_run_dependencies/pal_navigation_cfg
[1.560s] -- Symlinking: /home/ines/tiago_ws/install/pal_navigation_cfg/share/ament_index/resource_index/parent_prefix_path/pal_navigation_cfg
[1.574s] -- Symlinking: /home/ines/tiago_ws/install/pal_navigation_cfg/share/pal_navigation_cfg/environment/ament_prefix_path.sh
[1.590s] -- Symlinking: /home/ines/tiago_ws/install/pal_navigation_cfg/share/pal_navigation_cfg/environment/ament_prefix_path.dsv
[1.606s] -- Symlinking: /home/ines/tiago_ws/install/pal_navigation_cfg/share/pal_navigation_cfg/environment/path.sh
[1.621s] -- Symlinking: /home/ines/tiago_ws/install/pal_navigation_cfg/share/pal_navigation_cfg/environment/path.dsv
[1.638s] -- Symlinking: /home/ines/tiago_ws/install/pal_navigation_cfg/share/pal_navigation_cfg/local_setup.bash
[1.653s] -- Symlinking: /home/ines/tiago_ws/install/pal_navigation_cfg/share/pal_navigation_cfg/local_setup.sh
[1.669s] -- Symlinking: /home/ines/tiago_ws/install/pal_navigation_cfg/share/pal_navigation_cfg/local_setup.zsh
[1.685s] -- Symlinking: /home/ines/tiago_ws/install/pal_navigation_cfg/share/pal_navigation_cfg/local_setup.dsv
[1.699s] -- Symlinking: /home/ines/tiago_ws/install/pal_navigation_cfg/share/pal_navigation_cfg/package.dsv
[1.715s] -- Symlinking: /home/ines/tiago_ws/install/pal_navigation_cfg/share/ament_index/resource_index/packages/pal_navigation_cfg
[1.732s] -- Symlinking: /home/ines/tiago_ws/install/pal_navigation_cfg/share/pal_navigation_cfg/cmake/pal_navigation_cfgConfig.cmake
[1.746s] -- Symlinking: /home/ines/tiago_ws/install/pal_navigation_cfg/share/pal_navigation_cfg/cmake/pal_navigation_cfgConfig-version.cmake
[1.761s] -- Symlinking: /home/ines/tiago_ws/install/pal_navigation_cfg/share/pal_navigation_cfg/package.xml
[1.781s] Invoked command in '/home/ines/tiago_ws/build/pal_navigation_cfg' returned '0': CMAKE_PREFIX_PATH=/home/ines/tiago_ws/install/pal_navigation_cfg_bringup:/home/ines/tiago_ws/install/pal_navigation_cfg_params:/home/ines/tiago_ws/install/tiago_navigation:/home/ines/tiago_ws/install/tiago_rgbd_sensors:/home/ines/tiago_ws/install/tiago_laser_sensors:/home/ines/tiago_ws/install/tiago_exam_worlds:/home/ines/tiago_ws/install/tiago_exam:/home/ines/tiago_ws/install/tiago_controller_configuration:/home/ines/tiago_ws/install/tiago_2dnav:/home/ines/tiago_ws/install/pmb2_rgbd_sensors:/home/ines/tiago_ws/install/pmb2_navigation:/home/ines/tiago_ws/install/pmb2_laser_sensors:/home/ines/tiago_ws/install/pmb2_2dnav:/home/ines/tiago_ws/install/pal_navigation_cfg:/home/ines/tiago_ws/install/multirobot_map_merge:/home/ines/tiago_ws/install/explore_lite:/home/ines/test_ws/install/my_package:/home/ines/tiago_ws/install/tiago_autonomous_navigation:/home/ines/tiago_ws/install/tiago_autonomous_exploration:/home/ines/ros2_ws/install/scripts:/home/ines/ros2_ws/install/acrobat:/opt/ros/humble /usr/bin/cmake --install /home/ines/tiago_ws/build/pal_navigation_cfg
