[0.097s] Invoking command in '/home/ines/tiago_ws/build/pmb2_maps': CMAKE_PREFIX_PATH=${CMAKE_PREFIX_PATH}:/home/ines/tiago_ws/install/tiago_autonomous_navigation:/home/ines/tiago_ws/install/tiago_autonomous_exploration:/home/ines/ros2_ws/install/scripts:/home/ines/ros2_ws/install/acrobat:/opt/ros/humble /usr/bin/cmake /home/ines/tiago_ws/src/pmb2_navigation/pmb2_maps -DAMENT_CMAKE_SYMLINK_INSTALL=1 -DCMAKE_INSTALL_PREFIX=/home/ines/tiago_ws/install/pmb2_maps
[1.268s] -- The C compiler identification is GNU 11.4.0
[1.268s] -- The CXX compiler identification is GNU 11.4.0
[1.268s] -- Detecting C compiler ABI info
[1.269s] -- Detecting C compiler ABI info - done
[1.269s] -- Check for working C compiler: /usr/bin/cc - skipped
[1.269s] -- Detecting C compile features
[1.269s] -- Detecting C compile features - done
[1.269s] -- Detecting CXX compiler ABI info
[1.270s] -- Detecting CXX compiler ABI info - done
[1.270s] -- Check for working CXX compiler: /usr/bin/c++ - skipped
[1.270s] -- Detecting CXX compile features
[1.270s] -- Detecting CXX compile features - done
[1.270s] -- Found ament_cmake_auto: 1.3.8 (/opt/ros/humble/share/ament_cmake_auto/cmake)
[1.271s] -- Found Python3: /usr/bin/python3 (found version "3.10.12") found components: Interpreter 
[1.271s] -- Override CMake install command with custom implementation using symlinks instead of copying resources
[1.280s] -- Configuring done
[1.286s] -- Generating done
[1.286s] -- Build files have been written to: /home/ines/tiago_ws/build/pmb2_maps
[1.306s] Invoked command in '/home/ines/tiago_ws/build/pmb2_maps' returned '0': CMAKE_PREFIX_PATH=${CMAKE_PREFIX_PATH}:/home/ines/tiago_ws/install/tiago_autonomous_navigation:/home/ines/tiago_ws/install/tiago_autonomous_exploration:/home/ines/ros2_ws/install/scripts:/home/ines/ros2_ws/install/acrobat:/opt/ros/humble /usr/bin/cmake /home/ines/tiago_ws/src/pmb2_navigation/pmb2_maps -DAMENT_CMAKE_SYMLINK_INSTALL=1 -DCMAKE_INSTALL_PREFIX=/home/ines/tiago_ws/install/pmb2_maps
[1.312s] Invoking command in '/home/ines/tiago_ws/build/pmb2_maps': CMAKE_PREFIX_PATH=${CMAKE_PREFIX_PATH}:/home/ines/tiago_ws/install/tiago_autonomous_navigation:/home/ines/tiago_ws/install/tiago_autonomous_exploration:/home/ines/ros2_ws/install/scripts:/home/ines/ros2_ws/install/acrobat:/opt/ros/humble /usr/bin/cmake --build /home/ines/tiago_ws/build/pmb2_maps -- -j8 -l8
[1.421s] Invoked command in '/home/ines/tiago_ws/build/pmb2_maps' returned '0': CMAKE_PREFIX_PATH=${CMAKE_PREFIX_PATH}:/home/ines/tiago_ws/install/tiago_autonomous_navigation:/home/ines/tiago_ws/install/tiago_autonomous_exploration:/home/ines/ros2_ws/install/scripts:/home/ines/ros2_ws/install/acrobat:/opt/ros/humble /usr/bin/cmake --build /home/ines/tiago_ws/build/pmb2_maps -- -j8 -l8
[1.494s] Invoking command in '/home/ines/tiago_ws/build/pmb2_maps': CMAKE_PREFIX_PATH=${CMAKE_PREFIX_PATH}:/home/ines/tiago_ws/install/tiago_autonomous_navigation:/home/ines/tiago_ws/install/tiago_autonomous_exploration:/home/ines/ros2_ws/install/scripts:/home/ines/ros2_ws/install/acrobat:/opt/ros/humble /usr/bin/cmake --install /home/ines/tiago_ws/build/pmb2_maps
[1.520s] -- Install configuration: ""
[1.521s] -- Execute custom install script
[1.529s] -- Symlinking: /home/ines/tiago_ws/install/pmb2_maps/share/pmb2_maps/config/map.pgm
[1.551s] -- Symlinking: /home/ines/tiago_ws/install/pmb2_maps/share/pmb2_maps/config/map.yaml
[1.566s] -- Symlinking: /home/ines/tiago_ws/install/pmb2_maps/share/pmb2_maps/config/mmap.yaml
[1.591s] -- Symlinking: /home/ines/tiago_ws/install/pmb2_maps/share/pmb2_maps/configurations/pal_office/map.pgm
[1.607s] -- Symlinking: /home/ines/tiago_ws/install/pmb2_maps/share/pmb2_maps/configurations/pal_office/map.yaml
[1.627s] -- Symlinking: /home/ines/tiago_ws/install/pmb2_maps/share/pmb2_maps/configurations/pal_office/mmap.yaml
[1.647s] -- Symlinking: /home/ines/tiago_ws/install/pmb2_maps/share/pmb2_maps/configurations/small_office/map.bmp
[1.666s] -- Symlinking: /home/ines/tiago_ws/install/pmb2_maps/share/pmb2_maps/configurations/small_office/map.bt
[1.688s] -- Symlinking: /home/ines/tiago_ws/install/pmb2_maps/share/pmb2_maps/configurations/small_office/map.ot
[1.701s] -- Symlinking: /home/ines/tiago_ws/install/pmb2_maps/share/pmb2_maps/configurations/small_office/map.pgm
[1.715s] -- Symlinking: /home/ines/tiago_ws/install/pmb2_maps/share/pmb2_maps/configurations/small_office/map.yaml
[1.737s] -- Symlinking: /home/ines/tiago_ws/install/pmb2_maps/share/pmb2_maps/configurations/small_office/mmap.yaml
[1.756s] -- Symlinking: /home/ines/tiago_ws/install/pmb2_maps/share/pmb2_maps/configurations/small_office/transformation.yaml
[1.772s] -- Symlinking: /home/ines/tiago_ws/install/pmb2_maps/share/ament_index/resource_index/package_run_dependencies/pmb2_maps
[1.791s] -- Symlinking: /home/ines/tiago_ws/install/pmb2_maps/share/ament_index/resource_index/parent_prefix_path/pmb2_maps
[1.811s] -- Symlinking: /home/ines/tiago_ws/install/pmb2_maps/share/pmb2_maps/environment/ament_prefix_path.sh
[1.830s] -- Symlinking: /home/ines/tiago_ws/install/pmb2_maps/share/pmb2_maps/environment/ament_prefix_path.dsv
[1.873s] -- Symlinking: /home/ines/tiago_ws/install/pmb2_maps/share/pmb2_maps/environment/path.sh
[1.885s] -- Symlinking: /home/ines/tiago_ws/install/pmb2_maps/share/pmb2_maps/environment/path.dsv
[1.936s] -- Symlinking: /home/ines/tiago_ws/install/pmb2_maps/share/pmb2_maps/local_setup.bash
[1.963s] -- Symlinking: /home/ines/tiago_ws/install/pmb2_maps/share/pmb2_maps/local_setup.sh
[1.977s] -- Symlinking: /home/ines/tiago_ws/install/pmb2_maps/share/pmb2_maps/local_setup.zsh
[1.982s] -- Symlinking: /home/ines/tiago_ws/install/pmb2_maps/share/pmb2_maps/local_setup.dsv
[1.983s] -- Symlinking: /home/ines/tiago_ws/install/pmb2_maps/share/pmb2_maps/package.dsv
[1.984s] -- Symlinking: /home/ines/tiago_ws/install/pmb2_maps/share/ament_index/resource_index/packages/pmb2_maps
[2.002s] -- Symlinking: /home/ines/tiago_ws/install/pmb2_maps/share/pmb2_maps/cmake/pmb2_mapsConfig.cmake
[2.015s] -- Symlinking: /home/ines/tiago_ws/install/pmb2_maps/share/pmb2_maps/cmake/pmb2_mapsConfig-version.cmake
[2.032s] -- Symlinking: /home/ines/tiago_ws/install/pmb2_maps/share/pmb2_maps/package.xml
[2.062s] Invoked command in '/home/ines/tiago_ws/build/pmb2_maps' returned '0': CMAKE_PREFIX_PATH=${CMAKE_PREFIX_PATH}:/home/ines/tiago_ws/install/tiago_autonomous_navigation:/home/ines/tiago_ws/install/tiago_autonomous_exploration:/home/ines/ros2_ws/install/scripts:/home/ines/ros2_ws/install/acrobat:/opt/ros/humble /usr/bin/cmake --install /home/ines/tiago_ws/build/pmb2_maps
