[0.084s] Invoking command in '/home/ines/tiago_ws/build/explore_lite': CMAKE_PREFIX_PATH=${CMAKE_PREFIX_PATH}:/home/ines/tiago_ws/install/tiago_autonomous_navigation:/home/ines/tiago_ws/install/tiago_autonomous_exploration:/home/ines/ros2_ws/install/scripts:/home/ines/ros2_ws/install/acrobat:/opt/ros/humble /usr/bin/cmake --build /home/ines/tiago_ws/build/explore_lite -- -j8 -l8
[1.239s] [ 20%] Built target gtest_main
[1.239s] [ 40%] Built target gtest
[1.240s] [ 80%] Built target explore
[1.240s] [100%] Built target test_explore
[1.249s] Invoked command in '/home/ines/tiago_ws/build/explore_lite' returned '0': CMAKE_PREFIX_PATH=${CMAKE_PREFIX_PATH}:/home/ines/tiago_ws/install/tiago_autonomous_navigation:/home/ines/tiago_ws/install/tiago_autonomous_exploration:/home/ines/ros2_ws/install/scripts:/home/ines/ros2_ws/install/acrobat:/opt/ros/humble /usr/bin/cmake --build /home/ines/tiago_ws/build/explore_lite -- -j8 -l8
[1.342s] Invoking command in '/home/ines/tiago_ws/build/explore_lite': CMAKE_PREFIX_PATH=${CMAKE_PREFIX_PATH}:/home/ines/tiago_ws/install/tiago_autonomous_navigation:/home/ines/tiago_ws/install/tiago_autonomous_exploration:/home/ines/ros2_ws/install/scripts:/home/ines/ros2_ws/install/acrobat:/opt/ros/humble /usr/bin/cmake --install /home/ines/tiago_ws/build/explore_lite
[1.357s] -- Install configuration: ""
[1.364s] -- Execute custom install script
[1.365s] -- Up-to-date symlink: /home/ines/tiago_ws/install/explore_lite/include/explore//costmap_client.h
[1.365s] -- Up-to-date symlink: /home/ines/tiago_ws/install/explore_lite/include/explore//costmap_tools.h
[1.365s] -- Up-to-date symlink: /home/ines/tiago_ws/install/explore_lite/include/explore//explore.h
[1.365s] -- Up-to-date symlink: /home/ines/tiago_ws/install/explore_lite/include/explore//frontier_search.h
[1.365s] -- Up-to-date symlink: /home/ines/tiago_ws/install/explore_lite/share/explore_lite/config/params.yaml
[1.365s] -- Up-to-date symlink: /home/ines/tiago_ws/install/explore_lite/share/explore_lite/config/params_costmap.yaml
[1.365s] -- Up-to-date symlink: /home/ines/tiago_ws/install/explore_lite/share/explore_lite/launch/explore.launch.py
[1.365s] -- Up-to-date symlink: /home/ines/tiago_ws/install/explore_lite/lib/explore_lite/explore
[1.366s] -- Up-to-date symlink: /home/ines/tiago_ws/install/explore_lite/share/ament_index/resource_index/package_run_dependencies/explore_lite
[1.366s] -- Up-to-date symlink: /home/ines/tiago_ws/install/explore_lite/share/ament_index/resource_index/parent_prefix_path/explore_lite
[1.366s] -- Up-to-date symlink: /home/ines/tiago_ws/install/explore_lite/share/explore_lite/environment/ament_prefix_path.sh
[1.367s] -- Up-to-date symlink: /home/ines/tiago_ws/install/explore_lite/share/explore_lite/environment/ament_prefix_path.dsv
[1.367s] -- Up-to-date symlink: /home/ines/tiago_ws/install/explore_lite/share/explore_lite/environment/path.sh
[1.367s] -- Up-to-date symlink: /home/ines/tiago_ws/install/explore_lite/share/explore_lite/environment/path.dsv
[1.367s] -- Up-to-date symlink: /home/ines/tiago_ws/install/explore_lite/share/explore_lite/local_setup.bash
[1.367s] -- Up-to-date symlink: /home/ines/tiago_ws/install/explore_lite/share/explore_lite/local_setup.sh
[1.367s] -- Up-to-date symlink: /home/ines/tiago_ws/install/explore_lite/share/explore_lite/local_setup.zsh
[1.367s] -- Up-to-date symlink: /home/ines/tiago_ws/install/explore_lite/share/explore_lite/local_setup.dsv
[1.367s] -- Symlinking: /home/ines/tiago_ws/install/explore_lite/share/explore_lite/package.dsv
[1.400s] -- Up-to-date symlink: /home/ines/tiago_ws/install/explore_lite/share/ament_index/resource_index/packages/explore_lite
[1.400s] -- Up-to-date symlink: /home/ines/tiago_ws/install/explore_lite/share/explore_lite/cmake/ament_cmake_export_include_directories-extras.cmake
[1.400s] -- Up-to-date symlink: /home/ines/tiago_ws/install/explore_lite/share/explore_lite/cmake/explore_liteConfig.cmake
[1.400s] -- Up-to-date symlink: /home/ines/tiago_ws/install/explore_lite/share/explore_lite/cmake/explore_liteConfig-version.cmake
[1.400s] -- Up-to-date symlink: /home/ines/tiago_ws/install/explore_lite/share/explore_lite/package.xml
[1.401s] Invoked command in '/home/ines/tiago_ws/build/explore_lite' returned '0': CMAKE_PREFIX_PATH=${CMAKE_PREFIX_PATH}:/home/ines/tiago_ws/install/tiago_autonomous_navigation:/home/ines/tiago_ws/install/tiago_autonomous_exploration:/home/ines/ros2_ws/install/scripts:/home/ines/ros2_ws/install/acrobat:/opt/ros/humble /usr/bin/cmake --install /home/ines/tiago_ws/build/explore_lite
