[0.498s] Invoking command in '/home/ines/tiago_ws/build/pmb2_bringup': CMAKE_PREFIX_PATH=/home/ines/tiago_ws/install/pmb2_description:/home/ines/tiago_ws/install/pmb2_controller_configuration:/home/ines/tiago_ws/install/tiago_navigation:/home/ines/tiago_ws/install/tiago_laser_sensors:/home/ines/tiago_ws/install/tiago_exam_worlds:/home/ines/tiago_ws/install/tiago_exam:/home/ines/tiago_ws/install/tiago_controller_configuration:/home/ines/tiago_ws/install/tiago_2dnav:/home/ines/tiago_ws/install/pmb2_robot:/home/ines/tiago_ws/install/pmb2_rgbd_sensors:/home/ines/tiago_ws/install/pmb2_navigation:/home/ines/tiago_ws/install/pmb2_2dnav:/home/ines/tiago_ws/install/pmb2_maps:/home/ines/tiago_ws/install/pmb2_laser_sensors:/home/ines/tiago_ws/install/pmb2_bringup:/home/ines/tiago_ws/install/pal_navigation_cfg:/home/ines/tiago_ws/install/pal_navigation_cfg_bringup:/home/ines/tiago_ws/install/pal_navigation_cfg_params:/home/ines/tiago_ws/install/multirobot_map_merge:/home/ines/tiago_ws/install/explore_lite:/home/ines/test_ws/install/my_package:/home/ines/tiago_ws/install/tiago_autonomous_navigation:/home/ines/tiago_ws/install/tiago_autonomous_exploration:/home/ines/ros2_ws/install/scripts:/home/ines/ros2_ws/install/acrobat:/opt/ros/humble /usr/bin/cmake --build /home/ines/tiago_ws/build/pmb2_bringup -- -j8 -l8
[1.076s] Invoked command in '/home/ines/tiago_ws/build/pmb2_bringup' returned '0': CMAKE_PREFIX_PATH=/home/ines/tiago_ws/install/pmb2_description:/home/ines/tiago_ws/install/pmb2_controller_configuration:/home/ines/tiago_ws/install/tiago_navigation:/home/ines/tiago_ws/install/tiago_laser_sensors:/home/ines/tiago_ws/install/tiago_exam_worlds:/home/ines/tiago_ws/install/tiago_exam:/home/ines/tiago_ws/install/tiago_controller_configuration:/home/ines/tiago_ws/install/tiago_2dnav:/home/ines/tiago_ws/install/pmb2_robot:/home/ines/tiago_ws/install/pmb2_rgbd_sensors:/home/ines/tiago_ws/install/pmb2_navigation:/home/ines/tiago_ws/install/pmb2_2dnav:/home/ines/tiago_ws/install/pmb2_maps:/home/ines/tiago_ws/install/pmb2_laser_sensors:/home/ines/tiago_ws/install/pmb2_bringup:/home/ines/tiago_ws/install/pal_navigation_cfg:/home/ines/tiago_ws/install/pal_navigation_cfg_bringup:/home/ines/tiago_ws/install/pal_navigation_cfg_params:/home/ines/tiago_ws/install/multirobot_map_merge:/home/ines/tiago_ws/install/explore_lite:/home/ines/test_ws/install/my_package:/home/ines/tiago_ws/install/tiago_autonomous_navigation:/home/ines/tiago_ws/install/tiago_autonomous_exploration:/home/ines/ros2_ws/install/scripts:/home/ines/ros2_ws/install/acrobat:/opt/ros/humble /usr/bin/cmake --build /home/ines/tiago_ws/build/pmb2_bringup -- -j8 -l8
[1.348s] Invoking command in '/home/ines/tiago_ws/build/pmb2_bringup': CMAKE_PREFIX_PATH=/home/ines/tiago_ws/install/pmb2_description:/home/ines/tiago_ws/install/pmb2_controller_configuration:/home/ines/tiago_ws/install/tiago_navigation:/home/ines/tiago_ws/install/tiago_laser_sensors:/home/ines/tiago_ws/install/tiago_exam_worlds:/home/ines/tiago_ws/install/tiago_exam:/home/ines/tiago_ws/install/tiago_controller_configuration:/home/ines/tiago_ws/install/tiago_2dnav:/home/ines/tiago_ws/install/pmb2_robot:/home/ines/tiago_ws/install/pmb2_rgbd_sensors:/home/ines/tiago_ws/install/pmb2_navigation:/home/ines/tiago_ws/install/pmb2_2dnav:/home/ines/tiago_ws/install/pmb2_maps:/home/ines/tiago_ws/install/pmb2_laser_sensors:/home/ines/tiago_ws/install/pmb2_bringup:/home/ines/tiago_ws/install/pal_navigation_cfg:/home/ines/tiago_ws/install/pal_navigation_cfg_bringup:/home/ines/tiago_ws/install/pal_navigation_cfg_params:/home/ines/tiago_ws/install/multirobot_map_merge:/home/ines/tiago_ws/install/explore_lite:/home/ines/test_ws/install/my_package:/home/ines/tiago_ws/install/tiago_autonomous_navigation:/home/ines/tiago_ws/install/tiago_autonomous_exploration:/home/ines/ros2_ws/install/scripts:/home/ines/ros2_ws/install/acrobat:/opt/ros/humble /usr/bin/cmake --install /home/ines/tiago_ws/build/pmb2_bringup
[1.424s] -- Install configuration: ""
[1.466s] -- Execute custom install script
[1.536s] -- Up-to-date symlink: /home/ines/tiago_ws/install/pmb2_bringup/share/pmb2_bringup/config/joy_config.yaml
[1.537s] -- Up-to-date symlink: /home/ines/tiago_ws/install/pmb2_bringup/share/pmb2_bringup/config/joy_teleop.yaml
[1.550s] -- Up-to-date symlink: /home/ines/tiago_ws/install/pmb2_bringup/share/pmb2_bringup/config/twist_mux/joystick.yaml
[1.558s] -- Up-to-date symlink: /home/ines/tiago_ws/install/pmb2_bringup/share/pmb2_bringup/config/twist_mux/twist_mux_locks.yaml
[1.559s] -- Up-to-date symlink: /home/ines/tiago_ws/install/pmb2_bringup/share/pmb2_bringup/config/twist_mux/twist_mux_topics.yaml
[1.565s] -- Up-to-date symlink: /home/ines/tiago_ws/install/pmb2_bringup/share/pmb2_bringup/launch/joystick_teleop.launch.py
[1.572s] -- Up-to-date symlink: /home/ines/tiago_ws/install/pmb2_bringup/share/pmb2_bringup/launch/pmb2_bringup.launch.py
[1.573s] -- Up-to-date symlink: /home/ines/tiago_ws/install/pmb2_bringup/share/pmb2_bringup/launch/twist_mux.launch.py
[1.574s] -- Up-to-date symlink: /home/ines/tiago_ws/install/pmb2_bringup/share/ament_index/resource_index/package_run_dependencies/pmb2_bringup
[1.574s] -- Up-to-date symlink: /home/ines/tiago_ws/install/pmb2_bringup/share/ament_index/resource_index/parent_prefix_path/pmb2_bringup
[1.575s] -- Up-to-date symlink: /home/ines/tiago_ws/install/pmb2_bringup/share/pmb2_bringup/environment/ament_prefix_path.sh
[1.577s] -- Up-to-date symlink: /home/ines/tiago_ws/install/pmb2_bringup/share/pmb2_bringup/environment/ament_prefix_path.dsv
[1.577s] -- Up-to-date symlink: /home/ines/tiago_ws/install/pmb2_bringup/share/pmb2_bringup/environment/path.sh
[1.578s] -- Up-to-date symlink: /home/ines/tiago_ws/install/pmb2_bringup/share/pmb2_bringup/environment/path.dsv
[1.578s] -- Up-to-date symlink: /home/ines/tiago_ws/install/pmb2_bringup/share/pmb2_bringup/local_setup.bash
[1.578s] -- Up-to-date symlink: /home/ines/tiago_ws/install/pmb2_bringup/share/pmb2_bringup/local_setup.sh
[1.579s] -- Up-to-date symlink: /home/ines/tiago_ws/install/pmb2_bringup/share/pmb2_bringup/local_setup.zsh
[1.580s] -- Up-to-date symlink: /home/ines/tiago_ws/install/pmb2_bringup/share/pmb2_bringup/local_setup.dsv
[1.580s] -- Symlinking: /home/ines/tiago_ws/install/pmb2_bringup/share/pmb2_bringup/package.dsv
[1.640s] -- Up-to-date symlink: /home/ines/tiago_ws/install/pmb2_bringup/share/ament_index/resource_index/packages/pmb2_bringup
[1.645s] -- Up-to-date symlink: /home/ines/tiago_ws/install/pmb2_bringup/share/pmb2_bringup/cmake/pmb2_bringupConfig.cmake
[1.663s] -- Up-to-date symlink: /home/ines/tiago_ws/install/pmb2_bringup/share/pmb2_bringup/cmake/pmb2_bringupConfig-version.cmake
[1.664s] -- Up-to-date symlink: /home/ines/tiago_ws/install/pmb2_bringup/share/pmb2_bringup/package.xml
[1.715s] Invoked command in '/home/ines/tiago_ws/build/pmb2_bringup' returned '0': CMAKE_PREFIX_PATH=/home/ines/tiago_ws/install/pmb2_description:/home/ines/tiago_ws/install/pmb2_controller_configuration:/home/ines/tiago_ws/install/tiago_navigation:/home/ines/tiago_ws/install/tiago_laser_sensors:/home/ines/tiago_ws/install/tiago_exam_worlds:/home/ines/tiago_ws/install/tiago_exam:/home/ines/tiago_ws/install/tiago_controller_configuration:/home/ines/tiago_ws/install/tiago_2dnav:/home/ines/tiago_ws/install/pmb2_robot:/home/ines/tiago_ws/install/pmb2_rgbd_sensors:/home/ines/tiago_ws/install/pmb2_navigation:/home/ines/tiago_ws/install/pmb2_2dnav:/home/ines/tiago_ws/install/pmb2_maps:/home/ines/tiago_ws/install/pmb2_laser_sensors:/home/ines/tiago_ws/install/pmb2_bringup:/home/ines/tiago_ws/install/pal_navigation_cfg:/home/ines/tiago_ws/install/pal_navigation_cfg_bringup:/home/ines/tiago_ws/install/pal_navigation_cfg_params:/home/ines/tiago_ws/install/multirobot_map_merge:/home/ines/tiago_ws/install/explore_lite:/home/ines/test_ws/install/my_package:/home/ines/tiago_ws/install/tiago_autonomous_navigation:/home/ines/tiago_ws/install/tiago_autonomous_exploration:/home/ines/ros2_ws/install/scripts:/home/ines/ros2_ws/install/acrobat:/opt/ros/humble /usr/bin/cmake --install /home/ines/tiago_ws/build/pmb2_bringup
