-- The C compiler identification is GNU 11.4.0
-- The CXX compiler identification is GNU 11.4.0
-- Detecting C compiler ABI info
-- Detecting C compiler ABI info - done
-- Check for working C compiler: /usr/bin/cc - skipped
-- Detecting C compile features
-- Detecting C compile features - done
-- Detecting CXX compiler ABI info
-- Detecting CXX compiler ABI info - done
-- Check for working CXX compiler: /usr/bin/c++ - skipped
-- Detecting CXX compile features
-- Detecting CXX compile features - done
-- Found ament_cmake: 1.3.8 (/opt/ros/humble/share/ament_cmake/cmake)
-- Found Python3: /usr/bin/python3 (found version "3.10.12") found components: Interpreter 
-- Override CMake install command with custom implementation using symlinks instead of copying resources
-- Found rosidl_default_generators: 1.2.0 (/opt/ros/humble/share/rosidl_default_generators/cmake)
-- Using all available rosidl_typesupport_c: rosidl_typesupport_fastrtps_c;rosidl_typesupport_introspection_c
-- Found rosidl_adapter: 3.1.5 (/opt/ros/humble/share/rosidl_adapter/cmake)
-- Using all available rosidl_typesupport_cpp: rosidl_typesupport_fastrtps_cpp;rosidl_typesupport_introspection_cpp
-- Found geometry_msgs: 4.9.0 (/opt/ros/humble/share/geometry_msgs/cmake)
-- Found action_msgs: 1.2.1 (/opt/ros/humble/share/action_msgs/cmake)
-- Found ament_cmake_ros: 0.10.0 (/opt/ros/humble/share/ament_cmake_ros/cmake)
-- Using all available rosidl_typesupport_c: rosidl_typesupport_fastrtps_c;rosidl_typesupport_introspection_c
-- Using all available rosidl_typesupport_cpp: rosidl_typesupport_fastrtps_cpp;rosidl_typesupport_introspection_cpp
-- Found PythonInterp: /usr/bin/python3 (found suitable version "3.10.12", minimum required is "3.6") 
-- Found python_cmake_module: 0.10.0 (/opt/ros/humble/share/python_cmake_module/cmake)
-- Found PythonLibs: /usr/lib/x86_64-linux-gnu/libpython3.10.so (found suitable version "3.10.12", minimum required is "3.5") 
-- Using PYTHON_EXECUTABLE: /usr/bin/python3
-- Using PYTHON_INCLUDE_DIRS: /usr/include/python3.10
-- Using PYTHON_LIBRARIES: /usr/lib/x86_64-linux-gnu/libpython3.10.so
-- Found PythonExtra: .so  
-- Configuring done
-- Generating done
-- Build files have been written to: /home/ines/tiago_ws/build/tiago_task2_interfaces
[  2%] [34m[1mGenerating C code for ROS interfaces[0m
[  5%] [34m[1mGenerating C++ code for ROS interfaces[0m
[  5%] Built target ament_cmake_python_symlink_tiago_task2_interfaces
running egg_info
creating tiago_task2_interfaces.egg-info
writing tiago_task2_interfaces.egg-info/PKG-INFO
writing dependency_links to tiago_task2_interfaces.egg-info/dependency_links.txt
writing top-level names to tiago_task2_interfaces.egg-info/top_level.txt
writing manifest file 'tiago_task2_interfaces.egg-info/SOURCES.txt'
reading manifest file 'tiago_task2_interfaces.egg-info/SOURCES.txt'
writing manifest file 'tiago_task2_interfaces.egg-info/SOURCES.txt'
[  5%] Built target ament_cmake_python_build_tiago_task2_interfaces_egg
[  5%] Built target tiago_task2_interfaces__cpp
[  7%] [34m[1mGenerating C++ type support dispatch for ROS interfaces[0m
[ 12%] [34m[1mGenerating C++ type support for eProsima Fast-RTPS[0m
[ 12%] [34m[1mGenerating C++ introspection for ROS interfaces[0m
[ 17%] [32mBuilding C object CMakeFiles/tiago_task2_interfaces__rosidl_generator_c.dir/rosidl_generator_c/tiago_task2_interfaces/srv/detail/get_marker_pose__functions.c.o[0m
[ 17%] [32mBuilding C object CMakeFiles/tiago_task2_interfaces__rosidl_generator_c.dir/rosidl_generator_c/tiago_task2_interfaces/action/detail/localize__functions.c.o[0m
[ 20%] [32mBuilding CXX object CMakeFiles/tiago_task2_interfaces__rosidl_typesupport_cpp.dir/rosidl_typesupport_cpp/tiago_task2_interfaces/srv/get_marker_pose__type_support.cpp.o[0m
[ 23%] [32mBuilding CXX object CMakeFiles/tiago_task2_interfaces__rosidl_typesupport_cpp.dir/rosidl_typesupport_cpp/tiago_task2_interfaces/action/localize__type_support.cpp.o[0m
[ 28%] [32mBuilding CXX object CMakeFiles/tiago_task2_interfaces__rosidl_typesupport_introspection_cpp.dir/rosidl_typesupport_introspection_cpp/tiago_task2_interfaces/action/detail/localize__type_support.cpp.o[0m
[ 28%] [32mBuilding CXX object CMakeFiles/tiago_task2_interfaces__rosidl_typesupport_introspection_cpp.dir/rosidl_typesupport_introspection_cpp/tiago_task2_interfaces/srv/detail/get_marker_pose__type_support.cpp.o[0m
[ 30%] [32mBuilding CXX object CMakeFiles/tiago_task2_interfaces__rosidl_typesupport_fastrtps_cpp.dir/rosidl_typesupport_fastrtps_cpp/tiago_task2_interfaces/srv/detail/dds_fastrtps/get_marker_pose__type_support.cpp.o[0m
[ 33%] [32mBuilding CXX object CMakeFiles/tiago_task2_interfaces__rosidl_typesupport_fastrtps_cpp.dir/rosidl_typesupport_fastrtps_cpp/tiago_task2_interfaces/action/detail/dds_fastrtps/localize__type_support.cpp.o[0m
[ 35%] [32m[1mLinking C shared library libtiago_task2_interfaces__rosidl_generator_c.so[0m
[ 35%] Built target tiago_task2_interfaces__rosidl_generator_c
[ 38%] [34m[1mGenerating C type support for eProsima Fast-RTPS[0m
[ 41%] [34m[1mGenerating C introspection for ROS interfaces[0m
[ 43%] [32mBuilding C object CMakeFiles/tiago_task2_interfaces__rosidl_typesupport_introspection_c.dir/rosidl_typesupport_introspection_c/tiago_task2_interfaces/srv/detail/get_marker_pose__type_support.c.o[0m
[ 46%] [32mBuilding C object CMakeFiles/tiago_task2_interfaces__rosidl_typesupport_introspection_c.dir/rosidl_typesupport_introspection_c/tiago_task2_interfaces/action/detail/localize__type_support.c.o[0m
[ 48%] [34m[1mGenerating C type support dispatch for ROS interfaces[0m
[ 51%] [32mBuilding CXX object CMakeFiles/tiago_task2_interfaces__rosidl_typesupport_fastrtps_c.dir/rosidl_typesupport_fastrtps_c/tiago_task2_interfaces/srv/detail/get_marker_pose__type_support_c.cpp.o[0m
[ 53%] [32m[1mLinking C shared library libtiago_task2_interfaces__rosidl_typesupport_introspection_c.so[0m
[ 53%] Built target tiago_task2_interfaces__rosidl_typesupport_introspection_c
[ 56%] [32mBuilding CXX object CMakeFiles/tiago_task2_interfaces__rosidl_typesupport_fastrtps_c.dir/rosidl_typesupport_fastrtps_c/tiago_task2_interfaces/action/detail/localize__type_support_c.cpp.o[0m
[ 58%] [32m[1mLinking CXX shared library libtiago_task2_interfaces__rosidl_typesupport_cpp.so[0m
[ 61%] [32m[1mLinking CXX shared library libtiago_task2_interfaces__rosidl_typesupport_introspection_cpp.so[0m
[ 64%] [32m[1mLinking CXX shared library libtiago_task2_interfaces__rosidl_typesupport_fastrtps_cpp.so[0m
[ 64%] Built target tiago_task2_interfaces__rosidl_typesupport_cpp
[ 64%] Built target tiago_task2_interfaces__rosidl_typesupport_introspection_cpp
[ 64%] Built target tiago_task2_interfaces__rosidl_typesupport_fastrtps_cpp
[ 66%] [32mBuilding CXX object CMakeFiles/tiago_task2_interfaces__rosidl_typesupport_c.dir/rosidl_typesupport_c/tiago_task2_interfaces/action/localize__type_support.cpp.o[0m
[ 69%] [32mBuilding CXX object CMakeFiles/tiago_task2_interfaces__rosidl_typesupport_c.dir/rosidl_typesupport_c/tiago_task2_interfaces/srv/get_marker_pose__type_support.cpp.o[0m
[ 71%] [32m[1mLinking CXX shared library libtiago_task2_interfaces__rosidl_typesupport_fastrtps_c.so[0m
[ 74%] [32m[1mLinking CXX shared library libtiago_task2_interfaces__rosidl_typesupport_c.so[0m
[ 74%] Built target tiago_task2_interfaces__rosidl_typesupport_c
[ 74%] Built target tiago_task2_interfaces__rosidl_typesupport_fastrtps_c
[ 74%] Built target tiago_task2_interfaces
[ 76%] [34m[1mGenerating Python code for ROS interfaces[0m
[ 76%] Built target tiago_task2_interfaces__py
[ 79%] [32mBuilding C object CMakeFiles/tiago_task2_interfaces__rosidl_generator_py.dir/rosidl_generator_py/tiago_task2_interfaces/action/_localize_s.c.o[0m
[ 82%] [32mBuilding C object CMakeFiles/tiago_task2_interfaces__rosidl_generator_py.dir/rosidl_generator_py/tiago_task2_interfaces/srv/_get_marker_pose_s.c.o[0m
[ 84%] [32m[1mLinking C shared library rosidl_generator_py/tiago_task2_interfaces/libtiago_task2_interfaces__rosidl_generator_py.so[0m
[ 84%] Built target tiago_task2_interfaces__rosidl_generator_py
[ 89%] [32mBuilding C object CMakeFiles/tiago_task2_interfaces__rosidl_typesupport_c__pyext.dir/rosidl_generator_py/tiago_task2_interfaces/_tiago_task2_interfaces_s.ep.rosidl_typesupport_c.c.o[0m
[ 89%] [32mBuilding C object CMakeFiles/tiago_task2_interfaces__rosidl_typesupport_introspection_c__pyext.dir/rosidl_generator_py/tiago_task2_interfaces/_tiago_task2_interfaces_s.ep.rosidl_typesupport_introspection_c.c.o[0m
[ 92%] [32mBuilding C object CMakeFiles/tiago_task2_interfaces__rosidl_typesupport_fastrtps_c__pyext.dir/rosidl_generator_py/tiago_task2_interfaces/_tiago_task2_interfaces_s.ep.rosidl_typesupport_fastrtps_c.c.o[0m
[ 94%] [32m[1mLinking C shared library rosidl_generator_py/tiago_task2_interfaces/tiago_task2_interfaces_s__rosidl_typesupport_introspection_c.cpython-310-x86_64-linux-gnu.so[0m
[ 97%] [32m[1mLinking C shared library rosidl_generator_py/tiago_task2_interfaces/tiago_task2_interfaces_s__rosidl_typesupport_c.cpython-310-x86_64-linux-gnu.so[0m
[100%] [32m[1mLinking C shared library rosidl_generator_py/tiago_task2_interfaces/tiago_task2_interfaces_s__rosidl_typesupport_fastrtps_c.cpython-310-x86_64-linux-gnu.so[0m
[100%] Built target tiago_task2_interfaces__rosidl_typesupport_introspection_c__pyext
[100%] Built target tiago_task2_interfaces__rosidl_typesupport_c__pyext
[100%] Built target tiago_task2_interfaces__rosidl_typesupport_fastrtps_c__pyext
-- Install configuration: ""
-- Execute custom install script
-- Symlinking: /home/ines/tiago_ws/install/tiago_task2_interfaces/share/ament_index/resource_index/rosidl_interfaces/tiago_task2_interfaces
-- Symlinking: /home/ines/tiago_ws/install/tiago_task2_interfaces/include/tiago_task2_interfaces/tiago_task2_interfaces/action/detail/localize__functions.h
-- Symlinking: /home/ines/tiago_ws/install/tiago_task2_interfaces/include/tiago_task2_interfaces/tiago_task2_interfaces/action/detail/localize__struct.h
-- Symlinking: /home/ines/tiago_ws/install/tiago_task2_interfaces/include/tiago_task2_interfaces/tiago_task2_interfaces/action/detail/localize__type_support.h
-- Symlinking: /home/ines/tiago_ws/install/tiago_task2_interfaces/include/tiago_task2_interfaces/tiago_task2_interfaces/action/localize.h
-- Symlinking: /home/ines/tiago_ws/install/tiago_task2_interfaces/include/tiago_task2_interfaces/tiago_task2_interfaces/msg/rosidl_generator_c__visibility_control.h
-- Symlinking: /home/ines/tiago_ws/install/tiago_task2_interfaces/include/tiago_task2_interfaces/tiago_task2_interfaces/srv/detail/get_marker_pose__functions.h
-- Symlinking: /home/ines/tiago_ws/install/tiago_task2_interfaces/include/tiago_task2_interfaces/tiago_task2_interfaces/srv/detail/get_marker_pose__struct.h
-- Symlinking: /home/ines/tiago_ws/install/tiago_task2_interfaces/include/tiago_task2_interfaces/tiago_task2_interfaces/srv/detail/get_marker_pose__type_support.h
-- Symlinking: /home/ines/tiago_ws/install/tiago_task2_interfaces/include/tiago_task2_interfaces/tiago_task2_interfaces/srv/get_marker_pose.h
-- Symlinking: /home/ines/tiago_ws/install/tiago_task2_interfaces/share/tiago_task2_interfaces/environment/library_path.sh
-- Symlinking: /home/ines/tiago_ws/install/tiago_task2_interfaces/share/tiago_task2_interfaces/environment/library_path.dsv
-- Symlinking: /home/ines/tiago_ws/install/tiago_task2_interfaces/include/tiago_task2_interfaces/tiago_task2_interfaces/action/detail/localize__rosidl_typesupport_fastrtps_c.h
-- Symlinking: /home/ines/tiago_ws/install/tiago_task2_interfaces/include/tiago_task2_interfaces/tiago_task2_interfaces/msg/rosidl_typesupport_fastrtps_c__visibility_control.h
-- Symlinking: /home/ines/tiago_ws/install/tiago_task2_interfaces/include/tiago_task2_interfaces/tiago_task2_interfaces/srv/detail/get_marker_pose__rosidl_typesupport_fastrtps_c.h
-- Symlinking: /home/ines/tiago_ws/install/tiago_task2_interfaces/include/tiago_task2_interfaces/tiago_task2_interfaces/action/detail/localize__rosidl_typesupport_introspection_c.h
-- Symlinking: /home/ines/tiago_ws/install/tiago_task2_interfaces/include/tiago_task2_interfaces/tiago_task2_interfaces/msg/rosidl_typesupport_introspection_c__visibility_control.h
-- Symlinking: /home/ines/tiago_ws/install/tiago_task2_interfaces/include/tiago_task2_interfaces/tiago_task2_interfaces/srv/detail/get_marker_pose__rosidl_typesupport_introspection_c.h
-- Symlinking: /home/ines/tiago_ws/install/tiago_task2_interfaces/include/tiago_task2_interfaces/tiago_task2_interfaces/action/detail/localize__builder.hpp
-- Symlinking: /home/ines/tiago_ws/install/tiago_task2_interfaces/include/tiago_task2_interfaces/tiago_task2_interfaces/action/detail/localize__struct.hpp
-- Symlinking: /home/ines/tiago_ws/install/tiago_task2_interfaces/include/tiago_task2_interfaces/tiago_task2_interfaces/action/detail/localize__traits.hpp
-- Symlinking: /home/ines/tiago_ws/install/tiago_task2_interfaces/include/tiago_task2_interfaces/tiago_task2_interfaces/action/localize.hpp
-- Symlinking: /home/ines/tiago_ws/install/tiago_task2_interfaces/include/tiago_task2_interfaces/tiago_task2_interfaces/srv/detail/get_marker_pose__builder.hpp
-- Symlinking: /home/ines/tiago_ws/install/tiago_task2_interfaces/include/tiago_task2_interfaces/tiago_task2_interfaces/srv/detail/get_marker_pose__struct.hpp
-- Symlinking: /home/ines/tiago_ws/install/tiago_task2_interfaces/include/tiago_task2_interfaces/tiago_task2_interfaces/srv/detail/get_marker_pose__traits.hpp
-- Symlinking: /home/ines/tiago_ws/install/tiago_task2_interfaces/include/tiago_task2_interfaces/tiago_task2_interfaces/srv/get_marker_pose.hpp
-- Symlinking: /home/ines/tiago_ws/install/tiago_task2_interfaces/include/tiago_task2_interfaces/tiago_task2_interfaces/action/detail/localize__rosidl_typesupport_fastrtps_cpp.hpp
-- Symlinking: /home/ines/tiago_ws/install/tiago_task2_interfaces/include/tiago_task2_interfaces/tiago_task2_interfaces/msg/rosidl_typesupport_fastrtps_cpp__visibility_control.h
-- Symlinking: /home/ines/tiago_ws/install/tiago_task2_interfaces/include/tiago_task2_interfaces/tiago_task2_interfaces/srv/detail/get_marker_pose__rosidl_typesupport_fastrtps_cpp.hpp
-- Symlinking: /home/ines/tiago_ws/install/tiago_task2_interfaces/include/tiago_task2_interfaces/tiago_task2_interfaces/action/detail/localize__rosidl_typesupport_introspection_cpp.hpp
-- Symlinking: /home/ines/tiago_ws/install/tiago_task2_interfaces/include/tiago_task2_interfaces/tiago_task2_interfaces/srv/detail/get_marker_pose__rosidl_typesupport_introspection_cpp.hpp
-- Symlinking: /home/ines/tiago_ws/install/tiago_task2_interfaces/share/tiago_task2_interfaces/environment/pythonpath.sh
-- Symlinking: /home/ines/tiago_ws/install/tiago_task2_interfaces/share/tiago_task2_interfaces/environment/pythonpath.dsv
-- Symlinking: /home/ines/tiago_ws/install/tiago_task2_interfaces/local/lib/python3.10/dist-packages/tiago_task2_interfaces-0.0.1-py3.10.egg-info/PKG-INFO
-- Symlinking: /home/ines/tiago_ws/install/tiago_task2_interfaces/local/lib/python3.10/dist-packages/tiago_task2_interfaces-0.0.1-py3.10.egg-info/SOURCES.txt
-- Symlinking: /home/ines/tiago_ws/install/tiago_task2_interfaces/local/lib/python3.10/dist-packages/tiago_task2_interfaces-0.0.1-py3.10.egg-info/dependency_links.txt
-- Symlinking: /home/ines/tiago_ws/install/tiago_task2_interfaces/local/lib/python3.10/dist-packages/tiago_task2_interfaces-0.0.1-py3.10.egg-info/top_level.txt
-- Symlinking: /home/ines/tiago_ws/install/tiago_task2_interfaces/local/lib/python3.10/dist-packages/tiago_task2_interfaces/__init__.py
-- Symlinking: /home/ines/tiago_ws/install/tiago_task2_interfaces/local/lib/python3.10/dist-packages/tiago_task2_interfaces/_tiago_task2_interfaces_s.ep.rosidl_typesupport_c.c
-- Symlinking: /home/ines/tiago_ws/install/tiago_task2_interfaces/local/lib/python3.10/dist-packages/tiago_task2_interfaces/_tiago_task2_interfaces_s.ep.rosidl_typesupport_fastrtps_c.c
-- Symlinking: /home/ines/tiago_ws/install/tiago_task2_interfaces/local/lib/python3.10/dist-packages/tiago_task2_interfaces/_tiago_task2_interfaces_s.ep.rosidl_typesupport_introspection_c.c
-- Symlinking: /home/ines/tiago_ws/install/tiago_task2_interfaces/local/lib/python3.10/dist-packages/tiago_task2_interfaces/action/__init__.py
-- Symlinking: /home/ines/tiago_ws/install/tiago_task2_interfaces/local/lib/python3.10/dist-packages/tiago_task2_interfaces/action/_localize.py
-- Symlinking: /home/ines/tiago_ws/install/tiago_task2_interfaces/local/lib/python3.10/dist-packages/tiago_task2_interfaces/action/_localize_s.c
-- Symlinking: /home/ines/tiago_ws/install/tiago_task2_interfaces/local/lib/python3.10/dist-packages/tiago_task2_interfaces/libtiago_task2_interfaces__rosidl_generator_py.so
-- Symlinking: /home/ines/tiago_ws/install/tiago_task2_interfaces/local/lib/python3.10/dist-packages/tiago_task2_interfaces/srv/__init__.py
-- Symlinking: /home/ines/tiago_ws/install/tiago_task2_interfaces/local/lib/python3.10/dist-packages/tiago_task2_interfaces/srv/_get_marker_pose.py
-- Symlinking: /home/ines/tiago_ws/install/tiago_task2_interfaces/local/lib/python3.10/dist-packages/tiago_task2_interfaces/srv/_get_marker_pose_s.c
-- Symlinking: /home/ines/tiago_ws/install/tiago_task2_interfaces/local/lib/python3.10/dist-packages/tiago_task2_interfaces/tiago_task2_interfaces_s__rosidl_typesupport_c.cpython-310-x86_64-linux-gnu.so
-- Symlinking: /home/ines/tiago_ws/install/tiago_task2_interfaces/local/lib/python3.10/dist-packages/tiago_task2_interfaces/tiago_task2_interfaces_s__rosidl_typesupport_fastrtps_c.cpython-310-x86_64-linux-gnu.so
-- Symlinking: /home/ines/tiago_ws/install/tiago_task2_interfaces/local/lib/python3.10/dist-packages/tiago_task2_interfaces/tiago_task2_interfaces_s__rosidl_typesupport_introspection_c.cpython-310-x86_64-linux-gnu.so
-- Up-to-date symlink: /home/ines/tiago_ws/install/tiago_task2_interfaces/local/lib/python3.10/dist-packages/tiago_task2_interfaces/tiago_task2_interfaces_s__rosidl_typesupport_fastrtps_c.cpython-310-x86_64-linux-gnu.so
-- Up-to-date symlink: /home/ines/tiago_ws/install/tiago_task2_interfaces/local/lib/python3.10/dist-packages/tiago_task2_interfaces/tiago_task2_interfaces_s__rosidl_typesupport_introspection_c.cpython-310-x86_64-linux-gnu.so
-- Up-to-date symlink: /home/ines/tiago_ws/install/tiago_task2_interfaces/local/lib/python3.10/dist-packages/tiago_task2_interfaces/tiago_task2_interfaces_s__rosidl_typesupport_c.cpython-310-x86_64-linux-gnu.so
-- Symlinking: /home/ines/tiago_ws/install/tiago_task2_interfaces/share/tiago_task2_interfaces/srv/GetMarkerPose.idl
-- Symlinking: /home/ines/tiago_ws/install/tiago_task2_interfaces/share/tiago_task2_interfaces/action/Localize.idl
-- Symlinking: /home/ines/tiago_ws/install/tiago_task2_interfaces/share/tiago_task2_interfaces/srv/GetMarkerPose.srv
-- Symlinking: /home/ines/tiago_ws/install/tiago_task2_interfaces/share/tiago_task2_interfaces/srv/GetMarkerPose_Request.msg
-- Symlinking: /home/ines/tiago_ws/install/tiago_task2_interfaces/share/tiago_task2_interfaces/srv/GetMarkerPose_Response.msg
-- Symlinking: /home/ines/tiago_ws/install/tiago_task2_interfaces/share/tiago_task2_interfaces/action/Localize.action
-- Symlinking: /home/ines/tiago_ws/install/tiago_task2_interfaces/share/ament_index/resource_index/package_run_dependencies/tiago_task2_interfaces
-- Symlinking: /home/ines/tiago_ws/install/tiago_task2_interfaces/share/ament_index/resource_index/parent_prefix_path/tiago_task2_interfaces
-- Symlinking: /home/ines/tiago_ws/install/tiago_task2_interfaces/share/tiago_task2_interfaces/environment/ament_prefix_path.sh
-- Symlinking: /home/ines/tiago_ws/install/tiago_task2_interfaces/share/tiago_task2_interfaces/environment/ament_prefix_path.dsv
-- Symlinking: /home/ines/tiago_ws/install/tiago_task2_interfaces/share/tiago_task2_interfaces/environment/path.sh
-- Symlinking: /home/ines/tiago_ws/install/tiago_task2_interfaces/share/tiago_task2_interfaces/environment/path.dsv
-- Symlinking: /home/ines/tiago_ws/install/tiago_task2_interfaces/share/tiago_task2_interfaces/local_setup.bash
-- Symlinking: /home/ines/tiago_ws/install/tiago_task2_interfaces/share/tiago_task2_interfaces/local_setup.sh
-- Symlinking: /home/ines/tiago_ws/install/tiago_task2_interfaces/share/tiago_task2_interfaces/local_setup.zsh
-- Symlinking: /home/ines/tiago_ws/install/tiago_task2_interfaces/share/tiago_task2_interfaces/local_setup.dsv
-- Symlinking: /home/ines/tiago_ws/install/tiago_task2_interfaces/share/tiago_task2_interfaces/package.dsv
-- Symlinking: /home/ines/tiago_ws/install/tiago_task2_interfaces/share/ament_index/resource_index/packages/tiago_task2_interfaces
-- Symlinking: /home/ines/tiago_ws/install/tiago_task2_interfaces/share/tiago_task2_interfaces/cmake/rosidl_cmake-extras.cmake
-- Symlinking: /home/ines/tiago_ws/install/tiago_task2_interfaces/share/tiago_task2_interfaces/cmake/ament_cmake_export_dependencies-extras.cmake
-- Symlinking: /home/ines/tiago_ws/install/tiago_task2_interfaces/share/tiago_task2_interfaces/cmake/ament_cmake_export_include_directories-extras.cmake
-- Symlinking: /home/ines/tiago_ws/install/tiago_task2_interfaces/share/tiago_task2_interfaces/cmake/ament_cmake_export_libraries-extras.cmake
-- Symlinking: /home/ines/tiago_ws/install/tiago_task2_interfaces/share/tiago_task2_interfaces/cmake/ament_cmake_export_targets-extras.cmake
-- Symlinking: /home/ines/tiago_ws/install/tiago_task2_interfaces/share/tiago_task2_interfaces/cmake/rosidl_cmake_export_typesupport_targets-extras.cmake
-- Symlinking: /home/ines/tiago_ws/install/tiago_task2_interfaces/share/tiago_task2_interfaces/cmake/rosidl_cmake_export_typesupport_libraries-extras.cmake
-- Symlinking: /home/ines/tiago_ws/install/tiago_task2_interfaces/share/tiago_task2_interfaces/cmake/tiago_task2_interfacesConfig.cmake
-- Symlinking: /home/ines/tiago_ws/install/tiago_task2_interfaces/share/tiago_task2_interfaces/cmake/tiago_task2_interfacesConfig-version.cmake
-- Symlinking: /home/ines/tiago_ws/install/tiago_task2_interfaces/share/tiago_task2_interfaces/package.xml
-- Installing: /home/ines/tiago_ws/install/tiago_task2_interfaces/lib/libtiago_task2_interfaces__rosidl_generator_c.so
-- Set runtime path of "/home/ines/tiago_ws/install/tiago_task2_interfaces/lib/libtiago_task2_interfaces__rosidl_generator_c.so" to ""
-- Installing: /home/ines/tiago_ws/install/tiago_task2_interfaces/lib/libtiago_task2_interfaces__rosidl_typesupport_fastrtps_c.so
-- Set runtime path of "/home/ines/tiago_ws/install/tiago_task2_interfaces/lib/libtiago_task2_interfaces__rosidl_typesupport_fastrtps_c.so" to ""
-- Installing: /home/ines/tiago_ws/install/tiago_task2_interfaces/lib/libtiago_task2_interfaces__rosidl_typesupport_introspection_c.so
-- Set runtime path of "/home/ines/tiago_ws/install/tiago_task2_interfaces/lib/libtiago_task2_interfaces__rosidl_typesupport_introspection_c.so" to ""
-- Installing: /home/ines/tiago_ws/install/tiago_task2_interfaces/lib/libtiago_task2_interfaces__rosidl_typesupport_c.so
-- Set runtime path of "/home/ines/tiago_ws/install/tiago_task2_interfaces/lib/libtiago_task2_interfaces__rosidl_typesupport_c.so" to ""
-- Installing: /home/ines/tiago_ws/install/tiago_task2_interfaces/lib/libtiago_task2_interfaces__rosidl_typesupport_fastrtps_cpp.so
-- Set runtime path of "/home/ines/tiago_ws/install/tiago_task2_interfaces/lib/libtiago_task2_interfaces__rosidl_typesupport_fastrtps_cpp.so" to ""
-- Installing: /home/ines/tiago_ws/install/tiago_task2_interfaces/lib/libtiago_task2_interfaces__rosidl_typesupport_introspection_cpp.so
-- Set runtime path of "/home/ines/tiago_ws/install/tiago_task2_interfaces/lib/libtiago_task2_interfaces__rosidl_typesupport_introspection_cpp.so" to ""
-- Installing: /home/ines/tiago_ws/install/tiago_task2_interfaces/lib/libtiago_task2_interfaces__rosidl_typesupport_cpp.so
-- Set runtime path of "/home/ines/tiago_ws/install/tiago_task2_interfaces/lib/libtiago_task2_interfaces__rosidl_typesupport_cpp.so" to ""
Listing '/home/ines/tiago_ws/install/tiago_task2_interfaces/local/lib/python3.10/dist-packages/tiago_task2_interfaces'...
Compiling '/home/ines/tiago_ws/install/tiago_task2_interfaces/local/lib/python3.10/dist-packages/tiago_task2_interfaces/__init__.py'...
Listing '/home/ines/tiago_ws/install/tiago_task2_interfaces/local/lib/python3.10/dist-packages/tiago_task2_interfaces/action'...
Compiling '/home/ines/tiago_ws/install/tiago_task2_interfaces/local/lib/python3.10/dist-packages/tiago_task2_interfaces/action/__init__.py'...
Compiling '/home/ines/tiago_ws/install/tiago_task2_interfaces/local/lib/python3.10/dist-packages/tiago_task2_interfaces/action/_localize.py'...
Listing '/home/ines/tiago_ws/install/tiago_task2_interfaces/local/lib/python3.10/dist-packages/tiago_task2_interfaces/srv'...
Compiling '/home/ines/tiago_ws/install/tiago_task2_interfaces/local/lib/python3.10/dist-packages/tiago_task2_interfaces/srv/__init__.py'...
Compiling '/home/ines/tiago_ws/install/tiago_task2_interfaces/local/lib/python3.10/dist-packages/tiago_task2_interfaces/srv/_get_marker_pose.py'...
-- Installing: /home/ines/tiago_ws/install/tiago_task2_interfaces/lib/libtiago_task2_interfaces__rosidl_generator_py.so
-- Set runtime path of "/home/ines/tiago_ws/install/tiago_task2_interfaces/lib/libtiago_task2_interfaces__rosidl_generator_py.so" to ""
-- Installing: /home/ines/tiago_ws/install/tiago_task2_interfaces/share/tiago_task2_interfaces/cmake/export_tiago_task2_interfaces__rosidl_generator_cExport.cmake
-- Installing: /home/ines/tiago_ws/install/tiago_task2_interfaces/share/tiago_task2_interfaces/cmake/export_tiago_task2_interfaces__rosidl_generator_cExport-noconfig.cmake
-- Installing: /home/ines/tiago_ws/install/tiago_task2_interfaces/share/tiago_task2_interfaces/cmake/export_tiago_task2_interfaces__rosidl_typesupport_fastrtps_cExport.cmake
-- Installing: /home/ines/tiago_ws/install/tiago_task2_interfaces/share/tiago_task2_interfaces/cmake/export_tiago_task2_interfaces__rosidl_typesupport_fastrtps_cExport-noconfig.cmake
-- Installing: /home/ines/tiago_ws/install/tiago_task2_interfaces/share/tiago_task2_interfaces/cmake/tiago_task2_interfaces__rosidl_typesupport_introspection_cExport.cmake
-- Installing: /home/ines/tiago_ws/install/tiago_task2_interfaces/share/tiago_task2_interfaces/cmake/tiago_task2_interfaces__rosidl_typesupport_introspection_cExport-noconfig.cmake
-- Installing: /home/ines/tiago_ws/install/tiago_task2_interfaces/share/tiago_task2_interfaces/cmake/tiago_task2_interfaces__rosidl_typesupport_cExport.cmake
-- Installing: /home/ines/tiago_ws/install/tiago_task2_interfaces/share/tiago_task2_interfaces/cmake/tiago_task2_interfaces__rosidl_typesupport_cExport-noconfig.cmake
-- Installing: /home/ines/tiago_ws/install/tiago_task2_interfaces/share/tiago_task2_interfaces/cmake/export_tiago_task2_interfaces__rosidl_generator_cppExport.cmake
-- Installing: /home/ines/tiago_ws/install/tiago_task2_interfaces/share/tiago_task2_interfaces/cmake/export_tiago_task2_interfaces__rosidl_typesupport_fastrtps_cppExport.cmake
-- Installing: /home/ines/tiago_ws/install/tiago_task2_interfaces/share/tiago_task2_interfaces/cmake/export_tiago_task2_interfaces__rosidl_typesupport_fastrtps_cppExport-noconfig.cmake
-- Installing: /home/ines/tiago_ws/install/tiago_task2_interfaces/share/tiago_task2_interfaces/cmake/tiago_task2_interfaces__rosidl_typesupport_introspection_cppExport.cmake
-- Installing: /home/ines/tiago_ws/install/tiago_task2_interfaces/share/tiago_task2_interfaces/cmake/tiago_task2_interfaces__rosidl_typesupport_introspection_cppExport-noconfig.cmake
-- Installing: /home/ines/tiago_ws/install/tiago_task2_interfaces/share/tiago_task2_interfaces/cmake/tiago_task2_interfaces__rosidl_typesupport_cppExport.cmake
-- Installing: /home/ines/tiago_ws/install/tiago_task2_interfaces/share/tiago_task2_interfaces/cmake/tiago_task2_interfaces__rosidl_typesupport_cppExport-noconfig.cmake
-- Installing: /home/ines/tiago_ws/install/tiago_task2_interfaces/share/tiago_task2_interfaces/cmake/export_tiago_task2_interfaces__rosidl_generator_pyExport.cmake
-- Installing: /home/ines/tiago_ws/install/tiago_task2_interfaces/share/tiago_task2_interfaces/cmake/export_tiago_task2_interfaces__rosidl_generator_pyExport-noconfig.cmake
