[0.062s] Invoking command in '/home/ines/tiago_ws/build/tiago_task2_interfaces': CMAKE_PREFIX_PATH=${CMAKE_PREFIX_PATH}:/home/ines/tiago_ws/install/tiago_autonomous_navigation:/home/ines/tiago_ws/install/tiago_autonomous_exploration:/home/ines/ros2_ws/install/scripts:/home/ines/ros2_ws/install/acrobat:/opt/ros/humble /usr/bin/cmake /home/ines/tiago_ws/src/tiago_task2_interfaces -DAMENT_CMAKE_SYMLINK_INSTALL=1 -DCMAKE_INSTALL_PREFIX=/home/ines/tiago_ws/install/tiago_task2_interfaces
[0.215s] -- The C compiler identification is GNU 11.4.0
[0.360s] -- The CXX compiler identification is GNU 11.4.0
[0.374s] -- Detecting C compiler ABI info
[0.520s] -- Detecting C compiler ABI info - done
[0.535s] -- Check for working C compiler: /usr/bin/cc - skipped
[0.536s] -- Detecting C compile features
[0.539s] -- Detecting C compile features - done
[0.543s] -- Detecting CXX compiler ABI info
[0.740s] -- Detecting CXX compiler ABI info - done
[0.751s] -- Check for working CXX compiler: /usr/bin/c++ - skipped
[0.752s] -- Detecting CXX compile features
[0.754s] -- Detecting CXX compile features - done
[0.764s] -- Found ament_cmake: 1.3.8 (/opt/ros/humble/share/ament_cmake/cmake)
[1.058s] -- Found Python3: /usr/bin/python3 (found version "3.10.12") found components: Interpreter 
[1.167s] -- Override CMake install command with custom implementation using symlinks instead of copying resources
[1.344s] -- Found rosidl_default_generators: 1.2.0 (/opt/ros/humble/share/rosidl_default_generators/cmake)
[1.420s] -- Using all available rosidl_typesupport_c: rosidl_typesupport_fastrtps_c;rosidl_typesupport_introspection_c
[1.595s] -- Found rosidl_adapter: 3.1.5 (/opt/ros/humble/share/rosidl_adapter/cmake)
[1.949s] -- Using all available rosidl_typesupport_cpp: rosidl_typesupport_fastrtps_cpp;rosidl_typesupport_introspection_cpp
[2.316s] -- Found geometry_msgs: 4.9.0 (/opt/ros/humble/share/geometry_msgs/cmake)
[2.625s] -- Found action_msgs: 1.2.1 (/opt/ros/humble/share/action_msgs/cmake)
[3.312s] -- Found ament_cmake_ros: 0.10.0 (/opt/ros/humble/share/ament_cmake_ros/cmake)
[3.868s] -- Using all available rosidl_typesupport_c: rosidl_typesupport_fastrtps_c;rosidl_typesupport_introspection_c
[4.447s] -- Using all available rosidl_typesupport_cpp: rosidl_typesupport_fastrtps_cpp;rosidl_typesupport_introspection_cpp
[4.557s] -- Found PythonInterp: /usr/bin/python3 (found suitable version "3.10.12", minimum required is "3.6") 
[4.599s] -- Found python_cmake_module: 0.10.0 (/opt/ros/humble/share/python_cmake_module/cmake)
[4.699s] -- Found PythonLibs: /usr/lib/x86_64-linux-gnu/libpython3.10.so (found suitable version "3.10.12", minimum required is "3.5") 
[4.699s] -- Using PYTHON_EXECUTABLE: /usr/bin/python3
[4.700s] -- Using PYTHON_INCLUDE_DIRS: /usr/include/python3.10
[4.700s] -- Using PYTHON_LIBRARIES: /usr/lib/x86_64-linux-gnu/libpython3.10.so
[4.732s] -- Found PythonExtra: .so  
[4.930s] -- Configuring done
[4.986s] -- Generating done
[4.990s] -- Build files have been written to: /home/ines/tiago_ws/build/tiago_task2_interfaces
[5.005s] Invoked command in '/home/ines/tiago_ws/build/tiago_task2_interfaces' returned '0': CMAKE_PREFIX_PATH=${CMAKE_PREFIX_PATH}:/home/ines/tiago_ws/install/tiago_autonomous_navigation:/home/ines/tiago_ws/install/tiago_autonomous_exploration:/home/ines/ros2_ws/install/scripts:/home/ines/ros2_ws/install/acrobat:/opt/ros/humble /usr/bin/cmake /home/ines/tiago_ws/src/tiago_task2_interfaces -DAMENT_CMAKE_SYMLINK_INSTALL=1 -DCMAKE_INSTALL_PREFIX=/home/ines/tiago_ws/install/tiago_task2_interfaces
[5.007s] Invoking command in '/home/ines/tiago_ws/build/tiago_task2_interfaces': CMAKE_PREFIX_PATH=${CMAKE_PREFIX_PATH}:/home/ines/tiago_ws/install/tiago_autonomous_navigation:/home/ines/tiago_ws/install/tiago_autonomous_exploration:/home/ines/ros2_ws/install/scripts:/home/ines/ros2_ws/install/acrobat:/opt/ros/humble /usr/bin/cmake --build /home/ines/tiago_ws/build/tiago_task2_interfaces -- -j8 -l8
[5.082s] [  2%] [34m[1mGenerating C code for ROS interfaces[0m
[5.102s] [  5%] [34m[1mGenerating C++ code for ROS interfaces[0m
[5.113s] [  5%] Built target ament_cmake_python_symlink_tiago_task2_interfaces
[5.556s] running egg_info
[5.557s] creating tiago_task2_interfaces.egg-info
[5.558s] writing tiago_task2_interfaces.egg-info/PKG-INFO
[5.558s] writing dependency_links to tiago_task2_interfaces.egg-info/dependency_links.txt
[5.558s] writing top-level names to tiago_task2_interfaces.egg-info/top_level.txt
[5.559s] writing manifest file 'tiago_task2_interfaces.egg-info/SOURCES.txt'
[5.564s] reading manifest file 'tiago_task2_interfaces.egg-info/SOURCES.txt'
[5.565s] writing manifest file 'tiago_task2_interfaces.egg-info/SOURCES.txt'
[5.616s] [  5%] Built target ament_cmake_python_build_tiago_task2_interfaces_egg
[5.895s] [  5%] Built target tiago_task2_interfaces__cpp
[5.911s] [  7%] [34m[1mGenerating C++ type support dispatch for ROS interfaces[0m
[5.914s] [ 12%] [34m[1mGenerating C++ type support for eProsima Fast-RTPS[0m
[5.914s] [ 12%] [34m[1mGenerating C++ introspection for ROS interfaces[0m
[6.021s] [ 17%] [32mBuilding C object CMakeFiles/tiago_task2_interfaces__rosidl_generator_c.dir/rosidl_generator_c/tiago_task2_interfaces/srv/detail/get_marker_pose__functions.c.o[0m
[6.021s] [ 17%] [32mBuilding C object CMakeFiles/tiago_task2_interfaces__rosidl_generator_c.dir/rosidl_generator_c/tiago_task2_interfaces/action/detail/localize__functions.c.o[0m
[6.535s] [ 20%] [32mBuilding CXX object CMakeFiles/tiago_task2_interfaces__rosidl_typesupport_cpp.dir/rosidl_typesupport_cpp/tiago_task2_interfaces/srv/get_marker_pose__type_support.cpp.o[0m
[6.537s] [ 23%] [32mBuilding CXX object CMakeFiles/tiago_task2_interfaces__rosidl_typesupport_cpp.dir/rosidl_typesupport_cpp/tiago_task2_interfaces/action/localize__type_support.cpp.o[0m
[6.604s] [ 28%] [32mBuilding CXX object CMakeFiles/tiago_task2_interfaces__rosidl_typesupport_introspection_cpp.dir/rosidl_typesupport_introspection_cpp/tiago_task2_interfaces/action/detail/localize__type_support.cpp.o[0m
[6.604s] [ 28%] [32mBuilding CXX object CMakeFiles/tiago_task2_interfaces__rosidl_typesupport_introspection_cpp.dir/rosidl_typesupport_introspection_cpp/tiago_task2_interfaces/srv/detail/get_marker_pose__type_support.cpp.o[0m
[6.707s] [ 30%] [32mBuilding CXX object CMakeFiles/tiago_task2_interfaces__rosidl_typesupport_fastrtps_cpp.dir/rosidl_typesupport_fastrtps_cpp/tiago_task2_interfaces/srv/detail/dds_fastrtps/get_marker_pose__type_support.cpp.o[0m
[6.710s] [ 33%] [32mBuilding CXX object CMakeFiles/tiago_task2_interfaces__rosidl_typesupport_fastrtps_cpp.dir/rosidl_typesupport_fastrtps_cpp/tiago_task2_interfaces/action/detail/dds_fastrtps/localize__type_support.cpp.o[0m
[6.777s] [ 35%] [32m[1mLinking C shared library libtiago_task2_interfaces__rosidl_generator_c.so[0m
[6.899s] [ 35%] Built target tiago_task2_interfaces__rosidl_generator_c
[6.916s] [ 38%] [34m[1mGenerating C type support for eProsima Fast-RTPS[0m
[6.918s] [ 41%] [34m[1mGenerating C introspection for ROS interfaces[0m
[7.866s] [ 43%] [32mBuilding C object CMakeFiles/tiago_task2_interfaces__rosidl_typesupport_introspection_c.dir/rosidl_typesupport_introspection_c/tiago_task2_interfaces/srv/detail/get_marker_pose__type_support.c.o[0m
[7.985s] [ 46%] [32mBuilding C object CMakeFiles/tiago_task2_interfaces__rosidl_typesupport_introspection_c.dir/rosidl_typesupport_introspection_c/tiago_task2_interfaces/action/detail/localize__type_support.c.o[0m
[8.041s] [ 48%] [34m[1mGenerating C type support dispatch for ROS interfaces[0m
[8.060s] [ 51%] [32mBuilding CXX object CMakeFiles/tiago_task2_interfaces__rosidl_typesupport_fastrtps_c.dir/rosidl_typesupport_fastrtps_c/tiago_task2_interfaces/srv/detail/get_marker_pose__type_support_c.cpp.o[0m
[8.202s] [ 53%] [32m[1mLinking C shared library libtiago_task2_interfaces__rosidl_typesupport_introspection_c.so[0m
[8.304s] [ 53%] Built target tiago_task2_interfaces__rosidl_typesupport_introspection_c
[8.312s] [ 56%] [32mBuilding CXX object CMakeFiles/tiago_task2_interfaces__rosidl_typesupport_fastrtps_c.dir/rosidl_typesupport_fastrtps_c/tiago_task2_interfaces/action/detail/localize__type_support_c.cpp.o[0m
[8.537s] [ 58%] [32m[1mLinking CXX shared library libtiago_task2_interfaces__rosidl_typesupport_cpp.so[0m
[8.593s] [ 61%] [32m[1mLinking CXX shared library libtiago_task2_interfaces__rosidl_typesupport_introspection_cpp.so[0m
[8.630s] [ 64%] [32m[1mLinking CXX shared library libtiago_task2_interfaces__rosidl_typesupport_fastrtps_cpp.so[0m
[8.647s] [ 64%] Built target tiago_task2_interfaces__rosidl_typesupport_cpp
[8.812s] [ 64%] Built target tiago_task2_interfaces__rosidl_typesupport_introspection_cpp
[8.838s] [ 64%] Built target tiago_task2_interfaces__rosidl_typesupport_fastrtps_cpp
[8.983s] [ 66%] [32mBuilding CXX object CMakeFiles/tiago_task2_interfaces__rosidl_typesupport_c.dir/rosidl_typesupport_c/tiago_task2_interfaces/action/localize__type_support.cpp.o[0m
[8.984s] [ 69%] [32mBuilding CXX object CMakeFiles/tiago_task2_interfaces__rosidl_typesupport_c.dir/rosidl_typesupport_c/tiago_task2_interfaces/srv/get_marker_pose__type_support.cpp.o[0m
[9.083s] [ 71%] [32m[1mLinking CXX shared library libtiago_task2_interfaces__rosidl_typesupport_fastrtps_c.so[0m
[9.085s] [ 74%] [32m[1mLinking CXX shared library libtiago_task2_interfaces__rosidl_typesupport_c.so[0m
[9.175s] [ 74%] Built target tiago_task2_interfaces__rosidl_typesupport_c
[9.245s] [ 74%] Built target tiago_task2_interfaces__rosidl_typesupport_fastrtps_c
[9.276s] [ 74%] Built target tiago_task2_interfaces
[9.316s] [ 76%] [34m[1mGenerating Python code for ROS interfaces[0m
[10.556s] [ 76%] Built target tiago_task2_interfaces__py
[10.597s] [ 79%] [32mBuilding C object CMakeFiles/tiago_task2_interfaces__rosidl_generator_py.dir/rosidl_generator_py/tiago_task2_interfaces/action/_localize_s.c.o[0m
[10.603s] [ 82%] [32mBuilding C object CMakeFiles/tiago_task2_interfaces__rosidl_generator_py.dir/rosidl_generator_py/tiago_task2_interfaces/srv/_get_marker_pose_s.c.o[0m
[11.113s] [ 84%] [32m[1mLinking C shared library rosidl_generator_py/tiago_task2_interfaces/libtiago_task2_interfaces__rosidl_generator_py.so[0m
[11.218s] [ 84%] Built target tiago_task2_interfaces__rosidl_generator_py
[11.254s] [ 89%] [32mBuilding C object CMakeFiles/tiago_task2_interfaces__rosidl_typesupport_c__pyext.dir/rosidl_generator_py/tiago_task2_interfaces/_tiago_task2_interfaces_s.ep.rosidl_typesupport_c.c.o[0m
[11.255s] [ 89%] [32mBuilding C object CMakeFiles/tiago_task2_interfaces__rosidl_typesupport_introspection_c__pyext.dir/rosidl_generator_py/tiago_task2_interfaces/_tiago_task2_interfaces_s.ep.rosidl_typesupport_introspection_c.c.o[0m
[11.258s] [ 92%] [32mBuilding C object CMakeFiles/tiago_task2_interfaces__rosidl_typesupport_fastrtps_c__pyext.dir/rosidl_generator_py/tiago_task2_interfaces/_tiago_task2_interfaces_s.ep.rosidl_typesupport_fastrtps_c.c.o[0m
[11.456s] [ 94%] [32m[1mLinking C shared library rosidl_generator_py/tiago_task2_interfaces/tiago_task2_interfaces_s__rosidl_typesupport_introspection_c.cpython-310-x86_64-linux-gnu.so[0m
[11.469s] [ 97%] [32m[1mLinking C shared library rosidl_generator_py/tiago_task2_interfaces/tiago_task2_interfaces_s__rosidl_typesupport_c.cpython-310-x86_64-linux-gnu.so[0m
[11.480s] [100%] [32m[1mLinking C shared library rosidl_generator_py/tiago_task2_interfaces/tiago_task2_interfaces_s__rosidl_typesupport_fastrtps_c.cpython-310-x86_64-linux-gnu.so[0m
[11.533s] [100%] Built target tiago_task2_interfaces__rosidl_typesupport_introspection_c__pyext
[11.554s] [100%] Built target tiago_task2_interfaces__rosidl_typesupport_c__pyext
[11.563s] [100%] Built target tiago_task2_interfaces__rosidl_typesupport_fastrtps_c__pyext
[11.581s] Invoked command in '/home/ines/tiago_ws/build/tiago_task2_interfaces' returned '0': CMAKE_PREFIX_PATH=${CMAKE_PREFIX_PATH}:/home/ines/tiago_ws/install/tiago_autonomous_navigation:/home/ines/tiago_ws/install/tiago_autonomous_exploration:/home/ines/ros2_ws/install/scripts:/home/ines/ros2_ws/install/acrobat:/opt/ros/humble /usr/bin/cmake --build /home/ines/tiago_ws/build/tiago_task2_interfaces -- -j8 -l8
[11.743s] Invoking command in '/home/ines/tiago_ws/build/tiago_task2_interfaces': CMAKE_PREFIX_PATH=${CMAKE_PREFIX_PATH}:/home/ines/tiago_ws/install/tiago_autonomous_navigation:/home/ines/tiago_ws/install/tiago_autonomous_exploration:/home/ines/ros2_ws/install/scripts:/home/ines/ros2_ws/install/acrobat:/opt/ros/humble /usr/bin/cmake --install /home/ines/tiago_ws/build/tiago_task2_interfaces
[11.754s] -- Install configuration: ""
[11.754s] -- Execute custom install script
[11.755s] -- Symlinking: /home/ines/tiago_ws/install/tiago_task2_interfaces/share/ament_index/resource_index/rosidl_interfaces/tiago_task2_interfaces
[11.771s] -- Symlinking: /home/ines/tiago_ws/install/tiago_task2_interfaces/include/tiago_task2_interfaces/tiago_task2_interfaces/action/detail/localize__functions.h
[11.784s] -- Symlinking: /home/ines/tiago_ws/install/tiago_task2_interfaces/include/tiago_task2_interfaces/tiago_task2_interfaces/action/detail/localize__struct.h
[11.796s] -- Symlinking: /home/ines/tiago_ws/install/tiago_task2_interfaces/include/tiago_task2_interfaces/tiago_task2_interfaces/action/detail/localize__type_support.h
[11.809s] -- Symlinking: /home/ines/tiago_ws/install/tiago_task2_interfaces/include/tiago_task2_interfaces/tiago_task2_interfaces/action/localize.h
[11.822s] -- Symlinking: /home/ines/tiago_ws/install/tiago_task2_interfaces/include/tiago_task2_interfaces/tiago_task2_interfaces/msg/rosidl_generator_c__visibility_control.h
[11.835s] -- Symlinking: /home/ines/tiago_ws/install/tiago_task2_interfaces/include/tiago_task2_interfaces/tiago_task2_interfaces/srv/detail/get_marker_pose__functions.h
[11.847s] -- Symlinking: /home/ines/tiago_ws/install/tiago_task2_interfaces/include/tiago_task2_interfaces/tiago_task2_interfaces/srv/detail/get_marker_pose__struct.h
[11.860s] -- Symlinking: /home/ines/tiago_ws/install/tiago_task2_interfaces/include/tiago_task2_interfaces/tiago_task2_interfaces/srv/detail/get_marker_pose__type_support.h
[11.872s] -- Symlinking: /home/ines/tiago_ws/install/tiago_task2_interfaces/include/tiago_task2_interfaces/tiago_task2_interfaces/srv/get_marker_pose.h
[11.885s] -- Symlinking: /home/ines/tiago_ws/install/tiago_task2_interfaces/share/tiago_task2_interfaces/environment/library_path.sh
[11.897s] -- Symlinking: /home/ines/tiago_ws/install/tiago_task2_interfaces/share/tiago_task2_interfaces/environment/library_path.dsv
[11.910s] -- Symlinking: /home/ines/tiago_ws/install/tiago_task2_interfaces/include/tiago_task2_interfaces/tiago_task2_interfaces/action/detail/localize__rosidl_typesupport_fastrtps_c.h
[11.922s] -- Symlinking: /home/ines/tiago_ws/install/tiago_task2_interfaces/include/tiago_task2_interfaces/tiago_task2_interfaces/msg/rosidl_typesupport_fastrtps_c__visibility_control.h
[11.935s] -- Symlinking: /home/ines/tiago_ws/install/tiago_task2_interfaces/include/tiago_task2_interfaces/tiago_task2_interfaces/srv/detail/get_marker_pose__rosidl_typesupport_fastrtps_c.h
[11.949s] -- Symlinking: /home/ines/tiago_ws/install/tiago_task2_interfaces/include/tiago_task2_interfaces/tiago_task2_interfaces/action/detail/localize__rosidl_typesupport_introspection_c.h
[11.961s] -- Symlinking: /home/ines/tiago_ws/install/tiago_task2_interfaces/include/tiago_task2_interfaces/tiago_task2_interfaces/msg/rosidl_typesupport_introspection_c__visibility_control.h
[11.974s] -- Symlinking: /home/ines/tiago_ws/install/tiago_task2_interfaces/include/tiago_task2_interfaces/tiago_task2_interfaces/srv/detail/get_marker_pose__rosidl_typesupport_introspection_c.h
[11.986s] -- Symlinking: /home/ines/tiago_ws/install/tiago_task2_interfaces/include/tiago_task2_interfaces/tiago_task2_interfaces/action/detail/localize__builder.hpp
[11.998s] -- Symlinking: /home/ines/tiago_ws/install/tiago_task2_interfaces/include/tiago_task2_interfaces/tiago_task2_interfaces/action/detail/localize__struct.hpp
[12.011s] -- Symlinking: /home/ines/tiago_ws/install/tiago_task2_interfaces/include/tiago_task2_interfaces/tiago_task2_interfaces/action/detail/localize__traits.hpp
[12.023s] -- Symlinking: /home/ines/tiago_ws/install/tiago_task2_interfaces/include/tiago_task2_interfaces/tiago_task2_interfaces/action/localize.hpp
[12.036s] -- Symlinking: /home/ines/tiago_ws/install/tiago_task2_interfaces/include/tiago_task2_interfaces/tiago_task2_interfaces/srv/detail/get_marker_pose__builder.hpp
[12.048s] -- Symlinking: /home/ines/tiago_ws/install/tiago_task2_interfaces/include/tiago_task2_interfaces/tiago_task2_interfaces/srv/detail/get_marker_pose__struct.hpp
[12.071s] -- Symlinking: /home/ines/tiago_ws/install/tiago_task2_interfaces/include/tiago_task2_interfaces/tiago_task2_interfaces/srv/detail/get_marker_pose__traits.hpp
[12.083s] -- Symlinking: /home/ines/tiago_ws/install/tiago_task2_interfaces/include/tiago_task2_interfaces/tiago_task2_interfaces/srv/get_marker_pose.hpp
[12.097s] -- Symlinking: /home/ines/tiago_ws/install/tiago_task2_interfaces/include/tiago_task2_interfaces/tiago_task2_interfaces/action/detail/localize__rosidl_typesupport_fastrtps_cpp.hpp
[12.109s] -- Symlinking: /home/ines/tiago_ws/install/tiago_task2_interfaces/include/tiago_task2_interfaces/tiago_task2_interfaces/msg/rosidl_typesupport_fastrtps_cpp__visibility_control.h
[12.122s] -- Symlinking: /home/ines/tiago_ws/install/tiago_task2_interfaces/include/tiago_task2_interfaces/tiago_task2_interfaces/srv/detail/get_marker_pose__rosidl_typesupport_fastrtps_cpp.hpp
[12.136s] -- Symlinking: /home/ines/tiago_ws/install/tiago_task2_interfaces/include/tiago_task2_interfaces/tiago_task2_interfaces/action/detail/localize__rosidl_typesupport_introspection_cpp.hpp
[12.151s] -- Symlinking: /home/ines/tiago_ws/install/tiago_task2_interfaces/include/tiago_task2_interfaces/tiago_task2_interfaces/srv/detail/get_marker_pose__rosidl_typesupport_introspection_cpp.hpp
[12.171s] -- Symlinking: /home/ines/tiago_ws/install/tiago_task2_interfaces/share/tiago_task2_interfaces/environment/pythonpath.sh
[12.184s] -- Symlinking: /home/ines/tiago_ws/install/tiago_task2_interfaces/share/tiago_task2_interfaces/environment/pythonpath.dsv
[12.202s] -- Symlinking: /home/ines/tiago_ws/install/tiago_task2_interfaces/local/lib/python3.10/dist-packages/tiago_task2_interfaces-0.0.1-py3.10.egg-info/PKG-INFO
[12.216s] -- Symlinking: /home/ines/tiago_ws/install/tiago_task2_interfaces/local/lib/python3.10/dist-packages/tiago_task2_interfaces-0.0.1-py3.10.egg-info/SOURCES.txt
[12.231s] -- Symlinking: /home/ines/tiago_ws/install/tiago_task2_interfaces/local/lib/python3.10/dist-packages/tiago_task2_interfaces-0.0.1-py3.10.egg-info/dependency_links.txt
[12.245s] -- Symlinking: /home/ines/tiago_ws/install/tiago_task2_interfaces/local/lib/python3.10/dist-packages/tiago_task2_interfaces-0.0.1-py3.10.egg-info/top_level.txt
[12.262s] -- Symlinking: /home/ines/tiago_ws/install/tiago_task2_interfaces/local/lib/python3.10/dist-packages/tiago_task2_interfaces/__init__.py
[12.275s] -- Symlinking: /home/ines/tiago_ws/install/tiago_task2_interfaces/local/lib/python3.10/dist-packages/tiago_task2_interfaces/_tiago_task2_interfaces_s.ep.rosidl_typesupport_c.c
[12.288s] -- Symlinking: /home/ines/tiago_ws/install/tiago_task2_interfaces/local/lib/python3.10/dist-packages/tiago_task2_interfaces/_tiago_task2_interfaces_s.ep.rosidl_typesupport_fastrtps_c.c
[12.302s] -- Symlinking: /home/ines/tiago_ws/install/tiago_task2_interfaces/local/lib/python3.10/dist-packages/tiago_task2_interfaces/_tiago_task2_interfaces_s.ep.rosidl_typesupport_introspection_c.c
[12.324s] -- Symlinking: /home/ines/tiago_ws/install/tiago_task2_interfaces/local/lib/python3.10/dist-packages/tiago_task2_interfaces/action/__init__.py
[12.336s] -- Symlinking: /home/ines/tiago_ws/install/tiago_task2_interfaces/local/lib/python3.10/dist-packages/tiago_task2_interfaces/action/_localize.py
[12.348s] -- Symlinking: /home/ines/tiago_ws/install/tiago_task2_interfaces/local/lib/python3.10/dist-packages/tiago_task2_interfaces/action/_localize_s.c
[12.361s] -- Symlinking: /home/ines/tiago_ws/install/tiago_task2_interfaces/local/lib/python3.10/dist-packages/tiago_task2_interfaces/libtiago_task2_interfaces__rosidl_generator_py.so
[12.373s] -- Symlinking: /home/ines/tiago_ws/install/tiago_task2_interfaces/local/lib/python3.10/dist-packages/tiago_task2_interfaces/srv/__init__.py
[12.395s] -- Symlinking: /home/ines/tiago_ws/install/tiago_task2_interfaces/local/lib/python3.10/dist-packages/tiago_task2_interfaces/srv/_get_marker_pose.py
[12.408s] -- Symlinking: /home/ines/tiago_ws/install/tiago_task2_interfaces/local/lib/python3.10/dist-packages/tiago_task2_interfaces/srv/_get_marker_pose_s.c
[12.423s] -- Symlinking: /home/ines/tiago_ws/install/tiago_task2_interfaces/local/lib/python3.10/dist-packages/tiago_task2_interfaces/tiago_task2_interfaces_s__rosidl_typesupport_c.cpython-310-x86_64-linux-gnu.so
[12.448s] -- Symlinking: /home/ines/tiago_ws/install/tiago_task2_interfaces/local/lib/python3.10/dist-packages/tiago_task2_interfaces/tiago_task2_interfaces_s__rosidl_typesupport_fastrtps_c.cpython-310-x86_64-linux-gnu.so
[12.460s] -- Symlinking: /home/ines/tiago_ws/install/tiago_task2_interfaces/local/lib/python3.10/dist-packages/tiago_task2_interfaces/tiago_task2_interfaces_s__rosidl_typesupport_introspection_c.cpython-310-x86_64-linux-gnu.so
[12.474s] -- Up-to-date symlink: /home/ines/tiago_ws/install/tiago_task2_interfaces/local/lib/python3.10/dist-packages/tiago_task2_interfaces/tiago_task2_interfaces_s__rosidl_typesupport_fastrtps_c.cpython-310-x86_64-linux-gnu.so
[12.474s] -- Up-to-date symlink: /home/ines/tiago_ws/install/tiago_task2_interfaces/local/lib/python3.10/dist-packages/tiago_task2_interfaces/tiago_task2_interfaces_s__rosidl_typesupport_introspection_c.cpython-310-x86_64-linux-gnu.so
[12.475s] -- Up-to-date symlink: /home/ines/tiago_ws/install/tiago_task2_interfaces/local/lib/python3.10/dist-packages/tiago_task2_interfaces/tiago_task2_interfaces_s__rosidl_typesupport_c.cpython-310-x86_64-linux-gnu.so
[12.475s] -- Symlinking: /home/ines/tiago_ws/install/tiago_task2_interfaces/share/tiago_task2_interfaces/srv/GetMarkerPose.idl
[12.488s] -- Symlinking: /home/ines/tiago_ws/install/tiago_task2_interfaces/share/tiago_task2_interfaces/action/Localize.idl
[12.501s] -- Symlinking: /home/ines/tiago_ws/install/tiago_task2_interfaces/share/tiago_task2_interfaces/srv/GetMarkerPose.srv
[12.513s] -- Symlinking: /home/ines/tiago_ws/install/tiago_task2_interfaces/share/tiago_task2_interfaces/srv/GetMarkerPose_Request.msg
[12.527s] -- Symlinking: /home/ines/tiago_ws/install/tiago_task2_interfaces/share/tiago_task2_interfaces/srv/GetMarkerPose_Response.msg
[12.540s] -- Symlinking: /home/ines/tiago_ws/install/tiago_task2_interfaces/share/tiago_task2_interfaces/action/Localize.action
[12.552s] -- Symlinking: /home/ines/tiago_ws/install/tiago_task2_interfaces/share/ament_index/resource_index/package_run_dependencies/tiago_task2_interfaces
[12.575s] -- Symlinking: /home/ines/tiago_ws/install/tiago_task2_interfaces/share/ament_index/resource_index/parent_prefix_path/tiago_task2_interfaces
[12.588s] -- Symlinking: /home/ines/tiago_ws/install/tiago_task2_interfaces/share/tiago_task2_interfaces/environment/ament_prefix_path.sh
[12.601s] -- Symlinking: /home/ines/tiago_ws/install/tiago_task2_interfaces/share/tiago_task2_interfaces/environment/ament_prefix_path.dsv
[12.613s] -- Symlinking: /home/ines/tiago_ws/install/tiago_task2_interfaces/share/tiago_task2_interfaces/environment/path.sh
[12.628s] -- Symlinking: /home/ines/tiago_ws/install/tiago_task2_interfaces/share/tiago_task2_interfaces/environment/path.dsv
[12.646s] -- Symlinking: /home/ines/tiago_ws/install/tiago_task2_interfaces/share/tiago_task2_interfaces/local_setup.bash
[12.661s] -- Symlinking: /home/ines/tiago_ws/install/tiago_task2_interfaces/share/tiago_task2_interfaces/local_setup.sh
[12.673s] -- Symlinking: /home/ines/tiago_ws/install/tiago_task2_interfaces/share/tiago_task2_interfaces/local_setup.zsh
[12.686s] -- Symlinking: /home/ines/tiago_ws/install/tiago_task2_interfaces/share/tiago_task2_interfaces/local_setup.dsv
[12.699s] -- Symlinking: /home/ines/tiago_ws/install/tiago_task2_interfaces/share/tiago_task2_interfaces/package.dsv
[12.715s] -- Symlinking: /home/ines/tiago_ws/install/tiago_task2_interfaces/share/ament_index/resource_index/packages/tiago_task2_interfaces
[12.737s] -- Symlinking: /home/ines/tiago_ws/install/tiago_task2_interfaces/share/tiago_task2_interfaces/cmake/rosidl_cmake-extras.cmake
[12.749s] -- Symlinking: /home/ines/tiago_ws/install/tiago_task2_interfaces/share/tiago_task2_interfaces/cmake/ament_cmake_export_dependencies-extras.cmake
[12.762s] -- Symlinking: /home/ines/tiago_ws/install/tiago_task2_interfaces/share/tiago_task2_interfaces/cmake/ament_cmake_export_include_directories-extras.cmake
[12.774s] -- Symlinking: /home/ines/tiago_ws/install/tiago_task2_interfaces/share/tiago_task2_interfaces/cmake/ament_cmake_export_libraries-extras.cmake
[12.786s] -- Symlinking: /home/ines/tiago_ws/install/tiago_task2_interfaces/share/tiago_task2_interfaces/cmake/ament_cmake_export_targets-extras.cmake
[12.799s] -- Symlinking: /home/ines/tiago_ws/install/tiago_task2_interfaces/share/tiago_task2_interfaces/cmake/rosidl_cmake_export_typesupport_targets-extras.cmake
[12.811s] -- Symlinking: /home/ines/tiago_ws/install/tiago_task2_interfaces/share/tiago_task2_interfaces/cmake/rosidl_cmake_export_typesupport_libraries-extras.cmake
[12.829s] -- Symlinking: /home/ines/tiago_ws/install/tiago_task2_interfaces/share/tiago_task2_interfaces/cmake/tiago_task2_interfacesConfig.cmake
[12.845s] -- Symlinking: /home/ines/tiago_ws/install/tiago_task2_interfaces/share/tiago_task2_interfaces/cmake/tiago_task2_interfacesConfig-version.cmake
[12.860s] -- Symlinking: /home/ines/tiago_ws/install/tiago_task2_interfaces/share/tiago_task2_interfaces/package.xml
[12.873s] -- Installing: /home/ines/tiago_ws/install/tiago_task2_interfaces/lib/libtiago_task2_interfaces__rosidl_generator_c.so
[12.874s] -- Set runtime path of "/home/ines/tiago_ws/install/tiago_task2_interfaces/lib/libtiago_task2_interfaces__rosidl_generator_c.so" to ""
[12.874s] -- Installing: /home/ines/tiago_ws/install/tiago_task2_interfaces/lib/libtiago_task2_interfaces__rosidl_typesupport_fastrtps_c.so
[12.875s] -- Set runtime path of "/home/ines/tiago_ws/install/tiago_task2_interfaces/lib/libtiago_task2_interfaces__rosidl_typesupport_fastrtps_c.so" to ""
[12.875s] -- Installing: /home/ines/tiago_ws/install/tiago_task2_interfaces/lib/libtiago_task2_interfaces__rosidl_typesupport_introspection_c.so
[12.876s] -- Set runtime path of "/home/ines/tiago_ws/install/tiago_task2_interfaces/lib/libtiago_task2_interfaces__rosidl_typesupport_introspection_c.so" to ""
[12.877s] -- Installing: /home/ines/tiago_ws/install/tiago_task2_interfaces/lib/libtiago_task2_interfaces__rosidl_typesupport_c.so
[12.878s] -- Set runtime path of "/home/ines/tiago_ws/install/tiago_task2_interfaces/lib/libtiago_task2_interfaces__rosidl_typesupport_c.so" to ""
[12.878s] -- Installing: /home/ines/tiago_ws/install/tiago_task2_interfaces/lib/libtiago_task2_interfaces__rosidl_typesupport_fastrtps_cpp.so
[12.879s] -- Set runtime path of "/home/ines/tiago_ws/install/tiago_task2_interfaces/lib/libtiago_task2_interfaces__rosidl_typesupport_fastrtps_cpp.so" to ""
[12.879s] -- Installing: /home/ines/tiago_ws/install/tiago_task2_interfaces/lib/libtiago_task2_interfaces__rosidl_typesupport_introspection_cpp.so
[12.881s] -- Set runtime path of "/home/ines/tiago_ws/install/tiago_task2_interfaces/lib/libtiago_task2_interfaces__rosidl_typesupport_introspection_cpp.so" to ""
[12.881s] -- Installing: /home/ines/tiago_ws/install/tiago_task2_interfaces/lib/libtiago_task2_interfaces__rosidl_typesupport_cpp.so
[12.882s] -- Set runtime path of "/home/ines/tiago_ws/install/tiago_task2_interfaces/lib/libtiago_task2_interfaces__rosidl_typesupport_cpp.so" to ""
[12.935s] Listing '/home/ines/tiago_ws/install/tiago_task2_interfaces/local/lib/python3.10/dist-packages/tiago_task2_interfaces'...
[12.936s] Compiling '/home/ines/tiago_ws/install/tiago_task2_interfaces/local/lib/python3.10/dist-packages/tiago_task2_interfaces/__init__.py'...
[12.936s] Listing '/home/ines/tiago_ws/install/tiago_task2_interfaces/local/lib/python3.10/dist-packages/tiago_task2_interfaces/action'...
[12.936s] Compiling '/home/ines/tiago_ws/install/tiago_task2_interfaces/local/lib/python3.10/dist-packages/tiago_task2_interfaces/action/__init__.py'...
[12.936s] Compiling '/home/ines/tiago_ws/install/tiago_task2_interfaces/local/lib/python3.10/dist-packages/tiago_task2_interfaces/action/_localize.py'...
[12.936s] Listing '/home/ines/tiago_ws/install/tiago_task2_interfaces/local/lib/python3.10/dist-packages/tiago_task2_interfaces/srv'...
[12.936s] Compiling '/home/ines/tiago_ws/install/tiago_task2_interfaces/local/lib/python3.10/dist-packages/tiago_task2_interfaces/srv/__init__.py'...
[12.936s] Compiling '/home/ines/tiago_ws/install/tiago_task2_interfaces/local/lib/python3.10/dist-packages/tiago_task2_interfaces/srv/_get_marker_pose.py'...
[12.941s] -- Installing: /home/ines/tiago_ws/install/tiago_task2_interfaces/lib/libtiago_task2_interfaces__rosidl_generator_py.so
[12.942s] -- Set runtime path of "/home/ines/tiago_ws/install/tiago_task2_interfaces/lib/libtiago_task2_interfaces__rosidl_generator_py.so" to ""
[12.942s] -- Installing: /home/ines/tiago_ws/install/tiago_task2_interfaces/share/tiago_task2_interfaces/cmake/export_tiago_task2_interfaces__rosidl_generator_cExport.cmake
[12.942s] -- Installing: /home/ines/tiago_ws/install/tiago_task2_interfaces/share/tiago_task2_interfaces/cmake/export_tiago_task2_interfaces__rosidl_generator_cExport-noconfig.cmake
[12.942s] -- Installing: /home/ines/tiago_ws/install/tiago_task2_interfaces/share/tiago_task2_interfaces/cmake/export_tiago_task2_interfaces__rosidl_typesupport_fastrtps_cExport.cmake
[12.943s] -- Installing: /home/ines/tiago_ws/install/tiago_task2_interfaces/share/tiago_task2_interfaces/cmake/export_tiago_task2_interfaces__rosidl_typesupport_fastrtps_cExport-noconfig.cmake
[12.943s] -- Installing: /home/ines/tiago_ws/install/tiago_task2_interfaces/share/tiago_task2_interfaces/cmake/tiago_task2_interfaces__rosidl_typesupport_introspection_cExport.cmake
[12.943s] -- Installing: /home/ines/tiago_ws/install/tiago_task2_interfaces/share/tiago_task2_interfaces/cmake/tiago_task2_interfaces__rosidl_typesupport_introspection_cExport-noconfig.cmake
[12.943s] -- Installing: /home/ines/tiago_ws/install/tiago_task2_interfaces/share/tiago_task2_interfaces/cmake/tiago_task2_interfaces__rosidl_typesupport_cExport.cmake
[12.943s] -- Installing: /home/ines/tiago_ws/install/tiago_task2_interfaces/share/tiago_task2_interfaces/cmake/tiago_task2_interfaces__rosidl_typesupport_cExport-noconfig.cmake
[12.944s] -- Installing: /home/ines/tiago_ws/install/tiago_task2_interfaces/share/tiago_task2_interfaces/cmake/export_tiago_task2_interfaces__rosidl_generator_cppExport.cmake
[12.944s] -- Installing: /home/ines/tiago_ws/install/tiago_task2_interfaces/share/tiago_task2_interfaces/cmake/export_tiago_task2_interfaces__rosidl_typesupport_fastrtps_cppExport.cmake
[12.944s] -- Installing: /home/ines/tiago_ws/install/tiago_task2_interfaces/share/tiago_task2_interfaces/cmake/export_tiago_task2_interfaces__rosidl_typesupport_fastrtps_cppExport-noconfig.cmake
[12.944s] -- Installing: /home/ines/tiago_ws/install/tiago_task2_interfaces/share/tiago_task2_interfaces/cmake/tiago_task2_interfaces__rosidl_typesupport_introspection_cppExport.cmake
[12.944s] -- Installing: /home/ines/tiago_ws/install/tiago_task2_interfaces/share/tiago_task2_interfaces/cmake/tiago_task2_interfaces__rosidl_typesupport_introspection_cppExport-noconfig.cmake
[12.944s] -- Installing: /home/ines/tiago_ws/install/tiago_task2_interfaces/share/tiago_task2_interfaces/cmake/tiago_task2_interfaces__rosidl_typesupport_cppExport.cmake
[12.945s] -- Installing: /home/ines/tiago_ws/install/tiago_task2_interfaces/share/tiago_task2_interfaces/cmake/tiago_task2_interfaces__rosidl_typesupport_cppExport-noconfig.cmake
[12.945s] -- Installing: /home/ines/tiago_ws/install/tiago_task2_interfaces/share/tiago_task2_interfaces/cmake/export_tiago_task2_interfaces__rosidl_generator_pyExport.cmake
[12.945s] -- Installing: /home/ines/tiago_ws/install/tiago_task2_interfaces/share/tiago_task2_interfaces/cmake/export_tiago_task2_interfaces__rosidl_generator_pyExport-noconfig.cmake
[12.950s] Invoked command in '/home/ines/tiago_ws/build/tiago_task2_interfaces' returned '0': CMAKE_PREFIX_PATH=${CMAKE_PREFIX_PATH}:/home/ines/tiago_ws/install/tiago_autonomous_navigation:/home/ines/tiago_ws/install/tiago_autonomous_exploration:/home/ines/ros2_ws/install/scripts:/home/ines/ros2_ws/install/acrobat:/opt/ros/humble /usr/bin/cmake --install /home/ines/tiago_ws/build/tiago_task2_interfaces
