[0.344s] Invoking command in '/home/ines/tiago_ws/build/pmb2_laser_sensors': CMAKE_PREFIX_PATH=${CMAKE_PREFIX_PATH}:/home/ines/tiago_ws/install/tiago_autonomous_navigation:/home/ines/tiago_ws/install/tiago_autonomous_exploration:/home/ines/ros2_ws/install/scripts:/home/ines/ros2_ws/install/acrobat:/opt/ros/humble /usr/bin/cmake --build /home/ines/tiago_ws/build/pmb2_laser_sensors -- -j8 -l8
[3.954s] Invoked command in '/home/ines/tiago_ws/build/pmb2_laser_sensors' returned '0': CMAKE_PREFIX_PATH=${CMAKE_PREFIX_PATH}:/home/ines/tiago_ws/install/tiago_autonomous_navigation:/home/ines/tiago_ws/install/tiago_autonomous_exploration:/home/ines/ros2_ws/install/scripts:/home/ines/ros2_ws/install/acrobat:/opt/ros/humble /usr/bin/cmake --build /home/ines/tiago_ws/build/pmb2_laser_sensors -- -j8 -l8
[4.219s] Invoking command in '/home/ines/tiago_ws/build/pmb2_laser_sensors': CMAKE_PREFIX_PATH=${CMAKE_PREFIX_PATH}:/home/ines/tiago_ws/install/tiago_autonomous_navigation:/home/ines/tiago_ws/install/tiago_autonomous_exploration:/home/ines/ros2_ws/install/scripts:/home/ines/ros2_ws/install/acrobat:/opt/ros/humble /usr/bin/cmake --install /home/ines/tiago_ws/build/pmb2_laser_sensors
[4.318s] -- Install configuration: ""
[4.320s] -- Execute custom install script
[4.329s] -- Up-to-date symlink: /home/ines/tiago_ws/install/pmb2_laser_sensors/share/pmb2_laser_sensors/config/sick-551_filter.yaml
[4.331s] -- Up-to-date symlink: /home/ines/tiago_ws/install/pmb2_laser_sensors/share/pmb2_laser_sensors/config/sick-561_filter.yaml
[4.331s] -- Up-to-date symlink: /home/ines/tiago_ws/install/pmb2_laser_sensors/share/pmb2_laser_sensors/config/sick-571_filter.yaml
[4.332s] -- Up-to-date symlink: /home/ines/tiago_ws/install/pmb2_laser_sensors/share/pmb2_laser_sensors/config/sick_tim551_laser.yaml
[4.340s] -- Up-to-date symlink: /home/ines/tiago_ws/install/pmb2_laser_sensors/share/pmb2_laser_sensors/config/sick_tim561_laser.yaml
[4.344s] -- Up-to-date symlink: /home/ines/tiago_ws/install/pmb2_laser_sensors/share/pmb2_laser_sensors/config/sick_tim571_laser.yaml
[4.345s] -- Up-to-date symlink: /home/ines/tiago_ws/install/pmb2_laser_sensors/share/pmb2_laser_sensors/launch/laser.launch.py
[4.347s] -- Up-to-date symlink: /home/ines/tiago_ws/install/pmb2_laser_sensors/share/pmb2_laser_sensors/launch/laser_filters.launch.py
[4.359s] -- Up-to-date symlink: /home/ines/tiago_ws/install/pmb2_laser_sensors/share/pmb2_laser_sensors/launch/sick-551_laser.launch.py
[4.363s] -- Up-to-date symlink: /home/ines/tiago_ws/install/pmb2_laser_sensors/share/pmb2_laser_sensors/launch/sick-561_laser.launch.py
[4.377s] -- Up-to-date symlink: /home/ines/tiago_ws/install/pmb2_laser_sensors/share/pmb2_laser_sensors/launch/sick-571_laser.launch.py
[4.377s] -- Up-to-date symlink: /home/ines/tiago_ws/install/pmb2_laser_sensors/share/ament_index/resource_index/package_run_dependencies/pmb2_laser_sensors
[4.402s] -- Up-to-date symlink: /home/ines/tiago_ws/install/pmb2_laser_sensors/share/ament_index/resource_index/parent_prefix_path/pmb2_laser_sensors
[4.407s] -- Up-to-date symlink: /home/ines/tiago_ws/install/pmb2_laser_sensors/share/pmb2_laser_sensors/environment/ament_prefix_path.sh
[4.413s] -- Up-to-date symlink: /home/ines/tiago_ws/install/pmb2_laser_sensors/share/pmb2_laser_sensors/environment/ament_prefix_path.dsv
[4.416s] -- Up-to-date symlink: /home/ines/tiago_ws/install/pmb2_laser_sensors/share/pmb2_laser_sensors/environment/path.sh
[4.416s] -- Up-to-date symlink: /home/ines/tiago_ws/install/pmb2_laser_sensors/share/pmb2_laser_sensors/environment/path.dsv
[4.416s] -- Up-to-date symlink: /home/ines/tiago_ws/install/pmb2_laser_sensors/share/pmb2_laser_sensors/local_setup.bash
[4.422s] -- Up-to-date symlink: /home/ines/tiago_ws/install/pmb2_laser_sensors/share/pmb2_laser_sensors/local_setup.sh
[4.422s] -- Up-to-date symlink: /home/ines/tiago_ws/install/pmb2_laser_sensors/share/pmb2_laser_sensors/local_setup.zsh
[4.422s] -- Up-to-date symlink: /home/ines/tiago_ws/install/pmb2_laser_sensors/share/pmb2_laser_sensors/local_setup.dsv
[4.423s] -- Symlinking: /home/ines/tiago_ws/install/pmb2_laser_sensors/share/pmb2_laser_sensors/package.dsv
[4.530s] -- Up-to-date symlink: /home/ines/tiago_ws/install/pmb2_laser_sensors/share/ament_index/resource_index/packages/pmb2_laser_sensors
[4.531s] -- Up-to-date symlink: /home/ines/tiago_ws/install/pmb2_laser_sensors/share/pmb2_laser_sensors/cmake/pmb2_laser_sensorsConfig.cmake
[4.531s] -- Up-to-date symlink: /home/ines/tiago_ws/install/pmb2_laser_sensors/share/pmb2_laser_sensors/cmake/pmb2_laser_sensorsConfig-version.cmake
[4.531s] -- Up-to-date symlink: /home/ines/tiago_ws/install/pmb2_laser_sensors/share/pmb2_laser_sensors/package.xml
[4.708s] Invoked command in '/home/ines/tiago_ws/build/pmb2_laser_sensors' returned '0': CMAKE_PREFIX_PATH=${CMAKE_PREFIX_PATH}:/home/ines/tiago_ws/install/tiago_autonomous_navigation:/home/ines/tiago_ws/install/tiago_autonomous_exploration:/home/ines/ros2_ws/install/scripts:/home/ines/ros2_ws/install/acrobat:/opt/ros/humble /usr/bin/cmake --install /home/ines/tiago_ws/build/pmb2_laser_sensors
