[0.056s] Invoking command in '/home/ines/tiago_ws/build/tiago_laser_sensors': CMAKE_PREFIX_PATH=/home/ines/tiago_ws/install/pmb2_laser_sensors:/home/ines/tiago_ws/install/tiago_navigation:/home/ines/tiago_ws/install/tiago_rgbd_sensors:/home/ines/tiago_ws/install/tiago_laser_sensors:/home/ines/tiago_ws/install/tiago_exam_worlds:/home/ines/tiago_ws/install/tiago_exam:/home/ines/tiago_ws/install/tiago_controller_configuration:/home/ines/tiago_ws/install/tiago_2dnav:/home/ines/tiago_ws/install/pmb2_rgbd_sensors:/home/ines/tiago_ws/install/pmb2_navigation:/home/ines/tiago_ws/install/pmb2_2dnav:/home/ines/tiago_ws/install/pal_navigation_cfg:/home/ines/tiago_ws/install/pal_navigation_cfg_bringup:/home/ines/tiago_ws/install/pal_navigation_cfg_params:/home/ines/tiago_ws/install/multirobot_map_merge:/home/ines/tiago_ws/install/explore_lite:/home/ines/test_ws/install/my_package:/home/ines/tiago_ws/install/tiago_autonomous_navigation:/home/ines/tiago_ws/install/tiago_autonomous_exploration:/home/ines/ros2_ws/install/scripts:/home/ines/ros2_ws/install/acrobat:/opt/ros/humble /usr/bin/cmake /home/ines/tiago_ws/src/tiago_navigation.bak/tiago_laser_sensors -DAMENT_CMAKE_SYMLINK_INSTALL=1 -DCMAKE_INSTALL_PREFIX=/home/ines/tiago_ws/install/tiago_laser_sensors
[0.183s] -- The C compiler identification is GNU 11.4.0
[0.325s] -- The CXX compiler identification is GNU 11.4.0
[0.344s] -- Detecting C compiler ABI info
[0.507s] -- Detecting C compiler ABI info - done
[0.523s] -- Check for working C compiler: /usr/bin/cc - skipped
[0.524s] -- Detecting C compile features
[0.528s] -- Detecting C compile features - done
[0.531s] -- Detecting CXX compiler ABI info
[0.742s] -- Detecting CXX compiler ABI info - done
[0.763s] -- Check for working CXX compiler: /usr/bin/c++ - skipped
[0.763s] -- Detecting CXX compile features
[0.764s] -- Detecting CXX compile features - done
[0.772s] -- Found ament_cmake_auto: 1.3.8 (/opt/ros/humble/share/ament_cmake_auto/cmake)
[1.266s] -- Found Python3: /usr/bin/python3 (found version "3.10.12") found components: Interpreter 
[1.461s] -- Override CMake install command with custom implementation using symlinks instead of copying resources
[1.814s] -- Added test 'copyright' to check source files copyright and LICENSE
[1.818s] -- Added test 'flake8' to check Python code syntax and style conventions
[1.820s] -- Added test 'lint_cmake' to check CMake code style
[1.822s] -- Added test 'pep257' to check Python code against some of the docstring style conventions in PEP 257
[1.824s] -- Added test 'xmllint' to check XML markup files
[1.836s] -- Configuring done
[1.838s] -- Generating done
[1.842s] -- Build files have been written to: /home/ines/tiago_ws/build/tiago_laser_sensors
[1.851s] Invoked command in '/home/ines/tiago_ws/build/tiago_laser_sensors' returned '0': CMAKE_PREFIX_PATH=/home/ines/tiago_ws/install/pmb2_laser_sensors:/home/ines/tiago_ws/install/tiago_navigation:/home/ines/tiago_ws/install/tiago_rgbd_sensors:/home/ines/tiago_ws/install/tiago_laser_sensors:/home/ines/tiago_ws/install/tiago_exam_worlds:/home/ines/tiago_ws/install/tiago_exam:/home/ines/tiago_ws/install/tiago_controller_configuration:/home/ines/tiago_ws/install/tiago_2dnav:/home/ines/tiago_ws/install/pmb2_rgbd_sensors:/home/ines/tiago_ws/install/pmb2_navigation:/home/ines/tiago_ws/install/pmb2_2dnav:/home/ines/tiago_ws/install/pal_navigation_cfg:/home/ines/tiago_ws/install/pal_navigation_cfg_bringup:/home/ines/tiago_ws/install/pal_navigation_cfg_params:/home/ines/tiago_ws/install/multirobot_map_merge:/home/ines/tiago_ws/install/explore_lite:/home/ines/test_ws/install/my_package:/home/ines/tiago_ws/install/tiago_autonomous_navigation:/home/ines/tiago_ws/install/tiago_autonomous_exploration:/home/ines/ros2_ws/install/scripts:/home/ines/ros2_ws/install/acrobat:/opt/ros/humble /usr/bin/cmake /home/ines/tiago_ws/src/tiago_navigation.bak/tiago_laser_sensors -DAMENT_CMAKE_SYMLINK_INSTALL=1 -DCMAKE_INSTALL_PREFIX=/home/ines/tiago_ws/install/tiago_laser_sensors
[1.856s] Invoking command in '/home/ines/tiago_ws/build/tiago_laser_sensors': CMAKE_PREFIX_PATH=/home/ines/tiago_ws/install/pmb2_laser_sensors:/home/ines/tiago_ws/install/tiago_navigation:/home/ines/tiago_ws/install/tiago_rgbd_sensors:/home/ines/tiago_ws/install/tiago_laser_sensors:/home/ines/tiago_ws/install/tiago_exam_worlds:/home/ines/tiago_ws/install/tiago_exam:/home/ines/tiago_ws/install/tiago_controller_configuration:/home/ines/tiago_ws/install/tiago_2dnav:/home/ines/tiago_ws/install/pmb2_rgbd_sensors:/home/ines/tiago_ws/install/pmb2_navigation:/home/ines/tiago_ws/install/pmb2_2dnav:/home/ines/tiago_ws/install/pal_navigation_cfg:/home/ines/tiago_ws/install/pal_navigation_cfg_bringup:/home/ines/tiago_ws/install/pal_navigation_cfg_params:/home/ines/tiago_ws/install/multirobot_map_merge:/home/ines/tiago_ws/install/explore_lite:/home/ines/test_ws/install/my_package:/home/ines/tiago_ws/install/tiago_autonomous_navigation:/home/ines/tiago_ws/install/tiago_autonomous_exploration:/home/ines/ros2_ws/install/scripts:/home/ines/ros2_ws/install/acrobat:/opt/ros/humble /usr/bin/cmake --build /home/ines/tiago_ws/build/tiago_laser_sensors -- -j8 -l8
[2.105s] Invoked command in '/home/ines/tiago_ws/build/tiago_laser_sensors' returned '0': CMAKE_PREFIX_PATH=/home/ines/tiago_ws/install/pmb2_laser_sensors:/home/ines/tiago_ws/install/tiago_navigation:/home/ines/tiago_ws/install/tiago_rgbd_sensors:/home/ines/tiago_ws/install/tiago_laser_sensors:/home/ines/tiago_ws/install/tiago_exam_worlds:/home/ines/tiago_ws/install/tiago_exam:/home/ines/tiago_ws/install/tiago_controller_configuration:/home/ines/tiago_ws/install/tiago_2dnav:/home/ines/tiago_ws/install/pmb2_rgbd_sensors:/home/ines/tiago_ws/install/pmb2_navigation:/home/ines/tiago_ws/install/pmb2_2dnav:/home/ines/tiago_ws/install/pal_navigation_cfg:/home/ines/tiago_ws/install/pal_navigation_cfg_bringup:/home/ines/tiago_ws/install/pal_navigation_cfg_params:/home/ines/tiago_ws/install/multirobot_map_merge:/home/ines/tiago_ws/install/explore_lite:/home/ines/test_ws/install/my_package:/home/ines/tiago_ws/install/tiago_autonomous_navigation:/home/ines/tiago_ws/install/tiago_autonomous_exploration:/home/ines/ros2_ws/install/scripts:/home/ines/ros2_ws/install/acrobat:/opt/ros/humble /usr/bin/cmake --build /home/ines/tiago_ws/build/tiago_laser_sensors -- -j8 -l8
[2.150s] Invoking command in '/home/ines/tiago_ws/build/tiago_laser_sensors': CMAKE_PREFIX_PATH=/home/ines/tiago_ws/install/pmb2_laser_sensors:/home/ines/tiago_ws/install/tiago_navigation:/home/ines/tiago_ws/install/tiago_rgbd_sensors:/home/ines/tiago_ws/install/tiago_laser_sensors:/home/ines/tiago_ws/install/tiago_exam_worlds:/home/ines/tiago_ws/install/tiago_exam:/home/ines/tiago_ws/install/tiago_controller_configuration:/home/ines/tiago_ws/install/tiago_2dnav:/home/ines/tiago_ws/install/pmb2_rgbd_sensors:/home/ines/tiago_ws/install/pmb2_navigation:/home/ines/tiago_ws/install/pmb2_2dnav:/home/ines/tiago_ws/install/pal_navigation_cfg:/home/ines/tiago_ws/install/pal_navigation_cfg_bringup:/home/ines/tiago_ws/install/pal_navigation_cfg_params:/home/ines/tiago_ws/install/multirobot_map_merge:/home/ines/tiago_ws/install/explore_lite:/home/ines/test_ws/install/my_package:/home/ines/tiago_ws/install/tiago_autonomous_navigation:/home/ines/tiago_ws/install/tiago_autonomous_exploration:/home/ines/ros2_ws/install/scripts:/home/ines/ros2_ws/install/acrobat:/opt/ros/humble /usr/bin/cmake --install /home/ines/tiago_ws/build/tiago_laser_sensors
[2.184s] -- Install configuration: ""
[2.184s] -- Execute custom install script
[2.185s] -- Symlinking: /home/ines/tiago_ws/install/tiago_laser_sensors/share/tiago_laser_sensors/launch/laser.launch.py
[2.185s] -- Symlinking: /home/ines/tiago_ws/install/tiago_laser_sensors/share/ament_index/resource_index/package_run_dependencies/tiago_laser_sensors
[2.204s] -- Symlinking: /home/ines/tiago_ws/install/tiago_laser_sensors/share/ament_index/resource_index/parent_prefix_path/tiago_laser_sensors
[2.229s] -- Symlinking: /home/ines/tiago_ws/install/tiago_laser_sensors/share/tiago_laser_sensors/environment/ament_prefix_path.sh
[2.246s] -- Symlinking: /home/ines/tiago_ws/install/tiago_laser_sensors/share/tiago_laser_sensors/environment/ament_prefix_path.dsv
[2.266s] -- Symlinking: /home/ines/tiago_ws/install/tiago_laser_sensors/share/tiago_laser_sensors/environment/path.sh
[2.287s] -- Symlinking: /home/ines/tiago_ws/install/tiago_laser_sensors/share/tiago_laser_sensors/environment/path.dsv
[2.305s] -- Symlinking: /home/ines/tiago_ws/install/tiago_laser_sensors/share/tiago_laser_sensors/local_setup.bash
[2.325s] -- Symlinking: /home/ines/tiago_ws/install/tiago_laser_sensors/share/tiago_laser_sensors/local_setup.sh
[2.341s] -- Symlinking: /home/ines/tiago_ws/install/tiago_laser_sensors/share/tiago_laser_sensors/local_setup.zsh
[2.359s] -- Symlinking: /home/ines/tiago_ws/install/tiago_laser_sensors/share/tiago_laser_sensors/local_setup.dsv
[2.376s] -- Symlinking: /home/ines/tiago_ws/install/tiago_laser_sensors/share/tiago_laser_sensors/package.dsv
[2.392s] -- Symlinking: /home/ines/tiago_ws/install/tiago_laser_sensors/share/ament_index/resource_index/packages/tiago_laser_sensors
[2.409s] -- Symlinking: /home/ines/tiago_ws/install/tiago_laser_sensors/share/tiago_laser_sensors/cmake/tiago_laser_sensorsConfig.cmake
[2.426s] -- Symlinking: /home/ines/tiago_ws/install/tiago_laser_sensors/share/tiago_laser_sensors/cmake/tiago_laser_sensorsConfig-version.cmake
[2.443s] -- Symlinking: /home/ines/tiago_ws/install/tiago_laser_sensors/share/tiago_laser_sensors/package.xml
[2.465s] Invoked command in '/home/ines/tiago_ws/build/tiago_laser_sensors' returned '0': CMAKE_PREFIX_PATH=/home/ines/tiago_ws/install/pmb2_laser_sensors:/home/ines/tiago_ws/install/tiago_navigation:/home/ines/tiago_ws/install/tiago_rgbd_sensors:/home/ines/tiago_ws/install/tiago_laser_sensors:/home/ines/tiago_ws/install/tiago_exam_worlds:/home/ines/tiago_ws/install/tiago_exam:/home/ines/tiago_ws/install/tiago_controller_configuration:/home/ines/tiago_ws/install/tiago_2dnav:/home/ines/tiago_ws/install/pmb2_rgbd_sensors:/home/ines/tiago_ws/install/pmb2_navigation:/home/ines/tiago_ws/install/pmb2_2dnav:/home/ines/tiago_ws/install/pal_navigation_cfg:/home/ines/tiago_ws/install/pal_navigation_cfg_bringup:/home/ines/tiago_ws/install/pal_navigation_cfg_params:/home/ines/tiago_ws/install/multirobot_map_merge:/home/ines/tiago_ws/install/explore_lite:/home/ines/test_ws/install/my_package:/home/ines/tiago_ws/install/tiago_autonomous_navigation:/home/ines/tiago_ws/install/tiago_autonomous_exploration:/home/ines/ros2_ws/install/scripts:/home/ines/ros2_ws/install/acrobat:/opt/ros/humble /usr/bin/cmake --install /home/ines/tiago_ws/build/tiago_laser_sensors
