[0.075s] Invoking command in '/home/ines/tiago_ws/build/pmb2_2dnav': CMAKE_PREFIX_PATH=/home/ines/tiago_ws/install/pmb2_maps:/home/ines/tiago_ws/install/pmb2_laser_sensors:/home/ines/tiago_ws/install/pymoveit2:/home/ines/tiago_ws/install/tiago_navigation:/home/ines/tiago_ws/install/tiago_laser_sensors:/home/ines/tiago_ws/install/tiago_exam_worlds:/home/ines/tiago_ws/install/tiago_exam:/home/ines/tiago_ws/install/tiago_controller_configuration:/home/ines/tiago_ws/install/tiago_2dnav:/home/ines/tiago_ws/install/pmb2_robot:/home/ines/tiago_ws/install/pmb2_rgbd_sensors:/home/ines/tiago_ws/install/pmb2_navigation:/home/ines/tiago_ws/install/pmb2_2dnav:/home/ines/tiago_ws/install/pmb2_bringup:/home/ines/tiago_ws/install/pmb2_description:/home/ines/tiago_ws/install/pmb2_controller_configuration:/home/ines/tiago_ws/install/pal_navigation_cfg:/home/ines/tiago_ws/install/pal_navigation_cfg_bringup:/home/ines/tiago_ws/install/pal_navigation_cfg_params:/home/ines/tiago_ws/install/multirobot_map_merge:/home/ines/tiago_ws/install/explore_lite:/home/ines/test_ws/install/my_package:/home/ines/tiago_ws/install/tiago_autonomous_navigation:/home/ines/tiago_ws/install/tiago_autonomous_exploration:/home/ines/ros2_ws/install/scripts:/home/ines/ros2_ws/install/acrobat:/opt/ros/humble /usr/bin/cmake --build /home/ines/tiago_ws/build/pmb2_2dnav -- -j8 -l8
[0.168s] Invoked command in '/home/ines/tiago_ws/build/pmb2_2dnav' returned '0': CMAKE_PREFIX_PATH=/home/ines/tiago_ws/install/pmb2_maps:/home/ines/tiago_ws/install/pmb2_laser_sensors:/home/ines/tiago_ws/install/pymoveit2:/home/ines/tiago_ws/install/tiago_navigation:/home/ines/tiago_ws/install/tiago_laser_sensors:/home/ines/tiago_ws/install/tiago_exam_worlds:/home/ines/tiago_ws/install/tiago_exam:/home/ines/tiago_ws/install/tiago_controller_configuration:/home/ines/tiago_ws/install/tiago_2dnav:/home/ines/tiago_ws/install/pmb2_robot:/home/ines/tiago_ws/install/pmb2_rgbd_sensors:/home/ines/tiago_ws/install/pmb2_navigation:/home/ines/tiago_ws/install/pmb2_2dnav:/home/ines/tiago_ws/install/pmb2_bringup:/home/ines/tiago_ws/install/pmb2_description:/home/ines/tiago_ws/install/pmb2_controller_configuration:/home/ines/tiago_ws/install/pal_navigation_cfg:/home/ines/tiago_ws/install/pal_navigation_cfg_bringup:/home/ines/tiago_ws/install/pal_navigation_cfg_params:/home/ines/tiago_ws/install/multirobot_map_merge:/home/ines/tiago_ws/install/explore_lite:/home/ines/test_ws/install/my_package:/home/ines/tiago_ws/install/tiago_autonomous_navigation:/home/ines/tiago_ws/install/tiago_autonomous_exploration:/home/ines/ros2_ws/install/scripts:/home/ines/ros2_ws/install/acrobat:/opt/ros/humble /usr/bin/cmake --build /home/ines/tiago_ws/build/pmb2_2dnav -- -j8 -l8
[0.223s] Invoking command in '/home/ines/tiago_ws/build/pmb2_2dnav': CMAKE_PREFIX_PATH=/home/ines/tiago_ws/install/pmb2_maps:/home/ines/tiago_ws/install/pmb2_laser_sensors:/home/ines/tiago_ws/install/pymoveit2:/home/ines/tiago_ws/install/tiago_navigation:/home/ines/tiago_ws/install/tiago_laser_sensors:/home/ines/tiago_ws/install/tiago_exam_worlds:/home/ines/tiago_ws/install/tiago_exam:/home/ines/tiago_ws/install/tiago_controller_configuration:/home/ines/tiago_ws/install/tiago_2dnav:/home/ines/tiago_ws/install/pmb2_robot:/home/ines/tiago_ws/install/pmb2_rgbd_sensors:/home/ines/tiago_ws/install/pmb2_navigation:/home/ines/tiago_ws/install/pmb2_2dnav:/home/ines/tiago_ws/install/pmb2_bringup:/home/ines/tiago_ws/install/pmb2_description:/home/ines/tiago_ws/install/pmb2_controller_configuration:/home/ines/tiago_ws/install/pal_navigation_cfg:/home/ines/tiago_ws/install/pal_navigation_cfg_bringup:/home/ines/tiago_ws/install/pal_navigation_cfg_params:/home/ines/tiago_ws/install/multirobot_map_merge:/home/ines/tiago_ws/install/explore_lite:/home/ines/test_ws/install/my_package:/home/ines/tiago_ws/install/tiago_autonomous_navigation:/home/ines/tiago_ws/install/tiago_autonomous_exploration:/home/ines/ros2_ws/install/scripts:/home/ines/ros2_ws/install/acrobat:/opt/ros/humble /usr/bin/cmake --install /home/ines/tiago_ws/build/pmb2_2dnav
[0.234s] -- Install configuration: ""
[0.234s] -- Execute custom install script
[0.235s] -- Up-to-date symlink: /home/ines/tiago_ws/install/pmb2_2dnav/share/pmb2_2dnav/config/rviz/advanced_navigation.rviz
[0.235s] -- Up-to-date symlink: /home/ines/tiago_ws/install/pmb2_2dnav/share/pmb2_2dnav/config/rviz/navigation.rviz
[0.237s] -- Up-to-date symlink: /home/ines/tiago_ws/install/pmb2_2dnav/share/pmb2_2dnav/launch/pmb2_nav_bringup.launch.py
[0.237s] -- Up-to-date symlink: /home/ines/tiago_ws/install/pmb2_2dnav/share/pmb2_2dnav/params/pmb2_nav.yaml
[0.237s] -- Up-to-date symlink: /home/ines/tiago_ws/install/pmb2_2dnav/share/pmb2_2dnav/params/pmb2_nav_public_sim.yaml
[0.237s] -- Up-to-date symlink: /home/ines/tiago_ws/install/pmb2_2dnav/share/pmb2_2dnav/params/pmb2_nav_w_composition.yaml
[0.238s] -- Up-to-date symlink: /home/ines/tiago_ws/install/pmb2_2dnav/share/pmb2_2dnav/params/pmb2_remappings.yaml
[0.238s] -- Up-to-date symlink: /home/ines/tiago_ws/install/pmb2_2dnav/share/pmb2_2dnav/params/pmb2_remappings_sim.yaml
[0.238s] -- Up-to-date symlink: /home/ines/tiago_ws/install/pmb2_2dnav/share/ament_index/resource_index/package_run_dependencies/pmb2_2dnav
[0.238s] -- Up-to-date symlink: /home/ines/tiago_ws/install/pmb2_2dnav/share/ament_index/resource_index/parent_prefix_path/pmb2_2dnav
[0.242s] -- Up-to-date symlink: /home/ines/tiago_ws/install/pmb2_2dnav/share/pmb2_2dnav/environment/ament_prefix_path.sh
[0.242s] -- Up-to-date symlink: /home/ines/tiago_ws/install/pmb2_2dnav/share/pmb2_2dnav/environment/ament_prefix_path.dsv
[0.242s] -- Up-to-date symlink: /home/ines/tiago_ws/install/pmb2_2dnav/share/pmb2_2dnav/environment/path.sh
[0.242s] -- Up-to-date symlink: /home/ines/tiago_ws/install/pmb2_2dnav/share/pmb2_2dnav/environment/path.dsv
[0.242s] -- Up-to-date symlink: /home/ines/tiago_ws/install/pmb2_2dnav/share/pmb2_2dnav/local_setup.bash
[0.242s] -- Up-to-date symlink: /home/ines/tiago_ws/install/pmb2_2dnav/share/pmb2_2dnav/local_setup.sh
[0.243s] -- Up-to-date symlink: /home/ines/tiago_ws/install/pmb2_2dnav/share/pmb2_2dnav/local_setup.zsh
[0.243s] -- Up-to-date symlink: /home/ines/tiago_ws/install/pmb2_2dnav/share/pmb2_2dnav/local_setup.dsv
[0.243s] -- Symlinking: /home/ines/tiago_ws/install/pmb2_2dnav/share/pmb2_2dnav/package.dsv
[0.262s] -- Up-to-date symlink: /home/ines/tiago_ws/install/pmb2_2dnav/share/ament_index/resource_index/packages/pmb2_2dnav
[0.262s] -- Up-to-date symlink: /home/ines/tiago_ws/install/pmb2_2dnav/share/pmb2_2dnav/cmake/pmb2_2dnavConfig.cmake
[0.262s] -- Up-to-date symlink: /home/ines/tiago_ws/install/pmb2_2dnav/share/pmb2_2dnav/cmake/pmb2_2dnavConfig-version.cmake
[0.262s] -- Up-to-date symlink: /home/ines/tiago_ws/install/pmb2_2dnav/share/pmb2_2dnav/package.xml
[0.298s] Invoked command in '/home/ines/tiago_ws/build/pmb2_2dnav' returned '0': CMAKE_PREFIX_PATH=/home/ines/tiago_ws/install/pmb2_maps:/home/ines/tiago_ws/install/pmb2_laser_sensors:/home/ines/tiago_ws/install/pymoveit2:/home/ines/tiago_ws/install/tiago_navigation:/home/ines/tiago_ws/install/tiago_laser_sensors:/home/ines/tiago_ws/install/tiago_exam_worlds:/home/ines/tiago_ws/install/tiago_exam:/home/ines/tiago_ws/install/tiago_controller_configuration:/home/ines/tiago_ws/install/tiago_2dnav:/home/ines/tiago_ws/install/pmb2_robot:/home/ines/tiago_ws/install/pmb2_rgbd_sensors:/home/ines/tiago_ws/install/pmb2_navigation:/home/ines/tiago_ws/install/pmb2_2dnav:/home/ines/tiago_ws/install/pmb2_bringup:/home/ines/tiago_ws/install/pmb2_description:/home/ines/tiago_ws/install/pmb2_controller_configuration:/home/ines/tiago_ws/install/pal_navigation_cfg:/home/ines/tiago_ws/install/pal_navigation_cfg_bringup:/home/ines/tiago_ws/install/pal_navigation_cfg_params:/home/ines/tiago_ws/install/multirobot_map_merge:/home/ines/tiago_ws/install/explore_lite:/home/ines/test_ws/install/my_package:/home/ines/tiago_ws/install/tiago_autonomous_navigation:/home/ines/tiago_ws/install/tiago_autonomous_exploration:/home/ines/ros2_ws/install/scripts:/home/ines/ros2_ws/install/acrobat:/opt/ros/humble /usr/bin/cmake --install /home/ines/tiago_ws/build/pmb2_2dnav
