[0.673s] DEBUG:colcon:Command line arguments: ['/usr/bin/colcon', 'build', '--symlink-install', '--packages-select', 'tiago_autonomous_navigation']
[0.673s] DEBUG:colcon:Parsed command line arguments: Namespace(log_base=None, log_level=None, verb_name='build', build_base='build', install_base='install', merge_install=False, symlink_install=True, test_result_base=None, continue_on_error=False, executor='parallel', parallel_workers=8, event_handlers=None, ignore_user_meta=False, metas=['./colcon.meta'], base_paths=['.'], packages_ignore=None, packages_ignore_regex=None, paths=None, packages_up_to=None, packages_up_to_regex=None, packages_above=None, packages_above_and_dependencies=None, packages_above_depth=None, packages_select_by_dep=None, packages_skip_by_dep=None, packages_skip_up_to=None, packages_select_build_failed=False, packages_skip_build_finished=False, packages_select_test_failures=False, packages_skip_test_passed=False, packages_select=['tiago_autonomous_navigation'], packages_skip=None, packages_select_regex=None, packages_skip_regex=None, packages_start=None, packages_end=None, allow_overriding=[], cmake_args=None, cmake_target=None, cmake_target_skip_unavailable=False, cmake_clean_cache=False, cmake_clean_first=False, cmake_force_configure=False, ament_cmake_args=None, catkin_cmake_args=None, catkin_skip_building_tests=False, verb_parser=<colcon_defaults.argument_parser.defaults.DefaultArgumentsDecorator object at 0x7914298a72e0>, verb_extension=<colcon_core.verb.build.BuildVerb object at 0x7914299b5600>, main=<bound method BuildVerb.main of <colcon_core.verb.build.BuildVerb object at 0x7914299b5600>>)
[1.878s] Level 1:colcon.colcon_core.package_discovery:discover_packages(colcon_meta) check parameters
[1.878s] Level 1:colcon.colcon_core.package_discovery:discover_packages(recursive) check parameters
[1.879s] Level 1:colcon.colcon_core.package_discovery:discover_packages(ignore) check parameters
[1.879s] Level 1:colcon.colcon_core.package_discovery:discover_packages(path) check parameters
[1.879s] Level 1:colcon.colcon_core.package_discovery:discover_packages(colcon_meta) discover
[1.879s] Level 1:colcon.colcon_core.package_discovery:discover_packages(recursive) discover
[1.879s] INFO:colcon.colcon_core.package_discovery:Crawling recursively for packages in '/home/ines/tiago_ws'
[1.880s] Level 1:colcon.colcon_core.package_identification:_identify(.) by extensions ['ignore', 'ignore_ament_install']
[1.881s] Level 1:colcon.colcon_core.package_identification:_identify(.) by extension 'ignore'
[1.881s] Level 1:colcon.colcon_core.package_identification:_identify(.) by extension 'ignore_ament_install'
[1.882s] Level 1:colcon.colcon_core.package_identification:_identify(.) by extensions ['colcon_pkg']
[1.882s] Level 1:colcon.colcon_core.package_identification:_identify(.) by extension 'colcon_pkg'
[1.882s] Level 1:colcon.colcon_core.package_identification:_identify(.) by extensions ['colcon_meta']
[1.882s] Level 1:colcon.colcon_core.package_identification:_identify(.) by extension 'colcon_meta'
[1.882s] Level 1:colcon.colcon_core.package_identification:_identify(.) by extensions ['ros']
[1.883s] Level 1:colcon.colcon_core.package_identification:_identify(.) by extension 'ros'
[1.957s] Level 1:colcon.colcon_core.package_identification:_identify(.) by extensions ['cmake', 'python']
[1.957s] Level 1:colcon.colcon_core.package_identification:_identify(.) by extension 'cmake'
[1.958s] Level 1:colcon.colcon_core.package_identification:_identify(.) by extension 'python'
[1.958s] Level 1:colcon.colcon_core.package_identification:_identify(.) by extensions ['python_setup_py']
[1.958s] Level 1:colcon.colcon_core.package_identification:_identify(.) by extension 'python_setup_py'
[1.959s] Level 1:colcon.colcon_core.package_identification:_identify(build) by extensions ['ignore', 'ignore_ament_install']
[1.959s] Level 1:colcon.colcon_core.package_identification:_identify(build) by extension 'ignore'
[1.960s] Level 1:colcon.colcon_core.package_identification:_identify(build) ignored
[1.960s] Level 1:colcon.colcon_core.package_identification:_identify(friend_project) by extensions ['ignore', 'ignore_ament_install']
[1.961s] Level 1:colcon.colcon_core.package_identification:_identify(friend_project) by extension 'ignore'
[1.961s] Level 1:colcon.colcon_core.package_identification:_identify(friend_project) ignored
[1.961s] Level 1:colcon.colcon_core.package_identification:_identify(install) by extensions ['ignore', 'ignore_ament_install']
[1.962s] Level 1:colcon.colcon_core.package_identification:_identify(install) by extension 'ignore'
[1.962s] Level 1:colcon.colcon_core.package_identification:_identify(install) ignored
[1.963s] Level 1:colcon.colcon_core.package_identification:_identify(log) by extensions ['ignore', 'ignore_ament_install']
[1.963s] Level 1:colcon.colcon_core.package_identification:_identify(log) by extension 'ignore'
[1.963s] Level 1:colcon.colcon_core.package_identification:_identify(log) ignored
[1.964s] Level 1:colcon.colcon_core.package_identification:_identify(maps) by extensions ['ignore', 'ignore_ament_install']
[1.964s] Level 1:colcon.colcon_core.package_identification:_identify(maps) by extension 'ignore'
[1.964s] Level 1:colcon.colcon_core.package_identification:_identify(maps) by extension 'ignore_ament_install'
[1.965s] Level 1:colcon.colcon_core.package_identification:_identify(maps) by extensions ['colcon_pkg']
[1.965s] Level 1:colcon.colcon_core.package_identification:_identify(maps) by extension 'colcon_pkg'
[1.965s] Level 1:colcon.colcon_core.package_identification:_identify(maps) by extensions ['colcon_meta']
[1.965s] Level 1:colcon.colcon_core.package_identification:_identify(maps) by extension 'colcon_meta'
[1.965s] Level 1:colcon.colcon_core.package_identification:_identify(maps) by extensions ['ros']
[1.966s] Level 1:colcon.colcon_core.package_identification:_identify(maps) by extension 'ros'
[1.966s] Level 1:colcon.colcon_core.package_identification:_identify(maps) by extensions ['cmake', 'python']
[1.966s] Level 1:colcon.colcon_core.package_identification:_identify(maps) by extension 'cmake'
[1.966s] Level 1:colcon.colcon_core.package_identification:_identify(maps) by extension 'python'
[1.967s] Level 1:colcon.colcon_core.package_identification:_identify(maps) by extensions ['python_setup_py']
[1.967s] Level 1:colcon.colcon_core.package_identification:_identify(maps) by extension 'python_setup_py'
[1.967s] Level 1:colcon.colcon_core.package_identification:_identify(maps/example) by extensions ['ignore', 'ignore_ament_install']
[1.968s] Level 1:colcon.colcon_core.package_identification:_identify(maps/example) by extension 'ignore'
[1.968s] Level 1:colcon.colcon_core.package_identification:_identify(maps/example) by extension 'ignore_ament_install'
[1.968s] Level 1:colcon.colcon_core.package_identification:_identify(maps/example) by extensions ['colcon_pkg']
[1.968s] Level 1:colcon.colcon_core.package_identification:_identify(maps/example) by extension 'colcon_pkg'
[1.968s] Level 1:colcon.colcon_core.package_identification:_identify(maps/example) by extensions ['colcon_meta']
[1.969s] Level 1:colcon.colcon_core.package_identification:_identify(maps/example) by extension 'colcon_meta'
[1.969s] Level 1:colcon.colcon_core.package_identification:_identify(maps/example) by extensions ['ros']
[1.969s] Level 1:colcon.colcon_core.package_identification:_identify(maps/example) by extension 'ros'
[1.969s] Level 1:colcon.colcon_core.package_identification:_identify(maps/example) by extensions ['cmake', 'python']
[1.969s] Level 1:colcon.colcon_core.package_identification:_identify(maps/example) by extension 'cmake'
[1.970s] Level 1:colcon.colcon_core.package_identification:_identify(maps/example) by extension 'python'
[1.970s] Level 1:colcon.colcon_core.package_identification:_identify(maps/example) by extensions ['python_setup_py']
[1.970s] Level 1:colcon.colcon_core.package_identification:_identify(maps/example) by extension 'python_setup_py'
[1.971s] Level 1:colcon.colcon_core.package_identification:_identify(src) by extensions ['ignore', 'ignore_ament_install']
[1.971s] Level 1:colcon.colcon_core.package_identification:_identify(src) by extension 'ignore'
[1.972s] Level 1:colcon.colcon_core.package_identification:_identify(src) by extension 'ignore_ament_install'
[1.972s] Level 1:colcon.colcon_core.package_identification:_identify(src) by extensions ['colcon_pkg']
[1.972s] Level 1:colcon.colcon_core.package_identification:_identify(src) by extension 'colcon_pkg'
[1.972s] Level 1:colcon.colcon_core.package_identification:_identify(src) by extensions ['colcon_meta']
[1.972s] Level 1:colcon.colcon_core.package_identification:_identify(src) by extension 'colcon_meta'
[1.973s] Level 1:colcon.colcon_core.package_identification:_identify(src) by extensions ['ros']
[1.973s] Level 1:colcon.colcon_core.package_identification:_identify(src) by extension 'ros'
[1.973s] Level 1:colcon.colcon_core.package_identification:_identify(src) by extensions ['cmake', 'python']
[1.973s] Level 1:colcon.colcon_core.package_identification:_identify(src) by extension 'cmake'
[1.973s] Level 1:colcon.colcon_core.package_identification:_identify(src) by extension 'python'
[1.974s] Level 1:colcon.colcon_core.package_identification:_identify(src) by extensions ['python_setup_py']
[1.974s] Level 1:colcon.colcon_core.package_identification:_identify(src) by extension 'python_setup_py'
[1.974s] Level 1:colcon.colcon_core.package_identification:_identify(src/log) by extensions ['ignore', 'ignore_ament_install']
[1.975s] Level 1:colcon.colcon_core.package_identification:_identify(src/log) by extension 'ignore'
[1.975s] Level 1:colcon.colcon_core.package_identification:_identify(src/log) ignored
[1.975s] Level 1:colcon.colcon_core.package_identification:_identify(src/m-explore-ros2) by extensions ['ignore', 'ignore_ament_install']
[1.976s] Level 1:colcon.colcon_core.package_identification:_identify(src/m-explore-ros2) by extension 'ignore'
[1.976s] Level 1:colcon.colcon_core.package_identification:_identify(src/m-explore-ros2) by extension 'ignore_ament_install'
[1.976s] Level 1:colcon.colcon_core.package_identification:_identify(src/m-explore-ros2) by extensions ['colcon_pkg']
[1.977s] Level 1:colcon.colcon_core.package_identification:_identify(src/m-explore-ros2) by extension 'colcon_pkg'
[1.977s] Level 1:colcon.colcon_core.package_identification:_identify(src/m-explore-ros2) by extensions ['colcon_meta']
[1.977s] Level 1:colcon.colcon_core.package_identification:_identify(src/m-explore-ros2) by extension 'colcon_meta'
[1.977s] Level 1:colcon.colcon_core.package_identification:_identify(src/m-explore-ros2) by extensions ['ros']
[1.977s] Level 1:colcon.colcon_core.package_identification:_identify(src/m-explore-ros2) by extension 'ros'
[1.978s] Level 1:colcon.colcon_core.package_identification:_identify(src/m-explore-ros2) by extensions ['cmake', 'python']
[1.978s] Level 1:colcon.colcon_core.package_identification:_identify(src/m-explore-ros2) by extension 'cmake'
[1.978s] Level 1:colcon.colcon_core.package_identification:_identify(src/m-explore-ros2) by extension 'python'
[1.978s] Level 1:colcon.colcon_core.package_identification:_identify(src/m-explore-ros2) by extensions ['python_setup_py']
[1.978s] Level 1:colcon.colcon_core.package_identification:_identify(src/m-explore-ros2) by extension 'python_setup_py'
[1.979s] Level 1:colcon.colcon_core.package_identification:_identify(src/m-explore-ros2/m-explore-ros2-main) by extensions ['ignore', 'ignore_ament_install']
[1.979s] Level 1:colcon.colcon_core.package_identification:_identify(src/m-explore-ros2/m-explore-ros2-main) by extension 'ignore'
[1.980s] Level 1:colcon.colcon_core.package_identification:_identify(src/m-explore-ros2/m-explore-ros2-main) by extension 'ignore_ament_install'
[1.980s] Level 1:colcon.colcon_core.package_identification:_identify(src/m-explore-ros2/m-explore-ros2-main) by extensions ['colcon_pkg']
[1.980s] Level 1:colcon.colcon_core.package_identification:_identify(src/m-explore-ros2/m-explore-ros2-main) by extension 'colcon_pkg'
[1.980s] Level 1:colcon.colcon_core.package_identification:_identify(src/m-explore-ros2/m-explore-ros2-main) by extensions ['colcon_meta']
[1.980s] Level 1:colcon.colcon_core.package_identification:_identify(src/m-explore-ros2/m-explore-ros2-main) by extension 'colcon_meta'
[1.981s] Level 1:colcon.colcon_core.package_identification:_identify(src/m-explore-ros2/m-explore-ros2-main) by extensions ['ros']
[1.981s] Level 1:colcon.colcon_core.package_identification:_identify(src/m-explore-ros2/m-explore-ros2-main) by extension 'ros'
[1.981s] Level 1:colcon.colcon_core.package_identification:_identify(src/m-explore-ros2/m-explore-ros2-main) by extensions ['cmake', 'python']
[1.981s] Level 1:colcon.colcon_core.package_identification:_identify(src/m-explore-ros2/m-explore-ros2-main) by extension 'cmake'
[1.982s] Level 1:colcon.colcon_core.package_identification:_identify(src/m-explore-ros2/m-explore-ros2-main) by extension 'python'
[1.982s] Level 1:colcon.colcon_core.package_identification:_identify(src/m-explore-ros2/m-explore-ros2-main) by extensions ['python_setup_py']
[1.982s] Level 1:colcon.colcon_core.package_identification:_identify(src/m-explore-ros2/m-explore-ros2-main) by extension 'python_setup_py'
[1.982s] Level 1:colcon.colcon_core.package_identification:_identify(src/m-explore-ros2/m-explore-ros2-main/explore) by extensions ['ignore', 'ignore_ament_install']
[1.983s] Level 1:colcon.colcon_core.package_identification:_identify(src/m-explore-ros2/m-explore-ros2-main/explore) by extension 'ignore'
[1.983s] Level 1:colcon.colcon_core.package_identification:_identify(src/m-explore-ros2/m-explore-ros2-main/explore) by extension 'ignore_ament_install'
[1.983s] Level 1:colcon.colcon_core.package_identification:_identify(src/m-explore-ros2/m-explore-ros2-main/explore) by extensions ['colcon_pkg']
[1.984s] Level 1:colcon.colcon_core.package_identification:_identify(src/m-explore-ros2/m-explore-ros2-main/explore) by extension 'colcon_pkg'
[1.984s] Level 1:colcon.colcon_core.package_identification:_identify(src/m-explore-ros2/m-explore-ros2-main/explore) by extensions ['colcon_meta']
[1.984s] Level 1:colcon.colcon_core.package_identification:_identify(src/m-explore-ros2/m-explore-ros2-main/explore) by extension 'colcon_meta'
[1.984s] Level 1:colcon.colcon_core.package_identification:_identify(src/m-explore-ros2/m-explore-ros2-main/explore) by extensions ['ros']
[1.984s] Level 1:colcon.colcon_core.package_identification:_identify(src/m-explore-ros2/m-explore-ros2-main/explore) by extension 'ros'
[2.031s] DEBUG:colcon.colcon_core.package_identification:Package 'src/m-explore-ros2/m-explore-ros2-main/explore' with type 'ros.ament_cmake' and name 'explore_lite'
[2.031s] Level 1:colcon.colcon_core.package_identification:_identify(src/m-explore-ros2/m-explore-ros2-main/map_merge) by extensions ['ignore', 'ignore_ament_install']
[2.032s] Level 1:colcon.colcon_core.package_identification:_identify(src/m-explore-ros2/m-explore-ros2-main/map_merge) by extension 'ignore'
[2.032s] Level 1:colcon.colcon_core.package_identification:_identify(src/m-explore-ros2/m-explore-ros2-main/map_merge) by extension 'ignore_ament_install'
[2.032s] Level 1:colcon.colcon_core.package_identification:_identify(src/m-explore-ros2/m-explore-ros2-main/map_merge) by extensions ['colcon_pkg']
[2.032s] Level 1:colcon.colcon_core.package_identification:_identify(src/m-explore-ros2/m-explore-ros2-main/map_merge) by extension 'colcon_pkg'
[2.033s] Level 1:colcon.colcon_core.package_identification:_identify(src/m-explore-ros2/m-explore-ros2-main/map_merge) by extensions ['colcon_meta']
[2.033s] Level 1:colcon.colcon_core.package_identification:_identify(src/m-explore-ros2/m-explore-ros2-main/map_merge) by extension 'colcon_meta'
[2.033s] Level 1:colcon.colcon_core.package_identification:_identify(src/m-explore-ros2/m-explore-ros2-main/map_merge) by extensions ['ros']
[2.033s] Level 1:colcon.colcon_core.package_identification:_identify(src/m-explore-ros2/m-explore-ros2-main/map_merge) by extension 'ros'
[2.037s] DEBUG:colcon.colcon_core.package_identification:Package 'src/m-explore-ros2/m-explore-ros2-main/map_merge' with type 'ros.ament_cmake' and name 'multirobot_map_merge'
[2.038s] Level 1:colcon.colcon_core.package_identification:_identify(src/my_map) by extensions ['ignore', 'ignore_ament_install']
[2.038s] Level 1:colcon.colcon_core.package_identification:_identify(src/my_map) by extension 'ignore'
[2.039s] Level 1:colcon.colcon_core.package_identification:_identify(src/my_map) by extension 'ignore_ament_install'
[2.039s] Level 1:colcon.colcon_core.package_identification:_identify(src/my_map) by extensions ['colcon_pkg']
[2.039s] Level 1:colcon.colcon_core.package_identification:_identify(src/my_map) by extension 'colcon_pkg'
[2.039s] Level 1:colcon.colcon_core.package_identification:_identify(src/my_map) by extensions ['colcon_meta']
[2.039s] Level 1:colcon.colcon_core.package_identification:_identify(src/my_map) by extension 'colcon_meta'
[2.039s] Level 1:colcon.colcon_core.package_identification:_identify(src/my_map) by extensions ['ros']
[2.039s] Level 1:colcon.colcon_core.package_identification:_identify(src/my_map) by extension 'ros'
[2.040s] Level 1:colcon.colcon_core.package_identification:_identify(src/my_map) by extensions ['cmake', 'python']
[2.040s] Level 1:colcon.colcon_core.package_identification:_identify(src/my_map) by extension 'cmake'
[2.040s] Level 1:colcon.colcon_core.package_identification:_identify(src/my_map) by extension 'python'
[2.040s] Level 1:colcon.colcon_core.package_identification:_identify(src/my_map) by extensions ['python_setup_py']
[2.040s] Level 1:colcon.colcon_core.package_identification:_identify(src/my_map) by extension 'python_setup_py'
[2.041s] Level 1:colcon.colcon_core.package_identification:_identify(src/pal_navigation_cfg_public) by extensions ['ignore', 'ignore_ament_install']
[2.041s] Level 1:colcon.colcon_core.package_identification:_identify(src/pal_navigation_cfg_public) by extension 'ignore'
[2.041s] Level 1:colcon.colcon_core.package_identification:_identify(src/pal_navigation_cfg_public) by extension 'ignore_ament_install'
[2.041s] Level 1:colcon.colcon_core.package_identification:_identify(src/pal_navigation_cfg_public) by extensions ['colcon_pkg']
[2.041s] Level 1:colcon.colcon_core.package_identification:_identify(src/pal_navigation_cfg_public) by extension 'colcon_pkg'
[2.042s] Level 1:colcon.colcon_core.package_identification:_identify(src/pal_navigation_cfg_public) by extensions ['colcon_meta']
[2.042s] Level 1:colcon.colcon_core.package_identification:_identify(src/pal_navigation_cfg_public) by extension 'colcon_meta'
[2.042s] Level 1:colcon.colcon_core.package_identification:_identify(src/pal_navigation_cfg_public) by extensions ['ros']
[2.042s] Level 1:colcon.colcon_core.package_identification:_identify(src/pal_navigation_cfg_public) by extension 'ros'
[2.042s] Level 1:colcon.colcon_core.package_identification:_identify(src/pal_navigation_cfg_public) by extensions ['cmake', 'python']
[2.042s] Level 1:colcon.colcon_core.package_identification:_identify(src/pal_navigation_cfg_public) by extension 'cmake'
[2.043s] Level 1:colcon.colcon_core.package_identification:_identify(src/pal_navigation_cfg_public) by extension 'python'
[2.043s] Level 1:colcon.colcon_core.package_identification:_identify(src/pal_navigation_cfg_public) by extensions ['python_setup_py']
[2.043s] Level 1:colcon.colcon_core.package_identification:_identify(src/pal_navigation_cfg_public) by extension 'python_setup_py'
[2.043s] Level 1:colcon.colcon_core.package_identification:_identify(src/pal_navigation_cfg_public/pal_navigation_cfg_bringup) by extensions ['ignore', 'ignore_ament_install']
[2.044s] Level 1:colcon.colcon_core.package_identification:_identify(src/pal_navigation_cfg_public/pal_navigation_cfg_bringup) by extension 'ignore'
[2.044s] Level 1:colcon.colcon_core.package_identification:_identify(src/pal_navigation_cfg_public/pal_navigation_cfg_bringup) by extension 'ignore_ament_install'
[2.044s] Level 1:colcon.colcon_core.package_identification:_identify(src/pal_navigation_cfg_public/pal_navigation_cfg_bringup) by extensions ['colcon_pkg']
[2.044s] Level 1:colcon.colcon_core.package_identification:_identify(src/pal_navigation_cfg_public/pal_navigation_cfg_bringup) by extension 'colcon_pkg'
[2.044s] Level 1:colcon.colcon_core.package_identification:_identify(src/pal_navigation_cfg_public/pal_navigation_cfg_bringup) by extensions ['colcon_meta']
[2.044s] Level 1:colcon.colcon_core.package_identification:_identify(src/pal_navigation_cfg_public/pal_navigation_cfg_bringup) by extension 'colcon_meta'
[2.045s] Level 1:colcon.colcon_core.package_identification:_identify(src/pal_navigation_cfg_public/pal_navigation_cfg_bringup) by extensions ['ros']
[2.045s] Level 1:colcon.colcon_core.package_identification:_identify(src/pal_navigation_cfg_public/pal_navigation_cfg_bringup) by extension 'ros'
[2.047s] DEBUG:colcon.colcon_core.package_identification:Package 'src/pal_navigation_cfg_public/pal_navigation_cfg_bringup' with type 'ros.ament_cmake' and name 'pal_navigation_cfg_bringup'
[2.047s] Level 1:colcon.colcon_core.package_identification:_identify(src/pal_navigation_cfg_public/pal_navigation_cfg_params) by extensions ['ignore', 'ignore_ament_install']
[2.048s] Level 1:colcon.colcon_core.package_identification:_identify(src/pal_navigation_cfg_public/pal_navigation_cfg_params) by extension 'ignore'
[2.048s] Level 1:colcon.colcon_core.package_identification:_identify(src/pal_navigation_cfg_public/pal_navigation_cfg_params) by extension 'ignore_ament_install'
[2.048s] Level 1:colcon.colcon_core.package_identification:_identify(src/pal_navigation_cfg_public/pal_navigation_cfg_params) by extensions ['colcon_pkg']
[2.048s] Level 1:colcon.colcon_core.package_identification:_identify(src/pal_navigation_cfg_public/pal_navigation_cfg_params) by extension 'colcon_pkg'
[2.049s] Level 1:colcon.colcon_core.package_identification:_identify(src/pal_navigation_cfg_public/pal_navigation_cfg_params) by extensions ['colcon_meta']
[2.049s] Level 1:colcon.colcon_core.package_identification:_identify(src/pal_navigation_cfg_public/pal_navigation_cfg_params) by extension 'colcon_meta'
[2.049s] Level 1:colcon.colcon_core.package_identification:_identify(src/pal_navigation_cfg_public/pal_navigation_cfg_params) by extensions ['ros']
[2.049s] Level 1:colcon.colcon_core.package_identification:_identify(src/pal_navigation_cfg_public/pal_navigation_cfg_params) by extension 'ros'
[2.051s] DEBUG:colcon.colcon_core.package_identification:Package 'src/pal_navigation_cfg_public/pal_navigation_cfg_params' with type 'ros.ament_cmake' and name 'pal_navigation_cfg_params'
[2.052s] Level 1:colcon.colcon_core.package_identification:_identify(src/pal_navigation_cfg_public/pal_navigation_cfg_public) by extensions ['ignore', 'ignore_ament_install']
[2.052s] Level 1:colcon.colcon_core.package_identification:_identify(src/pal_navigation_cfg_public/pal_navigation_cfg_public) by extension 'ignore'
[2.052s] Level 1:colcon.colcon_core.package_identification:_identify(src/pal_navigation_cfg_public/pal_navigation_cfg_public) by extension 'ignore_ament_install'
[2.052s] Level 1:colcon.colcon_core.package_identification:_identify(src/pal_navigation_cfg_public/pal_navigation_cfg_public) by extensions ['colcon_pkg']
[2.053s] Level 1:colcon.colcon_core.package_identification:_identify(src/pal_navigation_cfg_public/pal_navigation_cfg_public) by extension 'colcon_pkg'
[2.053s] Level 1:colcon.colcon_core.package_identification:_identify(src/pal_navigation_cfg_public/pal_navigation_cfg_public) by extensions ['colcon_meta']
[2.053s] Level 1:colcon.colcon_core.package_identification:_identify(src/pal_navigation_cfg_public/pal_navigation_cfg_public) by extension 'colcon_meta'
[2.053s] Level 1:colcon.colcon_core.package_identification:_identify(src/pal_navigation_cfg_public/pal_navigation_cfg_public) by extensions ['ros']
[2.053s] Level 1:colcon.colcon_core.package_identification:_identify(src/pal_navigation_cfg_public/pal_navigation_cfg_public) by extension 'ros'
[2.055s] DEBUG:colcon.colcon_core.package_identification:Package 'src/pal_navigation_cfg_public/pal_navigation_cfg_public' with type 'ros.ament_cmake' and name 'pal_navigation_cfg'
[2.055s] Level 1:colcon.colcon_core.package_identification:_identify(src/pmb2_navigation) by extensions ['ignore', 'ignore_ament_install']
[2.056s] Level 1:colcon.colcon_core.package_identification:_identify(src/pmb2_navigation) by extension 'ignore'
[2.056s] Level 1:colcon.colcon_core.package_identification:_identify(src/pmb2_navigation) by extension 'ignore_ament_install'
[2.056s] Level 1:colcon.colcon_core.package_identification:_identify(src/pmb2_navigation) by extensions ['colcon_pkg']
[2.056s] Level 1:colcon.colcon_core.package_identification:_identify(src/pmb2_navigation) by extension 'colcon_pkg'
[2.056s] Level 1:colcon.colcon_core.package_identification:_identify(src/pmb2_navigation) by extensions ['colcon_meta']
[2.057s] Level 1:colcon.colcon_core.package_identification:_identify(src/pmb2_navigation) by extension 'colcon_meta'
[2.057s] Level 1:colcon.colcon_core.package_identification:_identify(src/pmb2_navigation) by extensions ['ros']
[2.057s] Level 1:colcon.colcon_core.package_identification:_identify(src/pmb2_navigation) by extension 'ros'
[2.057s] Level 1:colcon.colcon_core.package_identification:_identify(src/pmb2_navigation) by extensions ['cmake', 'python']
[2.057s] Level 1:colcon.colcon_core.package_identification:_identify(src/pmb2_navigation) by extension 'cmake'
[2.057s] Level 1:colcon.colcon_core.package_identification:_identify(src/pmb2_navigation) by extension 'python'
[2.058s] Level 1:colcon.colcon_core.package_identification:_identify(src/pmb2_navigation) by extensions ['python_setup_py']
[2.058s] Level 1:colcon.colcon_core.package_identification:_identify(src/pmb2_navigation) by extension 'python_setup_py'
[2.058s] Level 1:colcon.colcon_core.package_identification:_identify(src/pmb2_navigation/pmb2_2dnav) by extensions ['ignore', 'ignore_ament_install']
[2.059s] Level 1:colcon.colcon_core.package_identification:_identify(src/pmb2_navigation/pmb2_2dnav) by extension 'ignore'
[2.059s] Level 1:colcon.colcon_core.package_identification:_identify(src/pmb2_navigation/pmb2_2dnav) by extension 'ignore_ament_install'
[2.059s] Level 1:colcon.colcon_core.package_identification:_identify(src/pmb2_navigation/pmb2_2dnav) by extensions ['colcon_pkg']
[2.059s] Level 1:colcon.colcon_core.package_identification:_identify(src/pmb2_navigation/pmb2_2dnav) by extension 'colcon_pkg'
[2.059s] Level 1:colcon.colcon_core.package_identification:_identify(src/pmb2_navigation/pmb2_2dnav) by extensions ['colcon_meta']
[2.059s] Level 1:colcon.colcon_core.package_identification:_identify(src/pmb2_navigation/pmb2_2dnav) by extension 'colcon_meta'
[2.060s] Level 1:colcon.colcon_core.package_identification:_identify(src/pmb2_navigation/pmb2_2dnav) by extensions ['ros']
[2.060s] Level 1:colcon.colcon_core.package_identification:_identify(src/pmb2_navigation/pmb2_2dnav) by extension 'ros'
[2.069s] DEBUG:colcon.colcon_core.package_identification:Package 'src/pmb2_navigation/pmb2_2dnav' with type 'ros.ament_cmake' and name 'pmb2_2dnav'
[2.069s] Level 1:colcon.colcon_core.package_identification:_identify(src/pmb2_navigation/pmb2_laser_sensors) by extensions ['ignore', 'ignore_ament_install']
[2.070s] Level 1:colcon.colcon_core.package_identification:_identify(src/pmb2_navigation/pmb2_laser_sensors) by extension 'ignore'
[2.070s] Level 1:colcon.colcon_core.package_identification:_identify(src/pmb2_navigation/pmb2_laser_sensors) by extension 'ignore_ament_install'
[2.070s] Level 1:colcon.colcon_core.package_identification:_identify(src/pmb2_navigation/pmb2_laser_sensors) by extensions ['colcon_pkg']
[2.070s] Level 1:colcon.colcon_core.package_identification:_identify(src/pmb2_navigation/pmb2_laser_sensors) by extension 'colcon_pkg'
[2.070s] Level 1:colcon.colcon_core.package_identification:_identify(src/pmb2_navigation/pmb2_laser_sensors) by extensions ['colcon_meta']
[2.071s] Level 1:colcon.colcon_core.package_identification:_identify(src/pmb2_navigation/pmb2_laser_sensors) by extension 'colcon_meta'
[2.071s] Level 1:colcon.colcon_core.package_identification:_identify(src/pmb2_navigation/pmb2_laser_sensors) by extensions ['ros']
[2.071s] Level 1:colcon.colcon_core.package_identification:_identify(src/pmb2_navigation/pmb2_laser_sensors) by extension 'ros'
[2.078s] DEBUG:colcon.colcon_core.package_identification:Package 'src/pmb2_navigation/pmb2_laser_sensors' with type 'ros.ament_cmake' and name 'pmb2_laser_sensors'
[2.078s] Level 1:colcon.colcon_core.package_identification:_identify(src/pmb2_navigation/pmb2_maps) by extensions ['ignore', 'ignore_ament_install']
[2.079s] Level 1:colcon.colcon_core.package_identification:_identify(src/pmb2_navigation/pmb2_maps) by extension 'ignore'
[2.079s] Level 1:colcon.colcon_core.package_identification:_identify(src/pmb2_navigation/pmb2_maps) by extension 'ignore_ament_install'
[2.080s] Level 1:colcon.colcon_core.package_identification:_identify(src/pmb2_navigation/pmb2_maps) by extensions ['colcon_pkg']
[2.080s] Level 1:colcon.colcon_core.package_identification:_identify(src/pmb2_navigation/pmb2_maps) by extension 'colcon_pkg'
[2.080s] Level 1:colcon.colcon_core.package_identification:_identify(src/pmb2_navigation/pmb2_maps) by extensions ['colcon_meta']
[2.080s] Level 1:colcon.colcon_core.package_identification:_identify(src/pmb2_navigation/pmb2_maps) by extension 'colcon_meta'
[2.081s] Level 1:colcon.colcon_core.package_identification:_identify(src/pmb2_navigation/pmb2_maps) by extensions ['ros']
[2.081s] Level 1:colcon.colcon_core.package_identification:_identify(src/pmb2_navigation/pmb2_maps) by extension 'ros'
[2.083s] DEBUG:colcon.colcon_core.package_identification:Package 'src/pmb2_navigation/pmb2_maps' with type 'ros.ament_cmake' and name 'pmb2_maps'
[2.084s] Level 1:colcon.colcon_core.package_identification:_identify(src/pmb2_navigation/pmb2_navigation) by extensions ['ignore', 'ignore_ament_install']
[2.084s] Level 1:colcon.colcon_core.package_identification:_identify(src/pmb2_navigation/pmb2_navigation) by extension 'ignore'
[2.084s] Level 1:colcon.colcon_core.package_identification:_identify(src/pmb2_navigation/pmb2_navigation) by extension 'ignore_ament_install'
[2.085s] Level 1:colcon.colcon_core.package_identification:_identify(src/pmb2_navigation/pmb2_navigation) by extensions ['colcon_pkg']
[2.085s] Level 1:colcon.colcon_core.package_identification:_identify(src/pmb2_navigation/pmb2_navigation) by extension 'colcon_pkg'
[2.085s] Level 1:colcon.colcon_core.package_identification:_identify(src/pmb2_navigation/pmb2_navigation) by extensions ['colcon_meta']
[2.085s] Level 1:colcon.colcon_core.package_identification:_identify(src/pmb2_navigation/pmb2_navigation) by extension 'colcon_meta'
[2.086s] Level 1:colcon.colcon_core.package_identification:_identify(src/pmb2_navigation/pmb2_navigation) by extensions ['ros']
[2.086s] Level 1:colcon.colcon_core.package_identification:_identify(src/pmb2_navigation/pmb2_navigation) by extension 'ros'
[2.090s] DEBUG:colcon.colcon_core.package_identification:Package 'src/pmb2_navigation/pmb2_navigation' with type 'ros.ament_cmake' and name 'pmb2_navigation'
[2.090s] Level 1:colcon.colcon_core.package_identification:_identify(src/pmb2_navigation/pmb2_rgbd_sensors) by extensions ['ignore', 'ignore_ament_install']
[2.091s] Level 1:colcon.colcon_core.package_identification:_identify(src/pmb2_navigation/pmb2_rgbd_sensors) by extension 'ignore'
[2.091s] Level 1:colcon.colcon_core.package_identification:_identify(src/pmb2_navigation/pmb2_rgbd_sensors) ignored
[2.092s] Level 1:colcon.colcon_core.package_identification:_identify(src/pmb2_robot) by extensions ['ignore', 'ignore_ament_install']
[2.092s] Level 1:colcon.colcon_core.package_identification:_identify(src/pmb2_robot) by extension 'ignore'
[2.092s] Level 1:colcon.colcon_core.package_identification:_identify(src/pmb2_robot) by extension 'ignore_ament_install'
[2.092s] Level 1:colcon.colcon_core.package_identification:_identify(src/pmb2_robot) by extensions ['colcon_pkg']
[2.093s] Level 1:colcon.colcon_core.package_identification:_identify(src/pmb2_robot) by extension 'colcon_pkg'
[2.093s] Level 1:colcon.colcon_core.package_identification:_identify(src/pmb2_robot) by extensions ['colcon_meta']
[2.093s] Level 1:colcon.colcon_core.package_identification:_identify(src/pmb2_robot) by extension 'colcon_meta'
[2.093s] Level 1:colcon.colcon_core.package_identification:_identify(src/pmb2_robot) by extensions ['ros']
[2.093s] Level 1:colcon.colcon_core.package_identification:_identify(src/pmb2_robot) by extension 'ros'
[2.094s] Level 1:colcon.colcon_core.package_identification:_identify(src/pmb2_robot) by extensions ['cmake', 'python']
[2.094s] Level 1:colcon.colcon_core.package_identification:_identify(src/pmb2_robot) by extension 'cmake'
[2.094s] Level 1:colcon.colcon_core.package_identification:_identify(src/pmb2_robot) by extension 'python'
[2.095s] Level 1:colcon.colcon_core.package_identification:_identify(src/pmb2_robot) by extensions ['python_setup_py']
[2.095s] Level 1:colcon.colcon_core.package_identification:_identify(src/pmb2_robot) by extension 'python_setup_py'
[2.095s] Level 1:colcon.colcon_core.package_identification:_identify(src/pmb2_robot/pmb2_bringup) by extensions ['ignore', 'ignore_ament_install']
[2.096s] Level 1:colcon.colcon_core.package_identification:_identify(src/pmb2_robot/pmb2_bringup) by extension 'ignore'
[2.096s] Level 1:colcon.colcon_core.package_identification:_identify(src/pmb2_robot/pmb2_bringup) by extension 'ignore_ament_install'
[2.096s] Level 1:colcon.colcon_core.package_identification:_identify(src/pmb2_robot/pmb2_bringup) by extensions ['colcon_pkg']
[2.096s] Level 1:colcon.colcon_core.package_identification:_identify(src/pmb2_robot/pmb2_bringup) by extension 'colcon_pkg'
[2.097s] Level 1:colcon.colcon_core.package_identification:_identify(src/pmb2_robot/pmb2_bringup) by extensions ['colcon_meta']
[2.097s] Level 1:colcon.colcon_core.package_identification:_identify(src/pmb2_robot/pmb2_bringup) by extension 'colcon_meta'
[2.097s] Level 1:colcon.colcon_core.package_identification:_identify(src/pmb2_robot/pmb2_bringup) by extensions ['ros']
[2.097s] Level 1:colcon.colcon_core.package_identification:_identify(src/pmb2_robot/pmb2_bringup) by extension 'ros'
[2.101s] DEBUG:colcon.colcon_core.package_identification:Package 'src/pmb2_robot/pmb2_bringup' with type 'ros.ament_cmake' and name 'pmb2_bringup'
[2.102s] Level 1:colcon.colcon_core.package_identification:_identify(src/pmb2_robot/pmb2_controller_configuration) by extensions ['ignore', 'ignore_ament_install']
[2.103s] Level 1:colcon.colcon_core.package_identification:_identify(src/pmb2_robot/pmb2_controller_configuration) by extension 'ignore'
[2.104s] Level 1:colcon.colcon_core.package_identification:_identify(src/pmb2_robot/pmb2_controller_configuration) by extension 'ignore_ament_install'
[2.104s] Level 1:colcon.colcon_core.package_identification:_identify(src/pmb2_robot/pmb2_controller_configuration) by extensions ['colcon_pkg']
[2.104s] Level 1:colcon.colcon_core.package_identification:_identify(src/pmb2_robot/pmb2_controller_configuration) by extension 'colcon_pkg'
[2.105s] Level 1:colcon.colcon_core.package_identification:_identify(src/pmb2_robot/pmb2_controller_configuration) by extensions ['colcon_meta']
[2.105s] Level 1:colcon.colcon_core.package_identification:_identify(src/pmb2_robot/pmb2_controller_configuration) by extension 'colcon_meta'
[2.105s] Level 1:colcon.colcon_core.package_identification:_identify(src/pmb2_robot/pmb2_controller_configuration) by extensions ['ros']
[2.105s] Level 1:colcon.colcon_core.package_identification:_identify(src/pmb2_robot/pmb2_controller_configuration) by extension 'ros'
[2.110s] DEBUG:colcon.colcon_core.package_identification:Package 'src/pmb2_robot/pmb2_controller_configuration' with type 'ros.ament_cmake' and name 'pmb2_controller_configuration'
[2.111s] Level 1:colcon.colcon_core.package_identification:_identify(src/pmb2_robot/pmb2_description) by extensions ['ignore', 'ignore_ament_install']
[2.111s] Level 1:colcon.colcon_core.package_identification:_identify(src/pmb2_robot/pmb2_description) by extension 'ignore'
[2.111s] Level 1:colcon.colcon_core.package_identification:_identify(src/pmb2_robot/pmb2_description) by extension 'ignore_ament_install'
[2.111s] Level 1:colcon.colcon_core.package_identification:_identify(src/pmb2_robot/pmb2_description) by extensions ['colcon_pkg']
[2.111s] Level 1:colcon.colcon_core.package_identification:_identify(src/pmb2_robot/pmb2_description) by extension 'colcon_pkg'
[2.112s] Level 1:colcon.colcon_core.package_identification:_identify(src/pmb2_robot/pmb2_description) by extensions ['colcon_meta']
[2.112s] Level 1:colcon.colcon_core.package_identification:_identify(src/pmb2_robot/pmb2_description) by extension 'colcon_meta'
[2.112s] Level 1:colcon.colcon_core.package_identification:_identify(src/pmb2_robot/pmb2_description) by extensions ['ros']
[2.112s] Level 1:colcon.colcon_core.package_identification:_identify(src/pmb2_robot/pmb2_description) by extension 'ros'
[2.116s] DEBUG:colcon.colcon_core.package_identification:Package 'src/pmb2_robot/pmb2_description' with type 'ros.ament_cmake' and name 'pmb2_description'
[2.117s] Level 1:colcon.colcon_core.package_identification:_identify(src/pmb2_robot/pmb2_robot) by extensions ['ignore', 'ignore_ament_install']
[2.117s] Level 1:colcon.colcon_core.package_identification:_identify(src/pmb2_robot/pmb2_robot) by extension 'ignore'
[2.118s] Level 1:colcon.colcon_core.package_identification:_identify(src/pmb2_robot/pmb2_robot) by extension 'ignore_ament_install'
[2.118s] Level 1:colcon.colcon_core.package_identification:_identify(src/pmb2_robot/pmb2_robot) by extensions ['colcon_pkg']
[2.118s] Level 1:colcon.colcon_core.package_identification:_identify(src/pmb2_robot/pmb2_robot) by extension 'colcon_pkg'
[2.118s] Level 1:colcon.colcon_core.package_identification:_identify(src/pmb2_robot/pmb2_robot) by extensions ['colcon_meta']
[2.118s] Level 1:colcon.colcon_core.package_identification:_identify(src/pmb2_robot/pmb2_robot) by extension 'colcon_meta'
[2.118s] Level 1:colcon.colcon_core.package_identification:_identify(src/pmb2_robot/pmb2_robot) by extensions ['ros']
[2.118s] Level 1:colcon.colcon_core.package_identification:_identify(src/pmb2_robot/pmb2_robot) by extension 'ros'
[2.120s] DEBUG:colcon.colcon_core.package_identification:Package 'src/pmb2_robot/pmb2_robot' with type 'ros.ament_cmake' and name 'pmb2_robot'
[2.121s] Level 1:colcon.colcon_core.package_identification:_identify(src/pymoveit2) by extensions ['ignore', 'ignore_ament_install']
[2.121s] Level 1:colcon.colcon_core.package_identification:_identify(src/pymoveit2) by extension 'ignore'
[2.122s] Level 1:colcon.colcon_core.package_identification:_identify(src/pymoveit2) by extension 'ignore_ament_install'
[2.122s] Level 1:colcon.colcon_core.package_identification:_identify(src/pymoveit2) by extensions ['colcon_pkg']
[2.122s] Level 1:colcon.colcon_core.package_identification:_identify(src/pymoveit2) by extension 'colcon_pkg'
[2.122s] Level 1:colcon.colcon_core.package_identification:_identify(src/pymoveit2) by extensions ['colcon_meta']
[2.122s] Level 1:colcon.colcon_core.package_identification:_identify(src/pymoveit2) by extension 'colcon_meta'
[2.122s] Level 1:colcon.colcon_core.package_identification:_identify(src/pymoveit2) by extensions ['ros']
[2.122s] Level 1:colcon.colcon_core.package_identification:_identify(src/pymoveit2) by extension 'ros'
[2.125s] DEBUG:colcon.colcon_core.package_identification:Package 'src/pymoveit2' with type 'ros.ament_cmake' and name 'pymoveit2'
[2.126s] Level 1:colcon.colcon_core.package_identification:_identify(src/tiago_autonomous_exploration) by extensions ['ignore', 'ignore_ament_install']
[2.126s] Level 1:colcon.colcon_core.package_identification:_identify(src/tiago_autonomous_exploration) by extension 'ignore'
[2.127s] Level 1:colcon.colcon_core.package_identification:_identify(src/tiago_autonomous_exploration) by extension 'ignore_ament_install'
[2.127s] Level 1:colcon.colcon_core.package_identification:_identify(src/tiago_autonomous_exploration) by extensions ['colcon_pkg']
[2.127s] Level 1:colcon.colcon_core.package_identification:_identify(src/tiago_autonomous_exploration) by extension 'colcon_pkg'
[2.127s] Level 1:colcon.colcon_core.package_identification:_identify(src/tiago_autonomous_exploration) by extensions ['colcon_meta']
[2.127s] Level 1:colcon.colcon_core.package_identification:_identify(src/tiago_autonomous_exploration) by extension 'colcon_meta'
[2.127s] Level 1:colcon.colcon_core.package_identification:_identify(src/tiago_autonomous_exploration) by extensions ['ros']
[2.128s] Level 1:colcon.colcon_core.package_identification:_identify(src/tiago_autonomous_exploration) by extension 'ros'
[2.129s] DEBUG:colcon.colcon_core.package_identification:Package 'src/tiago_autonomous_exploration' with type 'ros.ament_python' and name 'tiago_autonomous_exploration'
[2.130s] Level 1:colcon.colcon_core.package_identification:_identify(src/tiago_autonomous_navigation) by extensions ['ignore', 'ignore_ament_install']
[2.130s] Level 1:colcon.colcon_core.package_identification:_identify(src/tiago_autonomous_navigation) by extension 'ignore'
[2.130s] Level 1:colcon.colcon_core.package_identification:_identify(src/tiago_autonomous_navigation) by extension 'ignore_ament_install'
[2.131s] Level 1:colcon.colcon_core.package_identification:_identify(src/tiago_autonomous_navigation) by extensions ['colcon_pkg']
[2.131s] Level 1:colcon.colcon_core.package_identification:_identify(src/tiago_autonomous_navigation) by extension 'colcon_pkg'
[2.131s] Level 1:colcon.colcon_core.package_identification:_identify(src/tiago_autonomous_navigation) by extensions ['colcon_meta']
[2.131s] Level 1:colcon.colcon_core.package_identification:_identify(src/tiago_autonomous_navigation) by extension 'colcon_meta'
[2.131s] Level 1:colcon.colcon_core.package_identification:_identify(src/tiago_autonomous_navigation) by extensions ['ros']
[2.131s] Level 1:colcon.colcon_core.package_identification:_identify(src/tiago_autonomous_navigation) by extension 'ros'
[2.134s] DEBUG:colcon.colcon_core.package_identification:Package 'src/tiago_autonomous_navigation' with type 'ros.ament_python' and name 'tiago_autonomous_navigation'
[2.134s] Level 1:colcon.colcon_core.package_identification:_identify(src/tiago_controller_configuration) by extensions ['ignore', 'ignore_ament_install']
[2.135s] Level 1:colcon.colcon_core.package_identification:_identify(src/tiago_controller_configuration) by extension 'ignore'
[2.135s] Level 1:colcon.colcon_core.package_identification:_identify(src/tiago_controller_configuration) by extension 'ignore_ament_install'
[2.135s] Level 1:colcon.colcon_core.package_identification:_identify(src/tiago_controller_configuration) by extensions ['colcon_pkg']
[2.135s] Level 1:colcon.colcon_core.package_identification:_identify(src/tiago_controller_configuration) by extension 'colcon_pkg'
[2.135s] Level 1:colcon.colcon_core.package_identification:_identify(src/tiago_controller_configuration) by extensions ['colcon_meta']
[2.136s] Level 1:colcon.colcon_core.package_identification:_identify(src/tiago_controller_configuration) by extension 'colcon_meta'
[2.136s] Level 1:colcon.colcon_core.package_identification:_identify(src/tiago_controller_configuration) by extensions ['ros']
[2.136s] Level 1:colcon.colcon_core.package_identification:_identify(src/tiago_controller_configuration) by extension 'ros'
[2.143s] DEBUG:colcon.colcon_core.package_identification:Package 'src/tiago_controller_configuration' with type 'ros.ament_cmake' and name 'tiago_controller_configuration'
[2.144s] Level 1:colcon.colcon_core.package_identification:_identify(src/tiago_exam) by extensions ['ignore', 'ignore_ament_install']
[2.144s] Level 1:colcon.colcon_core.package_identification:_identify(src/tiago_exam) by extension 'ignore'
[2.144s] Level 1:colcon.colcon_core.package_identification:_identify(src/tiago_exam) by extension 'ignore_ament_install'
[2.144s] Level 1:colcon.colcon_core.package_identification:_identify(src/tiago_exam) by extensions ['colcon_pkg']
[2.144s] Level 1:colcon.colcon_core.package_identification:_identify(src/tiago_exam) by extension 'colcon_pkg'
[2.145s] Level 1:colcon.colcon_core.package_identification:_identify(src/tiago_exam) by extensions ['colcon_meta']
[2.145s] Level 1:colcon.colcon_core.package_identification:_identify(src/tiago_exam) by extension 'colcon_meta'
[2.145s] Level 1:colcon.colcon_core.package_identification:_identify(src/tiago_exam) by extensions ['ros']
[2.145s] Level 1:colcon.colcon_core.package_identification:_identify(src/tiago_exam) by extension 'ros'
[2.148s] DEBUG:colcon.colcon_core.package_identification:Package 'src/tiago_exam' with type 'ros.ament_cmake' and name 'tiago_exam'
[2.149s] Level 1:colcon.colcon_core.package_identification:_identify(src/tiago_exam_worlds) by extensions ['ignore', 'ignore_ament_install']
[2.149s] Level 1:colcon.colcon_core.package_identification:_identify(src/tiago_exam_worlds) by extension 'ignore'
[2.149s] Level 1:colcon.colcon_core.package_identification:_identify(src/tiago_exam_worlds) by extension 'ignore_ament_install'
[2.150s] Level 1:colcon.colcon_core.package_identification:_identify(src/tiago_exam_worlds) by extensions ['colcon_pkg']
[2.150s] Level 1:colcon.colcon_core.package_identification:_identify(src/tiago_exam_worlds) by extension 'colcon_pkg'
[2.150s] Level 1:colcon.colcon_core.package_identification:_identify(src/tiago_exam_worlds) by extensions ['colcon_meta']
[2.150s] Level 1:colcon.colcon_core.package_identification:_identify(src/tiago_exam_worlds) by extension 'colcon_meta'
[2.150s] Level 1:colcon.colcon_core.package_identification:_identify(src/tiago_exam_worlds) by extensions ['ros']
[2.151s] Level 1:colcon.colcon_core.package_identification:_identify(src/tiago_exam_worlds) by extension 'ros'
[2.154s] DEBUG:colcon.colcon_core.package_identification:Package 'src/tiago_exam_worlds' with type 'ros.ament_cmake' and name 'tiago_exam_worlds'
[2.155s] Level 1:colcon.colcon_core.package_identification:_identify(src/tiago_navigation.bak) by extensions ['ignore', 'ignore_ament_install']
[2.155s] Level 1:colcon.colcon_core.package_identification:_identify(src/tiago_navigation.bak) by extension 'ignore'
[2.155s] Level 1:colcon.colcon_core.package_identification:_identify(src/tiago_navigation.bak) by extension 'ignore_ament_install'
[2.156s] Level 1:colcon.colcon_core.package_identification:_identify(src/tiago_navigation.bak) by extensions ['colcon_pkg']
[2.156s] Level 1:colcon.colcon_core.package_identification:_identify(src/tiago_navigation.bak) by extension 'colcon_pkg'
[2.156s] Level 1:colcon.colcon_core.package_identification:_identify(src/tiago_navigation.bak) by extensions ['colcon_meta']
[2.156s] Level 1:colcon.colcon_core.package_identification:_identify(src/tiago_navigation.bak) by extension 'colcon_meta'
[2.156s] Level 1:colcon.colcon_core.package_identification:_identify(src/tiago_navigation.bak) by extensions ['ros']
[2.156s] Level 1:colcon.colcon_core.package_identification:_identify(src/tiago_navigation.bak) by extension 'ros'
[2.157s] Level 1:colcon.colcon_core.package_identification:_identify(src/tiago_navigation.bak) by extensions ['cmake', 'python']
[2.157s] Level 1:colcon.colcon_core.package_identification:_identify(src/tiago_navigation.bak) by extension 'cmake'
[2.157s] Level 1:colcon.colcon_core.package_identification:_identify(src/tiago_navigation.bak) by extension 'python'
[2.157s] Level 1:colcon.colcon_core.package_identification:_identify(src/tiago_navigation.bak) by extensions ['python_setup_py']
[2.157s] Level 1:colcon.colcon_core.package_identification:_identify(src/tiago_navigation.bak) by extension 'python_setup_py'
[2.158s] Level 1:colcon.colcon_core.package_identification:_identify(src/tiago_navigation.bak/tiago_2dnav) by extensions ['ignore', 'ignore_ament_install']
[2.158s] Level 1:colcon.colcon_core.package_identification:_identify(src/tiago_navigation.bak/tiago_2dnav) by extension 'ignore'
[2.158s] Level 1:colcon.colcon_core.package_identification:_identify(src/tiago_navigation.bak/tiago_2dnav) by extension 'ignore_ament_install'
[2.158s] Level 1:colcon.colcon_core.package_identification:_identify(src/tiago_navigation.bak/tiago_2dnav) by extensions ['colcon_pkg']
[2.158s] Level 1:colcon.colcon_core.package_identification:_identify(src/tiago_navigation.bak/tiago_2dnav) by extension 'colcon_pkg'
[2.159s] Level 1:colcon.colcon_core.package_identification:_identify(src/tiago_navigation.bak/tiago_2dnav) by extensions ['colcon_meta']
[2.159s] Level 1:colcon.colcon_core.package_identification:_identify(src/tiago_navigation.bak/tiago_2dnav) by extension 'colcon_meta'
[2.159s] Level 1:colcon.colcon_core.package_identification:_identify(src/tiago_navigation.bak/tiago_2dnav) by extensions ['ros']
[2.159s] Level 1:colcon.colcon_core.package_identification:_identify(src/tiago_navigation.bak/tiago_2dnav) by extension 'ros'
[2.164s] DEBUG:colcon.colcon_core.package_identification:Package 'src/tiago_navigation.bak/tiago_2dnav' with type 'ros.ament_cmake' and name 'tiago_2dnav'
[2.165s] Level 1:colcon.colcon_core.package_identification:_identify(src/tiago_navigation.bak/tiago_laser_sensors) by extensions ['ignore', 'ignore_ament_install']
[2.165s] Level 1:colcon.colcon_core.package_identification:_identify(src/tiago_navigation.bak/tiago_laser_sensors) by extension 'ignore'
[2.165s] Level 1:colcon.colcon_core.package_identification:_identify(src/tiago_navigation.bak/tiago_laser_sensors) by extension 'ignore_ament_install'
[2.165s] Level 1:colcon.colcon_core.package_identification:_identify(src/tiago_navigation.bak/tiago_laser_sensors) by extensions ['colcon_pkg']
[2.165s] Level 1:colcon.colcon_core.package_identification:_identify(src/tiago_navigation.bak/tiago_laser_sensors) by extension 'colcon_pkg'
[2.166s] Level 1:colcon.colcon_core.package_identification:_identify(src/tiago_navigation.bak/tiago_laser_sensors) by extensions ['colcon_meta']
[2.166s] Level 1:colcon.colcon_core.package_identification:_identify(src/tiago_navigation.bak/tiago_laser_sensors) by extension 'colcon_meta'
[2.166s] Level 1:colcon.colcon_core.package_identification:_identify(src/tiago_navigation.bak/tiago_laser_sensors) by extensions ['ros']
[2.166s] Level 1:colcon.colcon_core.package_identification:_identify(src/tiago_navigation.bak/tiago_laser_sensors) by extension 'ros'
[2.168s] DEBUG:colcon.colcon_core.package_identification:Package 'src/tiago_navigation.bak/tiago_laser_sensors' with type 'ros.ament_cmake' and name 'tiago_laser_sensors'
[2.169s] Level 1:colcon.colcon_core.package_identification:_identify(src/tiago_navigation.bak/tiago_navigation) by extensions ['ignore', 'ignore_ament_install']
[2.169s] Level 1:colcon.colcon_core.package_identification:_identify(src/tiago_navigation.bak/tiago_navigation) by extension 'ignore'
[2.169s] Level 1:colcon.colcon_core.package_identification:_identify(src/tiago_navigation.bak/tiago_navigation) by extension 'ignore_ament_install'
[2.170s] Level 1:colcon.colcon_core.package_identification:_identify(src/tiago_navigation.bak/tiago_navigation) by extensions ['colcon_pkg']
[2.170s] Level 1:colcon.colcon_core.package_identification:_identify(src/tiago_navigation.bak/tiago_navigation) by extension 'colcon_pkg'
[2.170s] Level 1:colcon.colcon_core.package_identification:_identify(src/tiago_navigation.bak/tiago_navigation) by extensions ['colcon_meta']
[2.170s] Level 1:colcon.colcon_core.package_identification:_identify(src/tiago_navigation.bak/tiago_navigation) by extension 'colcon_meta'
[2.170s] Level 1:colcon.colcon_core.package_identification:_identify(src/tiago_navigation.bak/tiago_navigation) by extensions ['ros']
[2.170s] Level 1:colcon.colcon_core.package_identification:_identify(src/tiago_navigation.bak/tiago_navigation) by extension 'ros'
[2.174s] DEBUG:colcon.colcon_core.package_identification:Package 'src/tiago_navigation.bak/tiago_navigation' with type 'ros.ament_cmake' and name 'tiago_navigation'
[2.174s] Level 1:colcon.colcon_core.package_identification:_identify(src/tiago_navigation_backup) by extensions ['ignore', 'ignore_ament_install']
[2.175s] Level 1:colcon.colcon_core.package_identification:_identify(src/tiago_navigation_backup) by extension 'ignore'
[2.175s] Level 1:colcon.colcon_core.package_identification:_identify(src/tiago_navigation_backup) by extension 'ignore_ament_install'
[2.175s] Level 1:colcon.colcon_core.package_identification:_identify(src/tiago_navigation_backup) by extensions ['colcon_pkg']
[2.175s] Level 1:colcon.colcon_core.package_identification:_identify(src/tiago_navigation_backup) by extension 'colcon_pkg'
[2.176s] Level 1:colcon.colcon_core.package_identification:_identify(src/tiago_navigation_backup) by extensions ['colcon_meta']
[2.176s] Level 1:colcon.colcon_core.package_identification:_identify(src/tiago_navigation_backup) by extension 'colcon_meta'
[2.176s] Level 1:colcon.colcon_core.package_identification:_identify(src/tiago_navigation_backup) by extensions ['ros']
[2.176s] Level 1:colcon.colcon_core.package_identification:_identify(src/tiago_navigation_backup) by extension 'ros'
[2.177s] Level 1:colcon.colcon_core.package_identification:_identify(src/tiago_navigation_backup) by extensions ['cmake', 'python']
[2.177s] Level 1:colcon.colcon_core.package_identification:_identify(src/tiago_navigation_backup) by extension 'cmake'
[2.177s] Level 1:colcon.colcon_core.package_identification:_identify(src/tiago_navigation_backup) by extension 'python'
[2.177s] Level 1:colcon.colcon_core.package_identification:_identify(src/tiago_navigation_backup) by extensions ['python_setup_py']
[2.177s] Level 1:colcon.colcon_core.package_identification:_identify(src/tiago_navigation_backup) by extension 'python_setup_py'
[2.178s] Level 1:colcon.colcon_core.package_identification:_identify(src/tiago_task2_interfaces) by extensions ['ignore', 'ignore_ament_install']
[2.179s] Level 1:colcon.colcon_core.package_identification:_identify(src/tiago_task2_interfaces) by extension 'ignore'
[2.179s] Level 1:colcon.colcon_core.package_identification:_identify(src/tiago_task2_interfaces) by extension 'ignore_ament_install'
[2.179s] Level 1:colcon.colcon_core.package_identification:_identify(src/tiago_task2_interfaces) by extensions ['colcon_pkg']
[2.179s] Level 1:colcon.colcon_core.package_identification:_identify(src/tiago_task2_interfaces) by extension 'colcon_pkg'
[2.180s] Level 1:colcon.colcon_core.package_identification:_identify(src/tiago_task2_interfaces) by extensions ['colcon_meta']
[2.180s] Level 1:colcon.colcon_core.package_identification:_identify(src/tiago_task2_interfaces) by extension 'colcon_meta'
[2.180s] Level 1:colcon.colcon_core.package_identification:_identify(src/tiago_task2_interfaces) by extensions ['ros']
[2.180s] Level 1:colcon.colcon_core.package_identification:_identify(src/tiago_task2_interfaces) by extension 'ros'
[2.184s] DEBUG:colcon.colcon_core.package_identification:Package 'src/tiago_task2_interfaces' with type 'ros.ament_cmake' and name 'tiago_task2_interfaces'
[2.184s] Level 1:colcon.colcon_core.package_discovery:discover_packages(recursive) using defaults
[2.185s] Level 1:colcon.colcon_core.package_discovery:discover_packages(ignore) discover
[2.185s] Level 1:colcon.colcon_core.package_discovery:discover_packages(ignore) using defaults
[2.185s] Level 1:colcon.colcon_core.package_discovery:discover_packages(path) discover
[2.185s] Level 1:colcon.colcon_core.package_discovery:discover_packages(path) using defaults
[2.298s] INFO:colcon.colcon_core.package_selection:Skipping not selected package 'explore_lite' in 'src/m-explore-ros2/m-explore-ros2-main/explore'
[2.298s] INFO:colcon.colcon_core.package_selection:Skipping not selected package 'multirobot_map_merge' in 'src/m-explore-ros2/m-explore-ros2-main/map_merge'
[2.298s] INFO:colcon.colcon_core.package_selection:Skipping not selected package 'pal_navigation_cfg_params' in 'src/pal_navigation_cfg_public/pal_navigation_cfg_params'
[2.298s] INFO:colcon.colcon_core.package_selection:Skipping not selected package 'pmb2_controller_configuration' in 'src/pmb2_robot/pmb2_controller_configuration'
[2.299s] INFO:colcon.colcon_core.package_selection:Skipping not selected package 'pmb2_laser_sensors' in 'src/pmb2_navigation/pmb2_laser_sensors'
[2.299s] INFO:colcon.colcon_core.package_selection:Skipping not selected package 'pmb2_maps' in 'src/pmb2_navigation/pmb2_maps'
[2.299s] INFO:colcon.colcon_core.package_selection:Skipping not selected package 'pymoveit2' in 'src/pymoveit2'
[2.299s] INFO:colcon.colcon_core.package_selection:Skipping not selected package 'tiago_autonomous_exploration' in 'src/tiago_autonomous_exploration'
[2.299s] INFO:colcon.colcon_core.package_selection:Skipping not selected package 'tiago_exam_worlds' in 'src/tiago_exam_worlds'
[2.299s] INFO:colcon.colcon_core.package_selection:Skipping not selected package 'tiago_task2_interfaces' in 'src/tiago_task2_interfaces'
[2.299s] INFO:colcon.colcon_core.package_selection:Skipping not selected package 'pal_navigation_cfg_bringup' in 'src/pal_navigation_cfg_public/pal_navigation_cfg_bringup'
[2.299s] INFO:colcon.colcon_core.package_selection:Skipping not selected package 'pmb2_2dnav' in 'src/pmb2_navigation/pmb2_2dnav'
[2.300s] INFO:colcon.colcon_core.package_selection:Skipping not selected package 'pmb2_description' in 'src/pmb2_robot/pmb2_description'
[2.300s] INFO:colcon.colcon_core.package_selection:Skipping not selected package 'tiago_2dnav' in 'src/tiago_navigation.bak/tiago_2dnav'
[2.300s] INFO:colcon.colcon_core.package_selection:Skipping not selected package 'tiago_controller_configuration' in 'src/tiago_controller_configuration'
[2.300s] INFO:colcon.colcon_core.package_selection:Skipping not selected package 'tiago_laser_sensors' in 'src/tiago_navigation.bak/tiago_laser_sensors'
[2.300s] INFO:colcon.colcon_core.package_selection:Skipping not selected package 'pal_navigation_cfg' in 'src/pal_navigation_cfg_public/pal_navigation_cfg_public'
[2.300s] INFO:colcon.colcon_core.package_selection:Skipping not selected package 'pmb2_bringup' in 'src/pmb2_robot/pmb2_bringup'
[2.300s] INFO:colcon.colcon_core.package_selection:Skipping not selected package 'pmb2_navigation' in 'src/pmb2_navigation/pmb2_navigation'
[2.300s] INFO:colcon.colcon_core.package_selection:Skipping not selected package 'tiago_exam' in 'src/tiago_exam'
[2.301s] INFO:colcon.colcon_core.package_selection:Skipping not selected package 'tiago_navigation' in 'src/tiago_navigation.bak/tiago_navigation'
[2.301s] INFO:colcon.colcon_core.package_selection:Skipping not selected package 'pmb2_robot' in 'src/pmb2_robot/pmb2_robot'
[2.303s] Level 1:colcon.colcon_core.package_discovery:discover_packages(prefix_path) check parameters
[2.303s] Level 1:colcon.colcon_core.package_discovery:discover_packages(prefix_path) discover
[2.325s] DEBUG:colcon.colcon_installed_package_information.package_discovery:Found 24 installed packages in /home/ines/tiago_ws/install
[2.328s] DEBUG:colcon.colcon_installed_package_information.package_discovery:Found 2 installed packages in /home/ines/ros2_ws/install
[2.330s] DEBUG:colcon.colcon_installed_package_information.package_discovery:Found 1 installed packages in /home/ines/test_ws/install
[2.339s] DEBUG:colcon.colcon_installed_package_information.package_discovery:Found 475 installed packages in /opt/ros/humble
[2.352s] Level 1:colcon.colcon_core.package_discovery:discover_packages(prefix_path) using defaults
[2.679s] Level 5:colcon.colcon_core.verb:set package 'tiago_autonomous_navigation' build argument 'cmake_args' from command line to 'None'
[2.679s] Level 5:colcon.colcon_core.verb:set package 'tiago_autonomous_navigation' build argument 'cmake_target' from command line to 'None'
[2.680s] Level 5:colcon.colcon_core.verb:set package 'tiago_autonomous_navigation' build argument 'cmake_target_skip_unavailable' from command line to 'False'
[2.680s] Level 5:colcon.colcon_core.verb:set package 'tiago_autonomous_navigation' build argument 'cmake_clean_cache' from command line to 'False'
[2.680s] Level 5:colcon.colcon_core.verb:set package 'tiago_autonomous_navigation' build argument 'cmake_clean_first' from command line to 'False'
[2.680s] Level 5:colcon.colcon_core.verb:set package 'tiago_autonomous_navigation' build argument 'cmake_force_configure' from command line to 'False'
[2.680s] Level 5:colcon.colcon_core.verb:set package 'tiago_autonomous_navigation' build argument 'ament_cmake_args' from command line to 'None'
[2.680s] Level 5:colcon.colcon_core.verb:set package 'tiago_autonomous_navigation' build argument 'catkin_cmake_args' from command line to 'None'
[2.680s] Level 5:colcon.colcon_core.verb:set package 'tiago_autonomous_navigation' build argument 'catkin_skip_building_tests' from command line to 'False'
[2.680s] DEBUG:colcon.colcon_core.verb:Building package 'tiago_autonomous_navigation' with the following arguments: {'ament_cmake_args': None, 'build_base': '/home/ines/tiago_ws/build/tiago_autonomous_navigation', 'catkin_cmake_args': None, 'catkin_skip_building_tests': False, 'cmake_args': None, 'cmake_clean_cache': False, 'cmake_clean_first': False, 'cmake_force_configure': False, 'cmake_target': None, 'cmake_target_skip_unavailable': False, 'install_base': '/home/ines/tiago_ws/install/tiago_autonomous_navigation', 'merge_install': False, 'path': '/home/ines/tiago_ws/src/tiago_autonomous_navigation', 'symlink_install': True, 'test_result_base': None}
[2.682s] INFO:colcon.colcon_core.executor:Executing jobs using 'parallel' executor
[2.687s] DEBUG:colcon.colcon_parallel_executor.executor.parallel:run_until_complete
[2.688s] INFO:colcon.colcon_ros.task.ament_python.build:Building ROS package in '/home/ines/tiago_ws/src/tiago_autonomous_navigation' with build type 'ament_python'
[2.689s] Level 1:colcon.colcon_core.shell:create_environment_hook('tiago_autonomous_navigation', 'ament_prefix_path')
[2.705s] INFO:colcon.colcon_core.plugin_system:Skipping extension 'colcon_core.shell.bat': Not used on non-Windows systems
[2.706s] INFO:colcon.colcon_core.shell:Creating environment hook '/home/ines/tiago_ws/install/tiago_autonomous_navigation/share/tiago_autonomous_navigation/hook/ament_prefix_path.ps1'
[2.709s] INFO:colcon.colcon_core.shell:Creating environment descriptor '/home/ines/tiago_ws/install/tiago_autonomous_navigation/share/tiago_autonomous_navigation/hook/ament_prefix_path.dsv'
[2.712s] INFO:colcon.colcon_core.shell:Creating environment hook '/home/ines/tiago_ws/install/tiago_autonomous_navigation/share/tiago_autonomous_navigation/hook/ament_prefix_path.sh'
[2.717s] INFO:colcon.colcon_core.shell:Skip shell extension 'powershell' for command environment: Not usable outside of PowerShell
[2.718s] DEBUG:colcon.colcon_core.shell:Skip shell extension 'dsv' for command environment
[4.356s] INFO:colcon.colcon_core.task.python.build:Building Python package in '/home/ines/tiago_ws/src/tiago_autonomous_navigation'
[4.357s] INFO:colcon.colcon_core.shell:Skip shell extension 'powershell' for command environment: Not usable outside of PowerShell
[4.357s] DEBUG:colcon.colcon_core.shell:Skip shell extension 'dsv' for command environment
[7.075s] DEBUG:colcon.colcon_core.event_handler.log_command:Invoking command in '/home/ines/tiago_ws/build/tiago_autonomous_navigation': PYTHONPATH=/home/ines/tiago_ws/build/tiago_autonomous_navigation/prefix_override:/home/ines/tiago_ws/install/tiago_autonomous_navigation/lib/python3.10/site-packages:${PYTHONPATH} /usr/bin/python3 -W ignore:setup.py install is deprecated setup.py develop --editable --build-directory /home/ines/tiago_ws/build/tiago_autonomous_navigation/build --no-deps symlink_data
[10.218s] Level 1:colcon.colcon_core.shell:create_environment_hook('tiago_autonomous_navigation', 'pythonpath_develop')
[10.222s] INFO:colcon.colcon_core.shell:Creating environment hook '/home/ines/tiago_ws/build/tiago_autonomous_navigation/share/tiago_autonomous_navigation/hook/pythonpath_develop.ps1'
[10.221s] DEBUG:colcon.colcon_core.event_handler.log_command:Invoked command in '/home/ines/tiago_ws/build/tiago_autonomous_navigation' returned '0': PYTHONPATH=/home/ines/tiago_ws/build/tiago_autonomous_navigation/prefix_override:/home/ines/tiago_ws/install/tiago_autonomous_navigation/lib/python3.10/site-packages:${PYTHONPATH} /usr/bin/python3 -W ignore:setup.py install is deprecated setup.py develop --editable --build-directory /home/ines/tiago_ws/build/tiago_autonomous_navigation/build --no-deps symlink_data
[10.225s] INFO:colcon.colcon_core.shell:Creating environment descriptor '/home/ines/tiago_ws/build/tiago_autonomous_navigation/share/tiago_autonomous_navigation/hook/pythonpath_develop.dsv'
[10.229s] INFO:colcon.colcon_core.shell:Creating environment hook '/home/ines/tiago_ws/build/tiago_autonomous_navigation/share/tiago_autonomous_navigation/hook/pythonpath_develop.sh'
[10.248s] Level 1:colcon.colcon_core.environment:checking '/home/ines/tiago_ws/install/tiago_autonomous_navigation' for CMake module files
[10.250s] Level 1:colcon.colcon_core.environment:checking '/home/ines/tiago_ws/install/tiago_autonomous_navigation' for CMake config files
[10.253s] Level 1:colcon.colcon_core.environment:checking '/home/ines/tiago_ws/install/tiago_autonomous_navigation/lib'
[10.254s] Level 1:colcon.colcon_core.environment:checking '/home/ines/tiago_ws/install/tiago_autonomous_navigation/bin'
[10.254s] Level 1:colcon.colcon_core.environment:checking '/home/ines/tiago_ws/install/tiago_autonomous_navigation/lib/pkgconfig/tiago_autonomous_navigation.pc'
[10.255s] Level 1:colcon.colcon_core.environment:checking '/home/ines/tiago_ws/install/tiago_autonomous_navigation/lib/python3.10/site-packages'
[10.255s] Level 1:colcon.colcon_core.shell:create_environment_hook('tiago_autonomous_navigation', 'pythonpath')
[10.256s] INFO:colcon.colcon_core.shell:Creating environment hook '/home/ines/tiago_ws/install/tiago_autonomous_navigation/share/tiago_autonomous_navigation/hook/pythonpath.ps1'
[10.257s] INFO:colcon.colcon_core.shell:Creating environment descriptor '/home/ines/tiago_ws/install/tiago_autonomous_navigation/share/tiago_autonomous_navigation/hook/pythonpath.dsv'
[10.259s] INFO:colcon.colcon_core.shell:Creating environment hook '/home/ines/tiago_ws/install/tiago_autonomous_navigation/share/tiago_autonomous_navigation/hook/pythonpath.sh'
[10.261s] Level 1:colcon.colcon_core.environment:checking '/home/ines/tiago_ws/install/tiago_autonomous_navigation/bin'
[10.261s] Level 1:colcon.colcon_core.environment:create_environment_scripts_only(tiago_autonomous_navigation)
[10.262s] INFO:colcon.colcon_core.shell:Creating package script '/home/ines/tiago_ws/install/tiago_autonomous_navigation/share/tiago_autonomous_navigation/package.ps1'
[10.266s] INFO:colcon.colcon_core.shell:Creating package descriptor '/home/ines/tiago_ws/install/tiago_autonomous_navigation/share/tiago_autonomous_navigation/package.dsv'
[10.268s] INFO:colcon.colcon_core.shell:Creating package script '/home/ines/tiago_ws/install/tiago_autonomous_navigation/share/tiago_autonomous_navigation/package.sh'
[10.271s] INFO:colcon.colcon_core.shell:Creating package script '/home/ines/tiago_ws/install/tiago_autonomous_navigation/share/tiago_autonomous_navigation/package.bash'
[10.274s] INFO:colcon.colcon_core.shell:Creating package script '/home/ines/tiago_ws/install/tiago_autonomous_navigation/share/tiago_autonomous_navigation/package.zsh'
[10.277s] Level 1:colcon.colcon_core.environment:create_file_with_runtime_dependencies(/home/ines/tiago_ws/install/tiago_autonomous_navigation/share/colcon-core/packages/tiago_autonomous_navigation)
[10.279s] DEBUG:colcon.colcon_parallel_executor.executor.parallel:closing loop
[10.281s] DEBUG:colcon.colcon_parallel_executor.executor.parallel:loop closed
[10.282s] DEBUG:colcon.colcon_parallel_executor.executor.parallel:run_until_complete finished with '0'
[10.282s] DEBUG:colcon.colcon_core.event_reactor:joining thread
[10.313s] INFO:colcon.colcon_core.plugin_system:Skipping extension 'colcon_notification.desktop_notification.terminal_notifier': Not used on non-Darwin systems
[10.314s] INFO:colcon.colcon_core.plugin_system:Skipping extension 'colcon_notification.desktop_notification.win32': Not used on non-Windows systems
[10.314s] INFO:colcon.colcon_notification.desktop_notification:Sending desktop notification using 'notify2'
[10.364s] DEBUG:colcon.colcon_core.event_reactor:joined thread
[10.365s] INFO:colcon.colcon_core.shell:Creating prefix script '/home/ines/tiago_ws/install/local_setup.ps1'
[10.369s] INFO:colcon.colcon_core.shell:Creating prefix util module '/home/ines/tiago_ws/install/_local_setup_util_ps1.py'
[10.376s] INFO:colcon.colcon_core.shell:Creating prefix chain script '/home/ines/tiago_ws/install/setup.ps1'
[10.388s] INFO:colcon.colcon_core.shell:Creating prefix script '/home/ines/tiago_ws/install/local_setup.sh'
[10.391s] INFO:colcon.colcon_core.shell:Creating prefix util module '/home/ines/tiago_ws/install/_local_setup_util_sh.py'
[10.394s] INFO:colcon.colcon_core.shell:Creating prefix chain script '/home/ines/tiago_ws/install/setup.sh'
[10.404s] INFO:colcon.colcon_core.shell:Creating prefix script '/home/ines/tiago_ws/install/local_setup.bash'
[10.409s] INFO:colcon.colcon_core.shell:Creating prefix chain script '/home/ines/tiago_ws/install/setup.bash'
[10.419s] INFO:colcon.colcon_core.shell:Creating prefix script '/home/ines/tiago_ws/install/local_setup.zsh'
[10.422s] INFO:colcon.colcon_core.shell:Creating prefix chain script '/home/ines/tiago_ws/install/setup.zsh'
