[0.058s] Invoking command in '/home/ines/tiago_ws/build/explore_lite': CMAKE_PREFIX_PATH=${CMAKE_PREFIX_PATH}:/home/ines/tiago_ws/install/tiago_autonomous_navigation:/home/ines/tiago_ws/install/tiago_autonomous_exploration:/home/ines/ros2_ws/install/scripts:/home/ines/ros2_ws/install/acrobat:/opt/ros/humble /usr/bin/cmake /home/ines/tiago_ws/src/m-explore-ros2/m-explore-ros2-main/explore -DAMENT_CMAKE_SYMLINK_INSTALL=1 -DCMAKE_INSTALL_PREFIX=/home/ines/tiago_ws/install/explore_lite
[0.207s] -- The C compiler identification is GNU 11.4.0
[1.257s] -- The CXX compiler identification is GNU 11.4.0
[1.400s] -- Detecting C compiler ABI info
[1.953s] -- Detecting C compiler ABI info - done
[1.970s] -- Check for working C compiler: /usr/bin/cc - skipped
[1.971s] -- Detecting C compile features
[2.048s] -- Detecting C compile features - done
[2.073s] -- Detecting CXX compiler ABI info
[2.326s] -- Detecting CXX compiler ABI info - done
[2.346s] -- Check for working CXX compiler: /usr/bin/c++ - skipped
[2.347s] -- Detecting CXX compile features
[2.348s] -- Detecting CXX compile features - done
[2.349s] -- BuilD for ROS2: humble
[2.630s] -- Found ament_cmake: 1.3.8 (/opt/ros/humble/share/ament_cmake/cmake)
[3.250s] -- Found Python3: /usr/bin/python3 (found version "3.10.12") found components: Interpreter 
[3.540s] -- Override CMake install command with custom implementation using symlinks instead of copying resources
[3.772s] -- Found rclcpp: 16.0.8 (/opt/ros/humble/share/rclcpp/cmake)
[4.243s] -- Found rosidl_generator_c: 3.1.5 (/opt/ros/humble/share/rosidl_generator_c/cmake)
[4.265s] -- Found rosidl_adapter: 3.1.5 (/opt/ros/humble/share/rosidl_adapter/cmake)
[4.304s] -- Found rosidl_generator_cpp: 3.1.5 (/opt/ros/humble/share/rosidl_generator_cpp/cmake)
[4.448s] -- Using all available rosidl_typesupport_c: rosidl_typesupport_fastrtps_c;rosidl_typesupport_introspection_c
[4.690s] -- Using all available rosidl_typesupport_cpp: rosidl_typesupport_fastrtps_cpp;rosidl_typesupport_introspection_cpp
[5.027s] -- Found rmw_implementation_cmake: 6.1.1 (/opt/ros/humble/share/rmw_implementation_cmake/cmake)
[5.049s] -- Found rmw_fastrtps_cpp: 6.2.6 (/opt/ros/humble/share/rmw_fastrtps_cpp/cmake)
[5.846s] -- Found OpenSSL: /usr/lib/x86_64-linux-gnu/libcrypto.so (found version "3.0.2")  
[5.928s] -- Found FastRTPS: /opt/ros/humble/include  
[6.067s] -- Using RMW implementation 'rmw_fastrtps_cpp' as default
[6.194s] -- Looking for pthread.h
[6.669s] -- Looking for pthread.h - found
[6.669s] -- Performing Test CMAKE_HAVE_LIBC_PTHREAD
[6.905s] -- Performing Test CMAKE_HAVE_LIBC_PTHREAD - Success
[6.908s] -- Found Threads: TRUE  
[7.550s] -- Found sensor_msgs: 4.2.3 (/opt/ros/humble/share/sensor_msgs/cmake)
[7.969s] -- Found tf2_ros: 0.25.18 (/opt/ros/humble/share/tf2_ros/cmake)
[9.225s] -- Found tf2_geometry_msgs: 0.25.18 (/opt/ros/humble/share/tf2_geometry_msgs/cmake)
[9.270s] -- Found eigen3_cmake_module: 0.1.1 (/opt/ros/humble/share/eigen3_cmake_module/cmake)
[9.274s] -- Found Eigen3: TRUE (found version "3.4.0") 
[9.274s] -- Ensuring Eigen3 include directory is part of orocos-kdl CMake target
[9.325s] -- Found nav2_msgs: 1.1.19 (/opt/ros/humble/share/nav2_msgs/cmake)
[9.878s] -- Found map_msgs: 2.1.0 (/opt/ros/humble/share/map_msgs/cmake)
[10.100s] -- Found visualization_msgs: 4.2.3 (/opt/ros/humble/share/visualization_msgs/cmake)
[10.430s] -- Found nav2_costmap_2d: 1.1.19 (/opt/ros/humble/share/nav2_costmap_2d/cmake)
[12.250s] -- Found ament_lint_auto: 0.12.10 (/opt/ros/humble/share/ament_lint_auto/cmake)
[12.405s] -- Found ament_cmake_gtest: 1.3.8 (/opt/ros/humble/share/ament_cmake_gtest/cmake)
[12.436s] -- Found gtest sources under '/opt/ros/humble/src/gtest_vendor': C++ tests using 'Google Test' will be built
[12.476s] -- Added test 'cppcheck' to perform static code analysis on C / C++ code
[12.476s] -- Configured cppcheck include dirs: /home/ines/tiago_ws/src/m-explore-ros2/m-explore-ros2-main/explore/include;$<BUILD_INTERFACE:/home/ines/tiago_ws/src/m-explore-ros2/m-explore-ros2-main/explore/include>
[12.477s] -- Configured cppcheck exclude dirs and/or files: 
[12.478s] -- Added test 'flake8' to check Python code syntax and style conventions
[12.480s] -- Added test 'lint_cmake' to check CMake code style
[12.481s] -- Added test 'pep257' to check Python code against some of the docstring style conventions in PEP 257
[12.485s] -- Added test 'uncrustify' to check C / C++ code style
[12.485s] -- Configured uncrustify additional arguments: 
[12.486s] -- Added test 'xmllint' to check XML markup files
[12.505s] -- Configuring done
[13.378s] -- Generating done
[13.382s] -- Build files have been written to: /home/ines/tiago_ws/build/explore_lite
[13.406s] Invoked command in '/home/ines/tiago_ws/build/explore_lite' returned '0': CMAKE_PREFIX_PATH=${CMAKE_PREFIX_PATH}:/home/ines/tiago_ws/install/tiago_autonomous_navigation:/home/ines/tiago_ws/install/tiago_autonomous_exploration:/home/ines/ros2_ws/install/scripts:/home/ines/ros2_ws/install/acrobat:/opt/ros/humble /usr/bin/cmake /home/ines/tiago_ws/src/m-explore-ros2/m-explore-ros2-main/explore -DAMENT_CMAKE_SYMLINK_INSTALL=1 -DCMAKE_INSTALL_PREFIX=/home/ines/tiago_ws/install/explore_lite
[13.409s] Invoking command in '/home/ines/tiago_ws/build/explore_lite': CMAKE_PREFIX_PATH=${CMAKE_PREFIX_PATH}:/home/ines/tiago_ws/install/tiago_autonomous_navigation:/home/ines/tiago_ws/install/tiago_autonomous_exploration:/home/ines/ros2_ws/install/scripts:/home/ines/ros2_ws/install/acrobat:/opt/ros/humble /usr/bin/cmake --build /home/ines/tiago_ws/build/explore_lite -- -j8 -l8
[13.497s] [ 10%] [32mBuilding CXX object gtest/CMakeFiles/gtest.dir/src/gtest-all.cc.o[0m
[13.497s] [ 20%] [32mBuilding CXX object gtest/CMakeFiles/gtest_main.dir/src/gtest_main.cc.o[0m
[13.501s] [ 30%] [32mBuilding CXX object CMakeFiles/explore.dir/src/explore.cpp.o[0m
[13.501s] [ 40%] [32mBuilding CXX object CMakeFiles/explore.dir/src/costmap_client.cpp.o[0m
[13.502s] [ 50%] [32mBuilding CXX object CMakeFiles/explore.dir/src/frontier_search.cpp.o[0m
[16.848s] [ 60%] [32m[1mLinking CXX static library libgtest_main.a[0m
[17.139s] [ 60%] Built target gtest_main
[22.534s] [ 70%] [32m[1mLinking CXX static library libgtest.a[0m
[22.690s] [ 70%] Built target gtest
[22.743s] [ 80%] [32mBuilding CXX object CMakeFiles/test_explore.dir/test/test_explore.cpp.o[0m
[25.286s] [ 90%] [32m[1mLinking CXX executable test_explore[0m
[28.712s] [ 90%] Built target test_explore
[39.230s] [100%] [32m[1mLinking CXX executable explore[0m
[43.800s] [100%] Built target explore
[43.818s] Invoked command in '/home/ines/tiago_ws/build/explore_lite' returned '0': CMAKE_PREFIX_PATH=${CMAKE_PREFIX_PATH}:/home/ines/tiago_ws/install/tiago_autonomous_navigation:/home/ines/tiago_ws/install/tiago_autonomous_exploration:/home/ines/ros2_ws/install/scripts:/home/ines/ros2_ws/install/acrobat:/opt/ros/humble /usr/bin/cmake --build /home/ines/tiago_ws/build/explore_lite -- -j8 -l8
[43.900s] Invoking command in '/home/ines/tiago_ws/build/explore_lite': CMAKE_PREFIX_PATH=${CMAKE_PREFIX_PATH}:/home/ines/tiago_ws/install/tiago_autonomous_navigation:/home/ines/tiago_ws/install/tiago_autonomous_exploration:/home/ines/ros2_ws/install/scripts:/home/ines/ros2_ws/install/acrobat:/opt/ros/humble /usr/bin/cmake --install /home/ines/tiago_ws/build/explore_lite
[43.911s] -- Install configuration: ""
[43.911s] -- Execute custom install script
[43.912s] -- Symlinking: /home/ines/tiago_ws/install/explore_lite/include/explore//costmap_client.h
[43.928s] -- Symlinking: /home/ines/tiago_ws/install/explore_lite/include/explore//costmap_tools.h
[43.945s] -- Symlinking: /home/ines/tiago_ws/install/explore_lite/include/explore//explore.h
[43.962s] -- Symlinking: /home/ines/tiago_ws/install/explore_lite/include/explore//frontier_search.h
[43.978s] -- Symlinking: /home/ines/tiago_ws/install/explore_lite/share/explore_lite/config/params.yaml
[43.992s] -- Symlinking: /home/ines/tiago_ws/install/explore_lite/share/explore_lite/config/params_costmap.yaml
[44.008s] -- Symlinking: /home/ines/tiago_ws/install/explore_lite/share/explore_lite/launch/explore.launch.py
[44.023s] -- Symlinking: /home/ines/tiago_ws/install/explore_lite/lib/explore_lite/explore
[44.039s] -- Symlinking: /home/ines/tiago_ws/install/explore_lite/share/ament_index/resource_index/package_run_dependencies/explore_lite
[44.054s] -- Symlinking: /home/ines/tiago_ws/install/explore_lite/share/ament_index/resource_index/parent_prefix_path/explore_lite
[44.071s] -- Symlinking: /home/ines/tiago_ws/install/explore_lite/share/explore_lite/environment/ament_prefix_path.sh
[44.086s] -- Symlinking: /home/ines/tiago_ws/install/explore_lite/share/explore_lite/environment/ament_prefix_path.dsv
[44.109s] -- Symlinking: /home/ines/tiago_ws/install/explore_lite/share/explore_lite/environment/path.sh
[44.125s] -- Symlinking: /home/ines/tiago_ws/install/explore_lite/share/explore_lite/environment/path.dsv
[44.139s] -- Symlinking: /home/ines/tiago_ws/install/explore_lite/share/explore_lite/local_setup.bash
[44.154s] -- Symlinking: /home/ines/tiago_ws/install/explore_lite/share/explore_lite/local_setup.sh
[44.171s] -- Symlinking: /home/ines/tiago_ws/install/explore_lite/share/explore_lite/local_setup.zsh
[44.184s] -- Symlinking: /home/ines/tiago_ws/install/explore_lite/share/explore_lite/local_setup.dsv
[44.199s] -- Symlinking: /home/ines/tiago_ws/install/explore_lite/share/explore_lite/package.dsv
[44.214s] -- Symlinking: /home/ines/tiago_ws/install/explore_lite/share/ament_index/resource_index/packages/explore_lite
[44.228s] -- Symlinking: /home/ines/tiago_ws/install/explore_lite/share/explore_lite/cmake/ament_cmake_export_include_directories-extras.cmake
[44.242s] -- Symlinking: /home/ines/tiago_ws/install/explore_lite/share/explore_lite/cmake/explore_liteConfig.cmake
[44.256s] -- Symlinking: /home/ines/tiago_ws/install/explore_lite/share/explore_lite/cmake/explore_liteConfig-version.cmake
[44.271s] -- Symlinking: /home/ines/tiago_ws/install/explore_lite/share/explore_lite/package.xml
[44.291s] Invoked command in '/home/ines/tiago_ws/build/explore_lite' returned '0': CMAKE_PREFIX_PATH=${CMAKE_PREFIX_PATH}:/home/ines/tiago_ws/install/tiago_autonomous_navigation:/home/ines/tiago_ws/install/tiago_autonomous_exploration:/home/ines/ros2_ws/install/scripts:/home/ines/ros2_ws/install/acrobat:/opt/ros/humble /usr/bin/cmake --install /home/ines/tiago_ws/build/explore_lite
