[0.033s] Invoking command in '/home/ines/tiago_ws/build/tiago_exam': AMENT_PREFIX_PATH=/home/ines/tiago_ws/install/pmb2_maps:${AMENT_PREFIX_PATH} CMAKE_PREFIX_PATH=/home/ines/tiago_ws/install/tiago_2dnav:/home/ines/tiago_ws/install/pmb2_maps:/home/ines/tiago_ws/install/tiago_navigation:/home/ines/tiago_ws/install/tiago_laser_sensors:/home/ines/tiago_ws/install/tiago_exam_worlds:/home/ines/tiago_ws/install/tiago_exam:/home/ines/tiago_ws/install/tiago_controller_configuration:/home/ines/tiago_ws/install/pmb2_rgbd_sensors:/home/ines/tiago_ws/install/pmb2_navigation:/home/ines/tiago_ws/install/pmb2_laser_sensors:/home/ines/tiago_ws/install/pmb2_2dnav:/home/ines/tiago_ws/install/pal_navigation_cfg:/home/ines/tiago_ws/install/pal_navigation_cfg_bringup:/home/ines/tiago_ws/install/pal_navigation_cfg_params:/home/ines/tiago_ws/install/multirobot_map_merge:/home/ines/tiago_ws/install/explore_lite:/home/ines/test_ws/install/my_package:/home/ines/tiago_ws/install/tiago_autonomous_navigation:/home/ines/tiago_ws/install/tiago_autonomous_exploration:/home/ines/ros2_ws/install/scripts:/home/ines/ros2_ws/install/acrobat:/opt/ros/humble /usr/bin/cmake --build /home/ines/tiago_ws/build/tiago_exam -- -j8 -l8
[0.117s] Invoked command in '/home/ines/tiago_ws/build/tiago_exam' returned '0': AMENT_PREFIX_PATH=/home/ines/tiago_ws/install/pmb2_maps:${AMENT_PREFIX_PATH} CMAKE_PREFIX_PATH=/home/ines/tiago_ws/install/tiago_2dnav:/home/ines/tiago_ws/install/pmb2_maps:/home/ines/tiago_ws/install/tiago_navigation:/home/ines/tiago_ws/install/tiago_laser_sensors:/home/ines/tiago_ws/install/tiago_exam_worlds:/home/ines/tiago_ws/install/tiago_exam:/home/ines/tiago_ws/install/tiago_controller_configuration:/home/ines/tiago_ws/install/pmb2_rgbd_sensors:/home/ines/tiago_ws/install/pmb2_navigation:/home/ines/tiago_ws/install/pmb2_laser_sensors:/home/ines/tiago_ws/install/pmb2_2dnav:/home/ines/tiago_ws/install/pal_navigation_cfg:/home/ines/tiago_ws/install/pal_navigation_cfg_bringup:/home/ines/tiago_ws/install/pal_navigation_cfg_params:/home/ines/tiago_ws/install/multirobot_map_merge:/home/ines/tiago_ws/install/explore_lite:/home/ines/test_ws/install/my_package:/home/ines/tiago_ws/install/tiago_autonomous_navigation:/home/ines/tiago_ws/install/tiago_autonomous_exploration:/home/ines/ros2_ws/install/scripts:/home/ines/ros2_ws/install/acrobat:/opt/ros/humble /usr/bin/cmake --build /home/ines/tiago_ws/build/tiago_exam -- -j8 -l8
[0.169s] Invoking command in '/home/ines/tiago_ws/build/tiago_exam': AMENT_PREFIX_PATH=/home/ines/tiago_ws/install/pmb2_maps:${AMENT_PREFIX_PATH} CMAKE_PREFIX_PATH=/home/ines/tiago_ws/install/tiago_2dnav:/home/ines/tiago_ws/install/pmb2_maps:/home/ines/tiago_ws/install/tiago_navigation:/home/ines/tiago_ws/install/tiago_laser_sensors:/home/ines/tiago_ws/install/tiago_exam_worlds:/home/ines/tiago_ws/install/tiago_exam:/home/ines/tiago_ws/install/tiago_controller_configuration:/home/ines/tiago_ws/install/pmb2_rgbd_sensors:/home/ines/tiago_ws/install/pmb2_navigation:/home/ines/tiago_ws/install/pmb2_laser_sensors:/home/ines/tiago_ws/install/pmb2_2dnav:/home/ines/tiago_ws/install/pal_navigation_cfg:/home/ines/tiago_ws/install/pal_navigation_cfg_bringup:/home/ines/tiago_ws/install/pal_navigation_cfg_params:/home/ines/tiago_ws/install/multirobot_map_merge:/home/ines/tiago_ws/install/explore_lite:/home/ines/test_ws/install/my_package:/home/ines/tiago_ws/install/tiago_autonomous_navigation:/home/ines/tiago_ws/install/tiago_autonomous_exploration:/home/ines/ros2_ws/install/scripts:/home/ines/ros2_ws/install/acrobat:/opt/ros/humble /usr/bin/cmake --install /home/ines/tiago_ws/build/tiago_exam
[0.183s] -- Install configuration: ""
[0.183s] -- Execute custom install script
[0.184s] -- Up-to-date symlink: /home/ines/tiago_ws/install/tiago_exam/lib/tiago_exam/tuck_arm.py
[0.185s] -- Up-to-date symlink: /home/ines/tiago_ws/install/tiago_exam/share/tiago_exam/launch/tiago_exam.launch.py
[0.185s] -- Up-to-date symlink: /home/ines/tiago_ws/install/tiago_exam/share/tiago_exam/launch/tiago_spawn.launch.py
[0.185s] -- Up-to-date symlink: /home/ines/tiago_ws/install/tiago_exam/share/ament_index/resource_index/package_run_dependencies/tiago_exam
[0.186s] -- Up-to-date symlink: /home/ines/tiago_ws/install/tiago_exam/share/ament_index/resource_index/parent_prefix_path/tiago_exam
[0.186s] -- Up-to-date symlink: /home/ines/tiago_ws/install/tiago_exam/share/tiago_exam/environment/ament_prefix_path.sh
[0.186s] -- Up-to-date symlink: /home/ines/tiago_ws/install/tiago_exam/share/tiago_exam/environment/ament_prefix_path.dsv
[0.187s] -- Up-to-date symlink: /home/ines/tiago_ws/install/tiago_exam/share/tiago_exam/environment/path.sh
[0.187s] -- Up-to-date symlink: /home/ines/tiago_ws/install/tiago_exam/share/tiago_exam/environment/path.dsv
[0.188s] -- Up-to-date symlink: /home/ines/tiago_ws/install/tiago_exam/share/tiago_exam/local_setup.bash
[0.188s] -- Up-to-date symlink: /home/ines/tiago_ws/install/tiago_exam/share/tiago_exam/local_setup.sh
[0.188s] -- Up-to-date symlink: /home/ines/tiago_ws/install/tiago_exam/share/tiago_exam/local_setup.zsh
[0.189s] -- Up-to-date symlink: /home/ines/tiago_ws/install/tiago_exam/share/tiago_exam/local_setup.dsv
[0.189s] -- Symlinking: /home/ines/tiago_ws/install/tiago_exam/share/tiago_exam/package.dsv
[0.206s] -- Up-to-date symlink: /home/ines/tiago_ws/install/tiago_exam/share/ament_index/resource_index/packages/tiago_exam
[0.206s] -- Up-to-date symlink: /home/ines/tiago_ws/install/tiago_exam/share/tiago_exam/cmake/tiago_examConfig.cmake
[0.206s] -- Up-to-date symlink: /home/ines/tiago_ws/install/tiago_exam/share/tiago_exam/cmake/tiago_examConfig-version.cmake
[0.206s] -- Up-to-date symlink: /home/ines/tiago_ws/install/tiago_exam/share/tiago_exam/package.xml
[0.212s] Invoked command in '/home/ines/tiago_ws/build/tiago_exam' returned '0': AMENT_PREFIX_PATH=/home/ines/tiago_ws/install/pmb2_maps:${AMENT_PREFIX_PATH} CMAKE_PREFIX_PATH=/home/ines/tiago_ws/install/tiago_2dnav:/home/ines/tiago_ws/install/pmb2_maps:/home/ines/tiago_ws/install/tiago_navigation:/home/ines/tiago_ws/install/tiago_laser_sensors:/home/ines/tiago_ws/install/tiago_exam_worlds:/home/ines/tiago_ws/install/tiago_exam:/home/ines/tiago_ws/install/tiago_controller_configuration:/home/ines/tiago_ws/install/pmb2_rgbd_sensors:/home/ines/tiago_ws/install/pmb2_navigation:/home/ines/tiago_ws/install/pmb2_laser_sensors:/home/ines/tiago_ws/install/pmb2_2dnav:/home/ines/tiago_ws/install/pal_navigation_cfg:/home/ines/tiago_ws/install/pal_navigation_cfg_bringup:/home/ines/tiago_ws/install/pal_navigation_cfg_params:/home/ines/tiago_ws/install/multirobot_map_merge:/home/ines/tiago_ws/install/explore_lite:/home/ines/test_ws/install/my_package:/home/ines/tiago_ws/install/tiago_autonomous_navigation:/home/ines/tiago_ws/install/tiago_autonomous_exploration:/home/ines/ros2_ws/install/scripts:/home/ines/ros2_ws/install/acrobat:/opt/ros/humble /usr/bin/cmake --install /home/ines/tiago_ws/build/tiago_exam
