[0.539s] DEBUG:colcon:Command line arguments: ['/usr/bin/colcon', 'list']
[0.539s] DEBUG:colcon:Parsed command line arguments: Namespace(log_base=None, log_level=None, verb_name='list', build_base='build', ignore_user_meta=False, metas=['./colcon.meta'], base_paths=['.'], packages_ignore=None, packages_ignore_regex=None, paths=None, packages_up_to=None, packages_up_to_regex=None, packages_above=None, packages_above_and_dependencies=None, packages_above_depth=None, packages_select_by_dep=None, packages_skip_by_dep=None, packages_skip_up_to=None, packages_select_build_failed=False, packages_skip_build_finished=False, packages_select_test_failures=False, packages_skip_test_passed=False, packages_select=None, packages_skip=None, packages_select_regex=None, packages_skip_regex=None, packages_start=None, packages_end=None, allow_overriding=[], topological_order=False, names_only=False, paths_only=False, topological_graph=False, topological_graph_dot=False, topological_graph_density=False, topological_graph_legend=False, topological_graph_dot_cluster=False, topological_graph_dot_include_skipped=False, verb_parser=<colcon_defaults.argument_parser.defaults.DefaultArgumentsDecorator object at 0x7280706a8760>, verb_extension=<colcon_package_information.verb.list.ListVerb object at 0x7280707a40d0>, main=<bound method ListVerb.main of <colcon_package_information.verb.list.ListVerb object at 0x7280707a40d0>>)
[1.647s] Level 1:colcon.colcon_core.package_discovery:discover_packages(colcon_meta) check parameters
[1.648s] Level 1:colcon.colcon_core.package_discovery:discover_packages(recursive) check parameters
[1.648s] Level 1:colcon.colcon_core.package_discovery:discover_packages(ignore) check parameters
[1.649s] Level 1:colcon.colcon_core.package_discovery:discover_packages(path) check parameters
[1.649s] Level 1:colcon.colcon_core.package_discovery:discover_packages(colcon_meta) discover
[1.649s] Level 1:colcon.colcon_core.package_discovery:discover_packages(recursive) discover
[1.649s] INFO:colcon.colcon_core.package_discovery:Crawling recursively for packages in '/home/ines/tiago_ws/src'
[1.650s] Level 1:colcon.colcon_core.package_identification:_identify(.) by extensions ['ignore', 'ignore_ament_install']
[1.650s] Level 1:colcon.colcon_core.package_identification:_identify(.) by extension 'ignore'
[1.651s] Level 1:colcon.colcon_core.package_identification:_identify(.) by extension 'ignore_ament_install'
[1.651s] Level 1:colcon.colcon_core.package_identification:_identify(.) by extensions ['colcon_pkg']
[1.651s] Level 1:colcon.colcon_core.package_identification:_identify(.) by extension 'colcon_pkg'
[1.652s] Level 1:colcon.colcon_core.package_identification:_identify(.) by extensions ['colcon_meta']
[1.652s] Level 1:colcon.colcon_core.package_identification:_identify(.) by extension 'colcon_meta'
[1.652s] Level 1:colcon.colcon_core.package_identification:_identify(.) by extensions ['ros']
[1.652s] Level 1:colcon.colcon_core.package_identification:_identify(.) by extension 'ros'
[1.752s] Level 1:colcon.colcon_core.package_identification:_identify(.) by extensions ['cmake', 'python']
[1.752s] Level 1:colcon.colcon_core.package_identification:_identify(.) by extension 'cmake'
[1.753s] Level 1:colcon.colcon_core.package_identification:_identify(.) by extension 'python'
[1.753s] Level 1:colcon.colcon_core.package_identification:_identify(.) by extensions ['python_setup_py']
[1.753s] Level 1:colcon.colcon_core.package_identification:_identify(.) by extension 'python_setup_py'
[1.754s] Level 1:colcon.colcon_core.package_identification:_identify(log) by extensions ['ignore', 'ignore_ament_install']
[1.755s] Level 1:colcon.colcon_core.package_identification:_identify(log) by extension 'ignore'
[1.755s] Level 1:colcon.colcon_core.package_identification:_identify(log) ignored
[1.756s] Level 1:colcon.colcon_core.package_identification:_identify(m-explore-ros2) by extensions ['ignore', 'ignore_ament_install']
[1.757s] Level 1:colcon.colcon_core.package_identification:_identify(m-explore-ros2) by extension 'ignore'
[1.758s] Level 1:colcon.colcon_core.package_identification:_identify(m-explore-ros2) by extension 'ignore_ament_install'
[1.759s] Level 1:colcon.colcon_core.package_identification:_identify(m-explore-ros2) by extensions ['colcon_pkg']
[1.759s] Level 1:colcon.colcon_core.package_identification:_identify(m-explore-ros2) by extension 'colcon_pkg'
[1.759s] Level 1:colcon.colcon_core.package_identification:_identify(m-explore-ros2) by extensions ['colcon_meta']
[1.759s] Level 1:colcon.colcon_core.package_identification:_identify(m-explore-ros2) by extension 'colcon_meta'
[1.760s] Level 1:colcon.colcon_core.package_identification:_identify(m-explore-ros2) by extensions ['ros']
[1.760s] Level 1:colcon.colcon_core.package_identification:_identify(m-explore-ros2) by extension 'ros'
[1.760s] Level 1:colcon.colcon_core.package_identification:_identify(m-explore-ros2) by extensions ['cmake', 'python']
[1.761s] Level 1:colcon.colcon_core.package_identification:_identify(m-explore-ros2) by extension 'cmake'
[1.761s] Level 1:colcon.colcon_core.package_identification:_identify(m-explore-ros2) by extension 'python'
[1.761s] Level 1:colcon.colcon_core.package_identification:_identify(m-explore-ros2) by extensions ['python_setup_py']
[1.761s] Level 1:colcon.colcon_core.package_identification:_identify(m-explore-ros2) by extension 'python_setup_py'
[1.762s] Level 1:colcon.colcon_core.package_identification:_identify(m-explore-ros2/m-explore-ros2-main) by extensions ['ignore', 'ignore_ament_install']
[1.763s] Level 1:colcon.colcon_core.package_identification:_identify(m-explore-ros2/m-explore-ros2-main) by extension 'ignore'
[1.763s] Level 1:colcon.colcon_core.package_identification:_identify(m-explore-ros2/m-explore-ros2-main) by extension 'ignore_ament_install'
[1.764s] Level 1:colcon.colcon_core.package_identification:_identify(m-explore-ros2/m-explore-ros2-main) by extensions ['colcon_pkg']
[1.764s] Level 1:colcon.colcon_core.package_identification:_identify(m-explore-ros2/m-explore-ros2-main) by extension 'colcon_pkg'
[1.764s] Level 1:colcon.colcon_core.package_identification:_identify(m-explore-ros2/m-explore-ros2-main) by extensions ['colcon_meta']
[1.764s] Level 1:colcon.colcon_core.package_identification:_identify(m-explore-ros2/m-explore-ros2-main) by extension 'colcon_meta'
[1.764s] Level 1:colcon.colcon_core.package_identification:_identify(m-explore-ros2/m-explore-ros2-main) by extensions ['ros']
[1.765s] Level 1:colcon.colcon_core.package_identification:_identify(m-explore-ros2/m-explore-ros2-main) by extension 'ros'
[1.765s] Level 1:colcon.colcon_core.package_identification:_identify(m-explore-ros2/m-explore-ros2-main) by extensions ['cmake', 'python']
[1.765s] Level 1:colcon.colcon_core.package_identification:_identify(m-explore-ros2/m-explore-ros2-main) by extension 'cmake'
[1.766s] Level 1:colcon.colcon_core.package_identification:_identify(m-explore-ros2/m-explore-ros2-main) by extension 'python'
[1.766s] Level 1:colcon.colcon_core.package_identification:_identify(m-explore-ros2/m-explore-ros2-main) by extensions ['python_setup_py']
[1.766s] Level 1:colcon.colcon_core.package_identification:_identify(m-explore-ros2/m-explore-ros2-main) by extension 'python_setup_py'
[1.767s] Level 1:colcon.colcon_core.package_identification:_identify(m-explore-ros2/m-explore-ros2-main/explore) by extensions ['ignore', 'ignore_ament_install']
[1.767s] Level 1:colcon.colcon_core.package_identification:_identify(m-explore-ros2/m-explore-ros2-main/explore) by extension 'ignore'
[1.768s] Level 1:colcon.colcon_core.package_identification:_identify(m-explore-ros2/m-explore-ros2-main/explore) by extension 'ignore_ament_install'
[1.768s] Level 1:colcon.colcon_core.package_identification:_identify(m-explore-ros2/m-explore-ros2-main/explore) by extensions ['colcon_pkg']
[1.768s] Level 1:colcon.colcon_core.package_identification:_identify(m-explore-ros2/m-explore-ros2-main/explore) by extension 'colcon_pkg'
[1.768s] Level 1:colcon.colcon_core.package_identification:_identify(m-explore-ros2/m-explore-ros2-main/explore) by extensions ['colcon_meta']
[1.769s] Level 1:colcon.colcon_core.package_identification:_identify(m-explore-ros2/m-explore-ros2-main/explore) by extension 'colcon_meta'
[1.769s] Level 1:colcon.colcon_core.package_identification:_identify(m-explore-ros2/m-explore-ros2-main/explore) by extensions ['ros']
[1.769s] Level 1:colcon.colcon_core.package_identification:_identify(m-explore-ros2/m-explore-ros2-main/explore) by extension 'ros'
[1.803s] DEBUG:colcon.colcon_core.package_identification:Package 'm-explore-ros2/m-explore-ros2-main/explore' with type 'ros.ament_cmake' and name 'explore_lite'
[1.804s] Level 1:colcon.colcon_core.package_identification:_identify(m-explore-ros2/m-explore-ros2-main/map_merge) by extensions ['ignore', 'ignore_ament_install']
[1.804s] Level 1:colcon.colcon_core.package_identification:_identify(m-explore-ros2/m-explore-ros2-main/map_merge) by extension 'ignore'
[1.805s] Level 1:colcon.colcon_core.package_identification:_identify(m-explore-ros2/m-explore-ros2-main/map_merge) by extension 'ignore_ament_install'
[1.806s] Level 1:colcon.colcon_core.package_identification:_identify(m-explore-ros2/m-explore-ros2-main/map_merge) by extensions ['colcon_pkg']
[1.806s] Level 1:colcon.colcon_core.package_identification:_identify(m-explore-ros2/m-explore-ros2-main/map_merge) by extension 'colcon_pkg'
[1.807s] Level 1:colcon.colcon_core.package_identification:_identify(m-explore-ros2/m-explore-ros2-main/map_merge) by extensions ['colcon_meta']
[1.807s] Level 1:colcon.colcon_core.package_identification:_identify(m-explore-ros2/m-explore-ros2-main/map_merge) by extension 'colcon_meta'
[1.807s] Level 1:colcon.colcon_core.package_identification:_identify(m-explore-ros2/m-explore-ros2-main/map_merge) by extensions ['ros']
[1.807s] Level 1:colcon.colcon_core.package_identification:_identify(m-explore-ros2/m-explore-ros2-main/map_merge) by extension 'ros'
[1.814s] DEBUG:colcon.colcon_core.package_identification:Package 'm-explore-ros2/m-explore-ros2-main/map_merge' with type 'ros.ament_cmake' and name 'multirobot_map_merge'
[1.815s] Level 1:colcon.colcon_core.package_identification:_identify(pal_navigation_cfg_public) by extensions ['ignore', 'ignore_ament_install']
[1.815s] Level 1:colcon.colcon_core.package_identification:_identify(pal_navigation_cfg_public) by extension 'ignore'
[1.816s] Level 1:colcon.colcon_core.package_identification:_identify(pal_navigation_cfg_public) by extension 'ignore_ament_install'
[1.816s] Level 1:colcon.colcon_core.package_identification:_identify(pal_navigation_cfg_public) by extensions ['colcon_pkg']
[1.816s] Level 1:colcon.colcon_core.package_identification:_identify(pal_navigation_cfg_public) by extension 'colcon_pkg'
[1.817s] Level 1:colcon.colcon_core.package_identification:_identify(pal_navigation_cfg_public) by extensions ['colcon_meta']
[1.817s] Level 1:colcon.colcon_core.package_identification:_identify(pal_navigation_cfg_public) by extension 'colcon_meta'
[1.817s] Level 1:colcon.colcon_core.package_identification:_identify(pal_navigation_cfg_public) by extensions ['ros']
[1.817s] Level 1:colcon.colcon_core.package_identification:_identify(pal_navigation_cfg_public) by extension 'ros'
[1.818s] Level 1:colcon.colcon_core.package_identification:_identify(pal_navigation_cfg_public) by extensions ['cmake', 'python']
[1.818s] Level 1:colcon.colcon_core.package_identification:_identify(pal_navigation_cfg_public) by extension 'cmake'
[1.818s] Level 1:colcon.colcon_core.package_identification:_identify(pal_navigation_cfg_public) by extension 'python'
[1.819s] Level 1:colcon.colcon_core.package_identification:_identify(pal_navigation_cfg_public) by extensions ['python_setup_py']
[1.819s] Level 1:colcon.colcon_core.package_identification:_identify(pal_navigation_cfg_public) by extension 'python_setup_py'
[1.819s] Level 1:colcon.colcon_core.package_identification:_identify(pal_navigation_cfg_public/pal_navigation_cfg_bringup) by extensions ['ignore', 'ignore_ament_install']
[1.820s] Level 1:colcon.colcon_core.package_identification:_identify(pal_navigation_cfg_public/pal_navigation_cfg_bringup) by extension 'ignore'
[1.821s] Level 1:colcon.colcon_core.package_identification:_identify(pal_navigation_cfg_public/pal_navigation_cfg_bringup) by extension 'ignore_ament_install'
[1.821s] Level 1:colcon.colcon_core.package_identification:_identify(pal_navigation_cfg_public/pal_navigation_cfg_bringup) by extensions ['colcon_pkg']
[1.821s] Level 1:colcon.colcon_core.package_identification:_identify(pal_navigation_cfg_public/pal_navigation_cfg_bringup) by extension 'colcon_pkg'
[1.821s] Level 1:colcon.colcon_core.package_identification:_identify(pal_navigation_cfg_public/pal_navigation_cfg_bringup) by extensions ['colcon_meta']
[1.822s] Level 1:colcon.colcon_core.package_identification:_identify(pal_navigation_cfg_public/pal_navigation_cfg_bringup) by extension 'colcon_meta'
[1.822s] Level 1:colcon.colcon_core.package_identification:_identify(pal_navigation_cfg_public/pal_navigation_cfg_bringup) by extensions ['ros']
[1.822s] Level 1:colcon.colcon_core.package_identification:_identify(pal_navigation_cfg_public/pal_navigation_cfg_bringup) by extension 'ros'
[1.825s] DEBUG:colcon.colcon_core.package_identification:Package 'pal_navigation_cfg_public/pal_navigation_cfg_bringup' with type 'ros.ament_cmake' and name 'pal_navigation_cfg_bringup'
[1.826s] Level 1:colcon.colcon_core.package_identification:_identify(pal_navigation_cfg_public/pal_navigation_cfg_params) by extensions ['ignore', 'ignore_ament_install']
[1.826s] Level 1:colcon.colcon_core.package_identification:_identify(pal_navigation_cfg_public/pal_navigation_cfg_params) by extension 'ignore'
[1.826s] Level 1:colcon.colcon_core.package_identification:_identify(pal_navigation_cfg_public/pal_navigation_cfg_params) by extension 'ignore_ament_install'
[1.827s] Level 1:colcon.colcon_core.package_identification:_identify(pal_navigation_cfg_public/pal_navigation_cfg_params) by extensions ['colcon_pkg']
[1.827s] Level 1:colcon.colcon_core.package_identification:_identify(pal_navigation_cfg_public/pal_navigation_cfg_params) by extension 'colcon_pkg'
[1.827s] Level 1:colcon.colcon_core.package_identification:_identify(pal_navigation_cfg_public/pal_navigation_cfg_params) by extensions ['colcon_meta']
[1.827s] Level 1:colcon.colcon_core.package_identification:_identify(pal_navigation_cfg_public/pal_navigation_cfg_params) by extension 'colcon_meta'
[1.827s] Level 1:colcon.colcon_core.package_identification:_identify(pal_navigation_cfg_public/pal_navigation_cfg_params) by extensions ['ros']
[1.827s] Level 1:colcon.colcon_core.package_identification:_identify(pal_navigation_cfg_public/pal_navigation_cfg_params) by extension 'ros'
[1.829s] DEBUG:colcon.colcon_core.package_identification:Package 'pal_navigation_cfg_public/pal_navigation_cfg_params' with type 'ros.ament_cmake' and name 'pal_navigation_cfg_params'
[1.830s] Level 1:colcon.colcon_core.package_identification:_identify(pal_navigation_cfg_public/pal_navigation_cfg_public) by extensions ['ignore', 'ignore_ament_install']
[1.830s] Level 1:colcon.colcon_core.package_identification:_identify(pal_navigation_cfg_public/pal_navigation_cfg_public) by extension 'ignore'
[1.830s] Level 1:colcon.colcon_core.package_identification:_identify(pal_navigation_cfg_public/pal_navigation_cfg_public) by extension 'ignore_ament_install'
[1.831s] Level 1:colcon.colcon_core.package_identification:_identify(pal_navigation_cfg_public/pal_navigation_cfg_public) by extensions ['colcon_pkg']
[1.831s] Level 1:colcon.colcon_core.package_identification:_identify(pal_navigation_cfg_public/pal_navigation_cfg_public) by extension 'colcon_pkg'
[1.831s] Level 1:colcon.colcon_core.package_identification:_identify(pal_navigation_cfg_public/pal_navigation_cfg_public) by extensions ['colcon_meta']
[1.831s] Level 1:colcon.colcon_core.package_identification:_identify(pal_navigation_cfg_public/pal_navigation_cfg_public) by extension 'colcon_meta'
[1.831s] Level 1:colcon.colcon_core.package_identification:_identify(pal_navigation_cfg_public/pal_navigation_cfg_public) by extensions ['ros']
[1.831s] Level 1:colcon.colcon_core.package_identification:_identify(pal_navigation_cfg_public/pal_navigation_cfg_public) by extension 'ros'
[1.834s] DEBUG:colcon.colcon_core.package_identification:Package 'pal_navigation_cfg_public/pal_navigation_cfg_public' with type 'ros.ament_cmake' and name 'pal_navigation_cfg'
[1.835s] Level 1:colcon.colcon_core.package_identification:_identify(pmb2_navigation) by extensions ['ignore', 'ignore_ament_install']
[1.835s] Level 1:colcon.colcon_core.package_identification:_identify(pmb2_navigation) by extension 'ignore'
[1.835s] Level 1:colcon.colcon_core.package_identification:_identify(pmb2_navigation) by extension 'ignore_ament_install'
[1.836s] Level 1:colcon.colcon_core.package_identification:_identify(pmb2_navigation) by extensions ['colcon_pkg']
[1.836s] Level 1:colcon.colcon_core.package_identification:_identify(pmb2_navigation) by extension 'colcon_pkg'
[1.836s] Level 1:colcon.colcon_core.package_identification:_identify(pmb2_navigation) by extensions ['colcon_meta']
[1.836s] Level 1:colcon.colcon_core.package_identification:_identify(pmb2_navigation) by extension 'colcon_meta'
[1.836s] Level 1:colcon.colcon_core.package_identification:_identify(pmb2_navigation) by extensions ['ros']
[1.836s] Level 1:colcon.colcon_core.package_identification:_identify(pmb2_navigation) by extension 'ros'
[1.837s] Level 1:colcon.colcon_core.package_identification:_identify(pmb2_navigation) by extensions ['cmake', 'python']
[1.837s] Level 1:colcon.colcon_core.package_identification:_identify(pmb2_navigation) by extension 'cmake'
[1.837s] Level 1:colcon.colcon_core.package_identification:_identify(pmb2_navigation) by extension 'python'
[1.837s] Level 1:colcon.colcon_core.package_identification:_identify(pmb2_navigation) by extensions ['python_setup_py']
[1.837s] Level 1:colcon.colcon_core.package_identification:_identify(pmb2_navigation) by extension 'python_setup_py'
[1.838s] Level 1:colcon.colcon_core.package_identification:_identify(pmb2_navigation/pmb2_2dnav) by extensions ['ignore', 'ignore_ament_install']
[1.839s] Level 1:colcon.colcon_core.package_identification:_identify(pmb2_navigation/pmb2_2dnav) by extension 'ignore'
[1.839s] Level 1:colcon.colcon_core.package_identification:_identify(pmb2_navigation/pmb2_2dnav) by extension 'ignore_ament_install'
[1.839s] Level 1:colcon.colcon_core.package_identification:_identify(pmb2_navigation/pmb2_2dnav) by extensions ['colcon_pkg']
[1.839s] Level 1:colcon.colcon_core.package_identification:_identify(pmb2_navigation/pmb2_2dnav) by extension 'colcon_pkg'
[1.840s] Level 1:colcon.colcon_core.package_identification:_identify(pmb2_navigation/pmb2_2dnav) by extensions ['colcon_meta']
[1.840s] Level 1:colcon.colcon_core.package_identification:_identify(pmb2_navigation/pmb2_2dnav) by extension 'colcon_meta'
[1.840s] Level 1:colcon.colcon_core.package_identification:_identify(pmb2_navigation/pmb2_2dnav) by extensions ['ros']
[1.840s] Level 1:colcon.colcon_core.package_identification:_identify(pmb2_navigation/pmb2_2dnav) by extension 'ros'
[1.934s] DEBUG:colcon.colcon_core.package_identification:Package 'pmb2_navigation/pmb2_2dnav' with type 'ros.ament_cmake' and name 'pmb2_2dnav'
[1.935s] Level 1:colcon.colcon_core.package_identification:_identify(pmb2_navigation/pmb2_laser_sensors) by extensions ['ignore', 'ignore_ament_install']
[1.935s] Level 1:colcon.colcon_core.package_identification:_identify(pmb2_navigation/pmb2_laser_sensors) by extension 'ignore'
[1.936s] Level 1:colcon.colcon_core.package_identification:_identify(pmb2_navigation/pmb2_laser_sensors) by extension 'ignore_ament_install'
[1.936s] Level 1:colcon.colcon_core.package_identification:_identify(pmb2_navigation/pmb2_laser_sensors) by extensions ['colcon_pkg']
[1.936s] Level 1:colcon.colcon_core.package_identification:_identify(pmb2_navigation/pmb2_laser_sensors) by extension 'colcon_pkg'
[1.936s] Level 1:colcon.colcon_core.package_identification:_identify(pmb2_navigation/pmb2_laser_sensors) by extensions ['colcon_meta']
[1.936s] Level 1:colcon.colcon_core.package_identification:_identify(pmb2_navigation/pmb2_laser_sensors) by extension 'colcon_meta'
[1.937s] Level 1:colcon.colcon_core.package_identification:_identify(pmb2_navigation/pmb2_laser_sensors) by extensions ['ros']
[1.937s] Level 1:colcon.colcon_core.package_identification:_identify(pmb2_navigation/pmb2_laser_sensors) by extension 'ros'
[1.960s] DEBUG:colcon.colcon_core.package_identification:Package 'pmb2_navigation/pmb2_laser_sensors' with type 'ros.ament_cmake' and name 'pmb2_laser_sensors'
[1.961s] Level 1:colcon.colcon_core.package_identification:_identify(pmb2_navigation/pmb2_navigation) by extensions ['ignore', 'ignore_ament_install']
[1.962s] Level 1:colcon.colcon_core.package_identification:_identify(pmb2_navigation/pmb2_navigation) by extension 'ignore'
[1.962s] Level 1:colcon.colcon_core.package_identification:_identify(pmb2_navigation/pmb2_navigation) by extension 'ignore_ament_install'
[1.963s] Level 1:colcon.colcon_core.package_identification:_identify(pmb2_navigation/pmb2_navigation) by extensions ['colcon_pkg']
[1.963s] Level 1:colcon.colcon_core.package_identification:_identify(pmb2_navigation/pmb2_navigation) by extension 'colcon_pkg'
[1.963s] Level 1:colcon.colcon_core.package_identification:_identify(pmb2_navigation/pmb2_navigation) by extensions ['colcon_meta']
[1.963s] Level 1:colcon.colcon_core.package_identification:_identify(pmb2_navigation/pmb2_navigation) by extension 'colcon_meta'
[1.964s] Level 1:colcon.colcon_core.package_identification:_identify(pmb2_navigation/pmb2_navigation) by extensions ['ros']
[1.964s] Level 1:colcon.colcon_core.package_identification:_identify(pmb2_navigation/pmb2_navigation) by extension 'ros'
[1.968s] DEBUG:colcon.colcon_core.package_identification:Package 'pmb2_navigation/pmb2_navigation' with type 'ros.ament_cmake' and name 'pmb2_navigation'
[1.969s] Level 1:colcon.colcon_core.package_identification:_identify(pmb2_navigation/pmb2_rgbd_sensors) by extensions ['ignore', 'ignore_ament_install']
[1.969s] Level 1:colcon.colcon_core.package_identification:_identify(pmb2_navigation/pmb2_rgbd_sensors) by extension 'ignore'
[1.970s] Level 1:colcon.colcon_core.package_identification:_identify(pmb2_navigation/pmb2_rgbd_sensors) by extension 'ignore_ament_install'
[1.970s] Level 1:colcon.colcon_core.package_identification:_identify(pmb2_navigation/pmb2_rgbd_sensors) by extensions ['colcon_pkg']
[1.970s] Level 1:colcon.colcon_core.package_identification:_identify(pmb2_navigation/pmb2_rgbd_sensors) by extension 'colcon_pkg'
[1.971s] Level 1:colcon.colcon_core.package_identification:_identify(pmb2_navigation/pmb2_rgbd_sensors) by extensions ['colcon_meta']
[1.971s] Level 1:colcon.colcon_core.package_identification:_identify(pmb2_navigation/pmb2_rgbd_sensors) by extension 'colcon_meta'
[1.971s] Level 1:colcon.colcon_core.package_identification:_identify(pmb2_navigation/pmb2_rgbd_sensors) by extensions ['ros']
[1.971s] Level 1:colcon.colcon_core.package_identification:_identify(pmb2_navigation/pmb2_rgbd_sensors) by extension 'ros'
[1.991s] DEBUG:colcon.colcon_core.package_identification:Package 'pmb2_navigation/pmb2_rgbd_sensors' with type 'ros.ament_cmake' and name 'pmb2_rgbd_sensors'
[1.992s] Level 1:colcon.colcon_core.package_identification:_identify(tiago_autonomous_exploration) by extensions ['ignore', 'ignore_ament_install']
[1.993s] Level 1:colcon.colcon_core.package_identification:_identify(tiago_autonomous_exploration) by extension 'ignore'
[1.993s] Level 1:colcon.colcon_core.package_identification:_identify(tiago_autonomous_exploration) by extension 'ignore_ament_install'
[1.994s] Level 1:colcon.colcon_core.package_identification:_identify(tiago_autonomous_exploration) by extensions ['colcon_pkg']
[1.994s] Level 1:colcon.colcon_core.package_identification:_identify(tiago_autonomous_exploration) by extension 'colcon_pkg'
[1.995s] Level 1:colcon.colcon_core.package_identification:_identify(tiago_autonomous_exploration) by extensions ['colcon_meta']
[1.995s] Level 1:colcon.colcon_core.package_identification:_identify(tiago_autonomous_exploration) by extension 'colcon_meta'
[1.995s] Level 1:colcon.colcon_core.package_identification:_identify(tiago_autonomous_exploration) by extensions ['ros']
[1.996s] Level 1:colcon.colcon_core.package_identification:_identify(tiago_autonomous_exploration) by extension 'ros'
[2.006s] DEBUG:colcon.colcon_core.package_identification:Package 'tiago_autonomous_exploration' with type 'ros.ament_python' and name 'tiago_autonomous_exploration'
[2.007s] Level 1:colcon.colcon_core.package_identification:_identify(tiago_autonomous_navigation) by extensions ['ignore', 'ignore_ament_install']
[2.007s] Level 1:colcon.colcon_core.package_identification:_identify(tiago_autonomous_navigation) by extension 'ignore'
[2.008s] Level 1:colcon.colcon_core.package_identification:_identify(tiago_autonomous_navigation) by extension 'ignore_ament_install'
[2.008s] Level 1:colcon.colcon_core.package_identification:_identify(tiago_autonomous_navigation) by extensions ['colcon_pkg']
[2.008s] Level 1:colcon.colcon_core.package_identification:_identify(tiago_autonomous_navigation) by extension 'colcon_pkg'
[2.008s] Level 1:colcon.colcon_core.package_identification:_identify(tiago_autonomous_navigation) by extensions ['colcon_meta']
[2.009s] Level 1:colcon.colcon_core.package_identification:_identify(tiago_autonomous_navigation) by extension 'colcon_meta'
[2.009s] Level 1:colcon.colcon_core.package_identification:_identify(tiago_autonomous_navigation) by extensions ['ros']
[2.009s] Level 1:colcon.colcon_core.package_identification:_identify(tiago_autonomous_navigation) by extension 'ros'
[2.012s] DEBUG:colcon.colcon_core.package_identification:Package 'tiago_autonomous_navigation' with type 'ros.ament_python' and name 'tiago_autonomous_navigation'
[2.016s] Level 1:colcon.colcon_core.package_identification:_identify(tiago_controller_configuration) by extensions ['ignore', 'ignore_ament_install']
[2.017s] Level 1:colcon.colcon_core.package_identification:_identify(tiago_controller_configuration) by extension 'ignore'
[2.017s] Level 1:colcon.colcon_core.package_identification:_identify(tiago_controller_configuration) by extension 'ignore_ament_install'
[2.017s] Level 1:colcon.colcon_core.package_identification:_identify(tiago_controller_configuration) by extensions ['colcon_pkg']
[2.018s] Level 1:colcon.colcon_core.package_identification:_identify(tiago_controller_configuration) by extension 'colcon_pkg'
[2.018s] Level 1:colcon.colcon_core.package_identification:_identify(tiago_controller_configuration) by extensions ['colcon_meta']
[2.018s] Level 1:colcon.colcon_core.package_identification:_identify(tiago_controller_configuration) by extension 'colcon_meta'
[2.019s] Level 1:colcon.colcon_core.package_identification:_identify(tiago_controller_configuration) by extensions ['ros']
[2.020s] Level 1:colcon.colcon_core.package_identification:_identify(tiago_controller_configuration) by extension 'ros'
[2.029s] DEBUG:colcon.colcon_core.package_identification:Package 'tiago_controller_configuration' with type 'ros.ament_cmake' and name 'tiago_controller_configuration'
[2.030s] Level 1:colcon.colcon_core.package_identification:_identify(tiago_exam) by extensions ['ignore', 'ignore_ament_install']
[2.032s] Level 1:colcon.colcon_core.package_identification:_identify(tiago_exam) by extension 'ignore'
[2.032s] Level 1:colcon.colcon_core.package_identification:_identify(tiago_exam) by extension 'ignore_ament_install'
[2.033s] Level 1:colcon.colcon_core.package_identification:_identify(tiago_exam) by extensions ['colcon_pkg']
[2.033s] Level 1:colcon.colcon_core.package_identification:_identify(tiago_exam) by extension 'colcon_pkg'
[2.033s] Level 1:colcon.colcon_core.package_identification:_identify(tiago_exam) by extensions ['colcon_meta']
[2.035s] Level 1:colcon.colcon_core.package_identification:_identify(tiago_exam) by extension 'colcon_meta'
[2.035s] Level 1:colcon.colcon_core.package_identification:_identify(tiago_exam) by extensions ['ros']
[2.036s] Level 1:colcon.colcon_core.package_identification:_identify(tiago_exam) by extension 'ros'
[2.041s] DEBUG:colcon.colcon_core.package_identification:Package 'tiago_exam' with type 'ros.ament_cmake' and name 'tiago_exam'
[2.042s] Level 1:colcon.colcon_core.package_identification:_identify(tiago_exam_worlds) by extensions ['ignore', 'ignore_ament_install']
[2.043s] Level 1:colcon.colcon_core.package_identification:_identify(tiago_exam_worlds) by extension 'ignore'
[2.043s] Level 1:colcon.colcon_core.package_identification:_identify(tiago_exam_worlds) by extension 'ignore_ament_install'
[2.044s] Level 1:colcon.colcon_core.package_identification:_identify(tiago_exam_worlds) by extensions ['colcon_pkg']
[2.044s] Level 1:colcon.colcon_core.package_identification:_identify(tiago_exam_worlds) by extension 'colcon_pkg'
[2.044s] Level 1:colcon.colcon_core.package_identification:_identify(tiago_exam_worlds) by extensions ['colcon_meta']
[2.044s] Level 1:colcon.colcon_core.package_identification:_identify(tiago_exam_worlds) by extension 'colcon_meta'
[2.045s] Level 1:colcon.colcon_core.package_identification:_identify(tiago_exam_worlds) by extensions ['ros']
[2.045s] Level 1:colcon.colcon_core.package_identification:_identify(tiago_exam_worlds) by extension 'ros'
[2.051s] DEBUG:colcon.colcon_core.package_identification:Package 'tiago_exam_worlds' with type 'ros.ament_cmake' and name 'tiago_exam_worlds'
[2.052s] Level 1:colcon.colcon_core.package_identification:_identify(tiago_navigation) by extensions ['ignore', 'ignore_ament_install']
[2.052s] Level 1:colcon.colcon_core.package_identification:_identify(tiago_navigation) by extension 'ignore'
[2.053s] Level 1:colcon.colcon_core.package_identification:_identify(tiago_navigation) by extension 'ignore_ament_install'
[2.053s] Level 1:colcon.colcon_core.package_identification:_identify(tiago_navigation) by extensions ['colcon_pkg']
[2.053s] Level 1:colcon.colcon_core.package_identification:_identify(tiago_navigation) by extension 'colcon_pkg'
[2.054s] Level 1:colcon.colcon_core.package_identification:_identify(tiago_navigation) by extensions ['colcon_meta']
[2.054s] Level 1:colcon.colcon_core.package_identification:_identify(tiago_navigation) by extension 'colcon_meta'
[2.054s] Level 1:colcon.colcon_core.package_identification:_identify(tiago_navigation) by extensions ['ros']
[2.054s] Level 1:colcon.colcon_core.package_identification:_identify(tiago_navigation) by extension 'ros'
[2.055s] Level 1:colcon.colcon_core.package_identification:_identify(tiago_navigation) by extensions ['cmake', 'python']
[2.055s] Level 1:colcon.colcon_core.package_identification:_identify(tiago_navigation) by extension 'cmake'
[2.055s] Level 1:colcon.colcon_core.package_identification:_identify(tiago_navigation) by extension 'python'
[2.055s] Level 1:colcon.colcon_core.package_identification:_identify(tiago_navigation) by extensions ['python_setup_py']
[2.055s] Level 1:colcon.colcon_core.package_identification:_identify(tiago_navigation) by extension 'python_setup_py'
[2.056s] Level 1:colcon.colcon_core.package_identification:_identify(tiago_navigation/tiago_2dnav) by extensions ['ignore', 'ignore_ament_install']
[2.057s] Level 1:colcon.colcon_core.package_identification:_identify(tiago_navigation/tiago_2dnav) by extension 'ignore'
[2.058s] Level 1:colcon.colcon_core.package_identification:_identify(tiago_navigation/tiago_2dnav) by extension 'ignore_ament_install'
[2.058s] Level 1:colcon.colcon_core.package_identification:_identify(tiago_navigation/tiago_2dnav) by extensions ['colcon_pkg']
[2.058s] Level 1:colcon.colcon_core.package_identification:_identify(tiago_navigation/tiago_2dnav) by extension 'colcon_pkg'
[2.058s] Level 1:colcon.colcon_core.package_identification:_identify(tiago_navigation/tiago_2dnav) by extensions ['colcon_meta']
[2.058s] Level 1:colcon.colcon_core.package_identification:_identify(tiago_navigation/tiago_2dnav) by extension 'colcon_meta'
[2.059s] Level 1:colcon.colcon_core.package_identification:_identify(tiago_navigation/tiago_2dnav) by extensions ['ros']
[2.059s] Level 1:colcon.colcon_core.package_identification:_identify(tiago_navigation/tiago_2dnav) by extension 'ros'
[2.063s] DEBUG:colcon.colcon_core.package_identification:Package 'tiago_navigation/tiago_2dnav' with type 'ros.ament_cmake' and name 'tiago_2dnav'
[2.063s] Level 1:colcon.colcon_core.package_discovery:discover_packages(recursive) using defaults
[2.064s] Level 1:colcon.colcon_core.package_discovery:discover_packages(ignore) discover
[2.064s] Level 1:colcon.colcon_core.package_discovery:discover_packages(ignore) using defaults
[2.064s] Level 1:colcon.colcon_core.package_discovery:discover_packages(path) discover
[2.064s] Level 1:colcon.colcon_core.package_discovery:discover_packages(path) using defaults
