[4.363s] Invoking command in '/home/ines/tiago_ws/build/tiago_autonomous_navigation': PYTHONPATH=/home/ines/tiago_ws/build/tiago_autonomous_navigation/prefix_override:/home/ines/tiago_ws/install/tiago_autonomous_navigation/lib/python3.10/site-packages:${PYTHONPATH} /usr/bin/python3 -W ignore:setup.py install is deprecated setup.py develop --editable --build-directory /home/ines/tiago_ws/build/tiago_autonomous_navigation/build --no-deps symlink_data
[6.183s] running develop
[6.185s] /usr/lib/python3/dist-packages/setuptools/command/easy_install.py:158: EasyInstallDeprecationWarning: easy_install command is deprecated. Use build and pip and other standards-based tools.
[6.186s]   warnings.warn(
[7.334s] running egg_info
[7.334s] writing tiago_autonomous_navigation.egg-info/PKG-INFO
[7.335s] writing dependency_links to tiago_autonomous_navigation.egg-info/dependency_links.txt
[7.336s] writing entry points to tiago_autonomous_navigation.egg-info/entry_points.txt
[7.337s] writing requirements to tiago_autonomous_navigation.egg-info/requires.txt
[7.340s] writing top-level names to tiago_autonomous_navigation.egg-info/top_level.txt
[7.344s] reading manifest file 'tiago_autonomous_navigation.egg-info/SOURCES.txt'
[7.347s] writing manifest file 'tiago_autonomous_navigation.egg-info/SOURCES.txt'
[7.353s] running build_ext
[7.354s] Creating /home/ines/tiago_ws/install/tiago_autonomous_navigation/lib/python3.10/site-packages/tiago-autonomous-navigation.egg-link (link to .)
[7.357s] Installing localization script to /home/ines/tiago_ws/install/tiago_autonomous_navigation/lib/tiago_autonomous_navigation
[7.357s] Installing localization_server script to /home/ines/tiago_ws/install/tiago_autonomous_navigation/lib/tiago_autonomous_navigation
[7.358s] Installing navigation script to /home/ines/tiago_ws/install/tiago_autonomous_navigation/lib/tiago_autonomous_navigation
[7.359s] Installing target_pose_server script to /home/ines/tiago_ws/install/tiago_autonomous_navigation/lib/tiago_autonomous_navigation
[7.359s] Installing task_2_coordinator script to /home/ines/tiago_ws/install/tiago_autonomous_navigation/lib/tiago_autonomous_navigation
[7.360s] 
[7.360s] Installed /home/ines/tiago_ws/build/tiago_autonomous_navigation
[7.360s] running symlink_data
[7.508s] Invoked command in '/home/ines/tiago_ws/build/tiago_autonomous_navigation' returned '0': PYTHONPATH=/home/ines/tiago_ws/build/tiago_autonomous_navigation/prefix_override:/home/ines/tiago_ws/install/tiago_autonomous_navigation/lib/python3.10/site-packages:${PYTHONPATH} /usr/bin/python3 -W ignore:setup.py install is deprecated setup.py develop --editable --build-directory /home/ines/tiago_ws/build/tiago_autonomous_navigation/build --no-deps symlink_data
