[0.029s] Invoking command in '/home/ines/tiago_ws/build/pmb2_bringup': AMENT_PREFIX_PATH=/home/ines/tiago_ws/install/pmb2_description:/home/ines/tiago_ws/install/pmb2_controller_configuration:${AMENT_PREFIX_PATH} CMAKE_PREFIX_PATH=/home/ines/tiago_ws/install/pmb2_description:/home/ines/tiago_ws/install/pmb2_controller_configuration:/home/ines/tiago_ws/install/tiago_navigation:/home/ines/tiago_ws/install/tiago_laser_sensors:/home/ines/tiago_ws/install/tiago_exam_worlds:/home/ines/tiago_ws/install/tiago_exam:/home/ines/tiago_ws/install/tiago_controller_configuration:/home/ines/tiago_ws/install/tiago_2dnav:/home/ines/tiago_ws/install/pmb2_rgbd_sensors:/home/ines/tiago_ws/install/pmb2_navigation:/home/ines/tiago_ws/install/pmb2_2dnav:/home/ines/tiago_ws/install/pmb2_maps:/home/ines/tiago_ws/install/pmb2_laser_sensors:/home/ines/tiago_ws/install/pal_navigation_cfg:/home/ines/tiago_ws/install/pal_navigation_cfg_bringup:/home/ines/tiago_ws/install/pal_navigation_cfg_params:/home/ines/tiago_ws/install/multirobot_map_merge:/home/ines/tiago_ws/install/explore_lite:/home/ines/test_ws/install/my_package:/home/ines/tiago_ws/install/tiago_autonomous_navigation:/home/ines/tiago_ws/install/tiago_autonomous_exploration:/home/ines/ros2_ws/install/scripts:/home/ines/ros2_ws/install/acrobat:/opt/ros/humble PYTHONPATH=/home/ines/tiago_ws/install/pmb2_description/local/lib/python3.10/dist-packages:${PYTHONPATH} /usr/bin/cmake /home/ines/tiago_ws/src/pmb2_robot/pmb2_bringup -DAMENT_CMAKE_SYMLINK_INSTALL=1 -DCMAKE_INSTALL_PREFIX=/home/ines/tiago_ws/install/pmb2_bringup
[0.176s] -- The C compiler identification is GNU 11.4.0
[0.325s] -- The CXX compiler identification is GNU 11.4.0
[0.343s] -- Detecting C compiler ABI info
[0.511s] -- Detecting C compiler ABI info - done
[0.529s] -- Check for working C compiler: /usr/bin/cc - skipped
[0.530s] -- Detecting C compile features
[0.532s] -- Detecting C compile features - done
[0.538s] -- Detecting CXX compiler ABI info
[0.723s] -- Detecting CXX compiler ABI info - done
[0.746s] -- Check for working CXX compiler: /usr/bin/c++ - skipped
[0.746s] -- Detecting CXX compile features
[0.748s] -- Detecting CXX compile features - done
[0.761s] -- Found ament_cmake_auto: 1.3.8 (/opt/ros/humble/share/ament_cmake_auto/cmake)
[1.251s] -- Found Python3: /usr/bin/python3 (found version "3.10.12") found components: Interpreter 
[1.483s] -- Override CMake install command with custom implementation using symlinks instead of copying resources
[1.875s] -- Found ament_lint_auto: 0.12.10 (/opt/ros/humble/share/ament_lint_auto/cmake)
[1.981s] -- Added test 'copyright' to check source files copyright and LICENSE
[1.987s] -- Added test 'flake8' to check Python code syntax and style conventions
[1.989s] -- Added test 'lint_cmake' to check CMake code style
[1.991s] -- Added test 'pep257' to check Python code against some of the docstring style conventions in PEP 257
[1.996s] -- Added test 'xmllint' to check XML markup files
[2.000s] -- Configuring done
[2.008s] -- Generating done
[2.010s] -- Build files have been written to: /home/ines/tiago_ws/build/pmb2_bringup
[2.019s] Invoked command in '/home/ines/tiago_ws/build/pmb2_bringup' returned '0': AMENT_PREFIX_PATH=/home/ines/tiago_ws/install/pmb2_description:/home/ines/tiago_ws/install/pmb2_controller_configuration:${AMENT_PREFIX_PATH} CMAKE_PREFIX_PATH=/home/ines/tiago_ws/install/pmb2_description:/home/ines/tiago_ws/install/pmb2_controller_configuration:/home/ines/tiago_ws/install/tiago_navigation:/home/ines/tiago_ws/install/tiago_laser_sensors:/home/ines/tiago_ws/install/tiago_exam_worlds:/home/ines/tiago_ws/install/tiago_exam:/home/ines/tiago_ws/install/tiago_controller_configuration:/home/ines/tiago_ws/install/tiago_2dnav:/home/ines/tiago_ws/install/pmb2_rgbd_sensors:/home/ines/tiago_ws/install/pmb2_navigation:/home/ines/tiago_ws/install/pmb2_2dnav:/home/ines/tiago_ws/install/pmb2_maps:/home/ines/tiago_ws/install/pmb2_laser_sensors:/home/ines/tiago_ws/install/pal_navigation_cfg:/home/ines/tiago_ws/install/pal_navigation_cfg_bringup:/home/ines/tiago_ws/install/pal_navigation_cfg_params:/home/ines/tiago_ws/install/multirobot_map_merge:/home/ines/tiago_ws/install/explore_lite:/home/ines/test_ws/install/my_package:/home/ines/tiago_ws/install/tiago_autonomous_navigation:/home/ines/tiago_ws/install/tiago_autonomous_exploration:/home/ines/ros2_ws/install/scripts:/home/ines/ros2_ws/install/acrobat:/opt/ros/humble PYTHONPATH=/home/ines/tiago_ws/install/pmb2_description/local/lib/python3.10/dist-packages:${PYTHONPATH} /usr/bin/cmake /home/ines/tiago_ws/src/pmb2_robot/pmb2_bringup -DAMENT_CMAKE_SYMLINK_INSTALL=1 -DCMAKE_INSTALL_PREFIX=/home/ines/tiago_ws/install/pmb2_bringup
[2.022s] Invoking command in '/home/ines/tiago_ws/build/pmb2_bringup': AMENT_PREFIX_PATH=/home/ines/tiago_ws/install/pmb2_description:/home/ines/tiago_ws/install/pmb2_controller_configuration:${AMENT_PREFIX_PATH} CMAKE_PREFIX_PATH=/home/ines/tiago_ws/install/pmb2_description:/home/ines/tiago_ws/install/pmb2_controller_configuration:/home/ines/tiago_ws/install/tiago_navigation:/home/ines/tiago_ws/install/tiago_laser_sensors:/home/ines/tiago_ws/install/tiago_exam_worlds:/home/ines/tiago_ws/install/tiago_exam:/home/ines/tiago_ws/install/tiago_controller_configuration:/home/ines/tiago_ws/install/tiago_2dnav:/home/ines/tiago_ws/install/pmb2_rgbd_sensors:/home/ines/tiago_ws/install/pmb2_navigation:/home/ines/tiago_ws/install/pmb2_2dnav:/home/ines/tiago_ws/install/pmb2_maps:/home/ines/tiago_ws/install/pmb2_laser_sensors:/home/ines/tiago_ws/install/pal_navigation_cfg:/home/ines/tiago_ws/install/pal_navigation_cfg_bringup:/home/ines/tiago_ws/install/pal_navigation_cfg_params:/home/ines/tiago_ws/install/multirobot_map_merge:/home/ines/tiago_ws/install/explore_lite:/home/ines/test_ws/install/my_package:/home/ines/tiago_ws/install/tiago_autonomous_navigation:/home/ines/tiago_ws/install/tiago_autonomous_exploration:/home/ines/ros2_ws/install/scripts:/home/ines/ros2_ws/install/acrobat:/opt/ros/humble PYTHONPATH=/home/ines/tiago_ws/install/pmb2_description/local/lib/python3.10/dist-packages:${PYTHONPATH} /usr/bin/cmake --build /home/ines/tiago_ws/build/pmb2_bringup -- -j8 -l8
[2.105s] Invoked command in '/home/ines/tiago_ws/build/pmb2_bringup' returned '0': AMENT_PREFIX_PATH=/home/ines/tiago_ws/install/pmb2_description:/home/ines/tiago_ws/install/pmb2_controller_configuration:${AMENT_PREFIX_PATH} CMAKE_PREFIX_PATH=/home/ines/tiago_ws/install/pmb2_description:/home/ines/tiago_ws/install/pmb2_controller_configuration:/home/ines/tiago_ws/install/tiago_navigation:/home/ines/tiago_ws/install/tiago_laser_sensors:/home/ines/tiago_ws/install/tiago_exam_worlds:/home/ines/tiago_ws/install/tiago_exam:/home/ines/tiago_ws/install/tiago_controller_configuration:/home/ines/tiago_ws/install/tiago_2dnav:/home/ines/tiago_ws/install/pmb2_rgbd_sensors:/home/ines/tiago_ws/install/pmb2_navigation:/home/ines/tiago_ws/install/pmb2_2dnav:/home/ines/tiago_ws/install/pmb2_maps:/home/ines/tiago_ws/install/pmb2_laser_sensors:/home/ines/tiago_ws/install/pal_navigation_cfg:/home/ines/tiago_ws/install/pal_navigation_cfg_bringup:/home/ines/tiago_ws/install/pal_navigation_cfg_params:/home/ines/tiago_ws/install/multirobot_map_merge:/home/ines/tiago_ws/install/explore_lite:/home/ines/test_ws/install/my_package:/home/ines/tiago_ws/install/tiago_autonomous_navigation:/home/ines/tiago_ws/install/tiago_autonomous_exploration:/home/ines/ros2_ws/install/scripts:/home/ines/ros2_ws/install/acrobat:/opt/ros/humble PYTHONPATH=/home/ines/tiago_ws/install/pmb2_description/local/lib/python3.10/dist-packages:${PYTHONPATH} /usr/bin/cmake --build /home/ines/tiago_ws/build/pmb2_bringup -- -j8 -l8
[2.161s] Invoking command in '/home/ines/tiago_ws/build/pmb2_bringup': AMENT_PREFIX_PATH=/home/ines/tiago_ws/install/pmb2_description:/home/ines/tiago_ws/install/pmb2_controller_configuration:${AMENT_PREFIX_PATH} CMAKE_PREFIX_PATH=/home/ines/tiago_ws/install/pmb2_description:/home/ines/tiago_ws/install/pmb2_controller_configuration:/home/ines/tiago_ws/install/tiago_navigation:/home/ines/tiago_ws/install/tiago_laser_sensors:/home/ines/tiago_ws/install/tiago_exam_worlds:/home/ines/tiago_ws/install/tiago_exam:/home/ines/tiago_ws/install/tiago_controller_configuration:/home/ines/tiago_ws/install/tiago_2dnav:/home/ines/tiago_ws/install/pmb2_rgbd_sensors:/home/ines/tiago_ws/install/pmb2_navigation:/home/ines/tiago_ws/install/pmb2_2dnav:/home/ines/tiago_ws/install/pmb2_maps:/home/ines/tiago_ws/install/pmb2_laser_sensors:/home/ines/tiago_ws/install/pal_navigation_cfg:/home/ines/tiago_ws/install/pal_navigation_cfg_bringup:/home/ines/tiago_ws/install/pal_navigation_cfg_params:/home/ines/tiago_ws/install/multirobot_map_merge:/home/ines/tiago_ws/install/explore_lite:/home/ines/test_ws/install/my_package:/home/ines/tiago_ws/install/tiago_autonomous_navigation:/home/ines/tiago_ws/install/tiago_autonomous_exploration:/home/ines/ros2_ws/install/scripts:/home/ines/ros2_ws/install/acrobat:/opt/ros/humble PYTHONPATH=/home/ines/tiago_ws/install/pmb2_description/local/lib/python3.10/dist-packages:${PYTHONPATH} /usr/bin/cmake --install /home/ines/tiago_ws/build/pmb2_bringup
[2.177s] -- Install configuration: ""
[2.178s] -- Execute custom install script
[2.179s] -- Symlinking: /home/ines/tiago_ws/install/pmb2_bringup/share/pmb2_bringup/config/joy_config.yaml
[2.201s] -- Symlinking: /home/ines/tiago_ws/install/pmb2_bringup/share/pmb2_bringup/config/joy_teleop.yaml
[2.223s] -- Symlinking: /home/ines/tiago_ws/install/pmb2_bringup/share/pmb2_bringup/config/twist_mux/joystick.yaml
[2.242s] -- Symlinking: /home/ines/tiago_ws/install/pmb2_bringup/share/pmb2_bringup/config/twist_mux/twist_mux_locks.yaml
[2.263s] -- Symlinking: /home/ines/tiago_ws/install/pmb2_bringup/share/pmb2_bringup/config/twist_mux/twist_mux_topics.yaml
[2.287s] -- Symlinking: /home/ines/tiago_ws/install/pmb2_bringup/share/pmb2_bringup/launch/joystick_teleop.launch.py
[2.306s] -- Symlinking: /home/ines/tiago_ws/install/pmb2_bringup/share/pmb2_bringup/launch/pmb2_bringup.launch.py
[2.325s] -- Symlinking: /home/ines/tiago_ws/install/pmb2_bringup/share/pmb2_bringup/launch/twist_mux.launch.py
[2.345s] -- Symlinking: /home/ines/tiago_ws/install/pmb2_bringup/share/ament_index/resource_index/package_run_dependencies/pmb2_bringup
[2.364s] -- Symlinking: /home/ines/tiago_ws/install/pmb2_bringup/share/ament_index/resource_index/parent_prefix_path/pmb2_bringup
[2.383s] -- Symlinking: /home/ines/tiago_ws/install/pmb2_bringup/share/pmb2_bringup/environment/ament_prefix_path.sh
[2.402s] -- Symlinking: /home/ines/tiago_ws/install/pmb2_bringup/share/pmb2_bringup/environment/ament_prefix_path.dsv
[2.420s] -- Symlinking: /home/ines/tiago_ws/install/pmb2_bringup/share/pmb2_bringup/environment/path.sh
[2.439s] -- Symlinking: /home/ines/tiago_ws/install/pmb2_bringup/share/pmb2_bringup/environment/path.dsv
[2.468s] -- Symlinking: /home/ines/tiago_ws/install/pmb2_bringup/share/pmb2_bringup/local_setup.bash
[2.490s] -- Symlinking: /home/ines/tiago_ws/install/pmb2_bringup/share/pmb2_bringup/local_setup.sh
[2.509s] -- Symlinking: /home/ines/tiago_ws/install/pmb2_bringup/share/pmb2_bringup/local_setup.zsh
[2.531s] -- Symlinking: /home/ines/tiago_ws/install/pmb2_bringup/share/pmb2_bringup/local_setup.dsv
[2.553s] -- Symlinking: /home/ines/tiago_ws/install/pmb2_bringup/share/pmb2_bringup/package.dsv
[2.576s] -- Symlinking: /home/ines/tiago_ws/install/pmb2_bringup/share/ament_index/resource_index/packages/pmb2_bringup
[2.598s] -- Symlinking: /home/ines/tiago_ws/install/pmb2_bringup/share/pmb2_bringup/cmake/pmb2_bringupConfig.cmake
[2.623s] -- Symlinking: /home/ines/tiago_ws/install/pmb2_bringup/share/pmb2_bringup/cmake/pmb2_bringupConfig-version.cmake
[2.648s] -- Symlinking: /home/ines/tiago_ws/install/pmb2_bringup/share/pmb2_bringup/package.xml
[2.677s] Invoked command in '/home/ines/tiago_ws/build/pmb2_bringup' returned '0': AMENT_PREFIX_PATH=/home/ines/tiago_ws/install/pmb2_description:/home/ines/tiago_ws/install/pmb2_controller_configuration:${AMENT_PREFIX_PATH} CMAKE_PREFIX_PATH=/home/ines/tiago_ws/install/pmb2_description:/home/ines/tiago_ws/install/pmb2_controller_configuration:/home/ines/tiago_ws/install/tiago_navigation:/home/ines/tiago_ws/install/tiago_laser_sensors:/home/ines/tiago_ws/install/tiago_exam_worlds:/home/ines/tiago_ws/install/tiago_exam:/home/ines/tiago_ws/install/tiago_controller_configuration:/home/ines/tiago_ws/install/tiago_2dnav:/home/ines/tiago_ws/install/pmb2_rgbd_sensors:/home/ines/tiago_ws/install/pmb2_navigation:/home/ines/tiago_ws/install/pmb2_2dnav:/home/ines/tiago_ws/install/pmb2_maps:/home/ines/tiago_ws/install/pmb2_laser_sensors:/home/ines/tiago_ws/install/pal_navigation_cfg:/home/ines/tiago_ws/install/pal_navigation_cfg_bringup:/home/ines/tiago_ws/install/pal_navigation_cfg_params:/home/ines/tiago_ws/install/multirobot_map_merge:/home/ines/tiago_ws/install/explore_lite:/home/ines/test_ws/install/my_package:/home/ines/tiago_ws/install/tiago_autonomous_navigation:/home/ines/tiago_ws/install/tiago_autonomous_exploration:/home/ines/ros2_ws/install/scripts:/home/ines/ros2_ws/install/acrobat:/opt/ros/humble PYTHONPATH=/home/ines/tiago_ws/install/pmb2_description/local/lib/python3.10/dist-packages:${PYTHONPATH} /usr/bin/cmake --install /home/ines/tiago_ws/build/pmb2_bringup
