[0.053s] Invoking command in '/home/ines/tiago_ws/build/pmb2_rgbd_sensors': CMAKE_PREFIX_PATH=${CMAKE_PREFIX_PATH}:/home/ines/tiago_ws/install/tiago_autonomous_navigation:/home/ines/tiago_ws/install/tiago_autonomous_exploration:/home/ines/ros2_ws/install/scripts:/home/ines/ros2_ws/install/acrobat:/opt/ros/humble /usr/bin/cmake /home/ines/tiago_ws/src/pmb2_navigation/pmb2_rgbd_sensors -DAMENT_CMAKE_SYMLINK_INSTALL=1 -DCMAKE_INSTALL_PREFIX=/home/ines/tiago_ws/install/pmb2_rgbd_sensors
[4.157s] -- The C compiler identification is GNU 11.4.0
[4.157s] -- The CXX compiler identification is GNU 11.4.0
[4.157s] -- Detecting C compiler ABI info
[4.157s] -- Detecting C compiler ABI info - done
[4.157s] -- Check for working C compiler: /usr/bin/cc - skipped
[4.158s] -- Detecting C compile features
[4.158s] -- Detecting C compile features - done
[4.158s] -- Detecting CXX compiler ABI info
[4.158s] -- Detecting CXX compiler ABI info - done
[4.158s] -- Check for working CXX compiler: /usr/bin/c++ - skipped
[4.158s] -- Detecting CXX compile features
[4.159s] -- Detecting CXX compile features - done
[4.159s] -- Found ament_cmake_auto: 1.3.8 (/opt/ros/humble/share/ament_cmake_auto/cmake)
[4.159s] -- Found Python3: /usr/bin/python3 (found version "3.10.12") found components: Interpreter 
[4.159s] -- Override CMake install command with custom implementation using symlinks instead of copying resources
[4.159s] -- Added test 'copyright' to check source files copyright and LICENSE
[4.159s] -- Added test 'flake8' to check Python code syntax and style conventions
[4.160s] -- Added test 'lint_cmake' to check CMake code style
[4.160s] -- Added test 'pep257' to check Python code against some of the docstring style conventions in PEP 257
[4.160s] -- Added test 'xmllint' to check XML markup files
[4.160s] -- Configuring done
[4.163s] -- Generating done
[4.164s] -- Build files have been written to: /home/ines/tiago_ws/build/pmb2_rgbd_sensors
[4.179s] Invoked command in '/home/ines/tiago_ws/build/pmb2_rgbd_sensors' returned '0': CMAKE_PREFIX_PATH=${CMAKE_PREFIX_PATH}:/home/ines/tiago_ws/install/tiago_autonomous_navigation:/home/ines/tiago_ws/install/tiago_autonomous_exploration:/home/ines/ros2_ws/install/scripts:/home/ines/ros2_ws/install/acrobat:/opt/ros/humble /usr/bin/cmake /home/ines/tiago_ws/src/pmb2_navigation/pmb2_rgbd_sensors -DAMENT_CMAKE_SYMLINK_INSTALL=1 -DCMAKE_INSTALL_PREFIX=/home/ines/tiago_ws/install/pmb2_rgbd_sensors
[4.181s] Invoking command in '/home/ines/tiago_ws/build/pmb2_rgbd_sensors': CMAKE_PREFIX_PATH=${CMAKE_PREFIX_PATH}:/home/ines/tiago_ws/install/tiago_autonomous_navigation:/home/ines/tiago_ws/install/tiago_autonomous_exploration:/home/ines/ros2_ws/install/scripts:/home/ines/ros2_ws/install/acrobat:/opt/ros/humble /usr/bin/cmake --build /home/ines/tiago_ws/build/pmb2_rgbd_sensors -- -j8 -l8
[4.259s] Invoked command in '/home/ines/tiago_ws/build/pmb2_rgbd_sensors' returned '0': CMAKE_PREFIX_PATH=${CMAKE_PREFIX_PATH}:/home/ines/tiago_ws/install/tiago_autonomous_navigation:/home/ines/tiago_ws/install/tiago_autonomous_exploration:/home/ines/ros2_ws/install/scripts:/home/ines/ros2_ws/install/acrobat:/opt/ros/humble /usr/bin/cmake --build /home/ines/tiago_ws/build/pmb2_rgbd_sensors -- -j8 -l8
[4.349s] Invoking command in '/home/ines/tiago_ws/build/pmb2_rgbd_sensors': CMAKE_PREFIX_PATH=${CMAKE_PREFIX_PATH}:/home/ines/tiago_ws/install/tiago_autonomous_navigation:/home/ines/tiago_ws/install/tiago_autonomous_exploration:/home/ines/ros2_ws/install/scripts:/home/ines/ros2_ws/install/acrobat:/opt/ros/humble /usr/bin/cmake --install /home/ines/tiago_ws/build/pmb2_rgbd_sensors
[4.385s] -- Install configuration: ""
[4.385s] -- Execute custom install script
[4.386s] -- Symlinking: /home/ines/tiago_ws/install/pmb2_rgbd_sensors/share/pmb2_rgbd_sensors/config/rgbd_analyzers.yaml
[4.386s] -- Symlinking: /home/ines/tiago_ws/install/pmb2_rgbd_sensors/share/pmb2_rgbd_sensors/launch/rgbd.launch.py
[4.400s] -- Symlinking: /home/ines/tiago_ws/install/pmb2_rgbd_sensors/share/pmb2_rgbd_sensors/launch/rgbd_sim.launch.py
[4.418s] -- Symlinking: /home/ines/tiago_ws/install/pmb2_rgbd_sensors/share/ament_index/resource_index/package_run_dependencies/pmb2_rgbd_sensors
[4.437s] -- Symlinking: /home/ines/tiago_ws/install/pmb2_rgbd_sensors/share/ament_index/resource_index/parent_prefix_path/pmb2_rgbd_sensors
[4.456s] -- Symlinking: /home/ines/tiago_ws/install/pmb2_rgbd_sensors/share/pmb2_rgbd_sensors/environment/ament_prefix_path.sh
[4.475s] -- Symlinking: /home/ines/tiago_ws/install/pmb2_rgbd_sensors/share/pmb2_rgbd_sensors/environment/ament_prefix_path.dsv
[4.494s] -- Symlinking: /home/ines/tiago_ws/install/pmb2_rgbd_sensors/share/pmb2_rgbd_sensors/environment/path.sh
[4.512s] -- Symlinking: /home/ines/tiago_ws/install/pmb2_rgbd_sensors/share/pmb2_rgbd_sensors/environment/path.dsv
[4.528s] -- Symlinking: /home/ines/tiago_ws/install/pmb2_rgbd_sensors/share/pmb2_rgbd_sensors/local_setup.bash
[4.545s] -- Symlinking: /home/ines/tiago_ws/install/pmb2_rgbd_sensors/share/pmb2_rgbd_sensors/local_setup.sh
[4.564s] -- Symlinking: /home/ines/tiago_ws/install/pmb2_rgbd_sensors/share/pmb2_rgbd_sensors/local_setup.zsh
[4.583s] -- Symlinking: /home/ines/tiago_ws/install/pmb2_rgbd_sensors/share/pmb2_rgbd_sensors/local_setup.dsv
[4.603s] -- Symlinking: /home/ines/tiago_ws/install/pmb2_rgbd_sensors/share/pmb2_rgbd_sensors/package.dsv
[4.620s] -- Symlinking: /home/ines/tiago_ws/install/pmb2_rgbd_sensors/share/ament_index/resource_index/packages/pmb2_rgbd_sensors
[4.674s] -- Symlinking: /home/ines/tiago_ws/install/pmb2_rgbd_sensors/share/pmb2_rgbd_sensors/cmake/pmb2_rgbd_sensorsConfig.cmake
[4.685s] -- Symlinking: /home/ines/tiago_ws/install/pmb2_rgbd_sensors/share/pmb2_rgbd_sensors/cmake/pmb2_rgbd_sensorsConfig-version.cmake
[4.705s] -- Symlinking: /home/ines/tiago_ws/install/pmb2_rgbd_sensors/share/pmb2_rgbd_sensors/package.xml
[5.241s] Invoked command in '/home/ines/tiago_ws/build/pmb2_rgbd_sensors' returned '0': CMAKE_PREFIX_PATH=${CMAKE_PREFIX_PATH}:/home/ines/tiago_ws/install/tiago_autonomous_navigation:/home/ines/tiago_ws/install/tiago_autonomous_exploration:/home/ines/ros2_ws/install/scripts:/home/ines/ros2_ws/install/acrobat:/opt/ros/humble /usr/bin/cmake --install /home/ines/tiago_ws/build/pmb2_rgbd_sensors
