[1.078s] Invoking command in '/home/ines/tiago_ws/build/tiago_autonomous_navigation': AMENT_PREFIX_PATH=/home/ines/tiago_ws/install/tiago_task2_interfaces:${AMENT_PREFIX_PATH} CMAKE_PREFIX_PATH=/home/ines/tiago_ws/install/tiago_task2_interfaces:${CMAKE_PREFIX_PATH} LD_LIBRARY_PATH=/home/ines/tiago_ws/install/tiago_task2_interfaces/lib:${LD_LIBRARY_PATH} PYTHONPATH=/home/ines/tiago_ws/build/tiago_autonomous_navigation/prefix_override:/home/ines/tiago_ws/install/tiago_autonomous_navigation/lib/python3.10/site-packages:/home/ines/tiago_ws/install/tiago_task2_interfaces/local/lib/python3.10/dist-packages:${PYTHONPATH} /usr/bin/python3 -W ignore:setup.py install is deprecated setup.py develop --editable --build-directory /home/ines/tiago_ws/build/tiago_autonomous_navigation/build --no-deps symlink_data
[1.418s] running develop
[1.418s] /usr/lib/python3/dist-packages/setuptools/command/easy_install.py:158: EasyInstallDeprecationWarning: easy_install command is deprecated. Use build and pip and other standards-based tools.
[1.418s]   warnings.warn(
[1.678s] running egg_info
[1.678s] writing tiago_autonomous_navigation.egg-info/PKG-INFO
[1.679s] writing dependency_links to tiago_autonomous_navigation.egg-info/dependency_links.txt
[1.679s] writing entry points to tiago_autonomous_navigation.egg-info/entry_points.txt
[1.679s] writing requirements to tiago_autonomous_navigation.egg-info/requires.txt
[1.679s] writing top-level names to tiago_autonomous_navigation.egg-info/top_level.txt
[1.682s] reading manifest file 'tiago_autonomous_navigation.egg-info/SOURCES.txt'
[1.683s] writing manifest file 'tiago_autonomous_navigation.egg-info/SOURCES.txt'
[1.684s] running build_ext
[1.685s] Creating /home/ines/tiago_ws/install/tiago_autonomous_navigation/lib/python3.10/site-packages/tiago-autonomous-navigation.egg-link (link to .)
[1.686s] Installing localization script to /home/ines/tiago_ws/install/tiago_autonomous_navigation/lib/tiago_autonomous_navigation
[1.686s] Installing localization_server script to /home/ines/tiago_ws/install/tiago_autonomous_navigation/lib/tiago_autonomous_navigation
[1.686s] Installing navigation script to /home/ines/tiago_ws/install/tiago_autonomous_navigation/lib/tiago_autonomous_navigation
[1.686s] Installing target_pose_server script to /home/ines/tiago_ws/install/tiago_autonomous_navigation/lib/tiago_autonomous_navigation
[1.687s] Installing task_2_coordinator script to /home/ines/tiago_ws/install/tiago_autonomous_navigation/lib/tiago_autonomous_navigation
[1.687s] 
[1.687s] Installed /home/ines/tiago_ws/build/tiago_autonomous_navigation
[1.687s] running symlink_data
[1.738s] Invoked command in '/home/ines/tiago_ws/build/tiago_autonomous_navigation' returned '0': AMENT_PREFIX_PATH=/home/ines/tiago_ws/install/tiago_task2_interfaces:${AMENT_PREFIX_PATH} CMAKE_PREFIX_PATH=/home/ines/tiago_ws/install/tiago_task2_interfaces:${CMAKE_PREFIX_PATH} LD_LIBRARY_PATH=/home/ines/tiago_ws/install/tiago_task2_interfaces/lib:${LD_LIBRARY_PATH} PYTHONPATH=/home/ines/tiago_ws/build/tiago_autonomous_navigation/prefix_override:/home/ines/tiago_ws/install/tiago_autonomous_navigation/lib/python3.10/site-packages:/home/ines/tiago_ws/install/tiago_task2_interfaces/local/lib/python3.10/dist-packages:${PYTHONPATH} /usr/bin/python3 -W ignore:setup.py install is deprecated setup.py develop --editable --build-directory /home/ines/tiago_ws/build/tiago_autonomous_navigation/build --no-deps symlink_data
