[0.053s] Invoking command in '/home/ines/tiago_ws/build/multirobot_map_merge': CMAKE_PREFIX_PATH=${CMAKE_PREFIX_PATH}:/home/ines/tiago_ws/install/tiago_autonomous_navigation:/home/ines/tiago_ws/install/tiago_autonomous_exploration:/home/ines/ros2_ws/install/scripts:/home/ines/ros2_ws/install/acrobat:/opt/ros/humble /usr/bin/cmake /home/ines/tiago_ws/src/m-explore-ros2/m-explore-ros2-main/map_merge -DAMENT_CMAKE_SYMLINK_INSTALL=1 -DCMAKE_INSTALL_PREFIX=/home/ines/tiago_ws/install/multirobot_map_merge
[0.216s] -- The C compiler identification is GNU 11.4.0
[1.244s] -- The CXX compiler identification is GNU 11.4.0
[1.396s] -- Detecting C compiler ABI info
[1.949s] -- Detecting C compiler ABI info - done
[1.963s] -- Check for working C compiler: /usr/bin/cc - skipped
[1.964s] -- Detecting C compile features
[2.040s] -- Detecting C compile features - done
[2.062s] -- Detecting CXX compiler ABI info
[2.317s] -- Detecting CXX compiler ABI info - done
[2.336s] -- Check for working CXX compiler: /usr/bin/c++ - skipped
[2.337s] -- Detecting CXX compile features
[2.337s] -- Detecting CXX compile features - done
[2.622s] -- Found ament_cmake: 1.3.8 (/opt/ros/humble/share/ament_cmake/cmake)
[3.241s] -- Found Python3: /usr/bin/python3 (found version "3.10.12") found components: Interpreter 
[3.532s] -- Override CMake install command with custom implementation using symlinks instead of copying resources
[3.764s] -- Found rclcpp: 16.0.8 (/opt/ros/humble/share/rclcpp/cmake)
[4.238s] -- Found rosidl_generator_c: 3.1.5 (/opt/ros/humble/share/rosidl_generator_c/cmake)
[4.257s] -- Found rosidl_adapter: 3.1.5 (/opt/ros/humble/share/rosidl_adapter/cmake)
[4.297s] -- Found rosidl_generator_cpp: 3.1.5 (/opt/ros/humble/share/rosidl_generator_cpp/cmake)
[4.443s] -- Using all available rosidl_typesupport_c: rosidl_typesupport_fastrtps_c;rosidl_typesupport_introspection_c
[4.682s] -- Using all available rosidl_typesupport_cpp: rosidl_typesupport_fastrtps_cpp;rosidl_typesupport_introspection_cpp
[5.019s] -- Found rmw_implementation_cmake: 6.1.1 (/opt/ros/humble/share/rmw_implementation_cmake/cmake)
[5.041s] -- Found rmw_fastrtps_cpp: 6.2.6 (/opt/ros/humble/share/rmw_fastrtps_cpp/cmake)
[5.837s] -- Found OpenSSL: /usr/lib/x86_64-linux-gnu/libcrypto.so (found version "3.0.2")  
[5.926s] -- Found FastRTPS: /opt/ros/humble/include  
[6.050s] -- Using RMW implementation 'rmw_fastrtps_cpp' as default
[6.186s] -- Looking for pthread.h
[6.650s] -- Looking for pthread.h - found
[6.652s] -- Performing Test CMAKE_HAVE_LIBC_PTHREAD
[6.874s] -- Performing Test CMAKE_HAVE_LIBC_PTHREAD - Success
[6.878s] -- Found Threads: TRUE  
[7.569s] -- Found geometry_msgs: 4.9.0 (/opt/ros/humble/share/geometry_msgs/cmake)
[7.726s] -- Found image_geometry: 3.2.1 (/opt/ros/humble/share/image_geometry/cmake)
[8.117s] -- Found map_msgs: 2.1.0 (/opt/ros/humble/share/map_msgs/cmake)
[8.674s] -- Found tf2_geometry_msgs: 0.25.18 (/opt/ros/humble/share/tf2_geometry_msgs/cmake)
[8.824s] -- Found eigen3_cmake_module: 0.1.1 (/opt/ros/humble/share/eigen3_cmake_module/cmake)
[8.830s] -- Found Eigen3: TRUE (found version "3.4.0") 
[8.830s] -- Ensuring Eigen3 include directory is part of orocos-kdl CMake target
[9.895s] -- Found Boost: /usr/lib/x86_64-linux-gnu/cmake/Boost-1.74.0/BoostConfig.cmake (found version "1.74.0") found components: thread 
[9.938s] -- Found OpenCV: /usr (found version "4.5.4") 
[9.986s] -- Found ament_lint_auto: 0.12.10 (/opt/ros/humble/share/ament_lint_auto/cmake)
[10.163s] -- Found ament_cmake_gtest: 1.3.8 (/opt/ros/humble/share/ament_cmake_gtest/cmake)
[10.213s] --2026-08-23 20:18:58--  https://raw.githubusercontent.com/hrnr/m-explore-extra/master/map_merge/hector_maps/map00.pgm
[10.239s] Resolving raw.githubusercontent.com (raw.githubusercontent.com)... 2606:50c0:8000::154, 2606:50c0:8002::154, 2606:50c0:8001::154, ...
[10.246s] Connecting to raw.githubusercontent.com (raw.githubusercontent.com)|2606:50c0:8000::154|:443... connected.
[11.172s] HTTP request sent, awaiting response... 200 OK
[11.173s] Length: 4194362 (4.0M) [application/octet-stream]
[11.173s] Saving to: ‘/home/ines/tiago_ws/build/multirobot_map_merge/map00.pgm’
[11.173s] 
[11.185s]      0K .......... .......... .......... .......... ..........  1% 3.71M 1s
[11.193s]     50K .......... .......... .......... .......... ..........  2% 5.91M 1s
[11.199s]    100K .......... .......... .......... .......... ..........  3% 8.12M 1s
[11.204s]    150K .......... .......... .......... .......... ..........  4% 9.75M 1s
[11.208s]    200K .......... .......... .......... .......... ..........  6% 13.9M 1s
[11.211s]    250K .......... .......... .......... .......... ..........  7% 17.5M 0s
[11.216s]    300K .......... .......... .......... .......... ..........  8% 9.16M 0s
[11.224s]    350K .......... .......... .......... .......... ..........  9% 6.43M 0s
[11.227s]    400K .......... .......... .......... .......... .......... 10% 15.6M 0s
[11.230s]    450K .......... .......... .......... .......... .......... 12% 13.7M 0s
[11.234s]    500K .......... .......... .......... .......... .......... 13% 12.7M 0s
[11.236s]    550K .......... .......... .......... .......... .......... 14% 21.6M 0s
[11.244s]    600K .......... .......... .......... .......... .......... 15% 6.81M 0s
[11.245s]    650K .......... .......... .......... .......... .......... 17% 28.5M 0s
[11.251s]    700K .......... .......... .......... .......... .......... 18% 8.91M 0s
[11.255s]    750K .......... .......... .......... .......... .......... 19% 25.6M 0s
[11.260s]    800K .......... .......... .......... .......... .......... 20% 6.73M 0s
[11.264s]    850K .......... .......... .......... .......... .......... 21% 12.0M 0s
[11.268s]    900K .......... .......... .......... .......... .......... 23% 11.8M 0s
[11.269s]    950K .......... .......... .......... .......... .......... 24% 68.1M 0s
[11.272s]   1000K .......... .......... .......... .......... .......... 25% 16.0M 0s
[11.284s]   1050K .......... .......... .......... .......... .......... 26% 4.03M 0s
[11.288s]   1100K .......... .......... .......... .......... .......... 28% 13.1M 0s
[11.292s]   1150K .......... .......... .......... .......... .......... 29% 16.9M 0s
[11.296s]   1200K .......... .......... .......... .......... .......... 30% 8.26M 0s
[11.299s]   1250K .......... .......... .......... .......... .......... 31% 17.9M 0s
[11.301s]   1300K .......... .......... .......... .......... .......... 32% 27.2M 0s
[11.307s]   1350K .......... .......... .......... .......... .......... 34% 8.30M 0s
[11.315s]   1400K .......... .......... .......... .......... .......... 35% 6.26M 0s
[11.320s]   1450K .......... .......... .......... .......... .......... 36% 8.49M 0s
[11.321s]   1500K .......... .......... .......... .......... .......... 37%  116M 0s
[11.327s]   1550K .......... .......... .......... .......... .......... 39% 10.0M 0s
[11.331s]   1600K .......... .......... .......... .......... .......... 40% 9.92M 0s
[11.333s]   1650K .......... .......... .......... .......... .......... 41% 18.9M 0s
[11.336s]   1700K .......... .......... .......... .......... .......... 42% 18.5M 0s
[11.338s]   1750K .......... .......... .......... .......... .......... 43% 21.8M 0s
[11.341s]   1800K .......... .......... .......... .......... .......... 45% 14.7M 0s
[11.343s]   1850K .......... .......... .......... .......... .......... 46% 28.0M 0s
[11.349s]   1900K .......... .......... .......... .......... .......... 47% 7.94M 0s
[11.352s]   1950K .......... .......... .......... .......... .......... 48% 18.2M 0s
[11.355s]   2000K .......... .......... .......... .......... .......... 50% 19.3M 0s
[11.357s]   2050K .......... .......... .......... .......... .......... 51% 18.8M 0s
[11.360s]   2100K .......... .......... .......... .......... .......... 52% 18.2M 0s
[11.366s]   2150K .......... .......... .......... .......... .......... 53% 7.80M 0s
[11.370s]   2200K .......... .......... .......... .......... .......... 54% 12.5M 0s
[11.372s]   2250K .......... .......... .......... .......... .......... 56% 31.2M 0s
[11.373s]   2300K .......... .......... .......... .......... .......... 57% 30.0M 0s
[11.383s]   2350K .......... .......... .......... .......... .......... 58% 7.34M 0s
[11.384s]   2400K .......... .......... .......... .......... .......... 59% 11.3M 0s
[11.386s]   2450K .......... .......... .......... .......... .......... 61% 26.7M 0s
[11.387s]   2500K .......... .......... .......... .......... .......... 62% 32.5M 0s
[11.390s]   2550K .......... .......... .......... .......... .......... 63% 22.2M 0s
[11.393s]   2600K .......... .......... .......... .......... .......... 64% 14.7M 0s
[11.400s]   2650K .......... .......... .......... .......... .......... 65% 7.70M 0s
[11.403s]   2700K .......... .......... .......... .......... .......... 67% 28.6M 0s
[11.404s]   2750K .......... .......... .......... .......... .......... 68% 23.6M 0s
[11.407s]   2800K .......... .......... .......... .......... .......... 69% 15.1M 0s
[11.409s]   2850K .......... .......... .......... .......... .......... 70% 22.5M 0s
[11.412s]   2900K .......... .......... .......... .......... .......... 72% 29.0M 0s
[11.413s]   2950K .......... .......... .......... .......... .......... 73% 19.9M 0s
[11.415s]   3000K .......... .......... .......... .......... .......... 74% 21.0M 0s
[11.417s]   3050K .......... .......... .......... .......... .......... 75% 22.2M 0s
[11.419s]   3100K .......... .......... .......... .......... .......... 76% 23.3M 0s
[11.425s]   3150K .......... .......... .......... .......... .......... 78% 35.8M 0s
[11.427s]   3200K .......... .......... .......... .......... .......... 79% 7.23M 0s
[11.429s]   3250K .......... .......... .......... .......... .......... 80% 23.6M 0s
[11.431s]   3300K .......... .......... .......... .......... .......... 81% 32.1M 0s
[11.433s]   3350K .......... .......... .......... .......... .......... 83% 29.7M 0s
[11.440s]   3400K .......... .......... .......... .......... .......... 84% 6.92M 0s
[11.441s]   3450K .......... .......... .......... .......... .......... 85% 48.1M 0s
[11.443s]   3500K .......... .......... .......... .......... .......... 86% 23.7M 0s
[11.449s]   3550K .......... .......... .......... .......... .......... 87% 8.52M 0s
[11.449s]   3600K .......... .......... .......... .......... .......... 89%  134M 0s
[11.457s]   3650K .......... .......... .......... .......... .......... 90% 6.54M 0s
[11.458s]   3700K .......... .......... .......... .......... .......... 91%  123M 0s
[11.461s]   3750K .......... .......... .......... .......... .......... 92% 28.6M 0s
[11.461s]   3800K .......... .......... .......... .......... .......... 93% 34.8M 0s
[11.461s]   3850K .......... .......... .......... .......... .......... 95% 31.9M 0s
[11.465s]   3900K .......... .......... .......... .......... .......... 96% 16.6M 0s
[11.468s]   3950K .......... .......... .......... .......... .......... 97% 24.1M 0s
[11.469s]   4000K .......... .......... .......... .......... .......... 98% 47.5M 0s
[11.469s]   4050K .......... .......... .......... .......... ......    100% 41.7M=0.3s
[11.469s] 
[11.469s] 2026-08-23 20:19:00 (13.5 MB/s) - ‘/home/ines/tiago_ws/build/multirobot_map_merge/map00.pgm’ saved [4194362/4194362]
[11.469s] 
[11.471s] Checking MD5 sum of /home/ines/tiago_ws/build/multirobot_map_merge/map00.pgm
[11.519s] /home/ines/tiago_ws/build/multirobot_map_merge/map00.pgm: OK
[11.530s] --2026-08-23 20:19:00--  https://raw.githubusercontent.com/hrnr/m-explore-extra/master/map_merge/hector_maps/map05.pgm
[11.534s] Resolving raw.githubusercontent.com (raw.githubusercontent.com)... 2606:50c0:8000::154, 2606:50c0:8001::154, 2606:50c0:8003::154, ...
[11.540s] Connecting to raw.githubusercontent.com (raw.githubusercontent.com)|2606:50c0:8000::154|:443... connected.
[11.890s] HTTP request sent, awaiting response... 200 OK
[11.890s] Length: 4194362 (4.0M) [application/octet-stream]
[11.890s] Saving to: ‘/home/ines/tiago_ws/build/multirobot_map_merge/map05.pgm’
[11.890s] 
[11.898s]      0K .......... .......... .......... .......... ..........  1% 6.17M 1s
[11.906s]     50K .......... .......... .......... .......... ..........  2% 5.86M 1s
[11.908s]    100K .......... .......... .......... .......... ..........  3% 20.5M 0s
[11.911s]    150K .......... .......... .......... .......... ..........  4% 21.3M 0s
[11.915s]    200K .......... .......... .......... .......... ..........  6% 10.5M 0s
[11.917s]    250K .......... .......... .......... .......... ..........  7% 40.3M 0s
[11.918s]    300K .......... .......... .......... .......... ..........  8% 36.6M 0s
[11.919s]    350K .......... .......... .......... .......... ..........  9% 55.8M 0s
[11.921s]    400K .......... .......... .......... .......... .......... 10% 23.0M 0s
[11.921s]    450K .......... .......... .......... .......... .......... 12%  115M 0s
[11.927s]    500K .......... .......... .......... .......... .......... 13% 9.03M 0s
[11.929s]    550K .......... .......... .......... .......... .......... 14% 19.4M 0s
[11.931s]    600K .......... .......... .......... .......... .......... 15% 27.8M 0s
[11.934s]    650K .......... .......... .......... .......... .......... 17% 17.0M 0s
[11.935s]    700K .......... .......... .......... .......... .......... 18% 49.8M 0s
[11.938s]    750K .......... .......... .......... .......... .......... 19% 16.2M 0s
[11.939s]    800K .......... .......... .......... .......... .......... 20% 73.5M 0s
[11.941s]    850K .......... .......... .......... .......... .......... 21% 20.7M 0s
[11.942s]    900K .......... .......... .......... .......... .......... 23% 77.3M 0s
[11.945s]    950K .......... .......... .......... .......... .......... 24% 15.4M 0s
[11.945s]   1000K .......... .......... .......... .......... .......... 25% 83.4M 0s
[11.948s]   1050K .......... .......... .......... .......... .......... 26% 18.8M 0s
[11.949s]   1100K .......... .......... .......... .......... .......... 28% 85.6M 0s
[11.953s]   1150K .......... .......... .......... .......... .......... 29% 10.2M 0s
[11.954s]   1200K .......... .......... .......... .......... .......... 30% 76.2M 0s
[11.954s]   1250K .......... .......... .......... .......... .......... 31% 84.8M 0s
[11.956s]   1300K .......... .......... .......... .......... .......... 32% 27.4M 0s
[11.959s]   1350K .......... .......... .......... .......... .......... 34% 17.4M 0s
[11.960s]   1400K .......... .......... .......... .......... .......... 35% 77.9M 0s
[11.963s]   1450K .......... .......... .......... .......... .......... 36% 13.2M 0s
[11.964s]   1500K .......... .......... .......... .......... .......... 37% 85.0M 0s
[11.967s]   1550K .......... .......... .......... .......... .......... 39% 16.2M 0s
[11.969s]   1600K .......... .......... .......... .......... .......... 40% 23.5M 0s
[11.970s]   1650K .......... .......... .......... .......... .......... 41% 83.5M 0s
[11.973s]   1700K .......... .......... .......... .......... .......... 42% 19.2M 0s
[11.973s]   1750K .......... .......... .......... .......... .......... 43% 58.1M 0s
[11.976s]   1800K .......... .......... .......... .......... .......... 45% 17.0M 0s
[11.977s]   1850K .......... .......... .......... .......... .......... 46% 70.9M 0s
[11.980s]   1900K .......... .......... .......... .......... .......... 47% 16.0M 0s
[11.982s]   1950K .......... .......... .......... .......... .......... 48% 20.2M 0s
[11.983s]   2000K .......... .......... .......... .......... .......... 50% 73.6M 0s
[11.983s]   2050K .......... .......... .......... .......... .......... 51% 74.4M 0s
[11.985s]   2100K .......... .......... .......... .......... .......... 52% 32.1M 0s
[11.991s]   2150K .......... .......... .......... .......... .......... 53% 7.56M 0s
[11.992s]   2200K .......... .......... .......... .......... .......... 54% 79.2M 0s
[11.998s]   2250K .......... .......... .......... .......... .......... 56% 8.49M 0s
[11.998s]   2300K .......... .......... .......... .......... .......... 57% 81.8M 0s
[11.999s]   2350K .......... .......... .......... .......... .......... 58% 70.6M 0s
[12.000s]   2400K .......... .......... .......... .......... .......... 59% 49.1M 0s
[12.003s]   2450K .......... .......... .......... .......... .......... 61% 17.0M 0s
[12.004s]   2500K .......... .......... .......... .......... .......... 62% 69.7M 0s
[12.007s]   2550K .......... .......... .......... .......... .......... 63% 13.4M 0s
[12.008s]   2600K .......... .......... .......... .......... .......... 64% 72.2M 0s
[12.012s]   2650K .......... .......... .......... .......... .......... 65% 11.6M 0s
[12.015s]   2700K .......... .......... .......... .......... .......... 67% 19.9M 0s
[12.018s]   2750K .......... .......... .......... .......... .......... 68% 14.7M 0s
[12.018s]   2800K .......... .......... .......... .......... .......... 69% 77.5M 0s
[12.021s]   2850K .......... .......... .......... .......... .......... 70% 23.8M 0s
[12.022s]   2900K .......... .......... .......... .......... .......... 72% 37.6M 0s
[12.023s]   2950K .......... .......... .......... .......... .......... 73% 66.5M 0s
[12.023s]   3000K .......... .......... .......... .......... .......... 74% 75.3M 0s
[12.027s]   3050K .......... .......... .......... .......... .......... 75% 11.8M 0s
[12.028s]   3100K .......... .......... .......... .......... .......... 76% 84.8M 0s
[12.036s]   3150K .......... .......... .......... .......... .......... 78% 6.53M 0s
[12.039s]   3200K .......... .......... .......... .......... .......... 79% 12.9M 0s
[12.044s]   3250K .......... .......... .......... .......... .......... 80% 10.8M 0s
[12.045s]   3300K .......... .......... .......... .......... .......... 81% 66.8M 0s
[12.045s]   3350K .......... .......... .......... .......... .......... 83% 71.0M 0s
[12.047s]   3400K .......... .......... .......... .......... .......... 84% 23.3M 0s
[12.049s]   3450K .......... .......... .......... .......... .......... 85% 24.2M 0s
[12.050s]   3500K .......... .......... .......... .......... .......... 86% 76.1M 0s
[12.051s]   3550K .......... .......... .......... .......... .......... 87% 66.6M 0s
[12.051s]   3600K .......... .......... .......... .......... .......... 89% 75.7M 0s
[12.054s]   3650K .......... .......... .......... .......... .......... 90% 20.4M 0s
[12.060s]   3700K .......... .......... .......... .......... .......... 91% 8.04M 0s
[12.061s]   3750K .......... .......... .......... .......... .......... 92% 57.6M 0s
[12.062s]   3800K .......... .......... .......... .......... .......... 93% 33.2M 0s
[12.062s]   3850K .......... .......... .......... .......... .......... 95%  118M 0s
[12.065s]   3900K .......... .......... .......... .......... .......... 96% 20.4M 0s
[12.065s]   3950K .......... .......... .......... .......... .......... 97% 82.2M 0s
[12.070s]   4000K .......... .......... .......... .......... .......... 98% 12.7M 0s
[12.070s]   4050K .......... .......... .......... .......... ......    100%  132M=0.2s
[12.070s] 
[12.070s] 2026-08-23 20:19:00 (22.2 MB/s) - ‘/home/ines/tiago_ws/build/multirobot_map_merge/map05.pgm’ saved [4194362/4194362]
[12.070s] 
[12.073s] Checking MD5 sum of /home/ines/tiago_ws/build/multirobot_map_merge/map05.pgm
[12.082s] /home/ines/tiago_ws/build/multirobot_map_merge/map05.pgm: OK
[12.095s] --2026-08-23 20:19:00--  https://raw.githubusercontent.com/hrnr/m-explore-extra/master/map_merge/gmapping_maps/2011-08-09-12-22-52.pgm
[12.103s] Resolving raw.githubusercontent.com (raw.githubusercontent.com)... 2606:50c0:8001::154, 2606:50c0:8002::154, 2606:50c0:8003::154, ...
[12.109s] Connecting to raw.githubusercontent.com (raw.githubusercontent.com)|2606:50c0:8001::154|:443... connected.
[12.912s] HTTP request sent, awaiting response... 200 OK
[12.913s] Length: 16000058 (15M) [application/octet-stream]
[12.913s] Saving to: ‘/home/ines/tiago_ws/build/multirobot_map_merge/2011-08-09-12-22-52.pgm’
[12.913s] 
[12.920s]      0K .......... .......... .......... .......... ..........  0% 6.07M 3s
[12.930s]     50K .......... .......... .......... .......... ..........  0% 5.19M 3s
[12.933s]    100K .......... .......... .......... .......... ..........  0% 14.1M 2s
[12.935s]    150K .......... .......... .......... .......... ..........  1% 24.4M 2s
[12.937s]    200K .......... .......... .......... .......... ..........  1% 21.8M 2s
[12.939s]    250K .......... .......... .......... .......... ..........  1% 33.5M 1s
[12.940s]    300K .......... .......... .......... .......... ..........  2% 33.2M 1s
[12.943s]    350K .......... .......... .......... .......... ..........  2% 24.2M 1s
[12.945s]    400K .......... .......... .......... .......... ..........  2% 18.4M 1s
[12.946s]    450K .......... .......... .......... .......... ..........  3% 42.2M 1s
[12.947s]    500K .......... .......... .......... .......... ..........  3% 33.3M 1s
[12.948s]    550K .......... .......... .......... .......... ..........  3% 47.7M 1s
[12.952s]    600K .......... .......... .......... .......... ..........  4% 13.0M 1s
[12.953s]    650K .......... .......... .......... .......... ..........  4% 50.7M 1s
[12.954s]    700K .......... .......... .......... .......... ..........  4% 43.5M 1s
[12.956s]    750K .......... .......... .......... .......... ..........  5% 68.2M 1s
[12.957s]    800K .......... .......... .......... .......... ..........  5% 31.3M 1s
[12.958s]    850K .......... .......... .......... .......... ..........  5% 45.5M 1s
[12.959s]    900K .......... .......... .......... .......... ..........  6% 30.8M 1s
[12.960s]    950K .......... .......... .......... .......... ..........  6% 76.2M 1s
[12.967s]   1000K .......... .......... .......... .......... ..........  6% 7.39M 1s
[12.967s]   1050K .......... .......... .......... .......... ..........  7% 49.1M 1s
[12.970s]   1100K .......... .......... .......... .......... ..........  7% 18.3M 1s
[12.973s]   1150K .......... .......... .......... .......... ..........  7% 28.9M 1s
[12.974s]   1200K .......... .......... .......... .......... ..........  7% 28.1M 1s
[12.975s]   1250K .......... .......... .......... .......... ..........  8% 33.8M 1s
[12.976s]   1300K .......... .......... .......... .......... ..........  8% 35.8M 1s
[12.978s]   1350K .......... .......... .......... .......... ..........  8% 38.3M 1s
[12.978s]   1400K .......... .......... .......... .......... ..........  9% 56.6M 1s
[12.980s]   1450K .......... .......... .......... .......... ..........  9% 35.4M 1s
[12.981s]   1500K .......... .......... .......... .......... ..........  9% 46.8M 1s
[12.982s]   1550K .......... .......... .......... .......... .......... 10% 33.3M 1s
[12.984s]   1600K .......... .......... .......... .......... .......... 10% 36.3M 1s
[12.985s]   1650K .......... .......... .......... .......... .......... 10% 54.1M 1s
[12.986s]   1700K .......... .......... .......... .......... .......... 11% 44.3M 1s
[12.987s]   1750K .......... .......... .......... .......... .......... 11% 49.3M 1s
[12.988s]   1800K .......... .......... .......... .......... .......... 11% 29.7M 1s
[12.990s]   1850K .......... .......... .......... .......... .......... 12% 42.8M 1s
[12.990s]   1900K .......... .......... .......... .......... .......... 12% 54.6M 1s
[12.992s]   1950K .......... .......... .......... .......... .......... 12% 42.2M 1s
[12.993s]   2000K .......... .......... .......... .......... .......... 13% 38.5M 1s
[12.994s]   2050K .......... .......... .......... .......... .......... 13% 29.6M 1s
[12.996s]   2100K .......... .......... .......... .......... .......... 13% 43.5M 1s
[12.996s]   2150K .......... .......... .......... .......... .......... 14% 56.7M 1s
[12.998s]   2200K .......... .......... .......... .......... .......... 14% 32.3M 1s
[12.999s]   2250K .......... .......... .......... .......... .......... 14% 54.3M 1s
[13.000s]   2300K .......... .......... .......... .......... .......... 15% 42.3M 0s
[13.002s]   2350K .......... .......... .......... .......... .......... 15% 44.2M 0s
[13.003s]   2400K .......... .......... .......... .......... .......... 15% 27.3M 0s
[13.004s]   2450K .......... .......... .......... .......... .......... 15% 38.3M 0s
[13.005s]   2500K .......... .......... .......... .......... .......... 16% 51.6M 0s
[13.007s]   2550K .......... .......... .......... .......... .......... 16% 27.5M 0s
[13.008s]   2600K .......... .......... .......... .......... .......... 16% 50.3M 0s
[13.009s]   2650K .......... .......... .......... .......... .......... 17% 45.6M 0s
[13.010s]   2700K .......... .......... .......... .......... .......... 17% 57.5M 0s
[13.012s]   2750K .......... .......... .......... .......... .......... 17% 28.1M 0s
[13.014s]   2800K .......... .......... .......... .......... .......... 18% 19.3M 0s
[13.015s]   2850K .......... .......... .......... .......... .......... 18% 60.7M 0s
[13.016s]   2900K .......... .......... .......... .......... .......... 18% 42.4M 0s
[13.017s]   2950K .......... .......... .......... .......... .......... 19% 60.6M 0s
[13.018s]   3000K .......... .......... .......... .......... .......... 19% 42.3M 0s
[13.020s]   3050K .......... .......... .......... .......... .......... 19% 29.7M 0s
[13.021s]   3100K .......... .......... .......... .......... .......... 20% 48.6M 0s
[13.022s]   3150K .......... .......... .......... .......... .......... 20% 45.3M 0s
[13.023s]   3200K .......... .......... .......... .......... .......... 20% 38.1M 0s
[13.024s]   3250K .......... .......... .......... .......... .......... 21% 33.3M 0s
[13.025s]   3300K .......... .......... .......... .......... .......... 21% 51.6M 0s
[13.027s]   3350K .......... .......... .......... .......... .......... 21% 34.7M 0s
[13.028s]   3400K .......... .......... .......... .......... .......... 22% 49.4M 0s
[13.029s]   3450K .......... .......... .......... .......... .......... 22% 54.8M 0s
[13.030s]   3500K .......... .......... .......... .......... .......... 22% 33.8M 0s
[13.031s]   3550K .......... .......... .......... .......... .......... 23% 37.6M 0s
[13.032s]   3600K .......... .......... .......... .......... .......... 23% 45.9M 0s
[13.034s]   3650K .......... .......... .......... .......... .......... 23% 35.8M 0s
[13.035s]   3700K .......... .......... .......... .......... .......... 23% 55.1M 0s
[13.037s]   3750K .......... .......... .......... .......... .......... 24% 23.6M 0s
[13.038s]   3800K .......... .......... .......... .......... .......... 24% 45.4M 0s
[13.039s]   3850K .......... .......... .......... .......... .......... 24% 43.4M 0s
[13.040s]   3900K .......... .......... .......... .......... .......... 25% 47.1M 0s
[13.041s]   3950K .......... .......... .......... .......... .......... 25% 51.2M 0s
[13.043s]   4000K .......... .......... .......... .......... .......... 25% 27.5M 0s
[13.044s]   4050K .......... .......... .......... .......... .......... 26% 48.2M 0s
[13.046s]   4100K .......... .......... .......... .......... .......... 26% 29.1M 0s
[13.047s]   4150K .......... .......... .......... .......... .......... 26% 38.3M 0s
[13.049s]   4200K .......... .......... .......... .......... .......... 27% 30.4M 0s
[13.050s]   4250K .......... .......... .......... .......... .......... 27% 44.0M 0s
[13.051s]   4300K .......... .......... .......... .......... .......... 27% 41.2M 0s
[13.052s]   4350K .......... .......... .......... .......... .......... 28% 41.9M 0s
[13.053s]   4400K .......... .......... .......... .......... .......... 28% 36.8M 0s
[13.055s]   4450K .......... .......... .......... .......... .......... 28% 32.6M 0s
[13.057s]   4500K .......... .......... .......... .......... .......... 29% 30.4M 0s
[13.058s]   4550K .......... .......... .......... .......... .......... 29% 41.1M 0s
[13.060s]   4600K .......... .......... .......... .......... .......... 29% 23.2M 0s
[13.061s]   4650K .......... .......... .......... .......... .......... 30% 33.7M 0s
[13.063s]   4700K .......... .......... .......... .......... .......... 30% 26.1M 0s
[13.064s]   4750K .......... .......... .......... .......... .......... 30% 46.1M 0s
[13.065s]   4800K .......... .......... .......... .......... .......... 31% 33.1M 0s
[13.066s]   4850K .......... .......... .......... .......... .......... 31% 44.6M 0s
[13.068s]   4900K .......... .......... .......... .......... .......... 31% 40.7M 0s
[13.069s]   4950K .......... .......... .......... .......... .......... 31% 37.4M 0s
[13.071s]   5000K .......... .......... .......... .......... .......... 32% 37.9M 0s
[13.073s]   5050K .......... .......... .......... .......... .......... 32% 24.9M 0s
[13.074s]   5100K .......... .......... .......... .......... .......... 32% 34.1M 0s
[13.076s]   5150K .......... .......... .......... .......... .......... 33% 35.9M 0s
[13.077s]   5200K .......... .......... .......... .......... .......... 33% 30.1M 0s
[13.078s]   5250K .......... .......... .......... .......... .......... 33% 42.4M 0s
[13.078s]   5300K .......... .......... .......... .......... .......... 34% 81.8M 0s
[13.079s]   5350K .......... .......... .......... .......... .......... 34%  116M 0s
[13.079s]   5400K .......... .......... .......... .......... .......... 34%  177M 0s
[13.079s]   5450K .......... .......... .......... .......... .......... 35%  183M 0s
[13.081s]   5500K .......... .......... .......... .......... .......... 35% 32.8M 0s
[13.082s]   5550K .......... .......... .......... .......... .......... 35% 42.5M 0s
[13.090s]   5600K .......... .......... .......... .......... .......... 36% 6.02M 0s
[13.091s]   5650K .......... .......... .......... .......... .......... 36% 46.2M 0s
[13.092s]   5700K .......... .......... .......... .......... .......... 36% 43.4M 0s
[13.093s]   5750K .......... .......... .......... .......... .......... 37% 53.4M 0s
[13.094s]   5800K .......... .......... .......... .......... .......... 37% 40.2M 0s
[13.096s]   5850K .......... .......... .......... .......... .......... 37% 36.2M 0s
[13.097s]   5900K .......... .......... .......... .......... .......... 38% 55.5M 0s
[13.098s]   5950K .......... .......... .......... .......... .......... 38% 36.6M 0s
[13.099s]   6000K .......... .......... .......... .......... .......... 38% 39.9M 0s
[13.101s]   6050K .......... .......... .......... .......... .......... 39% 36.3M 0s
[13.102s]   6100K .......... .......... .......... .......... .......... 39% 48.6M 0s
[13.103s]   6150K .......... .......... .......... .......... .......... 39% 31.3M 0s
[13.104s]   6200K .......... .......... .......... .......... .......... 39% 41.0M 0s
[13.106s]   6250K .......... .......... .......... .......... .......... 40% 36.2M 0s
[13.107s]   6300K .......... .......... .......... .......... .......... 40% 32.8M 0s
[13.108s]   6350K .......... .......... .......... .......... .......... 40% 65.0M 0s
[13.109s]   6400K .......... .......... .......... .......... .......... 41% 42.5M 0s
[13.111s]   6450K .......... .......... .......... .......... .......... 41% 28.6M 0s
[13.112s]   6500K .......... .......... .......... .......... .......... 41% 57.1M 0s
[13.113s]   6550K .......... .......... .......... .......... .......... 42% 34.2M 0s
[13.114s]   6600K .......... .......... .......... .......... .......... 42% 37.5M 0s
[13.116s]   6650K .......... .......... .......... .......... .......... 42% 23.9M 0s
[13.117s]   6700K .......... .......... .......... .......... .......... 43% 52.1M 0s
[13.119s]   6750K .......... .......... .......... .......... .......... 43% 40.1M 0s
[13.121s]   6800K .......... .......... .......... .......... .......... 43% 24.4M 0s
[13.121s]   6850K .......... .......... .......... .......... .......... 44% 57.5M 0s
[13.123s]   6900K .......... .......... .......... .......... .......... 44% 34.7M 0s
[13.124s]   6950K .......... .......... .......... .......... .......... 44% 58.5M 0s
[13.127s]   7000K .......... .......... .......... .......... .......... 45% 14.2M 0s
[13.128s]   7050K .......... .......... .......... .......... .......... 45% 46.8M 0s
[13.129s]   7100K .......... .......... .......... .......... .......... 45% 40.6M 0s
[13.131s]   7150K .......... .......... .......... .......... .......... 46% 37.7M 0s
[13.132s]   7200K .......... .......... .......... .......... .......... 46% 40.4M 0s
[13.133s]   7250K .......... .......... .......... .......... .......... 46% 39.9M 0s
[13.134s]   7300K .......... .......... .......... .......... .......... 47% 46.1M 0s
[13.136s]   7350K .......... .......... .......... .......... .......... 47% 41.1M 0s
[13.137s]   7400K .......... .......... .......... .......... .......... 47% 35.4M 0s
[13.138s]   7450K .......... .......... .......... .......... .......... 47% 54.4M 0s
[13.139s]   7500K .......... .......... .......... .......... .......... 48% 42.4M 0s
[13.140s]   7550K .......... .......... .......... .......... .......... 48% 59.0M 0s
[13.141s]   7600K .......... .......... .......... .......... .......... 48% 32.9M 0s
[13.142s]   7650K .......... .......... .......... .......... .......... 49% 34.6M 0s
[13.152s]   7700K .......... .......... .......... .......... .......... 49% 5.22M 0s
[13.153s]   7750K .......... .......... .......... .......... .......... 49% 36.9M 0s
[13.156s]   7800K .......... .......... .......... .......... .......... 50% 15.6M 0s
[13.157s]   7850K .......... .......... .......... .......... .......... 50% 53.2M 0s
[13.159s]   7900K .......... .......... .......... .......... .......... 50% 28.6M 0s
[13.161s]   7950K .......... .......... .......... .......... .......... 51% 53.1M 0s
[13.161s]   8000K .......... .......... .......... .......... .......... 51% 29.7M 0s
[13.163s]   8050K .......... .......... .......... .......... .......... 51% 36.3M 0s
[13.164s]   8100K .......... .......... .......... .......... .......... 52% 39.0M 0s
[13.166s]   8150K .......... .......... .......... .......... .......... 52% 33.0M 0s
[13.167s]   8200K .......... .......... .......... .......... .......... 52% 33.5M 0s
[13.168s]   8250K .......... .......... .......... .......... .......... 53% 42.4M 0s
[13.170s]   8300K .......... .......... .......... .......... .......... 53% 31.8M 0s
[13.172s]   8350K .......... .......... .......... .......... .......... 53% 31.4M 0s
[13.173s]   8400K .......... .......... .......... .......... .......... 54% 29.4M 0s
[13.174s]   8450K .......... .......... .......... .......... .......... 54% 45.7M 0s
[13.175s]   8500K .......... .......... .......... .......... .......... 54% 82.8M 0s
[13.177s]   8550K .......... .......... .......... .......... .......... 55% 18.5M 0s
[13.179s]   8600K .......... .......... .......... .......... .......... 55% 33.3M 0s
[13.180s]   8650K .......... .......... .......... .......... .......... 55% 34.9M 0s
[13.181s]   8700K .......... .......... .......... .......... .......... 55% 45.5M 0s
[13.183s]   8750K .......... .......... .......... .......... .......... 56% 31.4M 0s
[13.184s]   8800K .......... .......... .......... .......... .......... 56% 35.3M 0s
[13.184s]   8850K .......... .......... .......... .......... .......... 56%  198M 0s
[13.185s]   8900K .......... .......... .......... .......... .......... 57% 73.2M 0s
[13.186s]   8950K .......... .......... .......... .......... .......... 57% 55.0M 0s
[13.187s]   9000K .......... .......... .......... .......... .......... 57% 40.3M 0s
[13.188s]   9050K .......... .......... .......... .......... .......... 58% 49.0M 0s
[13.190s]   9100K .......... .......... .......... .......... .......... 58% 30.3M 0s
[13.191s]   9150K .......... .......... .......... .......... .......... 58% 70.2M 0s
[13.192s]   9200K .......... .......... .......... .......... .......... 59% 35.0M 0s
[13.194s]   9250K .......... .......... .......... .......... .......... 59% 28.8M 0s
[13.194s]   9300K .......... .......... .......... .......... .......... 59% 50.5M 0s
[13.196s]   9350K .......... .......... .......... .......... .......... 60% 46.2M 0s
[13.197s]   9400K .......... .......... .......... .......... .......... 60% 28.2M 0s
[13.198s]   9450K .......... .......... .......... .......... .......... 60% 55.8M 0s
[13.199s]   9500K .......... .......... .......... .......... .......... 61% 41.4M 0s
[13.200s]   9550K .......... .......... .......... .......... .......... 61% 55.9M 0s
[13.202s]   9600K .......... .......... .......... .......... .......... 61% 26.1M 0s
[13.203s]   9650K .......... .......... .......... .......... .......... 62% 46.8M 0s
[13.205s]   9700K .......... .......... .......... .......... .......... 62% 31.6M 0s
[13.206s]   9750K .......... .......... .......... .......... .......... 62% 47.4M 0s
[13.206s]   9800K .......... .......... .......... .......... .......... 63% 53.4M 0s
[13.208s]   9850K .......... .......... .......... .......... .......... 63% 35.0M 0s
[13.209s]   9900K .......... .......... .......... .......... .......... 63% 37.0M 0s
[13.211s]   9950K .......... .......... .......... .......... .......... 63% 45.3M 0s
[13.212s]  10000K .......... .......... .......... .......... .......... 64% 28.0M 0s
[13.213s]  10050K .......... .......... .......... .......... .......... 64% 54.2M 0s
[13.214s]  10100K .......... .......... .......... .......... .......... 64% 40.1M 0s
[13.216s]  10150K .......... .......... .......... .......... .......... 65% 38.9M 0s
[13.219s]  10200K .......... .......... .......... .......... .......... 65% 15.8M 0s
[13.219s]  10250K .......... .......... .......... .......... .......... 65% 55.3M 0s
[13.221s]  10300K .......... .......... .......... .......... .......... 66% 40.6M 0s
[13.222s]  10350K .......... .......... .......... .......... .......... 66% 50.1M 0s
[13.223s]  10400K .......... .......... .......... .......... .......... 66% 33.7M 0s
[13.224s]  10450K .......... .......... .......... .......... .......... 67% 36.0M 0s
[13.225s]  10500K .......... .......... .......... .......... .......... 67% 50.9M 0s
[13.226s]  10550K .......... .......... .......... .......... .......... 67% 46.1M 0s
[13.227s]  10600K .......... .......... .......... .......... .......... 68% 47.4M 0s
[13.231s]  10650K .......... .......... .......... .......... .......... 68% 15.8M 0s
[13.232s]  10700K .......... .......... .......... .......... .......... 68% 28.5M 0s
[13.234s]  10750K .......... .......... .......... .......... .......... 69% 57.5M 0s
[13.235s]  10800K .......... .......... .......... .......... .......... 69% 31.5M 0s
[13.235s]  10850K .......... .......... .......... .......... .......... 69% 61.0M 0s
[13.237s]  10900K .......... .......... .......... .......... .......... 70% 29.6M 0s
[13.241s]  10950K .......... .......... .......... .......... .......... 70% 13.9M 0s
[13.242s]  11000K .......... .......... .......... .......... .......... 70% 42.2M 0s
[13.243s]  11050K .......... .......... .......... .......... .......... 71% 41.0M 0s
[13.245s]  11100K .......... .......... .......... .......... .......... 71% 33.6M 0s
[13.246s]  11150K .......... .......... .......... .......... .......... 71% 38.3M 0s
[13.247s]  11200K .......... .......... .......... .......... .......... 71% 33.8M 0s
[13.248s]  11250K .......... .......... .......... .......... .......... 72% 42.3M 0s
[13.250s]  11300K .......... .......... .......... .......... .......... 72% 40.3M 0s
[13.251s]  11350K .......... .......... .......... .......... .......... 72% 42.5M 0s
[13.252s]  11400K .......... .......... .......... .......... .......... 73% 46.3M 0s
[13.254s]  11450K .......... .......... .......... .......... .......... 73% 29.8M 0s
[13.255s]  11500K .......... .......... .......... .......... .......... 73% 38.5M 0s
[13.256s]  11550K .......... .......... .......... .......... .......... 74% 55.8M 0s
[13.257s]  11600K .......... .......... .......... .......... .......... 74% 31.9M 0s
[13.258s]  11650K .......... .......... .......... .......... .......... 74% 49.0M 0s
[13.260s]  11700K .......... .......... .......... .......... .......... 75% 46.0M 0s
[13.261s]  11750K .......... .......... .......... .......... .......... 75% 35.3M 0s
[13.261s]  11800K .......... .......... .......... .......... .......... 75% 53.1M 0s
[13.263s]  11850K .......... .......... .......... .......... .......... 76% 38.3M 0s
[13.264s]  11900K .......... .......... .......... .......... .......... 76% 51.3M 0s
[13.265s]  11950K .......... .......... .......... .......... .......... 76% 33.8M 0s
[13.267s]  12000K .......... .......... .......... .......... .......... 77% 32.2M 0s
[13.267s]  12050K .......... .......... .......... .......... .......... 77% 54.2M 0s
[13.268s]  12100K .......... .......... .......... .......... .......... 77% 50.5M 0s
[13.269s]  12150K .......... .......... .......... .......... .......... 78% 49.3M 0s
[13.271s]  12200K .......... .......... .......... .......... .......... 78% 31.6M 0s
[13.272s]  12250K .......... .......... .......... .......... .......... 78% 50.4M 0s
[13.273s]  12300K .......... .......... .......... .......... .......... 79% 43.2M 0s
[13.275s]  12350K .......... .......... .......... .......... .......... 79% 51.8M 0s
[13.276s]  12400K .......... .......... .......... .......... .......... 79% 26.3M 0s
[13.277s]  12450K .......... .......... .......... .......... .......... 79% 43.1M 0s
[13.279s]  12500K .......... .......... .......... .......... .......... 80% 21.0M 0s
[13.281s]  12550K .......... .......... .......... .......... .......... 80% 40.3M 0s
[13.282s]  12600K .......... .......... .......... .......... .......... 80% 38.5M 0s
[13.282s]  12650K .......... .......... .......... .......... .......... 81% 69.0M 0s
[13.284s]  12700K .......... .......... .......... .......... .......... 81% 38.3M 0s
[13.285s]  12750K .......... .......... .......... .......... .......... 81% 47.7M 0s
[13.286s]  12800K .......... .......... .......... .......... .......... 82% 29.6M 0s
[13.290s]  12850K .......... .......... .......... .......... .......... 82% 13.7M 0s
[13.291s]  12900K .......... .......... .......... .......... .......... 82% 56.8M 0s
[13.292s]  12950K .......... .......... .......... .......... .......... 83% 42.8M 0s
[13.293s]  13000K .......... .......... .......... .......... .......... 83% 44.5M 0s
[13.294s]  13050K .......... .......... .......... .......... .......... 83% 44.2M 0s
[13.296s]  13100K .......... .......... .......... .......... .......... 84% 34.6M 0s
[13.297s]  13150K .......... .......... .......... .......... .......... 84% 59.0M 0s
[13.298s]  13200K .......... .......... .......... .......... .......... 84% 32.3M 0s
[13.299s]  13250K .......... .......... .......... .......... .......... 85% 47.1M 0s
[13.301s]  13300K .......... .......... .......... .......... .......... 85% 28.2M 0s
[13.302s]  13350K .......... .......... .......... .......... .......... 85% 41.8M 0s
[13.303s]  13400K .......... .......... .......... .......... .......... 86% 52.2M 0s
[13.305s]  13450K .......... .......... .......... .......... .......... 86% 32.5M 0s
[13.305s]  13500K .......... .......... .......... .......... .......... 86% 51.9M 0s
[13.307s]  13550K .......... .......... .......... .......... .......... 87% 30.7M 0s
[13.311s]  13600K .......... .......... .......... .......... .......... 87% 13.7M 0s
[13.311s]  13650K .......... .......... .......... .......... .......... 87% 59.3M 0s
[13.312s]  13700K .......... .......... .......... .......... .......... 87% 41.5M 0s
[13.314s]  13750K .......... .......... .......... .......... .......... 88% 47.6M 0s
[13.315s]  13800K .......... .......... .......... .......... .......... 88% 32.7M 0s
[13.316s]  13850K .......... .......... .......... .......... .......... 88% 54.0M 0s
[13.317s]  13900K .......... .......... .......... .......... .......... 89% 44.9M 0s
[13.319s]  13950K .......... .......... .......... .......... .......... 89% 48.2M 0s
[13.320s]  14000K .......... .......... .......... .......... .......... 89% 27.9M 0s
[13.322s]  14050K .......... .......... .......... .......... .......... 90% 24.9M 0s
[13.323s]  14100K .......... .......... .......... .......... .......... 90% 43.5M 0s
[13.324s]  14150K .......... .......... .......... .......... .......... 90% 37.3M 0s
[13.325s]  14200K .......... .......... .......... .......... .......... 91% 52.3M 0s
[13.326s]  14250K .......... .......... .......... .......... .......... 91% 39.5M 0s
[13.328s]  14300K .......... .......... .......... .......... .......... 91% 34.0M 0s
[13.329s]  14350K .......... .......... .......... .......... .......... 92% 56.2M 0s
[13.330s]  14400K .......... .......... .......... .......... .......... 92% 30.1M 0s
[13.331s]  14450K .......... .......... .......... .......... .......... 92% 53.8M 0s
[13.332s]  14500K .......... .......... .......... .......... .......... 93% 38.7M 0s
[13.334s]  14550K .......... .......... .......... .......... .......... 93% 31.9M 0s
[13.335s]  14600K .......... .......... .......... .......... .......... 93% 56.7M 0s
[13.337s]  14650K .......... .......... .......... .......... .......... 94% 29.1M 0s
[13.337s]  14700K .......... .......... .......... .......... .......... 94% 56.2M 0s
[13.341s]  14750K .......... .......... .......... .......... .......... 94% 14.5M 0s
[13.342s]  14800K .......... .......... .......... .......... .......... 95% 43.3M 0s
[13.343s]  14850K .......... .......... .......... .......... .......... 95% 38.0M 0s
[13.345s]  14900K .......... .......... .......... .......... .......... 95% 35.3M 0s
[13.345s]  14950K .......... .......... .......... .......... .......... 95% 57.1M 0s
[13.347s]  15000K .......... .......... .......... .......... .......... 96% 31.8M 0s
[13.348s]  15050K .......... .......... .......... .......... .......... 96% 39.4M 0s
[13.349s]  15100K .......... .......... .......... .......... .......... 96% 37.1M 0s
[13.351s]  15150K .......... .......... .......... .......... .......... 97% 54.1M 0s
[13.352s]  15200K .......... .......... .......... .......... .......... 97% 28.8M 0s
[13.353s]  15250K .......... .......... .......... .......... .......... 97% 43.0M 0s
[13.354s]  15300K .......... .......... .......... .......... .......... 98% 48.0M 0s
[13.356s]  15350K .......... .......... .......... .......... .......... 98% 33.5M 0s
[13.357s]  15400K .......... .......... .......... .......... .......... 98% 54.5M 0s
[13.358s]  15450K .......... .......... .......... .......... .......... 99% 33.4M 0s
[13.359s]  15500K .......... .......... .......... .......... .......... 99% 52.4M 0s
[13.363s]  15550K .......... .......... .......... .......... .......... 99% 14.5M 0s
[13.363s]  15600K .......... .......... .....                           100% 85.0M=0.5s
[13.363s] 
[13.363s] 2026-08-23 20:19:01 (33.9 MB/s) - ‘/home/ines/tiago_ws/build/multirobot_map_merge/2011-08-09-12-22-52.pgm’ saved [16000058/16000058]
[13.363s] 
[13.365s] Checking MD5 sum of /home/ines/tiago_ws/build/multirobot_map_merge/2011-08-09-12-22-52.pgm
[13.399s] /home/ines/tiago_ws/build/multirobot_map_merge/2011-08-09-12-22-52.pgm: OK
[13.409s] --2026-08-23 20:19:01--  https://raw.githubusercontent.com/hrnr/m-explore-extra/master/map_merge/gmapping_maps/2012-01-28-11-12-01.pgm
[13.414s] Resolving raw.githubusercontent.com (raw.githubusercontent.com)... 2606:50c0:8001::154, 2606:50c0:8002::154, 2606:50c0:8003::154, ...
[13.420s] Connecting to raw.githubusercontent.com (raw.githubusercontent.com)|2606:50c0:8001::154|:443... connected.
[14.243s] HTTP request sent, awaiting response... 200 OK
[14.243s] Length: 16000058 (15M) [application/octet-stream]
[14.244s] Saving to: ‘/home/ines/tiago_ws/build/multirobot_map_merge/2012-01-28-11-12-01.pgm’
[14.244s] 
[14.252s]      0K .......... .......... .......... .......... ..........  0% 5.84M 3s
[14.260s]     50K .......... .......... .......... .......... ..........  0% 5.69M 3s
[14.265s]    100K .......... .......... .......... .......... ..........  0% 11.5M 2s
[14.267s]    150K .......... .......... .......... .......... ..........  1% 17.3M 2s
[14.270s]    200K .......... .......... .......... .......... ..........  1% 16.6M 2s
[14.271s]    250K .......... .......... .......... .......... ..........  1% 60.4M 1s
[14.274s]    300K .......... .......... .......... .......... ..........  2% 19.7M 1s
[14.276s]    350K .......... .......... .......... .......... ..........  2% 23.7M 1s
[14.278s]    400K .......... .......... .......... .......... ..........  2% 25.7M 1s
[14.286s]    450K .......... .......... .......... .......... ..........  3% 7.54M 1s
[14.287s]    500K .......... .......... .......... .......... ..........  3% 40.9M 1s
[14.287s]    550K .......... .......... .......... .......... ..........  3% 24.4M 1s
[14.289s]    600K .......... .......... .......... .......... ..........  4% 23.2M 1s
[14.293s]    650K .......... .......... .......... .......... ..........  4% 12.3M 1s
[14.294s]    700K .......... .......... .......... .......... ..........  4% 49.2M 1s
[14.297s]    750K .......... .......... .......... .......... ..........  5% 28.0M 1s
[14.299s]    800K .......... .......... .......... .......... ..........  5% 19.6M 1s
[14.300s]    850K .......... .......... .......... .......... ..........  5% 43.4M 1s
[14.301s]    900K .......... .......... .......... .......... ..........  6% 36.4M 1s
[14.302s]    950K .......... .......... .......... .......... ..........  6% 41.5M 1s
[14.305s]   1000K .......... .......... .......... .......... ..........  6% 19.3M 1s
[14.309s]   1050K .......... .......... .......... .......... ..........  7% 12.6M 1s
[14.310s]   1100K .......... .......... .......... .......... ..........  7% 40.2M 1s
[14.311s]   1150K .......... .......... .......... .......... ..........  7% 49.7M 1s
[14.313s]   1200K .......... .......... .......... .......... ..........  7% 28.4M 1s
[14.318s]   1250K .......... .......... .......... .......... ..........  8% 9.02M 1s
[14.320s]   1300K .......... .......... .......... .......... ..........  8% 30.7M 1s
[14.321s]   1350K .......... .......... .......... .......... ..........  8% 46.0M 1s
[14.322s]   1400K .......... .......... .......... .......... ..........  9% 30.4M 1s
[14.324s]   1450K .......... .......... .......... .......... ..........  9% 34.0M 1s
[14.324s]   1500K .......... .......... .......... .......... ..........  9% 50.3M 1s
[14.333s]   1550K .......... .......... .......... .......... .......... 10% 6.75M 1s
[14.334s]   1600K .......... .......... .......... .......... .......... 10% 27.2M 1s
[14.336s]   1650K .......... .......... .......... .......... .......... 10% 25.4M 1s
[14.337s]   1700K .......... .......... .......... .......... .......... 11% 41.4M 1s
[14.339s]   1750K .......... .......... .......... .......... .......... 11% 26.2M 1s
[14.342s]   1800K .......... .......... .......... .......... .......... 11% 13.2M 1s
[14.344s]   1850K .......... .......... .......... .......... .......... 12% 37.6M 1s
[14.346s]   1900K .......... .......... .......... .......... .......... 12% 23.0M 1s
[14.347s]   1950K .......... .......... .......... .......... .......... 12% 30.3M 1s
[14.349s]   2000K .......... .......... .......... .......... .......... 13% 30.4M 1s
[14.350s]   2050K .......... .......... .......... .......... .......... 13% 53.1M 1s
[14.356s]   2100K .......... .......... .......... .......... .......... 13% 8.16M 1s
[14.357s]   2150K .......... .......... .......... .......... .......... 14% 38.6M 1s
[14.358s]   2200K .......... .......... .......... .......... .......... 14% 34.9M 1s
[14.360s]   2250K .......... .......... .......... .......... .......... 14% 37.2M 1s
[14.362s]   2300K .......... .......... .......... .......... .......... 15% 26.3M 1s
[14.363s]   2350K .......... .......... .......... .......... .......... 15% 38.7M 1s
[14.364s]   2400K .......... .......... .......... .......... .......... 15% 33.3M 1s
[14.366s]   2450K .......... .......... .......... .......... .......... 15% 32.9M 1s
[14.368s]   2500K .......... .......... .......... .......... .......... 16% 23.1M 1s
[14.370s]   2550K .......... .......... .......... .......... .......... 16% 26.5M 1s
[14.372s]   2600K .......... .......... .......... .......... .......... 16% 22.6M 1s
[14.373s]   2650K .......... .......... .......... .......... .......... 17% 39.2M 1s
[14.375s]   2700K .......... .......... .......... .......... .......... 17% 35.8M 1s
[14.377s]   2750K .......... .......... .......... .......... .......... 17% 27.2M 1s
[14.378s]   2800K .......... .......... .......... .......... .......... 18% 24.2M 1s
[14.380s]   2850K .......... .......... .......... .......... .......... 18% 28.1M 1s
[14.381s]   2900K .......... .......... .......... .......... .......... 18% 41.8M 1s
[14.383s]   2950K .......... .......... .......... .......... .......... 19% 31.2M 1s
[14.384s]   3000K .......... .......... .......... .......... .......... 19% 58.1M 1s
[14.386s]   3050K .......... .......... .......... .......... .......... 19% 26.9M 1s
[14.393s]   3100K .......... .......... .......... .......... .......... 20% 6.47M 1s
[14.395s]   3150K .......... .......... .......... .......... .......... 20% 46.1M 1s
[14.396s]   3200K .......... .......... .......... .......... .......... 20% 24.4M 1s
[14.398s]   3250K .......... .......... .......... .......... .......... 21% 25.4M 1s
[14.399s]   3300K .......... .......... .......... .......... .......... 21% 64.6M 1s
[14.400s]   3350K .......... .......... .......... .......... .......... 21% 31.1M 1s
[14.401s]   3400K .......... .......... .......... .......... .......... 22% 72.2M 1s
[14.403s]   3450K .......... .......... .......... .......... .......... 22% 26.1M 1s
[14.405s]   3500K .......... .......... .......... .......... .......... 22% 28.2M 1s
[14.406s]   3550K .......... .......... .......... .......... .......... 23% 80.3M 1s
[14.407s]   3600K .......... .......... .......... .......... .......... 23% 27.6M 1s
[14.409s]   3650K .......... .......... .......... .......... .......... 23% 28.2M 1s
[14.409s]   3700K .......... .......... .......... .......... .......... 23% 63.2M 1s
[14.411s]   3750K .......... .......... .......... .......... .......... 24% 32.6M 1s
[14.412s]   3800K .......... .......... .......... .......... .......... 24% 56.3M 1s
[14.413s]   3850K .......... .......... .......... .......... .......... 24% 41.7M 1s
[14.414s]   3900K .......... .......... .......... .......... .......... 25% 43.6M 1s
[14.422s]   3950K .......... .......... .......... .......... .......... 25% 6.30M 1s
[14.423s]   4000K .......... .......... .......... .......... .......... 25% 45.8M 1s
[14.425s]   4050K .......... .......... .......... .......... .......... 26% 23.8M 1s
[14.426s]   4100K .......... .......... .......... .......... .......... 26% 59.8M 1s
[14.427s]   4150K .......... .......... .......... .......... .......... 26% 38.3M 1s
[14.429s]   4200K .......... .......... .......... .......... .......... 27% 27.5M 0s
[14.431s]   4250K .......... .......... .......... .......... .......... 27% 25.5M 0s
[14.433s]   4300K .......... .......... .......... .......... .......... 27% 29.0M 0s
[14.439s]   4350K .......... .......... .......... .......... .......... 28% 8.15M 0s
[14.439s]   4400K .......... .......... .......... .......... .......... 28% 48.7M 0s
[14.441s]   4450K .......... .......... .......... .......... .......... 28% 30.8M 0s
[14.442s]   4500K .......... .......... .......... .......... .......... 29% 38.8M 0s
[14.444s]   4550K .......... .......... .......... .......... .......... 29% 34.5M 0s
[14.446s]   4600K .......... .......... .......... .......... .......... 29% 25.0M 0s
[14.446s]   4650K .......... .......... .......... .......... .......... 30% 61.3M 0s
[14.449s]   4700K .......... .......... .......... .......... .......... 30% 25.0M 0s
[14.450s]   4750K .......... .......... .......... .......... .......... 30% 39.6M 0s
[14.459s]   4800K .......... .......... .......... .......... .......... 31% 5.50M 0s
[14.460s]   4850K .......... .......... .......... .......... .......... 31% 36.2M 0s
[14.461s]   4900K .......... .......... .......... .......... .......... 31% 39.0M 0s
[14.463s]   4950K .......... .......... .......... .......... .......... 31% 37.6M 0s
[14.464s]   5000K .......... .......... .......... .......... .......... 32% 31.0M 0s
[14.465s]   5050K .......... .......... .......... .......... .......... 32% 35.2M 0s
[14.467s]   5100K .......... .......... .......... .......... .......... 32% 60.9M 0s
[14.468s]   5150K .......... .......... .......... .......... .......... 33% 28.8M 0s
[14.469s]   5200K .......... .......... .......... .......... .......... 33% 51.2M 0s
[14.470s]   5250K .......... .......... .......... .......... .......... 33% 33.4M 0s
[14.471s]   5300K .......... .......... .......... .......... .......... 34% 58.6M 0s
[14.473s]   5350K .......... .......... .......... .......... .......... 34% 30.8M 0s
[14.474s]   5400K .......... .......... .......... .......... .......... 34% 60.1M 0s
[14.475s]   5450K .......... .......... .......... .......... .......... 35% 51.0M 0s
[14.481s]   5500K .......... .......... .......... .......... .......... 35% 32.2M 0s
[14.482s]   5550K .......... .......... .......... .......... .......... 35% 8.98M 0s
[14.483s]   5600K .......... .......... .......... .......... .......... 36% 37.8M 0s
[14.484s]   5650K .......... .......... .......... .......... .......... 36% 55.1M 0s
[14.485s]   5700K .......... .......... .......... .......... .......... 36% 29.9M 0s
[14.486s]   5750K .......... .......... .......... .......... .......... 37% 58.4M 0s
[14.488s]   5800K .......... .......... .......... .......... .......... 37% 30.4M 0s
[14.489s]   5850K .......... .......... .......... .......... .......... 37% 53.2M 0s
[14.490s]   5900K .......... .......... .......... .......... .......... 38% 43.8M 0s
[14.491s]   5950K .......... .......... .......... .......... .......... 38% 42.3M 0s
[14.492s]   6000K .......... .......... .......... .......... .......... 38% 43.3M 0s
[14.493s]   6050K .......... .......... .......... .......... .......... 39% 36.9M 0s
[14.495s]   6100K .......... .......... .......... .......... .......... 39% 37.5M 0s
[14.500s]   6150K .......... .......... .......... .......... .......... 39% 9.24M 0s
[14.501s]   6200K .......... .......... .......... .......... .......... 39% 35.0M 0s
[14.502s]   6250K .......... .......... .......... .......... .......... 40% 65.7M 0s
[14.504s]   6300K .......... .......... .......... .......... .......... 40% 34.5M 0s
[14.505s]   6350K .......... .......... .......... .......... .......... 40% 28.6M 0s
[14.510s]   6400K .......... .......... .......... .......... .......... 41% 10.8M 0s
[14.510s]   6450K .......... .......... .......... .......... .......... 41% 95.3M 0s
[14.511s]   6500K .......... .......... .......... .......... .......... 41% 79.3M 0s
[14.511s]   6550K .......... .......... .......... .......... .......... 42%  142M 0s
[14.515s]   6600K .......... .......... .......... .......... .......... 42% 68.8M 0s
[14.515s]   6650K .......... .......... .......... .......... .......... 42% 59.1M 0s
[14.516s]   6700K .......... .......... .......... .......... .......... 43%  101M 0s
[14.516s]   6750K .......... .......... .......... .......... .......... 43% 32.9M 0s
[14.517s]   6800K .......... .......... .......... .......... .......... 43% 27.5M 0s
[14.517s]   6850K .......... .......... .......... .......... .......... 44% 87.9M 0s
[14.524s]   6900K .......... .......... .......... .......... .......... 44% 7.42M 0s
[14.525s]   6950K .......... .......... .......... .......... .......... 44% 40.1M 0s
[14.526s]   7000K .......... .......... .......... .......... .......... 45% 32.7M 0s
[14.527s]   7050K .......... .......... .......... .......... .......... 45% 60.5M 0s
[14.529s]   7100K .......... .......... .......... .......... .......... 45% 39.5M 0s
[14.530s]   7150K .......... .......... .......... .......... .......... 46% 37.9M 0s
[14.531s]   7200K .......... .......... .......... .......... .......... 46% 33.1M 0s
[14.532s]   7250K .......... .......... .......... .......... .......... 46% 43.3M 0s
[14.533s]   7300K .......... .......... .......... .......... .......... 47% 61.0M 0s
[14.535s]   7350K .......... .......... .......... .......... .......... 47% 27.5M 0s
[14.536s]   7400K .......... .......... .......... .......... .......... 47% 64.4M 0s
[14.537s]   7450K .......... .......... .......... .......... .......... 47% 49.9M 0s
[14.541s]   7500K .......... .......... .......... .......... .......... 48% 17.9M 0s
[14.542s]   7550K .......... .......... .......... .......... .......... 48% 45.9M 0s
[14.546s]   7600K .......... .......... .......... .......... .......... 48% 15.8M 0s
[14.548s]   7650K .......... .......... .......... .......... .......... 49% 51.4M 0s
[14.548s]   7700K .......... .......... .......... .......... .......... 49% 33.3M 0s
[14.548s]   7750K .......... .......... .......... .......... .......... 49% 58.2M 0s
[14.548s]   7800K .......... .......... .......... .......... .......... 50% 39.4M 0s
[14.549s]   7850K .......... .......... .......... .......... .......... 50% 43.5M 0s
[14.551s]   7900K .......... .......... .......... .......... .......... 50% 25.1M 0s
[14.554s]   7950K .......... .......... .......... .......... .......... 51% 39.6M 0s
[14.554s]   8000K .......... .......... .......... .......... .......... 51% 51.4M 0s
[14.562s]   8050K .......... .......... .......... .......... .......... 51% 5.82M 0s
[14.563s]   8100K .......... .......... .......... .......... .......... 52% 45.1M 0s
[14.564s]   8150K .......... .......... .......... .......... .......... 52% 33.8M 0s
[14.566s]   8200K .......... .......... .......... .......... .......... 52% 34.0M 0s
[14.567s]   8250K .......... .......... .......... .......... .......... 53% 41.9M 0s
[14.569s]   8300K .......... .......... .......... .......... .......... 53% 32.7M 0s
[14.571s]   8350K .......... .......... .......... .......... .......... 53% 21.5M 0s
[14.572s]   8400K .......... .......... .......... .......... .......... 54% 43.5M 0s
[14.572s]   8450K .......... .......... .......... .......... .......... 54% 54.3M 0s
[14.574s]   8500K .......... .......... .......... .......... .......... 54% 51.4M 0s
[14.575s]   8550K .......... .......... .......... .......... .......... 55% 30.3M 0s
[14.576s]   8600K .......... .......... .......... .......... .......... 55% 64.3M 0s
[14.577s]   8650K .......... .......... .......... .......... .......... 55% 39.9M 0s
[14.579s]   8700K .......... .......... .......... .......... .......... 55% 91.0M 0s
[14.586s]   8750K .......... .......... .......... .......... .......... 56% 6.68M 0s
[14.586s]   8800K .......... .......... .......... .......... .......... 56% 32.5M 0s
[14.587s]   8850K .......... .......... .......... .......... .......... 56% 61.6M 0s
[14.589s]   8900K .......... .......... .......... .......... .......... 57% 38.8M 0s
[14.589s]   8950K .......... .......... .......... .......... .......... 57% 44.0M 0s
[14.591s]   9000K .......... .......... .......... .......... .......... 57% 46.1M 0s
[14.593s]   9050K .......... .......... .......... .......... .......... 58% 28.3M 0s
[14.593s]   9100K .......... .......... .......... .......... .......... 58% 59.7M 0s
[14.595s]   9150K .......... .......... .......... .......... .......... 58% 28.5M 0s
[14.597s]   9200K .......... .......... .......... .......... .......... 59% 29.6M 0s
[14.598s]   9250K .......... .......... .......... .......... .......... 59% 60.3M 0s
[14.598s]   9300K .......... .......... .......... .......... .......... 59% 55.7M 0s
[14.600s]   9350K .......... .......... .......... .......... .......... 60% 29.8M 0s
[14.601s]   9400K .......... .......... .......... .......... .......... 60% 56.1M 0s
[14.604s]   9450K .......... .......... .......... .......... .......... 60% 43.2M 0s
[14.605s]   9500K .......... .......... .......... .......... .......... 61% 30.0M 0s
[14.605s]   9550K .......... .......... .......... .......... .......... 61% 45.6M 0s
[14.606s]   9600K .......... .......... .......... .......... .......... 61% 52.4M 0s
[14.607s]   9650K .......... .......... .......... .......... .......... 62% 45.4M 0s
[14.609s]   9700K .......... .......... .......... .......... .......... 62% 31.1M 0s
[14.609s]   9750K .......... .......... .......... .......... .......... 62% 57.3M 0s
[14.610s]   9800K .......... .......... .......... .......... .......... 63% 55.6M 0s
[14.611s]   9850K .......... .......... .......... .......... .......... 63% 43.3M 0s
[14.613s]   9900K .......... .......... .......... .......... .......... 63% 34.0M 0s
[14.613s]   9950K .......... .......... .......... .......... .......... 63% 41.2M 0s
[14.614s]  10000K .......... .......... .......... .......... .......... 64% 57.2M 0s
[14.616s]  10050K .......... .......... .......... .......... .......... 64% 33.8M 0s
[14.617s]  10100K .......... .......... .......... .......... .......... 64% 53.7M 0s
[14.618s]  10150K .......... .......... .......... .......... .......... 65% 42.1M 0s
[14.628s]  10200K .......... .......... .......... .......... .......... 65% 5.24M 0s
[14.628s]  10250K .......... .......... .......... .......... .......... 65% 39.4M 0s
[14.630s]  10300K .......... .......... .......... .......... .......... 66% 39.6M 0s
[14.632s]  10350K .......... .......... .......... .......... .......... 66% 25.4M 0s
[14.633s]  10400K .......... .......... .......... .......... .......... 66% 33.3M 0s
[14.634s]  10450K .......... .......... .......... .......... .......... 67% 57.8M 0s
[14.636s]  10500K .......... .......... .......... .......... .......... 67% 28.4M 0s
[14.637s]  10550K .......... .......... .......... .......... .......... 67% 52.6M 0s
[14.638s]  10600K .......... .......... .......... .......... .......... 68% 61.5M 0s
[14.639s]  10650K .......... .......... .......... .......... .......... 68% 46.0M 0s
[14.640s]  10700K .......... .......... .......... .......... .......... 68% 30.9M 0s
[14.641s]  10750K .......... .......... .......... .......... .......... 69% 39.9M 0s
[14.642s]  10800K .......... .......... .......... .......... .......... 69% 61.3M 0s
[14.643s]  10850K .......... .......... .......... .......... .......... 69% 38.0M 0s
[14.645s]  10900K .......... .......... .......... .......... .......... 70% 39.5M 0s
[14.645s]  10950K .......... .......... .......... .......... .......... 70% 57.0M 0s
[14.646s]  11000K .......... .......... .......... .......... .......... 70% 58.2M 0s
[14.648s]  11050K .......... .......... .......... .......... .......... 71% 32.5M 0s
[14.649s]  11100K .......... .......... .......... .......... .......... 71% 40.6M 0s
[14.650s]  11150K .......... .......... .......... .......... .......... 71% 40.8M 0s
[14.652s]  11200K .......... .......... .......... .......... .......... 71% 22.3M 0s
[14.653s]  11250K .......... .......... .......... .......... .......... 72% 59.7M 0s
[14.654s]  11300K .......... .......... .......... .......... .......... 72% 51.6M 0s
[14.655s]  11350K .......... .......... .......... .......... .......... 72% 50.4M 0s
[14.664s]  11400K .......... .......... .......... .......... .......... 73% 6.04M 0s
[14.664s]  11450K .......... .......... .......... .......... .......... 73% 66.9M 0s
[14.665s]  11500K .......... .......... .......... .......... .......... 73% 42.4M 0s
[14.669s]  11550K .......... .......... .......... .......... .......... 74% 23.2M 0s
[14.670s]  11600K .......... .......... .......... .......... .......... 74% 18.1M 0s
[14.671s]  11650K .......... .......... .......... .......... .......... 74% 34.9M 0s
[14.672s]  11700K .......... .......... .......... .......... .......... 75% 60.1M 0s
[14.673s]  11750K .......... .......... .......... .......... .......... 75% 38.3M 0s
[14.674s]  11800K .......... .......... .......... .......... .......... 75% 56.4M 0s
[14.677s]  11850K .......... .......... .......... .......... .......... 76% 17.8M 0s
[14.679s]  11900K .......... .......... .......... .......... .......... 76% 25.9M 0s
[14.681s]  11950K .......... .......... .......... .......... .......... 76% 26.8M 0s
[14.681s]  12000K .......... .......... .......... .......... .......... 77% 60.6M 0s
[14.682s]  12050K .......... .......... .......... .......... .......... 77% 59.4M 0s
[14.684s]  12100K .......... .......... .......... .......... .......... 77% 33.3M 0s
[14.685s]  12150K .......... .......... .......... .......... .......... 78% 37.7M 0s
[14.686s]  12200K .......... .......... .......... .......... .......... 78% 61.4M 0s
[14.687s]  12250K .......... .......... .......... .......... .......... 78% 51.0M 0s
[14.689s]  12300K .......... .......... .......... .......... .......... 79% 40.9M 0s
[14.689s]  12350K .......... .......... .......... .......... .......... 79% 37.3M 0s
[14.690s]  12400K .......... .......... .......... .......... .......... 79% 45.2M 0s
[14.691s]  12450K .......... .......... .......... .......... .......... 79% 54.1M 0s
[14.693s]  12500K .......... .......... .......... .......... .......... 80% 34.8M 0s
[14.694s]  12550K .......... .......... .......... .......... .......... 80% 40.4M 0s
[14.697s]  12600K .......... .......... .......... .......... .......... 80% 16.3M 0s
[14.698s]  12650K .......... .......... .......... .......... .......... 81% 36.6M 0s
[14.700s]  12700K .......... .......... .......... .......... .......... 81% 38.3M 0s
[14.701s]  12750K .......... .......... .......... .......... .......... 81% 35.0M 0s
[14.702s]  12800K .......... .......... .......... .......... .......... 82% 47.5M 0s
[14.704s]  12850K .......... .......... .......... .......... .......... 82% 29.7M 0s
[14.705s]  12900K .......... .......... .......... .......... .......... 82% 41.0M 0s
[14.706s]  12950K .......... .......... .......... .......... .......... 83% 42.5M 0s
[14.707s]  13000K .......... .......... .......... .......... .......... 83% 49.4M 0s
[14.708s]  13050K .......... .......... .......... .......... .......... 83% 44.7M 0s
[14.709s]  13100K .......... .......... .......... .......... .......... 84% 83.7M 0s
[14.710s]  13150K .......... .......... .......... .......... .......... 84% 26.5M 0s
[14.711s]  13200K .......... .......... .......... .......... .......... 84% 55.2M 0s
[14.712s]  13250K .......... .......... .......... .......... .......... 85% 52.1M 0s
[14.714s]  13300K .......... .......... .......... .......... .......... 85% 39.7M 0s
[14.715s]  13350K .......... .......... .......... .......... .......... 85% 40.2M 0s
[14.720s]  13400K .......... .......... .......... .......... .......... 86% 8.77M 0s
[14.722s]  13450K .......... .......... .......... .......... .......... 86% 35.8M 0s
[14.723s]  13500K .......... .......... .......... .......... .......... 86% 73.8M 0s
[14.724s]  13550K .......... .......... .......... .......... .......... 87% 31.3M 0s
[14.726s]  13600K .......... .......... .......... .......... .......... 87% 25.1M 0s
[14.727s]  13650K .......... .......... .......... .......... .......... 87% 48.6M 0s
[14.728s]  13700K .......... .......... .......... .......... .......... 87% 30.7M 0s
[14.729s]  13750K .......... .......... .......... .......... .......... 88% 57.4M 0s
[14.730s]  13800K .......... .......... .......... .......... .......... 88% 40.0M 0s
[14.731s]  13850K .......... .......... .......... .......... .......... 88% 57.1M 0s
[14.733s]  13900K .......... .......... .......... .......... .......... 89% 30.8M 0s
[14.734s]  13950K .......... .......... .......... .......... .......... 89% 42.6M 0s
[14.735s]  14000K .......... .......... .......... .......... .......... 89% 61.7M 0s
[14.736s]  14050K .......... .......... .......... .......... .......... 90% 48.6M 0s
[14.737s]  14100K .......... .......... .......... .......... .......... 90% 35.7M 0s
[14.738s]  14150K .......... .......... .......... .......... .......... 90% 41.0M 0s
[14.739s]  14200K .......... .......... .......... .......... .......... 91% 62.9M 0s
[14.746s]  14250K .......... .......... .......... .......... .......... 91% 7.67M 0s
[14.747s]  14300K .......... .......... .......... .......... .......... 91% 40.8M 0s
[14.748s]  14350K .......... .......... .......... .......... .......... 92% 29.9M 0s
[14.749s]  14400K .......... .......... .......... .......... .......... 92% 60.2M 0s
[14.751s]  14450K .......... .......... .......... .......... .......... 92% 33.9M 0s
[14.751s]  14500K .......... .......... .......... .......... .......... 93% 60.2M 0s
[14.753s]  14550K .......... .......... .......... .......... .......... 93% 31.0M 0s
[14.754s]  14600K .......... .......... .......... .......... .......... 93% 39.0M 0s
[14.755s]  14650K .......... .......... .......... .......... .......... 94% 60.3M 0s
[14.756s]  14700K .......... .......... .......... .......... .......... 94% 55.9M 0s
[14.759s]  14750K .......... .......... .......... .......... .......... 94% 18.6M 0s
[14.759s]  14800K .......... .......... .......... .......... .......... 95% 53.3M 0s
[14.761s]  14850K .......... .......... .......... .......... .......... 95% 43.0M 0s
[14.761s]  14900K .......... .......... .......... .......... .......... 95% 60.5M 0s
[14.763s]  14950K .......... .......... .......... .......... .......... 95% 32.9M 0s
[14.764s]  15000K .......... .......... .......... .......... .......... 96% 53.7M 0s
[14.765s]  15050K .......... .......... .......... .......... .......... 96% 41.8M 0s
[14.767s]  15100K .......... .......... .......... .......... .......... 96% 57.6M 0s
[14.767s]  15150K .......... .......... .......... .......... .......... 97% 30.9M 0s
[14.768s]  15200K .......... .......... .......... .......... .......... 97% 49.6M 0s
[14.775s]  15250K .......... .......... .......... .......... .......... 97% 7.44M 0s
[14.776s]  15300K .......... .......... .......... .......... .......... 98% 43.3M 0s
[14.777s]  15350K .......... .......... .......... .......... .......... 98% 56.5M 0s
[14.778s]  15400K .......... .......... .......... .......... .......... 98% 32.1M 0s
[14.779s]  15450K .......... .......... .......... .......... .......... 99% 57.4M 0s
[14.781s]  15500K .......... .......... .......... .......... .......... 99% 32.6M 0s
[14.782s]  15550K .......... .......... .......... .......... .......... 99% 49.4M 0s
[14.782s]  15600K .......... .......... .....                           100%  175M=0.5s
[14.782s] 
[14.782s] 2026-08-23 20:19:03 (28.3 MB/s) - ‘/home/ines/tiago_ws/build/multirobot_map_merge/2012-01-28-11-12-01.pgm’ saved [16000058/16000058]
[14.783s] 
[14.785s] Checking MD5 sum of /home/ines/tiago_ws/build/multirobot_map_merge/2012-01-28-11-12-01.pgm
[14.818s] /home/ines/tiago_ws/build/multirobot_map_merge/2012-01-28-11-12-01.pgm: OK
[14.826s] -- Found gtest sources under '/opt/ros/humble/src/gtest_vendor': C++ tests using 'Google Test' will be built
[14.935s] -- Added test 'cppcheck' to perform static code analysis on C / C++ code
[14.936s] -- Configured cppcheck include dirs: /home/ines/tiago_ws/src/m-explore-ros2/m-explore-ros2-main/map_merge/include;$<BUILD_INTERFACE:/home/ines/tiago_ws/src/m-explore-ros2/m-explore-ros2-main/map_merge/include>
[14.936s] -- Configured cppcheck exclude dirs and/or files: 
[14.938s] -- Added test 'flake8' to check Python code syntax and style conventions
[14.940s] -- Added test 'lint_cmake' to check CMake code style
[14.941s] -- Added test 'pep257' to check Python code against some of the docstring style conventions in PEP 257
[14.945s] -- Added test 'uncrustify' to check C / C++ code style
[14.945s] -- Configured uncrustify additional arguments: 
[14.947s] -- Added test 'xmllint' to check XML markup files
[15.012s] -- Configuring done
[15.145s] -- Generating done
[15.148s] -- Build files have been written to: /home/ines/tiago_ws/build/multirobot_map_merge
[15.171s] Invoked command in '/home/ines/tiago_ws/build/multirobot_map_merge' returned '0': CMAKE_PREFIX_PATH=${CMAKE_PREFIX_PATH}:/home/ines/tiago_ws/install/tiago_autonomous_navigation:/home/ines/tiago_ws/install/tiago_autonomous_exploration:/home/ines/ros2_ws/install/scripts:/home/ines/ros2_ws/install/acrobat:/opt/ros/humble /usr/bin/cmake /home/ines/tiago_ws/src/m-explore-ros2/m-explore-ros2-main/map_merge -DAMENT_CMAKE_SYMLINK_INSTALL=1 -DCMAKE_INSTALL_PREFIX=/home/ines/tiago_ws/install/multirobot_map_merge
[15.173s] Invoking command in '/home/ines/tiago_ws/build/multirobot_map_merge': CMAKE_PREFIX_PATH=${CMAKE_PREFIX_PATH}:/home/ines/tiago_ws/install/tiago_autonomous_navigation:/home/ines/tiago_ws/install/tiago_autonomous_exploration:/home/ines/ros2_ws/install/scripts:/home/ines/ros2_ws/install/acrobat:/opt/ros/humble /usr/bin/cmake --build /home/ines/tiago_ws/build/multirobot_map_merge -- -j8 -l8
[15.267s] [ 16%] [32mBuilding CXX object CMakeFiles/combine_grids.dir/src/combine_grids/merging_pipeline.cpp.o[0m
[15.268s] [ 16%] [32mBuilding CXX object gtest/CMakeFiles/gtest.dir/src/gtest-all.cc.o[0m
[15.271s] [ 25%] [32mBuilding CXX object CMakeFiles/combine_grids.dir/src/combine_grids/grid_compositor.cpp.o[0m
[15.271s] [ 33%] [32mBuilding CXX object gtest/CMakeFiles/gtest_main.dir/src/gtest_main.cc.o[0m
[15.276s] [ 41%] [32mBuilding CXX object CMakeFiles/combine_grids.dir/src/combine_grids/grid_warper.cpp.o[0m
[17.778s] [ 50%] [32m[1mLinking CXX static library libgtest_main.a[0m
[17.870s] [ 50%] Built target gtest_main
[21.802s] [ 58%] [32m[1mLinking CXX static library libgtest.a[0m
[21.916s] [ 58%] Built target gtest
[24.351s] [ 66%] [32m[1mLinking CXX static library libcombine_grids.a[0m
[24.474s] [ 66%] Built target combine_grids
[24.529s] [ 75%] [32mBuilding CXX object CMakeFiles/map_merge.dir/src/map_merge.cpp.o[0m
[24.543s] [ 83%] [32mBuilding CXX object CMakeFiles/test_merging_pipeline.dir/test/test_merging_pipeline.cpp.o[0m
[33.209s] [ 91%] [32m[1mLinking CXX executable test_merging_pipeline[0m
[37.695s] [ 91%] Built target test_merging_pipeline
[48.974s] [100%] [32m[1mLinking CXX executable map_merge[0m
[51.063s] [100%] Built target map_merge
[51.091s] Invoked command in '/home/ines/tiago_ws/build/multirobot_map_merge' returned '0': CMAKE_PREFIX_PATH=${CMAKE_PREFIX_PATH}:/home/ines/tiago_ws/install/tiago_autonomous_navigation:/home/ines/tiago_ws/install/tiago_autonomous_exploration:/home/ines/ros2_ws/install/scripts:/home/ines/ros2_ws/install/acrobat:/opt/ros/humble /usr/bin/cmake --build /home/ines/tiago_ws/build/multirobot_map_merge -- -j8 -l8
[51.185s] Invoking command in '/home/ines/tiago_ws/build/multirobot_map_merge': CMAKE_PREFIX_PATH=${CMAKE_PREFIX_PATH}:/home/ines/tiago_ws/install/tiago_autonomous_navigation:/home/ines/tiago_ws/install/tiago_autonomous_exploration:/home/ines/ros2_ws/install/scripts:/home/ines/ros2_ws/install/acrobat:/opt/ros/humble /usr/bin/cmake --install /home/ines/tiago_ws/build/multirobot_map_merge
[51.201s] -- Install configuration: ""
[51.202s] -- Execute custom install script
[51.202s] -- Symlinking: /home/ines/tiago_ws/install/multirobot_map_merge/include/map_merge//map_merge.h
[51.219s] -- Symlinking: /home/ines/tiago_ws/install/multirobot_map_merge/include/map_merge//ros1_names.hpp
[51.234s] -- Symlinking: /home/ines/tiago_ws/install/multirobot_map_merge/share/multirobot_map_merge/launch/from_map_server.launch.py
[51.247s] -- Symlinking: /home/ines/tiago_ws/install/multirobot_map_merge/share/multirobot_map_merge/launch/map_merge.launch.py
[51.261s] -- Symlinking: /home/ines/tiago_ws/install/multirobot_map_merge/share/multirobot_map_merge/launch/map_merge.rviz
[51.277s] -- Symlinking: /home/ines/tiago_ws/install/multirobot_map_merge/share/multirobot_map_merge/launch/tb3_simulation/bringup_launch.py
[51.290s] -- Symlinking: /home/ines/tiago_ws/install/multirobot_map_merge/share/multirobot_map_merge/launch/tb3_simulation/config/nav2_multirobot_params_1.yaml
[51.306s] -- Symlinking: /home/ines/tiago_ws/install/multirobot_map_merge/share/multirobot_map_merge/launch/tb3_simulation/config/nav2_multirobot_params_2.yaml
[51.320s] -- Symlinking: /home/ines/tiago_ws/install/multirobot_map_merge/share/multirobot_map_merge/launch/tb3_simulation/multi_tb3_simulation_launch.py
[51.335s] -- Symlinking: /home/ines/tiago_ws/install/multirobot_map_merge/share/multirobot_map_merge/launch/tb3_simulation/slam_toolbox.py
[51.348s] -- Symlinking: /home/ines/tiago_ws/install/multirobot_map_merge/share/multirobot_map_merge/launch/tb3_simulation/tb3_simulation_launch.py
[51.361s] -- Symlinking: /home/ines/tiago_ws/install/multirobot_map_merge/share/multirobot_map_merge/launch/tb3_simulation/worlds/world_only.model
[51.374s] -- Symlinking: /home/ines/tiago_ws/install/multirobot_map_merge/share/multirobot_map_merge/config/params.yaml
[51.387s] -- Symlinking: /home/ines/tiago_ws/install/multirobot_map_merge/lib/multirobot_map_merge/map_merge
[51.399s] -- Symlinking: /home/ines/tiago_ws/install/multirobot_map_merge/share/multirobot_map_merge/environment/library_path.sh
[51.412s] -- Symlinking: /home/ines/tiago_ws/install/multirobot_map_merge/share/multirobot_map_merge/environment/library_path.dsv
[51.425s] -- Symlinking: /home/ines/tiago_ws/install/multirobot_map_merge/share/ament_index/resource_index/package_run_dependencies/multirobot_map_merge
[51.439s] -- Symlinking: /home/ines/tiago_ws/install/multirobot_map_merge/share/ament_index/resource_index/parent_prefix_path/multirobot_map_merge
[51.451s] -- Symlinking: /home/ines/tiago_ws/install/multirobot_map_merge/share/multirobot_map_merge/environment/ament_prefix_path.sh
[51.464s] -- Symlinking: /home/ines/tiago_ws/install/multirobot_map_merge/share/multirobot_map_merge/environment/ament_prefix_path.dsv
[51.477s] -- Symlinking: /home/ines/tiago_ws/install/multirobot_map_merge/share/multirobot_map_merge/environment/path.sh
[51.495s] -- Symlinking: /home/ines/tiago_ws/install/multirobot_map_merge/share/multirobot_map_merge/environment/path.dsv
[51.509s] -- Symlinking: /home/ines/tiago_ws/install/multirobot_map_merge/share/multirobot_map_merge/local_setup.bash
[51.522s] -- Symlinking: /home/ines/tiago_ws/install/multirobot_map_merge/share/multirobot_map_merge/local_setup.sh
[51.536s] -- Symlinking: /home/ines/tiago_ws/install/multirobot_map_merge/share/multirobot_map_merge/local_setup.zsh
[51.551s] -- Symlinking: /home/ines/tiago_ws/install/multirobot_map_merge/share/multirobot_map_merge/local_setup.dsv
[51.564s] -- Symlinking: /home/ines/tiago_ws/install/multirobot_map_merge/share/multirobot_map_merge/package.dsv
[51.578s] -- Symlinking: /home/ines/tiago_ws/install/multirobot_map_merge/share/ament_index/resource_index/packages/multirobot_map_merge
[51.592s] -- Symlinking: /home/ines/tiago_ws/install/multirobot_map_merge/share/multirobot_map_merge/cmake/ament_cmake_export_include_directories-extras.cmake
[51.606s] -- Symlinking: /home/ines/tiago_ws/install/multirobot_map_merge/share/multirobot_map_merge/cmake/ament_cmake_export_libraries-extras.cmake
[51.619s] -- Symlinking: /home/ines/tiago_ws/install/multirobot_map_merge/share/multirobot_map_merge/cmake/multirobot_map_mergeConfig.cmake
[51.633s] -- Symlinking: /home/ines/tiago_ws/install/multirobot_map_merge/share/multirobot_map_merge/cmake/multirobot_map_mergeConfig-version.cmake
[51.656s] -- Symlinking: /home/ines/tiago_ws/install/multirobot_map_merge/share/multirobot_map_merge/package.xml
[51.668s] -- Installing: /home/ines/tiago_ws/install/multirobot_map_merge/lib/libcombine_grids.a
[51.676s] Invoked command in '/home/ines/tiago_ws/build/multirobot_map_merge' returned '0': CMAKE_PREFIX_PATH=${CMAKE_PREFIX_PATH}:/home/ines/tiago_ws/install/tiago_autonomous_navigation:/home/ines/tiago_ws/install/tiago_autonomous_exploration:/home/ines/ros2_ws/install/scripts:/home/ines/ros2_ws/install/acrobat:/opt/ros/humble /usr/bin/cmake --install /home/ines/tiago_ws/build/multirobot_map_merge
