[0.582s] Invoking command in '/home/ines/tiago_ws/build/tiago_controller_configuration': CMAKE_PREFIX_PATH=${CMAKE_PREFIX_PATH}:/home/ines/tiago_ws/install/tiago_autonomous_navigation:/home/ines/tiago_ws/install/tiago_autonomous_exploration:/home/ines/ros2_ws/install/scripts:/home/ines/ros2_ws/install/acrobat:/opt/ros/humble /usr/bin/cmake --build /home/ines/tiago_ws/build/tiago_controller_configuration -- -j8 -l8
[0.712s] Invoked command in '/home/ines/tiago_ws/build/tiago_controller_configuration' returned '0': CMAKE_PREFIX_PATH=${CMAKE_PREFIX_PATH}:/home/ines/tiago_ws/install/tiago_autonomous_navigation:/home/ines/tiago_ws/install/tiago_autonomous_exploration:/home/ines/ros2_ws/install/scripts:/home/ines/ros2_ws/install/acrobat:/opt/ros/humble /usr/bin/cmake --build /home/ines/tiago_ws/build/tiago_controller_configuration -- -j8 -l8
[0.778s] Invoking command in '/home/ines/tiago_ws/build/tiago_controller_configuration': CMAKE_PREFIX_PATH=${CMAKE_PREFIX_PATH}:/home/ines/tiago_ws/install/tiago_autonomous_navigation:/home/ines/tiago_ws/install/tiago_autonomous_exploration:/home/ines/ros2_ws/install/scripts:/home/ines/ros2_ws/install/acrobat:/opt/ros/humble /usr/bin/cmake --install /home/ines/tiago_ws/build/tiago_controller_configuration
[0.813s] -- Install configuration: ""
[0.814s] -- Execute custom install script
[0.815s] -- Up-to-date symlink: /home/ines/tiago_ws/install/tiago_controller_configuration/share/tiago_controller_configuration/config/arm_controller.yaml
[0.816s] -- Up-to-date symlink: /home/ines/tiago_ws/install/tiago_controller_configuration/share/tiago_controller_configuration/config/ft_sensor_controller.yaml
[0.816s] -- Up-to-date symlink: /home/ines/tiago_ws/install/tiago_controller_configuration/share/tiago_controller_configuration/config/gravity_compensation_controller_ilm.yaml
[0.816s] -- Up-to-date symlink: /home/ines/tiago_ws/install/tiago_controller_configuration/share/tiago_controller_configuration/config/gravity_compensation_controller_parker.yaml
[0.817s] -- Up-to-date symlink: /home/ines/tiago_ws/install/tiago_controller_configuration/share/tiago_controller_configuration/config/head_controller.yaml
[0.818s] -- Up-to-date symlink: /home/ines/tiago_ws/install/tiago_controller_configuration/share/tiago_controller_configuration/config/joint_state_broadcaster.yaml
[0.819s] -- Up-to-date symlink: /home/ines/tiago_ws/install/tiago_controller_configuration/share/tiago_controller_configuration/config/torso_controller.yaml
[0.819s] -- Up-to-date symlink: /home/ines/tiago_ws/install/tiago_controller_configuration/share/tiago_controller_configuration/launch/default_controllers.launch.py
[0.819s] -- Up-to-date symlink: /home/ines/tiago_ws/install/tiago_controller_configuration/share/tiago_controller_configuration/launch/gravity_compensation_controller.launch.py
[0.819s] -- Up-to-date symlink: /home/ines/tiago_ws/install/tiago_controller_configuration/share/tiago_controller_configuration/launch/gravity_compensation_controller.launch.py.bak
[0.824s] -- Up-to-date symlink: /home/ines/tiago_ws/install/tiago_controller_configuration/share/ament_index/resource_index/package_run_dependencies/tiago_controller_configuration
[0.825s] -- Up-to-date symlink: /home/ines/tiago_ws/install/tiago_controller_configuration/share/ament_index/resource_index/parent_prefix_path/tiago_controller_configuration
[0.825s] -- Up-to-date symlink: /home/ines/tiago_ws/install/tiago_controller_configuration/share/tiago_controller_configuration/environment/ament_prefix_path.sh
[0.826s] -- Up-to-date symlink: /home/ines/tiago_ws/install/tiago_controller_configuration/share/tiago_controller_configuration/environment/ament_prefix_path.dsv
[0.828s] -- Up-to-date symlink: /home/ines/tiago_ws/install/tiago_controller_configuration/share/tiago_controller_configuration/environment/path.sh
[0.828s] -- Up-to-date symlink: /home/ines/tiago_ws/install/tiago_controller_configuration/share/tiago_controller_configuration/environment/path.dsv
[0.828s] -- Up-to-date symlink: /home/ines/tiago_ws/install/tiago_controller_configuration/share/tiago_controller_configuration/local_setup.bash
[0.829s] -- Up-to-date symlink: /home/ines/tiago_ws/install/tiago_controller_configuration/share/tiago_controller_configuration/local_setup.sh
[0.829s] -- Up-to-date symlink: /home/ines/tiago_ws/install/tiago_controller_configuration/share/tiago_controller_configuration/local_setup.zsh
[0.830s] -- Up-to-date symlink: /home/ines/tiago_ws/install/tiago_controller_configuration/share/tiago_controller_configuration/local_setup.dsv
[0.831s] -- Symlinking: /home/ines/tiago_ws/install/tiago_controller_configuration/share/tiago_controller_configuration/package.dsv
[0.849s] -- Up-to-date symlink: /home/ines/tiago_ws/install/tiago_controller_configuration/share/ament_index/resource_index/packages/tiago_controller_configuration
[0.850s] -- Up-to-date symlink: /home/ines/tiago_ws/install/tiago_controller_configuration/share/tiago_controller_configuration/cmake/tiago_controller_configurationConfig.cmake
[0.850s] -- Up-to-date symlink: /home/ines/tiago_ws/install/tiago_controller_configuration/share/tiago_controller_configuration/cmake/tiago_controller_configurationConfig-version.cmake
[0.850s] -- Up-to-date symlink: /home/ines/tiago_ws/install/tiago_controller_configuration/share/tiago_controller_configuration/package.xml
[0.931s] Invoked command in '/home/ines/tiago_ws/build/tiago_controller_configuration' returned '0': CMAKE_PREFIX_PATH=${CMAKE_PREFIX_PATH}:/home/ines/tiago_ws/install/tiago_autonomous_navigation:/home/ines/tiago_ws/install/tiago_autonomous_exploration:/home/ines/ros2_ws/install/scripts:/home/ines/ros2_ws/install/acrobat:/opt/ros/humble /usr/bin/cmake --install /home/ines/tiago_ws/build/tiago_controller_configuration
