[1.199s] Invoking command in '/home/ines/tiago_ws/build/tiago_controller_configuration': CMAKE_PREFIX_PATH=${CMAKE_PREFIX_PATH}:/home/ines/tiago_ws/install/tiago_autonomous_navigation:/home/ines/tiago_ws/install/tiago_autonomous_exploration:/home/ines/ros2_ws/install/scripts:/home/ines/ros2_ws/install/acrobat:/opt/ros/humble /usr/bin/cmake --build /home/ines/tiago_ws/build/tiago_controller_configuration -- -j8 -l8
[1.298s] Invoked command in '/home/ines/tiago_ws/build/tiago_controller_configuration' returned '0': CMAKE_PREFIX_PATH=${CMAKE_PREFIX_PATH}:/home/ines/tiago_ws/install/tiago_autonomous_navigation:/home/ines/tiago_ws/install/tiago_autonomous_exploration:/home/ines/ros2_ws/install/scripts:/home/ines/ros2_ws/install/acrobat:/opt/ros/humble /usr/bin/cmake --build /home/ines/tiago_ws/build/tiago_controller_configuration -- -j8 -l8
[1.412s] Invoking command in '/home/ines/tiago_ws/build/tiago_controller_configuration': CMAKE_PREFIX_PATH=${CMAKE_PREFIX_PATH}:/home/ines/tiago_ws/install/tiago_autonomous_navigation:/home/ines/tiago_ws/install/tiago_autonomous_exploration:/home/ines/ros2_ws/install/scripts:/home/ines/ros2_ws/install/acrobat:/opt/ros/humble /usr/bin/cmake --install /home/ines/tiago_ws/build/tiago_controller_configuration
[1.426s] -- Install configuration: ""
[1.427s] -- Execute custom install script
[1.431s] -- Up-to-date symlink: /home/ines/tiago_ws/install/tiago_controller_configuration/share/tiago_controller_configuration/config/arm_controller.yaml
[1.431s] -- Up-to-date symlink: /home/ines/tiago_ws/install/tiago_controller_configuration/share/tiago_controller_configuration/config/ft_sensor_controller.yaml
[1.431s] -- Up-to-date symlink: /home/ines/tiago_ws/install/tiago_controller_configuration/share/tiago_controller_configuration/config/gravity_compensation_controller_ilm.yaml
[1.431s] -- Up-to-date symlink: /home/ines/tiago_ws/install/tiago_controller_configuration/share/tiago_controller_configuration/config/gravity_compensation_controller_parker.yaml
[1.432s] -- Up-to-date symlink: /home/ines/tiago_ws/install/tiago_controller_configuration/share/tiago_controller_configuration/config/head_controller.yaml
[1.432s] -- Up-to-date symlink: /home/ines/tiago_ws/install/tiago_controller_configuration/share/tiago_controller_configuration/config/joint_state_broadcaster.yaml
[1.432s] -- Up-to-date symlink: /home/ines/tiago_ws/install/tiago_controller_configuration/share/tiago_controller_configuration/config/torso_controller.yaml
[1.432s] -- Up-to-date symlink: /home/ines/tiago_ws/install/tiago_controller_configuration/share/tiago_controller_configuration/launch/default_controllers.launch.py
[1.432s] -- Up-to-date symlink: /home/ines/tiago_ws/install/tiago_controller_configuration/share/tiago_controller_configuration/launch/gravity_compensation_controller.launch.py
[1.432s] -- Up-to-date symlink: /home/ines/tiago_ws/install/tiago_controller_configuration/share/tiago_controller_configuration/launch/gravity_compensation_controller.launch.py.bak
[1.433s] -- Up-to-date symlink: /home/ines/tiago_ws/install/tiago_controller_configuration/share/ament_index/resource_index/package_run_dependencies/tiago_controller_configuration
[1.433s] -- Up-to-date symlink: /home/ines/tiago_ws/install/tiago_controller_configuration/share/ament_index/resource_index/parent_prefix_path/tiago_controller_configuration
[1.434s] -- Up-to-date symlink: /home/ines/tiago_ws/install/tiago_controller_configuration/share/tiago_controller_configuration/environment/ament_prefix_path.sh
[1.434s] -- Up-to-date symlink: /home/ines/tiago_ws/install/tiago_controller_configuration/share/tiago_controller_configuration/environment/ament_prefix_path.dsv
[1.436s] -- Up-to-date symlink: /home/ines/tiago_ws/install/tiago_controller_configuration/share/tiago_controller_configuration/environment/path.sh
[1.438s] -- Up-to-date symlink: /home/ines/tiago_ws/install/tiago_controller_configuration/share/tiago_controller_configuration/environment/path.dsv
[1.439s] -- Up-to-date symlink: /home/ines/tiago_ws/install/tiago_controller_configuration/share/tiago_controller_configuration/local_setup.bash
[1.439s] -- Up-to-date symlink: /home/ines/tiago_ws/install/tiago_controller_configuration/share/tiago_controller_configuration/local_setup.sh
[1.439s] -- Up-to-date symlink: /home/ines/tiago_ws/install/tiago_controller_configuration/share/tiago_controller_configuration/local_setup.zsh
[1.439s] -- Up-to-date symlink: /home/ines/tiago_ws/install/tiago_controller_configuration/share/tiago_controller_configuration/local_setup.dsv
[1.439s] -- Symlinking: /home/ines/tiago_ws/install/tiago_controller_configuration/share/tiago_controller_configuration/package.dsv
[1.459s] -- Up-to-date symlink: /home/ines/tiago_ws/install/tiago_controller_configuration/share/ament_index/resource_index/packages/tiago_controller_configuration
[1.461s] -- Up-to-date symlink: /home/ines/tiago_ws/install/tiago_controller_configuration/share/tiago_controller_configuration/cmake/tiago_controller_configurationConfig.cmake
[1.461s] -- Up-to-date symlink: /home/ines/tiago_ws/install/tiago_controller_configuration/share/tiago_controller_configuration/cmake/tiago_controller_configurationConfig-version.cmake
[1.461s] -- Up-to-date symlink: /home/ines/tiago_ws/install/tiago_controller_configuration/share/tiago_controller_configuration/package.xml
[1.497s] Invoked command in '/home/ines/tiago_ws/build/tiago_controller_configuration' returned '0': CMAKE_PREFIX_PATH=${CMAKE_PREFIX_PATH}:/home/ines/tiago_ws/install/tiago_autonomous_navigation:/home/ines/tiago_ws/install/tiago_autonomous_exploration:/home/ines/ros2_ws/install/scripts:/home/ines/ros2_ws/install/acrobat:/opt/ros/humble /usr/bin/cmake --install /home/ines/tiago_ws/build/tiago_controller_configuration
