[0.052s] Invoking command in '/home/ines/tiago_ws/build/pmb2_bringup': CMAKE_PREFIX_PATH=/home/ines/tiago_ws/install/pmb2_description:/home/ines/tiago_ws/install/pmb2_controller_configuration:/home/ines/tiago_ws/install/pmb2_robot:/home/ines/tiago_ws/install/pmb2_bringup:/home/ines/tiago_ws/install/pmb2_maps:/home/ines/tiago_ws/install/tiago_navigation:/home/ines/tiago_ws/install/tiago_rgbd_sensors:/home/ines/tiago_ws/install/tiago_laser_sensors:/home/ines/tiago_ws/install/tiago_exam_worlds:/home/ines/tiago_ws/install/tiago_exam:/home/ines/tiago_ws/install/tiago_controller_configuration:/home/ines/tiago_ws/install/tiago_2dnav:/home/ines/tiago_ws/install/pmb2_rgbd_sensors:/home/ines/tiago_ws/install/pmb2_navigation:/home/ines/tiago_ws/install/pmb2_laser_sensors:/home/ines/tiago_ws/install/pmb2_2dnav:/home/ines/tiago_ws/install/pal_navigation_cfg:/home/ines/tiago_ws/install/pal_navigation_cfg_bringup:/home/ines/tiago_ws/install/pal_navigation_cfg_params:/home/ines/tiago_ws/install/multirobot_map_merge:/home/ines/tiago_ws/install/explore_lite:/home/ines/test_ws/install/my_package:/home/ines/tiago_ws/install/tiago_autonomous_navigation:/home/ines/tiago_ws/install/tiago_autonomous_exploration:/home/ines/ros2_ws/install/scripts:/home/ines/ros2_ws/install/acrobat:/opt/ros/humble /usr/bin/cmake --build /home/ines/tiago_ws/build/pmb2_bringup -- -j8 -l8
[0.160s] Invoked command in '/home/ines/tiago_ws/build/pmb2_bringup' returned '0': CMAKE_PREFIX_PATH=/home/ines/tiago_ws/install/pmb2_description:/home/ines/tiago_ws/install/pmb2_controller_configuration:/home/ines/tiago_ws/install/pmb2_robot:/home/ines/tiago_ws/install/pmb2_bringup:/home/ines/tiago_ws/install/pmb2_maps:/home/ines/tiago_ws/install/tiago_navigation:/home/ines/tiago_ws/install/tiago_rgbd_sensors:/home/ines/tiago_ws/install/tiago_laser_sensors:/home/ines/tiago_ws/install/tiago_exam_worlds:/home/ines/tiago_ws/install/tiago_exam:/home/ines/tiago_ws/install/tiago_controller_configuration:/home/ines/tiago_ws/install/tiago_2dnav:/home/ines/tiago_ws/install/pmb2_rgbd_sensors:/home/ines/tiago_ws/install/pmb2_navigation:/home/ines/tiago_ws/install/pmb2_laser_sensors:/home/ines/tiago_ws/install/pmb2_2dnav:/home/ines/tiago_ws/install/pal_navigation_cfg:/home/ines/tiago_ws/install/pal_navigation_cfg_bringup:/home/ines/tiago_ws/install/pal_navigation_cfg_params:/home/ines/tiago_ws/install/multirobot_map_merge:/home/ines/tiago_ws/install/explore_lite:/home/ines/test_ws/install/my_package:/home/ines/tiago_ws/install/tiago_autonomous_navigation:/home/ines/tiago_ws/install/tiago_autonomous_exploration:/home/ines/ros2_ws/install/scripts:/home/ines/ros2_ws/install/acrobat:/opt/ros/humble /usr/bin/cmake --build /home/ines/tiago_ws/build/pmb2_bringup -- -j8 -l8
[0.245s] Invoking command in '/home/ines/tiago_ws/build/pmb2_bringup': CMAKE_PREFIX_PATH=/home/ines/tiago_ws/install/pmb2_description:/home/ines/tiago_ws/install/pmb2_controller_configuration:/home/ines/tiago_ws/install/pmb2_robot:/home/ines/tiago_ws/install/pmb2_bringup:/home/ines/tiago_ws/install/pmb2_maps:/home/ines/tiago_ws/install/tiago_navigation:/home/ines/tiago_ws/install/tiago_rgbd_sensors:/home/ines/tiago_ws/install/tiago_laser_sensors:/home/ines/tiago_ws/install/tiago_exam_worlds:/home/ines/tiago_ws/install/tiago_exam:/home/ines/tiago_ws/install/tiago_controller_configuration:/home/ines/tiago_ws/install/tiago_2dnav:/home/ines/tiago_ws/install/pmb2_rgbd_sensors:/home/ines/tiago_ws/install/pmb2_navigation:/home/ines/tiago_ws/install/pmb2_laser_sensors:/home/ines/tiago_ws/install/pmb2_2dnav:/home/ines/tiago_ws/install/pal_navigation_cfg:/home/ines/tiago_ws/install/pal_navigation_cfg_bringup:/home/ines/tiago_ws/install/pal_navigation_cfg_params:/home/ines/tiago_ws/install/multirobot_map_merge:/home/ines/tiago_ws/install/explore_lite:/home/ines/test_ws/install/my_package:/home/ines/tiago_ws/install/tiago_autonomous_navigation:/home/ines/tiago_ws/install/tiago_autonomous_exploration:/home/ines/ros2_ws/install/scripts:/home/ines/ros2_ws/install/acrobat:/opt/ros/humble /usr/bin/cmake --install /home/ines/tiago_ws/build/pmb2_bringup
[0.261s] -- Install configuration: ""
[0.261s] -- Execute custom install script
[0.262s] -- Up-to-date symlink: /home/ines/tiago_ws/install/pmb2_bringup/share/pmb2_bringup/config/joy_config.yaml
[0.262s] -- Up-to-date symlink: /home/ines/tiago_ws/install/pmb2_bringup/share/pmb2_bringup/config/joy_teleop.yaml
[0.262s] -- Up-to-date symlink: /home/ines/tiago_ws/install/pmb2_bringup/share/pmb2_bringup/config/twist_mux/joystick.yaml
[0.262s] -- Up-to-date symlink: /home/ines/tiago_ws/install/pmb2_bringup/share/pmb2_bringup/config/twist_mux/twist_mux_locks.yaml
[0.262s] -- Up-to-date symlink: /home/ines/tiago_ws/install/pmb2_bringup/share/pmb2_bringup/config/twist_mux/twist_mux_topics.yaml
[0.263s] -- Up-to-date symlink: /home/ines/tiago_ws/install/pmb2_bringup/share/pmb2_bringup/launch/joystick_teleop.launch.py
[0.264s] -- Up-to-date symlink: /home/ines/tiago_ws/install/pmb2_bringup/share/pmb2_bringup/launch/pmb2_bringup.launch.py
[0.264s] -- Up-to-date symlink: /home/ines/tiago_ws/install/pmb2_bringup/share/pmb2_bringup/launch/twist_mux.launch.py
[0.264s] -- Up-to-date symlink: /home/ines/tiago_ws/install/pmb2_bringup/share/ament_index/resource_index/package_run_dependencies/pmb2_bringup
[0.265s] -- Up-to-date symlink: /home/ines/tiago_ws/install/pmb2_bringup/share/ament_index/resource_index/parent_prefix_path/pmb2_bringup
[0.265s] -- Up-to-date symlink: /home/ines/tiago_ws/install/pmb2_bringup/share/pmb2_bringup/environment/ament_prefix_path.sh
[0.266s] -- Up-to-date symlink: /home/ines/tiago_ws/install/pmb2_bringup/share/pmb2_bringup/environment/ament_prefix_path.dsv
[0.268s] -- Up-to-date symlink: /home/ines/tiago_ws/install/pmb2_bringup/share/pmb2_bringup/environment/path.sh
[0.268s] -- Up-to-date symlink: /home/ines/tiago_ws/install/pmb2_bringup/share/pmb2_bringup/environment/path.dsv
[0.269s] -- Up-to-date symlink: /home/ines/tiago_ws/install/pmb2_bringup/share/pmb2_bringup/local_setup.bash
[0.269s] -- Up-to-date symlink: /home/ines/tiago_ws/install/pmb2_bringup/share/pmb2_bringup/local_setup.sh
[0.269s] -- Up-to-date symlink: /home/ines/tiago_ws/install/pmb2_bringup/share/pmb2_bringup/local_setup.zsh
[0.270s] -- Up-to-date symlink: /home/ines/tiago_ws/install/pmb2_bringup/share/pmb2_bringup/local_setup.dsv
[0.270s] -- Symlinking: /home/ines/tiago_ws/install/pmb2_bringup/share/pmb2_bringup/package.dsv
[0.296s] -- Up-to-date symlink: /home/ines/tiago_ws/install/pmb2_bringup/share/ament_index/resource_index/packages/pmb2_bringup
[0.297s] -- Up-to-date symlink: /home/ines/tiago_ws/install/pmb2_bringup/share/pmb2_bringup/cmake/pmb2_bringupConfig.cmake
[0.297s] -- Up-to-date symlink: /home/ines/tiago_ws/install/pmb2_bringup/share/pmb2_bringup/cmake/pmb2_bringupConfig-version.cmake
[0.298s] -- Up-to-date symlink: /home/ines/tiago_ws/install/pmb2_bringup/share/pmb2_bringup/package.xml
[0.306s] Invoked command in '/home/ines/tiago_ws/build/pmb2_bringup' returned '0': CMAKE_PREFIX_PATH=/home/ines/tiago_ws/install/pmb2_description:/home/ines/tiago_ws/install/pmb2_controller_configuration:/home/ines/tiago_ws/install/pmb2_robot:/home/ines/tiago_ws/install/pmb2_bringup:/home/ines/tiago_ws/install/pmb2_maps:/home/ines/tiago_ws/install/tiago_navigation:/home/ines/tiago_ws/install/tiago_rgbd_sensors:/home/ines/tiago_ws/install/tiago_laser_sensors:/home/ines/tiago_ws/install/tiago_exam_worlds:/home/ines/tiago_ws/install/tiago_exam:/home/ines/tiago_ws/install/tiago_controller_configuration:/home/ines/tiago_ws/install/tiago_2dnav:/home/ines/tiago_ws/install/pmb2_rgbd_sensors:/home/ines/tiago_ws/install/pmb2_navigation:/home/ines/tiago_ws/install/pmb2_laser_sensors:/home/ines/tiago_ws/install/pmb2_2dnav:/home/ines/tiago_ws/install/pal_navigation_cfg:/home/ines/tiago_ws/install/pal_navigation_cfg_bringup:/home/ines/tiago_ws/install/pal_navigation_cfg_params:/home/ines/tiago_ws/install/multirobot_map_merge:/home/ines/tiago_ws/install/explore_lite:/home/ines/test_ws/install/my_package:/home/ines/tiago_ws/install/tiago_autonomous_navigation:/home/ines/tiago_ws/install/tiago_autonomous_exploration:/home/ines/ros2_ws/install/scripts:/home/ines/ros2_ws/install/acrobat:/opt/ros/humble /usr/bin/cmake --install /home/ines/tiago_ws/build/pmb2_bringup
